D/QCameraParameters(  241): int32_t qcamera::QCameraParameters::initDefaultParameters(): i 1 removeVideoSize  2, 3840 x 2160
D/QCameraParameters(  241): int32_t qcamera::QCameraParameters::initDefaultParameters(): supported video sizes: 1920x1080,1440x1080,1280x720,864x480,800x480,720x480,640x480,480x320,384x288,352x288,320x240,176x144
D/QCameraParameters(  241): int32_t qcamera::QCameraParameters::initDefaultParameters(): supported pic sizes: 4208x3120,4160x3120,4160x2340,4000x3000,4096x2160,3200x2400,3200x1800,2592x1944,2048x1536,1920x1080,1600x1200,1280x768,1280x720,1024x768,800x600,800x480,720x480,640x480,352x288,320x240,176x144
D/QCameraParameters(  241): int32_t qcamera::QCameraParameters::initDefaultParameters(): supported fps ranges: (7500,30000),(8000,30000)
E/QCameraParameters(  241): int32_t qcamera::QCameraParameters::setPreviewFpsRange(int, int): Setting preview fps range 7500,30000
D/QCameraParameters(  241): int32_t qcamera::QCameraParameters::initDefaultParameters(): supported fps rates: 8,9,10,11,12,13,14,15,16,17,18,19,20,21,22,23,24,25,26,27,28,29,30
D/QCameraParameters(  241): int32_t qcamera::QCameraParameters::setFocusMode(const char*): Setting focus mode auto
E/mm-camera(  255): mct_pipeline_process_set:command=800000e
D/QCameraParameters(  241): int32_t qcamera::QCameraParameters::setSceneMode(const char*): Setting SceneMode auto m_nSceneMode 0
E/QCameraParameters(  241): int32_t qcamera::QCameraParameters::setInitExpIndex(int): set init aec luma 150
D/QCameraParameters(  241): int32_t qcamera::QCameraParameters::setAEBracket(const char*), EXP_BRACKETING_OFF
D/QCameraParameters(  241): int32_t qcamera::QCameraParameters::setDISValue(const char*): Setting DIS value disable
E/mm-camera(  255): mct_pipeline_process_set:command=800000e
D/QCameraParameters(  241): int32_t qcamera::QCameraParameters::setNumOfSnapshot(): nBurstNum = 1, nExpnum = 1
E/Thermal-Lib(  241): Thermal-Lib-Client: thermal_client_register_callback: Client Registration failed
E/Thermal-Lib(  241): Thermal-Lib-Client: thermal_client_register_callback: Client Registration failed
E/Thermal-Lib(  241): Thermal-Lib-Client: thermal_client_register_callback: Client Registration failed
E/Thermal-Lib(  241): Thermal-Lib-Client: thermal_client_register_callback: Client Registration failed
E/QCamera2HWI(  241): [KPI Perf] static int qcamera::QCamera2HardwareInterface::start_preview(camera_device*): E PROFILE_START_PREVIEW
D/MirrorProcess(  241): MirrorContext constructor (0x0)
D/QCamera2HWI(  241): uint8_t qcamera::QCamera2HardwareInterface::getBufNumRequired(cam_stream_type_t): Allocating 7 buffers for streamtype 7
D/QCamera2HWI(  241): uint8_t qcamera::QCamera2HardwareInterface::getBufNumRequired(cam_stream_type_t): Allocating 7 buffers for streamtype 7
E/mm-camera(  255): mct_pipeline_process_set:command=800000a
E/mm-camera(  255): mct_pipeline_process_set:command=8000012
E/mm-camera(  255): mct_pipeline_add_stream_to_linked_streams: linked streams: 0x80
E/mm-camera(  255): mct_stream_start_link: Starting meta stream linking: do nothing 
E/mm-camera-intf(  241): mm_stream_get_v4l2_fmt: Unknown fmt=78
E/mm-camera(  255): mct_pipeline_process_set:command=8000004
D/QCamera2HWI(  241): uint8_t qcamera::QCamera2HardwareInterface::getBufNumRequired(cam_stream_type_t): Allocating 8 buffers for streamtype 1
D/QCamera2HWI(  241): virtual qcamera::QCameraHeapMemory* qcamera::QCamera2HardwareInterface::allocateStreamInfoBuf(cam_stream_type_t): EIS type=0
D/QCamera2HWI(  241): uint8_t qcamera::QCamera2HardwareInterface::getBufNumRequired(cam_stream_type_t): Allocating 8 buffers for streamtype 1
E/mm-camera(  255): mct_pipeline_process_set:command=800000a
E/mm-camera(  255): mct_pipeline_process_set:command=8000012
E/mm-camera(  255): mct_pipeline_add_stream_to_linked_streams: linked streams: 0x82
E/mm-camera(  255): mct_stream_start_link: Starting preview/postview stream linking 
E/mm-camera-sensor(  255): port_sensor_caps_reserve:134 ide 10002 stream type 1 w*h 1920*1080
E/mm-camera-sensor(  255): port_sensor_ext_link_func:208 ide 10002
E/mm-camera(  255): isp_util_find_matched_existing_src_port#171: X
E/mm-camera(  255): c2d_port_check_caps_reserve:77, identity=0x10002
E/mm-camera(  255): c2d_port_check_caps_reserve:143, identity=0x10002, reserved
E/mm-camera(  255): c2d_module_notify_add_stream:1174, info: success, identity=0x10002
E/mm-camera(  255): c2d_port_check_caps_reserve:77, identity=0x10002
E/mm-camera(  255): c2d_port_check_caps_reserve:143, identity=0x10002, reserved
E/mm-camera(  255): module_afs_client_create:202]
E/mm-camera(  255): module_faceproc_client_create:972] Face proc feature mask e 0
E/mm-camera(  255): is_port_check_caps_reserve: Enter
E/mm-camera(  255): is_port_check_caps_reserve: port state = 1, identity = 0x10002, stream_type = 1
E/mm-camera(  255): is_port_ext_link: Enter
E/mm-camera(  255): is_port_ext_link: IS_PORT_STATE_CREATED
E/mm-camera(  255): is_port_ext_link: rc=1
E/mm-camera-sensor(  255): module_sensor_event_control_set_parm:1824 CAM_INTF_PARM_LED_MODE 0 
E/mm-camera-sensor(  255): 
E/mm-camera(  255): mct_pipeline_process_set:command=8000004
D/QCamera2HWI(  241): int qcamera::QCamera2HardwareInterface::startPreview(): E
E/mm-camera-intf(  241): mm_stream_request_buf: buf_num = 7, stream type = 7
E/mm-camera(  255): mct_pipeline_process_set:command=8000008
E/mm-camera(  255): mct_pipeline_process_set: stream_type = 7
E/QCameraParameters(  241): int qcamera::QCameraParameters::getPreviewHalPixelFormat() const: format 17
D/QCameraHWI_Mem(  241): virtual int qcamera::QCameraGrallocMemory::allocate(int, int): usage = 1073872896, geometry: 0xb1a755f0, 1920, 1080, 1920, 1080, 17
E/mm-camera-intf(  241): mm_stream_request_buf: buf_num = 8, stream type = 1
E/mm-camera(  255): mct_pipeline_process_set:command=8000008
E/mm-camera(  255): mct_pipeline_process_set: stream_type = 1
E/mm-camera-sensor(  255): module_sensor_stream_on:985 ide 10002 SENSOR_START_STREAM
E/mm-camera-sensor(  255): module_sensor_is_ready_for_stream_on:680 any bundle started 0
E/mm-camera-sensor(  255): module_sensor_is_ready_for_stream_on:698 s_bundle->stream_on_count 0
E/mm-camera-sensor(  255): module_sensor_is_ready_for_stream_on:699 is_bundle_started 0
E/mm-camera-sensor(  255): modules_sensor_set_new_resolution:874 SENSOR_SET_RESOLUTION 1920*1080 mask 2
E/mm-camera-sensor(  255): sensor_set_resolution:1420 width 1920, height 1080
E/mm-camera-sensor(  255): sensor_set_resolution:1422 stream mask 2 hfr mode 0 fps 30.000000
E/mm-camera-sensor(  255): sensor_pick_resolution:1185 requested aspect ratio 177
E/mm-camera-sensor(  255): sensor_pick_resolution:1187 req_asp_ratio 177
E/mm-camera-sensor(  255): sensor_pick_resolution:1303 req_asp_ratio 177 sup_asp_ratio 134
E/mm-camera-sensor(  255): sensor_pick_resolution:1307 fabs 43
E/mm-camera-sensor(  255): sensor_pick_resolution:1320 pick res 0
E/mm-camera-sensor(  255): sensor_pick_resolution:1303 req_asp_ratio 177 sup_asp_ratio 134
E/mm-camera-sensor(  255): sensor_pick_resolution:1307 fabs 43
E/mm-camera-sensor(  255): sensor_pick_resolution:1320 pick res 1
E/mm-camera-sensor(  255): sensor_set_resolution:1485 cur res 8 new res 1
E/mm-camera(  255): decide_isp_nums_camif: num_isp = 1
E/mm-camera(  255): port_isp_module_event: E, identity = 0x10002, IFACE_SET_STREAM_CONFIG
E/mm-camera(  255): isp_sink_port_stream_config: E, session_id = 1, stream_id = 2, stream_type = 1
E/mm-camera(  255): isp_sink_port_stream_config: session_id = 1, stream_id = 2, is_split = 0
E/mm-camera(  255): isp_sink_port_stream_config: old vfe_id_mask = 0x0, new vfe_id_mask = 0x1
E/mm-camera(  255): afd_set_parameters: param=0xb3d4c07c afd_obj =0xb6363000, type =3
E/mm-camera-sensor(  255): module_sensor_stream_on:1310 chromatix name libchromatix_imx214_preview_binning.so
E/mm-camera-sensor(  255): eeprom_process:819 e_ctrl->eeprom_lib.func_tbl =0xb68a9004
E/mm-camera-sensor(  255): sony_imx214_eeprom_read_wbdata_groups:126 Total bytes in OTP buffer: 279
E/mm-camera-sensor(  255): sony_imx214_eeprom_read_wbdata_groups:145 OTP AWB data not present for LightType[3].
E/mm-camera-sensor(  255): sony_imx214_eeprom_read_wbdata_groups:126 Total bytes in OTP buffer: 279
E/mm-camera-sensor(  255): sony_imx214_eeprom_read_wbdata_groups:145 OTP AWB data not present for LightType[2].
E/mm-camera-sensor(  255): sony_imx214_eeprom_read_wbdata_groups:126 Total bytes in OTP buffer: 279
E/mm-camera(  255): afd_set_parameters: param=0xb3d4c0b4 afd_obj =0xb6363000, type =1
E/mm-camera(  255): afd_set_parameters: param=0xb3d4c0ec afd_obj =0xb6363000, type =5
E/mm-camera-CORE(  255): afd_process_pack_output: afd_enable 0, monitor 0, flicker 0, freq 50, afd_state 0, afd_atb 2
E/mm-camera(  255): afd_set_parameters: param=0xb3d4c124 afd_obj =0xb6363000, type =0
E/mm-camera(  255): afd_set_parameters: param=0xb3d4c07c afd_obj =0xb6363000, type =0
E/mm-camera(  255): afd_set_parameters: param=0xb3d4c0b4 afd_obj =0xb6363000, type =0
E/mm-camera(  255): afd_set_parameters: param=0xb3d4c15c afd_obj =0xb6363000, type =0
E/mm-camera(  255): afd_set_parameters: param=0xb3d4c194 afd_obj =0xb6363000, type =0
E/mm-camera(  255): afd_set_parameters: param=0xb3d4c1cc afd_obj =0xb6363000, type =0
E/mm-camera(  255): afd_set_parameters: param=0xb3d4c204 afd_obj =0xb6363000, type =0
E/mm-camera(  255): afd_set_parameters: param=0xb3d4c23c afd_obj =0xb6363000, type =0
E/mm-camera(  255): afd_set_parameters: param=0xb3d4c274 afd_obj =0xb6363000, type =0
E/mm-camera(  255): afd_set_parameters: param=0xb3d4c2ac afd_obj =0xb6363000, type =0
E/mm-camera(  255): afd_set_parameters: param=0xb3d4c2e4 afd_obj =0xb6363000, type =0
E/mm-camera(  255): afd_set_parameters: param=0xb3d4c31c afd_obj =0xb6363000, type =0
E/mm-camera(  255): afd_set_parameters: param=0xb3d4c354 afd_obj =0xb6363000, type =0
E/mm-camera(  255): afd_set_parameters: param=0xb3d4c38c afd_obj =0xb6363000, type =0
E/mm-camera(  255): afd_set_parameters: param=0xb3d4c3c4 afd_obj =0xb6363000, type =0
E/mm-camera(  255): afd_set_parameters: param=0xb3d4c3fc afd_obj =0xb6363000, type =0
E/mm-camera(  255): afd_set_parameters: param=0xb3d4c434 afd_obj =0xb6363000, type =0
E/mm-camera(  255): isp_tintless_config: tint_correction_strength updated to 4
E/mm-camera(  255): isp_tintless_update_chromatix_params: lib returned config err=0
E/mm-camera(  255): port_isp_mct_ctrl_cmd: E, identity = 0x10002, STREAMON
E/mm-camera(  255): afd_set_parameters: param=0xb3d4c07c afd_obj =0xb6363000, type =5
E/mm-camera-CORE(  255): afd_process_pack_output: afd_enable 0, monitor 0, flicker 0, freq 50, afd_state 0, afd_atb 2
E/mm-camera(  255): afd_set_parameters: param=0xb3d4c0b4 afd_obj =0xb6363000, type =0
E/mm-camera(  255): afd_set_parameters: param=0xb3d4c0ec afd_obj =0xb6363000, type =0
E/mm-camera(  255): afd_set_parameters: param=0xb3d4c124 afd_obj =0xb6363000, type =0
E/mm-camera(  255): afd_set_parameters: param=0xb3d4c15c afd_obj =0xb6363000, type =0
E/mm-camera(  255): afd_set_parameters: param=0xb3d4c194 afd_obj =0xb6363000, type =0
E/mm-camera(  255): afd_set_parameters: param=0xb3d4c1cc afd_obj =0xb6363000, type =0
E/mm-camera(  255): afd_set_parameters: param=0xb3d4c204 afd_obj =0xb6363000, type =0
E/mm-camera(  255): afd_set_parameters: param=0xb3d4c23c afd_obj =0xb6363000, type =0
E/mm-camera(  255): afd_set_parameters: param=0xb3d4c274 afd_obj =0xb6363000, type =0
E/mm-camera(  255): afd_set_parameters: param=0xb3d4c2ac afd_obj =0xb6363000, type =0
E/mm-camera(  255): afd_set_parameters: param=0xb3d4c2e4 afd_obj =0xb6363000, type =0
E/mm-camera(  255): afd_set_parameters: param=0xb3d4c46c afd_obj =0xb6363000, type =0
E/mm-camera(  255): afd_set_parameters: param=0xb3d4c4a4 afd_obj =0xb6363000, type =0
E/mm-camera(  255): afd_set_parameters: param=0xb3d4c4dc afd_obj =0xb6363000, type =0
E/mm-camera(  255): afd_set_parameters: param=0xb3d4c514 afd_obj =0xb6363000, type =0
E/mm-camera(  255): afd_set_parameters: param=0xb3d4c54c afd_obj =0xb6363000, type =0
E/mm-camera(  255): afd_set_parameters: param=0xb3d4c584 afd_obj =0xb6363000, type =0
E/mm-camera(  255): is_port_handle_stream_event: MCT_EVENT_CONTROL_STREAMON, identity = 0x10002
E/mm-camera(  255): module_afs_port_event_func:522] AFS_STREAMON 10002
E/mm-camera-img(  255): Face Album FILE EXISTS
E/mm-camera(  255): c2d_module_handle_streamon_event:1223, identity=0x10002, stream-on done
E/AEC_PORT(  255): ddd exp 0.001778 iso 100
E/AEC_PORT(  255): #### aec_port_get_aec_data runs
E/mm-camera(  255): isp_streamon: E, session_id = 1, stream_id = 2, active_count = 0 flash=FALSE
E/mm-camera(  255): isp_proc_streamon: E, session_id = 1, stream_id = 2, stream_type = 1
E/mm-camera(  255): isp_ch_util_sync_stream_cfg_to_channel: cannot find channel, Adding new channel for stream id 2
E/mm-camera(  255): isp_add_meta_channel: no meta data, session_id = 1, stream_id = 2
E/mm-camera(  255): isp_validate_buf_request: total 8 current buffer count 8 for stream 2
E/mm-camera(  255): isp_fmt_to_pix_pattern: format 30
E/mm-camera(  255): isp_axi_stream_set_skip_pattern: cannot find stream, session_id = 0, stream_id = 0
E/mm-camera(  255): is_port_event: MCT_EVENT_MODULE_ISP_OUTPUT_DIM id = 10002, steam_type = 1, w = 1920, h = 1080
E/mm-camera(  255): module_afs_port_event_func:689] MCT_EVENT_MODULE_ISP_OUTPUT_DIM 1920x1080
E/mm-camera(  255): isp_hw_action: first start, hw thread for streamon/ack
E/mm-camera(  255): isp_thread_proc_cmd: start/stop, thread_data = 0xb3cbaba4, action_code = 0
E/mm-camera(  255): isp_fmt_to_pix_pattern: format 30
E/mm-camera(  255): isp_tintless_config: cfg: 10x13 mesh, 8x8 subgrid, subgrid sz 22x22
E/mm-camera(  255): isp_tintless_mesh_config: lib returned mesh config err=0
E/mm-camera(  255): color_xform_config_601_to_601 for stream Encoder
E/mm-camera(  255): color_xform_config_601_to_601 for stream Viewfinder
E/mm-camera(  255): linearization_set_params: param_id is not supported in this module
E/mm-camera(  255): mesh_rolloff_set_params: param_id is not supported in this module
E/mm-camera(  255): wb_set_params: param_id is not supported in this module
E/mm-camera(  255): demosaic_set_params: param_id 7, is not supported in this module
E/mm-camera(  255): demux_set_params: param_id 7, is not supported in this module
E/mm-camera(  255): color_correct_set_effect: saturation level = 1.000000, asd_saturae_adjust = 1.000000
E/mm-camera(  255): mce_set_params: param_id is not supported in this module
E/mm-camera(  255): sce_set_params: param_id is not supported in this module
E/mm-camera(  255): la_hist_trigger_update: luma target from AEC = 0! use default LA curve
E/mm-camera(  255): isp_tintless_stat_config: pointer okay 
E/mm-camera(  255): isp_tintless_config: cfg: camif 2104x1560, elem sz 64x64, elems 24x32
E/mm-camera(  255): isp_tintless_stat_config: lib returned config err=0
E/mm-camera(  255): isp_fmt_to_pix_pattern: format 30
E/mm-camera(  255): isp_ch_util_streamon: session_id = 1, vfe_mask = 0x1, async streamon, rc = 0
E/mm-camera(  255): isp_hw_action: hw_thread for ack
E/mm-camera(  255): stats_action_buf_config: cfg = 1, stats_mask = 0x7b8
E/mm-camera(  255): isp_validate_buf_request: total 4 current buffer count 4 for stream -2147418109
E/mm-camera(  255): isp_validate_buf_request: total 4 current buffer count 4 for stream -2147418108
E/mm-camera(  255): isp_validate_buf_request: total 4 current buffer count 4 for stream -2147418107
E/mm-camera(  255): isp_validate_buf_request: total 4 current buffer count 4 for stream -2147418105
E/mm-camera(  255): isp_validate_buf_request: total 4 current buffer count 4 for stream -2147418104
E/mm-camera(  255): isp_validate_buf_request: total 4 current buffer count 4 for stream -2147418103
E/mm-camera(  255): isp_validate_buf_request: total 4 current buffer count 4 for stream -2147418102
E/mm-camera(  255): stats_action: stats mask = 0x7b8
E/mm-camera(  255): isp_axi_util_subscribe_v4l2_event: event_type = 0x8000100, is_subscribe = 1
E/mm-camera(  255): isp_thread_proc_cmd: start/stop ack done, thread_data = 0xb3cbaba4, action_code = 1, rc = 0
E/mm-camera(  255): isp_ch_util_streamon: session_id = 1, sync ack done
E/mm-camera(  255): isp_streamon: X, session_id = 1, rc = 0
E/mm-camera(  255): port_isp_send_streamon_done_event_downstream: notify stream done downstream
E/mm-camera(  255): port_isp_mct_ctrl_cmd: X, identity = 0x10002, STREAMON, ret = 0
E/mm-camera(  255): ispif_proc_streamon: ispif_hw_reset done
E/mm-camera(  255): stream id 2, stream num_meta 0
E/mm-camera(  255): ispif_streamon: session_id = 1, active_streams = 1
E/mm-camera-sensor(  255): sensor_set_aec_init_settings:before real_gain 1.000000, linecount 86
E/mm-camera-sensor(  255): sensor_set_aec_init_settings:after real_gain 1.000000, linecount 86
E/mm-camera-sensor(  255): module_sensor_stream_on:1202 ide 10002 SENSOR_START_STREAM
E/mm-camera-sensor(  255): module_sensor_stream_on: Sending start bus message
E/mm-camera(  255): start_sof_check_thread: Starting SOF timeout thread
E/mm-camera(  255): mct_bus_sof_thread_run: thread_run = 1
D/QCamera2HWI(  241): int qcamera::QCamera2HardwareInterface::startPreview(): X
D/QCamera2HWI(  241): [KPI Perf] static int qcamera::QCamera2HardwareInterface::start_preview(camera_device*): X
W/CardboardView(15592): Surface size 1920x1005 does not match the expected screen size 1920x1080. Rendering is disabled.
I/MainActivity(15592): onSurfaceChanged
I/MainActivity(15592): onSurfaceChanged
I/WindowManager(  756): Screen frozen for +442ms due to Window{1fd17eae u0 SurfaceView}
W/Adreno-ES20(15592): <core_glActiveTexture:348>: GL_INVALID_ENUM
E/mm-camera(  255): la_hist_trigger_update: luma target from AEC = 0! use default LA curve
E/mm-camera(  255): la_hist_trigger_update: luma target from AEC = 0! use default LA curve
E/mm-camera(  255): afd_set_parameters: param=0xb3d4c23c afd_obj =0xb6363000, type =2
E/QCamera2HWI(  241): [KPI Perf] static void qcamera::QCamera2HardwareInterface::preview_stream_cb_routine(mm_camera_super_buf_t*, qcamera::QCameraStream*, void*) : PROFILE_FIRST_PREVIEW_FRAME
W/GLConsumer(15592): [unnamed-15592-0] bindTextureImage: clearing GL error: 0x500
W/Adreno-ES20(15592): <core_glActiveTexture:348>: GL_INVALID_ENUM
E/mm-camera(  255): q3a_port_send_event_downstream: AEC event handler returned failure!
D/QCameraParameters(  241): update current cct value. old:-1, now:0
W/GLConsumer(15592): [unnamed-15592-0] bindTextureImage: clearing GL error: 0x500
W/Adreno-ES20(15592): <core_glActiveTexture:348>: GL_INVALID_ENUM
E/mm-camera(  255): afd_set_parameters: param=0xb3d4c274 afd_obj =0xb6363000, type =2
W/GLConsumer(15592): [unnamed-15592-0] bindTextureImage: clearing GL error: 0x500
W/Adreno-ES20(15592): <core_glActiveTexture:348>: GL_INVALID_ENUM
E/mm-camera(  255): afd_set_parameters: param=0xb3d4c2ac afd_obj =0xb6363000, type =2
D/QCameraParameters(  241): update current cct value. old:0, now:4100
W/GLConsumer(15592): [unnamed-15592-0] bindTextureImage: clearing GL error: 0x500
W/Adreno-ES20(15592): <core_glActiveTexture:348>: GL_INVALID_ENUM
I/Icing   ( 1990): Indexing 8DDAAE78A3C6487CC479C1BECEB6447E196CF7FE from com.google.android.googlequicksearchbox
E/mm-camera(  255): afd_set_parameters: param=0xb3d4c2e4 afd_obj =0xb6363000, type =2
W/GLConsumer(15592): [unnamed-15592-0] bindTextureImage: clearing GL error: 0x500
W/Adreno-ES20(15592): <core_glActiveTexture:348>: GL_INVALID_ENUM
D/QCameraParameters(  241): update current cct value. old:4100, now:5352
E/mm-camera(  255): afd_set_parameters: param=0xb3d4c194 afd_obj =0xb6363000, type =2
I/Icing   ( 1990): Indexing done 8DDAAE78A3C6487CC479C1BECEB6447E196CF7FE
W/GLConsumer(15592): [unnamed-15592-0] bindTextureImage: clearing GL error: 0x500
W/Adreno-ES20(15592): <core_glActiveTexture:348>: GL_INVALID_ENUM
E/mm-camera(  255): afd_set_parameters: param=0xb3d4c23c afd_obj =0xb6363000, type =2
D/QCameraParameters(  241): update current cct value. old:5352, now:5000
W/GLConsumer(15592): [unnamed-15592-0] bindTextureImage: clearing GL error: 0x500
W/Adreno-ES20(15592): <core_glActiveTexture:348>: GL_INVALID_ENUM
W/ctxmgr  ( 2159): [PowerConnectionState]Got same value as before for power connection (Plug state: 2 BatteryLevel: 0.49)
E/mm-camera(  255): afd_set_parameters: param=0xb3d4c31c afd_obj =0xb6363000, type =2
W/GLConsumer(15592): [unnamed-15592-0] bindTextureImage: clearing GL error: 0x500
W/Adreno-ES20(15592): <core_glActiveTexture:348>: GL_INVALID_ENUM
D/QCameraParameters(  241): update current cct value. old:5000, now:4718
E/mm-camera(  255): afd_set_parameters: param=0xb3d4c5f4 afd_obj =0xb6363000, type =2
W/GLConsumer(15592): [unnamed-15592-0] bindTextureImage: clearing GL error: 0x500
W/Adreno-ES20(15592): <core_glActiveTexture:348>: GL_INVALID_ENUM
W/GLConsumer(15592): [unnamed-15592-0] bindTextureImage: clearing GL error: 0x500
W/Adreno-ES20(15592): <core_glActiveTexture:348>: GL_INVALID_ENUM
E/mm-camera(  255): afd_set_parameters: param=0xb3d4c204 afd_obj =0xb6363000, type =2
W/GLConsumer(15592): [unnamed-15592-0] bindTextureImage: clearing GL error: 0x500
W/Adreno-ES20(15592): <core_glActiveTexture:348>: GL_INVALID_ENUM
E/mm-camera(  255): afd_set_parameters: param=0xb3d4c2e4 afd_obj =0xb6363000, type =2
D/QCameraParameters(  241): update current cct value. old:4718, now:4606
W/GLConsumer(15592): [unnamed-15592-0] bindTextureImage: clearing GL error: 0x500
W/Adreno-ES20(15592): <core_glActiveTexture:348>: GL_INVALID_ENUM
E/mm-camera(  255): afd_set_parameters: param=0xb3d4c354 afd_obj =0xb6363000, type =2
W/GLConsumer(15592): [unnamed-15592-0] bindTextureImage: clearing GL error: 0x500
W/Adreno-ES20(15592): <core_glActiveTexture:348>: GL_INVALID_ENUM
D/QCameraParameters(  241): update current cct value. old:4606, now:4550
E/mm-camera(  255): afd_set_parameters: param=0xb3d4c38c afd_obj =0xb6363000, type =2
W/GLConsumer(15592): [unnamed-15592-0] bindTextureImage: clearing GL error: 0x500
W/Adreno-ES20(15592): <core_glActiveTexture:348>: GL_INVALID_ENUM
E/mm-camera(  255): afd_set_parameters: param=0xb3d4c274 afd_obj =0xb6363000, type =2
D/QCameraParameters(  241): update current cct value. old:4550, now:4493
E/mm-camera(  255): afd_set_parameters: param=0xb3d4c2ac afd_obj =0xb6363000, type =2
W/GLConsumer(15592): [unnamed-15592-0] bindTextureImage: clearing GL error: 0x500
W/Adreno-ES20(15592): <core_glActiveTexture:348>: GL_INVALID_ENUM
W/GLConsumer(15592): [unnamed-15592-0] bindTextureImage: clearing GL error: 0x500
W/Adreno-ES20(15592): <core_glActiveTexture:348>: GL_INVALID_ENUM
E/mm-camera(  255): afd_set_parameters: param=0xb3d4c46c afd_obj =0xb6363000, type =2
W/GLConsumer(15592): [unnamed-15592-0] bindTextureImage: clearing GL error: 0x500
W/Adreno-ES20(15592): <core_glActiveTexture:348>: GL_INVALID_ENUM
E/mm-camera(  255): afd_set_parameters: param=0xb3d4c4dc afd_obj =0xb6363000, type =2
W/GLConsumer(15592): [unnamed-15592-0] bindTextureImage: clearing GL error: 0x500
W/Adreno-ES20(15592): <core_glActiveTexture:348>: GL_INVALID_ENUM
E/mm-camera(  255): afd_set_parameters: param=0xb3d4c23c afd_obj =0xb6363000, type =2
W/GLConsumer(15592): [unnamed-15592-0] bindTextureImage: clearing GL error: 0x500
W/Adreno-ES20(15592): <core_glActiveTexture:348>: GL_INVALID_ENUM
E/mm-camera(  255): afd_set_parameters: param=0xb3d4c274 afd_obj =0xb6363000, type =2
W/GLConsumer(15592): [unnamed-15592-0] bindTextureImage: clearing GL error: 0x500
W/Adreno-ES20(15592): <core_glActiveTexture:348>: GL_INVALID_ENUM
E/mm-camera(  255): afd_set_parameters: param=0xb3d4c38c afd_obj =0xb6363000, type =2
W/GLConsumer(15592): [unnamed-15592-0] bindTextureImage: clearing GL error: 0x500
W/Adreno-ES20(15592): <core_glActiveTexture:348>: GL_INVALID_ENUM
E/mm-camera(  255): afd_set_parameters: param=0xb3d4c3c4 afd_obj =0xb6363000, type =2
W/GLConsumer(15592): [unnamed-15592-0] bindTextureImage: clearing GL error: 0x500
W/Adreno-ES20(15592): <core_glActiveTexture:348>: GL_INVALID_ENUM
E/mm-camera(  255): afd_set_parameters: param=0xb3d4c23c afd_obj =0xb6363000, type =2
W/GLConsumer(15592): [unnamed-15592-0] bindTextureImage: clearing GL error: 0x500
W/Adreno-ES20(15592): <core_glActiveTexture:348>: GL_INVALID_ENUM
E/mm-camera(  255): afd_set_parameters: param=0xb3d4c2e4 afd_obj =0xb6363000, type =2
W/GLConsumer(15592): [unnamed-15592-0] bindTextureImage: clearing GL error: 0x500
W/Adreno-ES20(15592): <core_glActiveTexture:348>: GL_INVALID_ENUM
E/mm-camera(  255): afd_set_parameters: param=0xb3d4c354 afd_obj =0xb6363000, type =2
D/QCameraParameters(  241): update current cct value. old:4493, now:4550
W/GLConsumer(15592): [unnamed-15592-0] bindTextureImage: clearing GL error: 0x500
W/Adreno-ES20(15592): <core_glActiveTexture:348>: GL_INVALID_ENUM
E/mm-camera(  255): afd_set_parameters: param=0xb3d4c3fc afd_obj =0xb6363000, type =2
W/GLConsumer(15592): [unnamed-15592-0] bindTextureImage: clearing GL error: 0x500
W/Adreno-ES20(15592): <core_glActiveTexture:348>: GL_INVALID_ENUM
E/mm-camera(  255): afd_set_parameters: param=0xb3d4c23c afd_obj =0xb6363000, type =2
W/GLConsumer(15592): [unnamed-15592-0] bindTextureImage: clearing GL error: 0x500
W/Adreno-ES20(15592): <core_glActiveTexture:348>: GL_INVALID_ENUM
E/mm-camera(  255): afd_set_parameters: param=0xb3d4c2ac afd_obj =0xb6363000, type =2
W/GLConsumer(15592): [unnamed-15592-0] bindTextureImage: clearing GL error: 0x500
W/Adreno-ES20(15592): <core_glActiveTexture:348>: GL_INVALID_ENUM
E/mm-camera(  255): afd_set_parameters: param=0xb3d4c3c4 afd_obj =0xb6363000, type =2
D/QCameraParameters(  241): update current cct value. old:4550, now:4606
W/GLConsumer(15592): [unnamed-15592-0] bindTextureImage: clearing GL error: 0x500
W/Adreno-ES20(15592): <core_glActiveTexture:348>: GL_INVALID_ENUM
E/mm-camera(  255): afd_set_parameters: param=0xb3d4c434 afd_obj =0xb6363000, type =2
W/GLConsumer(15592): [unnamed-15592-0] bindTextureImage: clearing GL error: 0x500
W/Adreno-ES20(15592): <core_glActiveTexture:348>: GL_INVALID_ENUM
E/mm-camera(  255): afd_set_parameters: param=0xb3d4c23c afd_obj =0xb6363000, type =2
W/GLConsumer(15592): [unnamed-15592-0] bindTextureImage: clearing GL error: 0x500
W/Adreno-ES20(15592): <core_glActiveTexture:348>: GL_INVALID_ENUM
E/mm-camera(  255): afd_set_parameters: param=0xb3d4c274 afd_obj =0xb6363000, type =2
D/QCameraParameters(  241): update current cct value. old:4606, now:4662
W/GLConsumer(15592): [unnamed-15592-0] bindTextureImage: clearing GL error: 0x500
W/Adreno-ES20(15592): <core_glActiveTexture:348>: GL_INVALID_ENUM
E/mm-camera(  255): afd_set_parameters: param=0xb3d4c38c afd_obj =0xb6363000, type =2
W/GLConsumer(15592): [unnamed-15592-0] bindTextureImage: clearing GL error: 0x500
W/Adreno-ES20(15592): <core_glActiveTexture:348>: GL_INVALID_ENUM
E/mm-camera(  255): afd_set_parameters: param=0xb3d4c3fc afd_obj =0xb6363000, type =2
W/GLConsumer(15592): [unnamed-15592-0] bindTextureImage: clearing GL error: 0x500
W/Adreno-ES20(15592): <core_glActiveTexture:348>: GL_INVALID_ENUM
E/mm-camera(  255): afd_set_parameters: param=0xb3d4c23c afd_obj =0xb6363000, type =2
W/GLConsumer(15592): [unnamed-15592-0] bindTextureImage: clearing GL error: 0x500
W/Adreno-ES20(15592): <core_glActiveTexture:348>: GL_INVALID_ENUM
E/mm-camera(  255): afd_set_parameters: param=0xb3d4c2e4 afd_obj =0xb6363000, type =2
W/GLConsumer(15592): [unnamed-15592-0] bindTextureImage: clearing GL error: 0x500
W/Adreno-ES20(15592): <core_glActiveTexture:348>: GL_INVALID_ENUM
E/mm-camera(  255): afd_set_parameters: param=0xb3d4c354 afd_obj =0xb6363000, type =2
W/GLConsumer(15592): [unnamed-15592-0] bindTextureImage: clearing GL error: 0x500
W/Adreno-ES20(15592): <core_glActiveTexture:348>: GL_INVALID_ENUM
E/mm-camera(  255): afd_set_parameters: param=0xb3d4c434 afd_obj =0xb6363000, type =2
W/GLConsumer(15592): [unnamed-15592-0] bindTextureImage: clearing GL error: 0x500
W/Adreno-ES20(15592): <core_glActiveTexture:348>: GL_INVALID_ENUM
E/mm-camera(  255): afd_set_parameters: param=0xb3d4c23c afd_obj =0xb6363000, type =2
E/mm-camera(  255): afd_set_parameters: param=0xb3d4c2ac afd_obj =0xb6363000, type =2
W/GLConsumer(15592): [unnamed-15592-0] bindTextureImage: clearing GL error: 0x500
W/Adreno-ES20(15592): <core_glActiveTexture:348>: GL_INVALID_ENUM
I/art     (  756): Explicit concurrent mark sweep GC freed 22365(1316KB) AllocSpace objects, 4(61KB) LOS objects, 28% free, 39MB/55MB, paused 2.883ms total 150.706ms
W/GLConsumer(15592): [unnamed-15592-0] bindTextureImage: clearing GL error: 0x500
W/Adreno-ES20(15592): <core_glActiveTexture:348>: GL_INVALID_ENUM
E/mm-camera(  255): afd_set_parameters: param=0xb3d4c3c4 afd_obj =0xb6363000, type =2
W/GLConsumer(15592): [unnamed-15592-0] bindTextureImage: clearing GL error: 0x500
W/Adreno-ES20(15592): <core_glActiveTexture:348>: GL_INVALID_ENUM
E/mm-camera(  255): afd_set_parameters: param=0xb3d4c3fc afd_obj =0xb6363000, type =2
D/QCameraParameters(  241): update current cct value. old:4662, now:4606
W/GLConsumer(15592): [unnamed-15592-0] bindTextureImage: clearing GL error: 0x500
W/Adreno-ES20(15592): <core_glActiveTexture:348>: GL_INVALID_ENUM
E/mm-camera(  255): afd_set_parameters: param=0xb3d4c23c afd_obj =0xb6363000, type =2
W/GLConsumer(15592): [unnamed-15592-0] bindTextureImage: clearing GL error: 0x500
W/Adreno-ES20(15592): <core_glActiveTexture:348>: GL_INVALID_ENUM
E/mm-camera(  255): afd_set_parameters: param=0xb3d4c274 afd_obj =0xb6363000, type =2
W/GLConsumer(15592): [unnamed-15592-0] bindTextureImage: clearing GL error: 0x500
W/Adreno-ES20(15592): <core_glActiveTexture:348>: GL_INVALID_ENUM
E/mm-camera(  255): afd_set_parameters: param=0xb3d4c38c afd_obj =0xb6363000, type =2
W/GLConsumer(15592): [unnamed-15592-0] bindTextureImage: clearing GL error: 0x500
W/Adreno-ES20(15592): <core_glActiveTexture:348>: GL_INVALID_ENUM
E/mm-camera(  255): afd_set_parameters: param=0xb3d4c434 afd_obj =0xb6363000, type =2
W/GLConsumer(15592): [unnamed-15592-0] bindTextureImage: clearing GL error: 0x500
W/Adreno-ES20(15592): <core_glActiveTexture:348>: GL_INVALID_ENUM
E/mm-camera(  255): afd_set_parameters: param=0xb3d4c23c afd_obj =0xb6363000, type =2
D/QCameraParameters(  241): update current cct value. old:4606, now:4550
W/GLConsumer(15592): [unnamed-15592-0] bindTextureImage: clearing GL error: 0x500
W/Adreno-ES20(15592): <core_glActiveTexture:348>: GL_INVALID_ENUM
E/mm-camera(  255): afd_set_parameters: param=0xb3d4c2e4 afd_obj =0xb6363000, type =2
W/GLConsumer(15592): [unnamed-15592-0] bindTextureImage: clearing GL error: 0x500
W/Adreno-ES20(15592): <core_glActiveTexture:348>: GL_INVALID_ENUM
E/mm-camera(  255): afd_set_parameters: param=0xb3d4c354 afd_obj =0xb6363000, type =2
W/GLConsumer(15592): [unnamed-15592-0] bindTextureImage: clearing GL error: 0x500
W/Adreno-ES20(15592): <core_glActiveTexture:348>: GL_INVALID_ENUM
E/mm-camera(  255): afd_set_parameters: param=0xb3d4c3fc afd_obj =0xb6363000, type =2
W/GLConsumer(15592): [unnamed-15592-0] bindTextureImage: clearing GL error: 0x500
W/Adreno-ES20(15592): <core_glActiveTexture:348>: GL_INVALID_ENUM
E/mm-camera(  255): afd_set_parameters: param=0xb3d4c23c afd_obj =0xb6363000, type =2
W/GLConsumer(15592): [unnamed-15592-0] bindTextureImage: clearing GL error: 0x500
W/Adreno-ES20(15592): <core_glActiveTexture:348>: GL_INVALID_ENUM
E/mm-camera(  255): afd_set_parameters: param=0xb3d4c2ac afd_obj =0xb6363000, type =2
W/GLConsumer(15592): [unnamed-15592-0] bindTextureImage: clearing GL error: 0x500
W/Adreno-ES20(15592): <core_glActiveTexture:348>: GL_INVALID_ENUM
E/mm-camera(  255): afd_set_parameters: param=0xb3d4c3c4 afd_obj =0xb6363000, type =2
W/GLConsumer(15592): [unnamed-15592-0] bindTextureImage: clearing GL error: 0x500
W/Adreno-ES20(15592): <core_glActiveTexture:348>: GL_INVALID_ENUM
E/mm-camera(  255): afd_set_parameters: param=0xb3d4c434 afd_obj =0xb6363000, type =2
W/GLConsumer(15592): [unnamed-15592-0] bindTextureImage: clearing GL error: 0x500
W/Adreno-ES20(15592): <core_glActiveTexture:348>: GL_INVALID_ENUM
E/mm-camera(  255): afd_set_parameters: param=0xb3d4c23c afd_obj =0xb6363000, type =2
W/GLConsumer(15592): [unnamed-15592-0] bindTextureImage: clearing GL error: 0x500
W/Adreno-ES20(15592): <core_glActiveTexture:348>: GL_INVALID_ENUM
E/mm-camera(  255): afd_set_parameters: param=0xb3d4c274 afd_obj =0xb6363000, type =2
W/GLConsumer(15592): [unnamed-15592-0] bindTextureImage: clearing GL error: 0x500
W/Adreno-ES20(15592): <core_glActiveTexture:348>: GL_INVALID_ENUM
E/mm-camera(  255): afd_set_parameters: param=0xb3d4c38c afd_obj =0xb6363000, type =2
W/GLConsumer(15592): [unnamed-15592-0] bindTextureImage: clearing GL error: 0x500
W/Adreno-ES20(15592): <core_glActiveTexture:348>: GL_INVALID_ENUM
E/mm-camera(  255): afd_set_parameters: param=0xb3d4c3fc afd_obj =0xb6363000, type =2
W/GLConsumer(15592): [unnamed-15592-0] bindTextureImage: clearing GL error: 0x500
W/Adreno-ES20(15592): <core_glActiveTexture:348>: GL_INVALID_ENUM
E/mm-camera(  255): afd_set_parameters: param=0xb3d4c23c afd_obj =0xb6363000, type =2
W/GLConsumer(15592): [unnamed-15592-0] bindTextureImage: clearing GL error: 0x500
W/Adreno-ES20(15592): <core_glActiveTexture:348>: GL_INVALID_ENUM
E/mm-camera(  255): afd_set_parameters: param=0xb3d4c2e4 afd_obj =0xb6363000, type =2
W/GLConsumer(15592): [unnamed-15592-0] bindTextureImage: clearing GL error: 0x500
W/Adreno-ES20(15592): <core_glActiveTexture:348>: GL_INVALID_ENUM
E/mm-camera(  255): afd_set_parameters: param=0xb3d4c354 afd_obj =0xb6363000, type =2
W/GLConsumer(15592): [unnamed-15592-0] bindTextureImage: clearing GL error: 0x500
W/Adreno-ES20(15592): <core_glActiveTexture:348>: GL_INVALID_ENUM
E/mm-camera(  255): afd_set_parameters: param=0xb3d4c434 afd_obj =0xb6363000, type =2
W/GLConsumer(15592): [unnamed-15592-0] bindTextureImage: clearing GL error: 0x500
W/Adreno-ES20(15592): <core_glActiveTexture:348>: GL_INVALID_ENUM
E/mm-camera(  255): afd_set_parameters: param=0xb3d4c23c afd_obj =0xb6363000, type =2
W/GLConsumer(15592): [unnamed-15592-0] bindTextureImage: clearing GL error: 0x500
W/Adreno-ES20(15592): <core_glActiveTexture:348>: GL_INVALID_ENUM
E/mm-camera(  255): afd_set_parameters: param=0xb3d4c2ac afd_obj =0xb6363000, type =2
W/GLConsumer(15592): [unnamed-15592-0] bindTextureImage: clearing GL error: 0x500
W/Adreno-ES20(15592): <core_glActiveTexture:348>: GL_INVALID_ENUM
E/mm-camera(  255): afd_set_parameters: param=0xb3d4c3c4 afd_obj =0xb6363000, type =2
D/QCameraParameters(  241): update current cct value. old:4550, now:4493
W/GLConsumer(15592): [unnamed-15592-0] bindTextureImage: clearing GL error: 0x500
W/Adreno-ES20(15592): <core_glActiveTexture:348>: GL_INVALID_ENUM
E/mm-camera(  255): afd_set_parameters: param=0xb3d4c3fc afd_obj =0xb6363000, type =2
W/GLConsumer(15592): [unnamed-15592-0] bindTextureImage: clearing GL error: 0x500
W/Adreno-ES20(15592): <core_glActiveTexture:348>: GL_INVALID_ENUM
E/mm-camera(  255): afd_set_parameters: param=0xb3d4c23c afd_obj =0xb6363000, type =2
W/GLConsumer(15592): [unnamed-15592-0] bindTextureImage: clearing GL error: 0x500
W/Adreno-ES20(15592): <core_glActiveTexture:348>: GL_INVALID_ENUM
E/mm-camera(  255): afd_set_parameters: param=0xb3d4c274 afd_obj =0xb6363000, type =2
W/GLConsumer(15592): [unnamed-15592-0] bindTextureImage: clearing GL error: 0x500
W/Adreno-ES20(15592): <core_glActiveTexture:348>: GL_INVALID_ENUM
E/mm-camera(  255): afd_set_parameters: param=0xb3d4c38c afd_obj =0xb6363000, type =2
W/GLConsumer(15592): [unnamed-15592-0] bindTextureImage: clearing GL error: 0x500
W/Adreno-ES20(15592): <core_glActiveTexture:348>: GL_INVALID_ENUM
E/mm-camera(  255): afd_set_parameters: param=0xb3d4c434 afd_obj =0xb6363000, type =2
W/GLConsumer(15592): [unnamed-15592-0] bindTextureImage: clearing GL error: 0x500
W/Adreno-ES20(15592): <core_glActiveTexture:348>: GL_INVALID_ENUM
E/mm-camera(  255): afd_set_parameters: param=0xb3d4c23c afd_obj =0xb6363000, type =2
W/GLConsumer(15592): [unnamed-15592-0] bindTextureImage: clearing GL error: 0x500
W/Adreno-ES20(15592): <core_glActiveTexture:348>: GL_INVALID_ENUM
E/mm-camera(  255): afd_set_parameters: param=0xb3d4c2e4 afd_obj =0xb6363000, type =2
W/GLConsumer(15592): [unnamed-15592-0] bindTextureImage: clearing GL error: 0x500
W/Adreno-ES20(15592): <core_glActiveTexture:348>: GL_INVALID_ENUM
E/mm-camera(  255): afd_set_parameters: param=0xb3d4c354 afd_obj =0xb6363000, type =2
W/GLConsumer(15592): [unnamed-15592-0] bindTextureImage: clearing GL error: 0x500
W/Adreno-ES20(15592): <core_glActiveTexture:348>: GL_INVALID_ENUM
E/mm-camera(  255): afd_set_parameters: param=0xb3d4c3fc afd_obj =0xb6363000, type =2
W/GLConsumer(15592): [unnamed-15592-0] bindTextureImage: clearing GL error: 0x500
W/Adreno-ES20(15592): <core_glActiveTexture:348>: GL_INVALID_ENUM
E/mm-camera(  255): afd_set_parameters: param=0xb3d4c23c afd_obj =0xb6363000, type =2
W/GLConsumer(15592): [unnamed-15592-0] bindTextureImage: clearing GL error: 0x500
W/Adreno-ES20(15592): <core_glActiveTexture:348>: GL_INVALID_ENUM
E/mm-camera(  255): afd_set_parameters: param=0xb3d4c2ac afd_obj =0xb6363000, type =2
D/QCameraParameters(  241): update current cct value. old:4493, now:4437
W/GLConsumer(15592): [unnamed-15592-0] bindTextureImage: clearing GL error: 0x500
W/Adreno-ES20(15592): <core_glActiveTexture:348>: GL_INVALID_ENUM
E/mm-camera(  255): afd_set_parameters: param=0xb3d4c3c4 afd_obj =0xb6363000, type =2
W/GLConsumer(15592): [unnamed-15592-0] bindTextureImage: clearing GL error: 0x500
W/Adreno-ES20(15592): <core_glActiveTexture:348>: GL_INVALID_ENUM
E/mm-camera(  255): afd_set_parameters: param=0xb3d4c434 afd_obj =0xb6363000, type =2
W/ResourceType(16676): No package identifier when getting value for resource number 0x00000000
W/PackageManager(16676): Failure retrieving resources for com.sveder.cardboardpassthrough: Resource ID #0x0
I/Timeline(15592): Timeline: Activity_idle id: android.os.BinderProxy@13eff63d time:36303529
I/ActivityManager(  756): START u0 {act=com.android.systemui.recents.SHOW_RECENTS flg=0x10804000 cmp=com.android.systemui/.recents.RecentsActivity} from uid 10004 on display 0
W/GLConsumer(15592): [unnamed-15592-0] bindTextureImage: clearing GL error: 0x500
W/ResourceType(  756): For resource 0x01030224, entry index(548) is beyond type entryCount(9)
W/ResourceType(  756): For resource 0x01030224, entry index(548) is beyond type entryCount(9)
W/Adreno-ES20(15592): <core_glActiveTexture:348>: GL_INVALID_ENUM
E/mm-camera(  255): afd_set_parameters: param=0xb3d4c23c afd_obj =0xb6363000, type =2
W/ResourceType(16676): For resource 0x01030224, entry index(548) is beyond type entryCount(9)
W/ResourceType(16676): For resource 0x01030224, entry index(548) is beyond type entryCount(9)
D/OpenGLRenderer(16676): setting property ambientRatio to 1.5
D/OpenGLRenderer(16676): ambientRatio = 1.50
D/AndroidRuntime(15592): Shutting down VM
E/AndroidRuntime(15592): FATAL EXCEPTION: main
E/AndroidRuntime(15592): Process: com.sveder.cardboardpassthrough, PID: 15592
E/AndroidRuntime(15592): java.lang.RuntimeException: Unable to unbind to service com.sveder.cardboardpassthrough.CameraService@2feab939 with Intent { cmp=com.sveder.cardboardpassthrough/.CameraService }: java.lang.IllegalArgumentException: Receiver not registered: null
E/AndroidRuntime(15592): 	at android.app.ActivityThread.handleUnbindService(ActivityThread.java:2861)
E/AndroidRuntime(15592): 	at android.app.ActivityThread.access$2100(ActivityThread.java:154)
E/AndroidRuntime(15592): 	at android.app.ActivityThread$H.handleMessage(ActivityThread.java:1414)
E/AndroidRuntime(15592): 	at android.os.Handler.dispatchMessage(Handler.java:102)
E/AndroidRuntime(15592): 	at android.os.Looper.loop(Looper.java:135)
E/AndroidRuntime(15592): 	at android.app.ActivityThread.main(ActivityThread.java:5292)
E/AndroidRuntime(15592): 	at java.lang.reflect.Method.invoke(Native Method)
E/AndroidRuntime(15592): 	at java.lang.reflect.Method.invoke(Method.java:372)
E/AndroidRuntime(15592): 	at com.android.internal.os.ZygoteInit$MethodAndArgsCaller.run(ZygoteInit.java:904)
E/AndroidRuntime(15592): 	at com.android.internal.os.ZygoteInit.main(ZygoteInit.java:699)
E/AndroidRuntime(15592): Caused by: java.lang.IllegalArgumentException: Receiver not registered: null
E/AndroidRuntime(15592): 	at android.app.LoadedApk.forgetReceiverDispatcher(LoadedApk.java:766)
E/AndroidRuntime(15592): 	at android.app.ContextImpl.unregisterReceiver(ContextImpl.java:1708)
E/AndroidRuntime(15592): 	at android.content.ContextWrapper.unregisterReceiver(ContextWrapper.java:517)
E/AndroidRuntime(15592): 	at com.sveder.cardboardpassthrough.CameraService.onUnbind(CameraService.java:105)
E/AndroidRuntime(15592): 	at android.app.ActivityThread.handleUnbindService(ActivityThread.java:2848)
E/AndroidRuntime(15592): 	... 9 more
W/ActivityManager(  756):   Force finishing activity 1 com.sveder.cardboardpassthrough/.MainActivity
W/ResourceType(16676): For resource 0x01030224, entry index(548) is beyond type entryCount(9)
W/ResourceType(16676): For resource 0x01030224, entry index(548) is beyond type entryCount(9)
W/ResourceType(  756): For resource 0x010301f2, entry index(498) is beyond type entryCount(9)
V/WindowManager(  756): Adding window Window{5f6b3c3 u0 com.android.systemui/com.android.systemui.recents.RecentsActivity} at 12 of 17 (after Window{d2a0c14 u0 com.google.android.googlequicksearchbox/com.google.android.launcher.GEL})
E/mm-camera(  255): afd_set_parameters: param=0xb3d4c274 afd_obj =0xb6363000, type =2
D/LogFetchServiceManager( 3038): Received entry added
I/OpenGLRenderer(  756): Initialized EGL, version 1.4
E/mm-camera(  255): afd_set_parameters: param=0xb3d4c38c afd_obj =0xb6363000, type =2
E/mm-camera(  255): afd_set_parameters: param=0xb3d4c3fc afd_obj =0xb6363000, type =2
E/mm-camera(  255): afd_set_parameters: param=0xb3d4c23c afd_obj =0xb6363000, type =2
E/mm-camera(  255): afd_set_parameters: param=0xb3d4c2e4 afd_obj =0xb6363000, type =2
I/Timeline(16676): Timeline: Activity_idle id: android.os.BinderProxy@16317d4f time:36303922
E/mm-camera(  255): afd_set_parameters: param=0xb3d4c354 afd_obj =0xb6363000, type =2
E/mm-camera(  255): afd_set_parameters: param=0xb3d4c434 afd_obj =0xb6363000, type =2
I/Timeline(  756): Timeline: Activity_windows_visible id: ActivityRecord{6c8f233 u0 com.android.systemui/.recents.RecentsActivity t4954} time:36304082
E/mm-camera(  255): afd_set_parameters: param=0xb3d4c23c afd_obj =0xb6363000, type =2
E/mm-camera(  255): afd_set_parameters: param=0xb3d4c2ac afd_obj =0xb6363000, type =2
E/mm-camera(  255): afd_set_parameters: param=0xb3d4c3c4 afd_obj =0xb6363000, type =2
E/mm-camera(  255): afd_set_parameters: param=0xb3d4c3fc afd_obj =0xb6363000, type =2
E/mm-camera(  255): afd_set_parameters: param=0xb3d4c23c afd_obj =0xb6363000, type =2
E/mm-camera(  255): afd_set_parameters: param=0xb3d4c274 afd_obj =0xb6363000, type =2
E/mm-camera(  255): afd_set_parameters: param=0xb3d4c38c afd_obj =0xb6363000, type =2
W/ResourceType(16676): No package identifier when getting value for resource number 0x00000000
W/PackageManager(16676): Failure retrieving resources for com.sveder.cardboardpassthrough: Resource ID #0x0
E/mm-camera(  255): afd_set_parameters: param=0xb3d4c434 afd_obj =0xb6363000, type =2
E/mm-camera(  255): afd_set_parameters: param=0xb3d4c23c afd_obj =0xb6363000, type =2
I/Process (15592): Sending signal. PID: 15592 SIG: 9
W/CameraService(  241): Disconnecting camera client 0xb18379d0 since the binder for it died (this pid 241)
I/WindowState(  756): WIN DEATH: Window{2ce940b0 u0 com.sveder.cardboardpassthrough/com.sveder.cardboardpassthrough.MainActivity}
W/WindowManager(  756): Force-removing child win Window{1fd17eae u0 SurfaceView} from container Window{2ce940b0 u0 com.sveder.cardboardpassthrough/com.sveder.cardboardpassthrough.MainActivity}
E/QCamera2HWI(  241): [KPI Perf] static void qcamera::QCamera2HardwareInterface::stop_preview(camera_device*): E PROFILE_STOP_PREVIEW
D/QCamera2HWI(  241): int qcamera::QCamera2HardwareInterface::stopPreview(): E
E/mm-camera(  255): mct_pipeline_process_set:command=8000009
E/mm-camera(  255): mct_pipeline_process_set: stream_type = 1
E/mm-camera-sensor(  255): module_sensor_module_process_event:2343 ide 10002 MCT_EVENT_CONTROL_STREAMOFF
E/mm-camera(  255): port_isp_mct_ctrl_cmd: E, identity = 0x10002, STREAMOFF
E/mm-camera(  255): is_port_handle_stream_event: MCT_EVENT_CONTROL_STREAMOFF, identity = 0x10002
E/mm-camera(  255): c2d_module_handle_streamoff_event:1269, info: doing stream-off for identity 0x10002
E/mm-camera(  255): module_afs_port_event_func:533] AFS_STREAOFF 10002
E/mm-camera(  255): c2d_module_handle_streamoff_event:1388, info: stream-off done for identity 0x10002
E/mm-camera(  255): cpp_module_handle_streamoff_event:1976] iden:0x10002, linked_params:0x0
E/mm-camera(  255): cpp_hardware_process_streamoff:498] skip_iden:0x0, duplicate_stream_status:0x0
E/mm-camera(  255): isp_streamoff: E, session_id = 1, stream_id = 2, active_count = 1
E/mm-camera(  255): isp_proc_streamoff: E,session_id = 1, stream_id= 2, stream_type= 1 meta 0
E/mm-camera(  255): isp_hw_action: last pix stop, pix_cnt = 1, cnt = 1
E/mm-camera(  255): isp_thread_proc_cmd: start/stop, thread_data = 0xb3cbaba4, action_code = 2
E/mm-camera(  255): isp_axi_util_subscribe_v4l2_event: event_type = 0x8000100, is_subscribe = 0
E/mm-camera(  255): isp_ch_util_streamoff: session_id = 1, vfe_mask = 0x1, async streamoff, rc = 0
E/mm-camera(  255): isp_hw_action: hw_thread for ack
W/WindowManager(  756): Failed looking up window
W/WindowManager(  756): java.lang.IllegalArgumentException: Requested window android.os.BinderProxy@29265b29 does not exist
W/WindowManager(  756): 	at com.android.server.wm.WindowManagerService.windowForClientLocked(WindowManagerService.java:8758)
W/WindowManager(  756): 	at com.android.server.wm.WindowManagerService.windowForClientLocked(WindowManagerService.java:8749)
W/WindowManager(  756): 	at com.android.server.wm.WindowState$DeathRecipient.binderDied(WindowState.java:1140)
W/WindowManager(  756): 	at android.os.BinderProxy.sendDeathNotice(Binder.java:551)
I/WindowState(  756): WIN DEATH: null
I/ActivityManager(  756): Process com.sveder.cardboardpassthrough (pid 15592) has died
E/mm-camera(  255): isp_axi_unreg_buf: session_id = 1, stream_id = 2, buf_handle = 0x1110000
E/mm-camera(  255): stats_action_buf_config: cfg = 0, stats_mask = 0x7b8
E/mm-camera(  255): isp_ch_util_streamoff: session_id = 1, sync ack done
E/mm-camera(  255): isp_thread_proc_cmd: start/stop ack done, thread_data = 0xb3cbaba4, action_code = 3, rc = 0
E/mm-camera(  255): isp_streamoff: X, session_id = 1, rc = 0
E/mm-camera(  255): port_isp_mct_ctrl_cmd: X, identity = 0x10002, STREAMOFF, ret = 0
E/mm-camera(  255): stream id 2, stream num_meta 0
E/mm-camera(  255): ispif_streamoff: session_id = 1, active_streams = 0
E/mm-camera-sensor(  255): module_sensor_is_ready_for_stream_off:779 any bundle started 0
E/mm-camera-sensor(  255): module_sensor_module_process_event:2360 ide 10002 MCT_EVENT_CONTROL_STREAMOFF
E/mm-camera-sensor(  255): module_sensor_module_process_event: Sending stop bus message
E/mm-camera(  255): stop_sof_check_thread: Stopping SOF timeout thread
E/mm-camera(  255): mct_pipeline_process_set:command=8000009
E/mm-camera(  255): mct_pipeline_process_set: stream_type = 7
D/QCameraHWI_Mem(  241): cancel_buffer: hdl =0xb1990a10
D/QCameraHWI_Mem(  241): put buffer 0 successfully
D/QCameraHWI_Mem(  241): cancel_buffer: hdl =0xb1990a60
D/QCameraHWI_Mem(  241): put buffer 1 successfully
D/QCameraHWI_Mem(  241): cancel_buffer: hdl =0xb1990ab0
D/QCameraHWI_Mem(  241): put buffer 2 successfully
D/QCameraHWI_Mem(  241): cancel_buffer: hdl =0xb1990b00
D/QCameraHWI_Mem(  241): put buffer 3 successfully
D/QCameraHWI_Mem(  241): cancel_buffer: hdl =0xb1990b50
D/QCameraHWI_Mem(  241): put buffer 4 successfully
D/QCameraHWI_Mem(  241): cancel_buffer: hdl =0xb1990ba0
D/QCameraHWI_Mem(  241): put buffer 5 successfully
D/QCameraHWI_Mem(  241): put buffer 6 successfully
D/QCameraHWI_Mem(  241): put buffer 7 successfully
E/QCamera2HWI(  241): int32_t qcamera::QCamera2HardwareInterface::delChannel(qcamera::qcamera_ch_type_enum_t): 0 X
E/QCamera2HWI(  241): int32_t qcamera::QCamera2HardwareInterface::delChannel(qcamera::qcamera_ch_type_enum_t): 2 E
E/QCamera2HWI(  241): int32_t qcamera::QCamera2HardwareInterface::delChannel(qcamera::qcamera_ch_type_enum_t): delChannel pChannel is null
E/mm-camera-intf(  241): mm_camera_del_stream: E
E/mm-camera-intf(  241): mm_stream_release:E
E/mm-camera(  255): mct_pipeline_process_set:command=800000b
D/mm-camera(  255): mct_pipeline_remove_stream_from_linked_streams: stream type: 7
D/mm-camera(  255): mct_pipeline_remove_stream_from_linked_streams: linked streams: 0x2
E/mm-camera-intf(  241): mm_stream_release:X
E/mm-camera-intf(  241): mm_camera_del_stream: X
E/mm-camera-intf(  241): mm_camera_del_stream: E
E/mm-camera-intf(  241): mm_stream_release:E
E/mm-camera(  255): mct_pipeline_process_set:command=800000b
E/mm-camera(  255): mct_stream_streamoff: Enter
E/mm-camera-sensor(  255): port_sensor_unlink_func:230 ide 10002
E/mm-camera-sensor(  255): port_sensor_caps_unreserve:193 ide 10002
E/mm-camera(  255): c2d_port_check_caps_unreserve:170, identity=0x10002
E/mm-camera(  255): c2d_port_check_caps_unreserve:179, identity=0x10002, unreserved
E/mm-camera(  255): c2d_port_check_caps_unreserve:170, identity=0x10002
