E/QCamera2HWI(  241): [KPI Perf] int qcamera::QCamera2HardwareInterface::openCamera(hw_device_t**): E PROFILE_OPEN_CAMERA camera id 0
E/mm-camera-intf(  241): mm_camera_open: dev name = /dev/video1, cam_idx = 1
V/WindowManager(  756): Layouts looping: On entry to LockedInner, mPendingLayoutChanges = 0x1
V/WindowManager(  756): Layouts looping: loop number 4, mPendingLayoutChanges = 0x0
V/WindowManager(  756): Layouts looping: after finishPostLayoutPolicyLw, mPendingLayoutChanges = 0x0
V/WindowManager(  756): Layouts looping: mLayoutNeeded, mPendingLayoutChanges = 0x1
V/WindowManager(  756): Layouts looping: On entry to LockedInner, mPendingLayoutChanges = 0x1
V/WindowManager(  756): Layouts looping: loop number 5, mPendingLayoutChanges = 0x0
V/WindowManager(  756): Layouts looping: after finishPostLayoutPolicyLw, mPendingLayoutChanges = 0x0
V/WindowManager(  756): Layouts looping: mLayoutNeeded, mPendingLayoutChanges = 0x1
E/WindowManager(  756): Performed 6 layouts in a row. Skipping
E/mm-camera-sensor(  255): module_sensor_start_session:532 session 1
E/mm-camera(  255): [mct_pipeline_start_session_thread], start(iface) module. started mod_number=1, pid=31953
E/mm-camera-sensor(  255): module_sensor_init_session:219 module_sensor_init_session: open qcom_flash failed
E/mm-camera(  255): isp_tintless_open: E: b6ef08e9
E/mm-camera(  255): [mct_pipeline_start_session_thread], start(imglib) module. started mod_number=2, pid=31957
E/mm-camera(  255): is_module_start_session: Enter
E/mm-camera(  255): is_port_set_caps: Enter
E/mm-camera(  255): is_port_init: is mode is 3
E/mm-camera(  255): is_module_start_session: Exit successful
E/mm-camera(  255): gyro_module_start_session: Enter
E/mm-camera(  255): gyro_port_init: Init DSPS
E/mm-camera(  255): gyro_port_init: DSPS inited
E/mm-camera(  255): gyro_module_start_session: Exit successful
E/mm-camera(  255): is_module_get_port: Exit successful
E/mm-camera(  255): gyro_module_get_port: Exit successful
E/mm-camera(  255): [mct_pipeline_start_session_thread], start(stats) module. started mod_number=3, pid=31955
E/mm-camera(  255): isp_tintless_get_version: lib returned version 3.61 err=0
E/mm-camera(  255): [mct_pipeline_start_session_thread], start(isp) module. started mod_number=4, pid=31954
E/mm-camera-sensor(  255): eeprom_load_library:505 e_ctrl->eeprom_lib.func_tbl =0xb68a9004
E/mm-camera-sensor(  255): module_sensor_start_session:573 failed
E/mm-camera-sensor(  255): module_sensor_start_session:579 failed
E/mm-camera(  255): [mct_pipeline_start_session_thread], start(sensor) module. started mod_number=5, pid=31952
E/mm-camera(  255): c2d_module_start_session:227, info: starting session 1
E/mm-camera(  255): c2d_thread_func:41: c2d_thread entering the polling loop...
E/mm-camera(  255): c2d_module_start_session:274, info: c2d_thread created.
E/mm-camera(  255): c2d_module_start_session:296, info: session 1 started.
E/mm-camera(  255): [mct_pipeline_start_session_thread], start(pproc) module. started mod_number=6, pid=31956
E/mm-camera-intf(  241): mm_camera_open:  opened, break out while loop
D/QCamera2HWI(  241): int qcamera::QCamera2HardwareInterface::openCamera(): persist.oppo.ctsversion is 0
D/QCamera2HWI(  241): int qcamera::QCamera2HardwareInterface::openCamera(): enable_4k2k is 1
E/mm-jpeg-intf(  241): mm_jpeg_init:1739] Launch jobmgr thread rc 0
E/mm-jpeg-intf(  241): Max picture size 4208 x 3120, WorkBufSize = 19869696
E/qomx_image_core(  241): OMX_Init:94] Complete 2
E/QCameraPostProc(  241): static void* qcamera::QCameraPostProcessor::supZoomRoutine(void*): E
D/QCameraParameters(  241): int32_t qcamera::QCameraParameters::initDefaultParameters(): i 0 removePreviewSize  1, 4096 x 2160
D/QCameraParameters(  241): int32_t qcamera::QCameraParameters::initDefaultParameters(): i 1 removePreviewSize  2, 3840 x 2160
D/QCameraParameters(  241): int32_t qcamera::QCameraParameters::initDefaultParameters(): supported preview sizes: 1920x1080,1440x1080,1280x960,1280x720,768x432,720x480,640x480,576x432,384x288,352x288,320x240
D/QCameraParameters(  241): int32_t qcamera::QCameraParameters::initDefaultParameters(): set default_preview_size to 5, 1280 x 720
D/QCameraParameters(  241): int32_t qcamera::QCameraParameters::initDefaultParameters(): i 0 removeVideoSize  1, 4096 x 2160
D/QCameraParameters(  241): int32_t qcamera::QCameraParameters::initDefaultParameters(): i 1 removeVideoSize  2, 3840 x 2160
D/QCameraParameters(  241): int32_t qcamera::QCameraParameters::initDefaultParameters(): supported video sizes: 1920x1080,1440x1080,1280x720,864x480,800x480,720x480,640x480,480x320,384x288,352x288,320x240,176x144
D/QCameraParameters(  241): int32_t qcamera::QCameraParameters::initDefaultParameters(): supported pic sizes: 4208x3120,4160x3120,4160x2340,4000x3000,4096x2160,3200x2400,3200x1800,2592x1944,2048x1536,1920x1080,1600x1200,1280x768,1280x720,1024x768,800x600,800x480,720x480,640x480,352x288,320x240,176x144
D/QCameraParameters(  241): int32_t qcamera::QCameraParameters::initDefaultParameters(): supported fps ranges: (7500,30000),(8000,30000)
E/QCameraParameters(  241): int32_t qcamera::QCameraParameters::setPreviewFpsRange(int, int): Setting preview fps range 7500,30000
D/QCameraParameters(  241): int32_t qcamera::QCameraParameters::initDefaultParameters(): supported fps rates: 8,9,10,11,12,13,14,15,16,17,18,19,20,21,22,23,24,25,26,27,28,29,30
D/QCameraParameters(  241): int32_t qcamera::QCameraParameters::setFocusMode(const char*): Setting focus mode auto
E/mm-camera(  255): mct_pipeline_process_set:command=800000e
D/QCameraParameters(  241): int32_t qcamera::QCameraParameters::setSceneMode(const char*): Setting SceneMode auto m_nSceneMode 0
E/QCameraParameters(  241): int32_t qcamera::QCameraParameters::setInitExpIndex(int): set init aec luma 150
D/QCameraParameters(  241): int32_t qcamera::QCameraParameters::setAEBracket(const char*), EXP_BRACKETING_OFF
D/QCameraParameters(  241): int32_t qcamera::QCameraParameters::setDISValue(const char*): Setting DIS value disable
E/mm-camera(  255): mct_pipeline_process_set:command=800000e
D/QCameraParameters(  241): int32_t qcamera::QCameraParameters::setNumOfSnapshot(): nBurstNum = 1, nExpnum = 1
E/Thermal-Lib(  241): Thermal-Lib-Client: thermal_client_register_callback: Client Registration failed
E/Thermal-Lib(  241): Thermal-Lib-Client: thermal_client_register_callback: Client Registration failed
E/Thermal-Lib(  241): Thermal-Lib-Client: thermal_client_register_callback: Client Registration failed
E/Thermal-Lib(  241): Thermal-Lib-Client: thermal_client_register_callback: Client Registration failed
E/QCamera2HWI(  241): [KPI Perf] static int qcamera::QCamera2HardwareInterface::start_preview(camera_device*): E PROFILE_START_PREVIEW
D/MirrorProcess(  241): MirrorContext constructor (0x0)
D/QCamera2HWI(  241): uint8_t qcamera::QCamera2HardwareInterface::getBufNumRequired(cam_stream_type_t): Allocating 7 buffers for streamtype 7
D/QCamera2HWI(  241): uint8_t qcamera::QCamera2HardwareInterface::getBufNumRequired(cam_stream_type_t): Allocating 7 buffers for streamtype 7
E/mm-camera(  255): mct_pipeline_process_set:command=800000a
E/mm-camera(  255): mct_pipeline_process_set:command=8000012
E/mm-camera(  255): mct_pipeline_add_stream_to_linked_streams: linked streams: 0x80
E/mm-camera(  255): mct_stream_start_link: Starting meta stream linking: do nothing 
E/mm-camera-intf(  241): mm_stream_get_v4l2_fmt: Unknown fmt=78
E/mm-camera(  255): mct_pipeline_process_set:command=8000004
D/QCamera2HWI(  241): uint8_t qcamera::QCamera2HardwareInterface::getBufNumRequired(cam_stream_type_t): Allocating 8 buffers for streamtype 1
D/QCamera2HWI(  241): virtual qcamera::QCameraHeapMemory* qcamera::QCamera2HardwareInterface::allocateStreamInfoBuf(cam_stream_type_t): EIS type=0
D/QCamera2HWI(  241): uint8_t qcamera::QCamera2HardwareInterface::getBufNumRequired(cam_stream_type_t): Allocating 8 buffers for streamtype 1
E/mm-camera(  255): mct_pipeline_process_set:command=800000a
E/mm-camera(  255): mct_pipeline_process_set:command=8000012
E/mm-camera(  255): mct_pipeline_add_stream_to_linked_streams: linked streams: 0x82
E/mm-camera(  255): mct_stream_start_link: Starting preview/postview stream linking 
E/mm-camera-sensor(  255): port_sensor_caps_reserve:134 ide 10002 stream type 1 w*h 1920*1080
E/mm-camera-sensor(  255): port_sensor_ext_link_func:208 ide 10002
E/mm-camera(  255): isp_util_find_matched_existing_src_port#171: X
E/mm-camera(  255): c2d_port_check_caps_reserve:77, identity=0x10002
E/mm-camera(  255): c2d_port_check_caps_reserve:143, identity=0x10002, reserved
E/mm-camera(  255): c2d_module_notify_add_stream:1174, info: success, identity=0x10002
E/mm-camera(  255): c2d_port_check_caps_reserve:77, identity=0x10002
E/mm-camera(  255): c2d_port_check_caps_reserve:143, identity=0x10002, reserved
E/mm-camera(  255): module_afs_client_create:202]
E/mm-camera(  255): module_faceproc_client_create:972] Face proc feature mask e 0
E/mm-camera(  255): is_port_check_caps_reserve: Enter
E/mm-camera(  255): is_port_check_caps_reserve: port state = 1, identity = 0x10002, stream_type = 1
E/mm-camera(  255): is_port_ext_link: Enter
E/mm-camera(  255): is_port_ext_link: IS_PORT_STATE_CREATED
E/mm-camera(  255): is_port_ext_link: rc=1
E/mm-camera-sensor(  255): module_sensor_event_control_set_parm:1824 CAM_INTF_PARM_LED_MODE 0 
E/mm-camera-sensor(  255): 
E/mm-camera(  255): mct_pipeline_process_set:command=8000004
D/QCamera2HWI(  241): int qcamera::QCamera2HardwareInterface::startPreview(): E
E/mm-camera-intf(  241): mm_stream_request_buf: buf_num = 7, stream type = 7
E/mm-camera(  255): mct_pipeline_process_set:command=8000008
E/mm-camera(  255): mct_pipeline_process_set: stream_type = 7
E/QCameraParameters(  241): int qcamera::QCameraParameters::getPreviewHalPixelFormat() const: format 17
D/QCameraHWI_Mem(  241): virtual int qcamera::QCameraGrallocMemory::allocate(int, int): usage = 1073872896, geometry: 0xb1831170, 1920, 1080, 1920, 1080, 17
E/mm-camera-intf(  241): mm_stream_request_buf: buf_num = 8, stream type = 1
E/mm-camera(  255): mct_pipeline_process_set:command=8000008
E/mm-camera(  255): mct_pipeline_process_set: stream_type = 1
E/mm-camera-sensor(  255): module_sensor_stream_on:985 ide 10002 SENSOR_START_STREAM
E/mm-camera-sensor(  255): module_sensor_is_ready_for_stream_on:680 any bundle started 0
E/mm-camera-sensor(  255): module_sensor_is_ready_for_stream_on:698 s_bundle->stream_on_count 0
E/mm-camera-sensor(  255): module_sensor_is_ready_for_stream_on:699 is_bundle_started 0
E/mm-camera-sensor(  255): modules_sensor_set_new_resolution:874 SENSOR_SET_RESOLUTION 1920*1080 mask 2
E/mm-camera-sensor(  255): sensor_set_resolution:1420 width 1920, height 1080
E/mm-camera-sensor(  255): sensor_set_resolution:1422 stream mask 2 hfr mode 0 fps 30.000000
E/mm-camera-sensor(  255): sensor_pick_resolution:1185 requested aspect ratio 177
E/mm-camera-sensor(  255): sensor_pick_resolution:1187 req_asp_ratio 177
E/mm-camera-sensor(  255): sensor_pick_resolution:1303 req_asp_ratio 177 sup_asp_ratio 134
E/mm-camera-sensor(  255): sensor_pick_resolution:1307 fabs 43
E/mm-camera-sensor(  255): sensor_pick_resolution:1320 pick res 0
E/mm-camera-sensor(  255): sensor_pick_resolution:1303 req_asp_ratio 177 sup_asp_ratio 134
E/mm-camera-sensor(  255): sensor_pick_resolution:1307 fabs 43
E/mm-camera-sensor(  255): sensor_pick_resolution:1320 pick res 1
E/mm-camera-sensor(  255): sensor_set_resolution:1485 cur res 8 new res 1
E/mm-camera(  255): decide_isp_nums_camif: num_isp = 1
E/mm-camera(  255): port_isp_module_event: E, identity = 0x10002, IFACE_SET_STREAM_CONFIG
E/mm-camera(  255): isp_sink_port_stream_config: E, session_id = 1, stream_id = 2, stream_type = 1
E/mm-camera(  255): isp_sink_port_stream_config: session_id = 1, stream_id = 2, is_split = 0
E/mm-camera(  255): isp_sink_port_stream_config: old vfe_id_mask = 0x0, new vfe_id_mask = 0x1
E/mm-camera(  255): afd_set_parameters: param=0xb3fd007c afd_obj =0xb6339000, type =3
E/mm-camera-sensor(  255): module_sensor_stream_on:1310 chromatix name libchromatix_imx214_preview_binning.so
E/mm-camera-sensor(  255): eeprom_process:819 e_ctrl->eeprom_lib.func_tbl =0xb68a9004
E/mm-camera-sensor(  255): sony_imx214_eeprom_read_wbdata_groups:126 Total bytes in OTP buffer: 279
E/mm-camera-sensor(  255): sony_imx214_eeprom_read_wbdata_groups:145 OTP AWB data not present for LightType[3].
E/mm-camera-sensor(  255): sony_imx214_eeprom_read_wbdata_groups:126 Total bytes in OTP buffer: 279
E/mm-camera-sensor(  255): sony_imx214_eeprom_read_wbdata_groups:145 OTP AWB data not present for LightType[2].
E/mm-camera-sensor(  255): sony_imx214_eeprom_read_wbdata_groups:126 Total bytes in OTP buffer: 279
E/mm-camera(  255): afd_set_parameters: param=0xb3fd00b4 afd_obj =0xb6339000, type =1
E/mm-camera(  255): afd_set_parameters: param=0xb3fd00ec afd_obj =0xb6339000, type =5
E/mm-camera-CORE(  255): afd_process_pack_output: afd_enable 0, monitor 0, flicker 0, freq 50, afd_state 0, afd_atb 2
E/mm-camera(  255): afd_set_parameters: param=0xb3fd0124 afd_obj =0xb6339000, type =0
E/mm-camera(  255): afd_set_parameters: param=0xb3fd007c afd_obj =0xb6339000, type =0
E/mm-camera(  255): afd_set_parameters: param=0xb3fd00b4 afd_obj =0xb6339000, type =0
E/mm-camera(  255): afd_set_parameters: param=0xb3fd015c afd_obj =0xb6339000, type =0
E/mm-camera(  255): afd_set_parameters: param=0xb3fd0194 afd_obj =0xb6339000, type =0
E/mm-camera(  255): afd_set_parameters: param=0xb3fd01cc afd_obj =0xb6339000, type =0
E/mm-camera(  255): afd_set_parameters: param=0xb3fd0204 afd_obj =0xb6339000, type =0
E/mm-camera(  255): afd_set_parameters: param=0xb3fd023c afd_obj =0xb6339000, type =0
E/mm-camera(  255): afd_set_parameters: param=0xb3fd0274 afd_obj =0xb6339000, type =0
E/mm-camera(  255): afd_set_parameters: param=0xb3fd02ac afd_obj =0xb6339000, type =0
E/mm-camera(  255): afd_set_parameters: param=0xb3fd02e4 afd_obj =0xb6339000, type =0
E/mm-camera(  255): afd_set_parameters: param=0xb3fd031c afd_obj =0xb6339000, type =0
E/mm-camera(  255): isp_tintless_config: tint_correction_strength updated to 4
E/mm-camera(  255): afd_set_parameters: param=0xb3fd0354 afd_obj =0xb6339000, type =0
E/mm-camera(  255): isp_tintless_update_chromatix_params: lib returned config err=0
E/mm-camera(  255): afd_set_parameters: param=0xb3fd038c afd_obj =0xb6339000, type =0
E/mm-camera(  255): afd_set_parameters: param=0xb3fd03c4 afd_obj =0xb6339000, type =0
E/mm-camera(  255): afd_set_parameters: param=0xb3fd03fc afd_obj =0xb6339000, type =0
E/mm-camera(  255): afd_set_parameters: param=0xb3fd0434 afd_obj =0xb6339000, type =0
E/mm-camera(  255): afd_set_parameters: param=0xb3fd007c afd_obj =0xb6339000, type =5
E/mm-camera-CORE(  255): afd_process_pack_output: afd_enable 0, monitor 0, flicker 0, freq 50, afd_state 0, afd_atb 2
E/mm-camera(  255): afd_set_parameters: param=0xb3fd00b4 afd_obj =0xb6339000, type =0
E/mm-camera(  255): afd_set_parameters: param=0xb3fd00ec afd_obj =0xb6339000, type =0
E/mm-camera(  255): afd_set_parameters: param=0xb3fd0124 afd_obj =0xb6339000, type =0
E/mm-camera(  255): afd_set_parameters: param=0xb3fd015c afd_obj =0xb6339000, type =0
E/mm-camera(  255): afd_set_parameters: param=0xb3fd0194 afd_obj =0xb6339000, type =0
E/mm-camera(  255): afd_set_parameters: param=0xb3fd01cc afd_obj =0xb6339000, type =0
E/mm-camera(  255): afd_set_parameters: param=0xb3fd0204 afd_obj =0xb6339000, type =0
E/mm-camera(  255): afd_set_parameters: param=0xb3fd023c afd_obj =0xb6339000, type =0
E/mm-camera(  255): afd_set_parameters: param=0xb3fd0274 afd_obj =0xb6339000, type =0
E/mm-camera(  255): port_isp_mct_ctrl_cmd: E, identity = 0x10002, STREAMON
E/mm-camera(  255): afd_set_parameters: param=0xb3fd02ac afd_obj =0xb6339000, type =0
E/mm-camera(  255): afd_set_parameters: param=0xb3fd02e4 afd_obj =0xb6339000, type =0
E/mm-camera(  255): afd_set_parameters: param=0xb3fd031c afd_obj =0xb6339000, type =0
E/mm-camera(  255): afd_set_parameters: param=0xb3fd0354 afd_obj =0xb6339000, type =0
E/mm-camera(  255): afd_set_parameters: param=0xb3fd038c afd_obj =0xb6339000, type =0
E/mm-camera(  255): afd_set_parameters: param=0xb3fd03c4 afd_obj =0xb6339000, type =0
E/mm-camera(  255): afd_set_parameters: param=0xb3fd007c afd_obj =0xb6339000, type =0
E/mm-camera(  255): afd_set_parameters: param=0xb3fd00b4 afd_obj =0xb6339000, type =0
E/mm-camera(  255): is_port_handle_stream_event: MCT_EVENT_CONTROL_STREAMON, identity = 0x10002
E/mm-camera(  255): module_afs_port_event_func:522] AFS_STREAMON 10002
E/mm-camera-img(  255): Face Album FILE EXISTS
E/mm-camera(  255): c2d_module_handle_streamon_event:1223, identity=0x10002, stream-on done
E/AEC_PORT(  255): ddd exp 0.001778 iso 100
E/AEC_PORT(  255): #### aec_port_get_aec_data runs
E/mm-camera(  255): isp_streamon: E, session_id = 1, stream_id = 2, active_count = 0 flash=FALSE
E/mm-camera(  255): isp_proc_streamon: E, session_id = 1, stream_id = 2, stream_type = 1
E/mm-camera(  255): isp_ch_util_sync_stream_cfg_to_channel: cannot find channel, Adding new channel for stream id 2
E/mm-camera(  255): isp_add_meta_channel: no meta data, session_id = 1, stream_id = 2
E/mm-camera(  255): isp_validate_buf_request: total 8 current buffer count 8 for stream 2
E/mm-camera(  255): isp_fmt_to_pix_pattern: format 30
E/mm-camera(  255): isp_axi_stream_set_skip_pattern: cannot find stream, session_id = 0, stream_id = 0
E/mm-camera(  255): is_port_event: MCT_EVENT_MODULE_ISP_OUTPUT_DIM id = 10002, steam_type = 1, w = 1920, h = 1080
E/mm-camera(  255): module_afs_port_event_func:689] MCT_EVENT_MODULE_ISP_OUTPUT_DIM 1920x1080
E/mm-camera(  255): isp_hw_action: first start, hw thread for streamon/ack
E/mm-camera(  255): isp_thread_proc_cmd: start/stop, thread_data = 0xb3d0cba4, action_code = 0
E/mm-camera(  255): isp_fmt_to_pix_pattern: format 30
E/mm-camera(  255): isp_tintless_config: cfg: 10x13 mesh, 8x8 subgrid, subgrid sz 22x22
E/mm-camera(  255): isp_tintless_mesh_config: lib returned mesh config err=0
E/mm-camera(  255): color_xform_config_601_to_601 for stream Encoder
E/mm-camera(  255): color_xform_config_601_to_601 for stream Viewfinder
E/mm-camera(  255): linearization_set_params: param_id is not supported in this module
E/mm-camera(  255): mesh_rolloff_set_params: param_id is not supported in this module
E/mm-camera(  255): wb_set_params: param_id is not supported in this module
E/mm-camera(  255): demosaic_set_params: param_id 7, is not supported in this module
E/mm-camera(  255): demux_set_params: param_id 7, is not supported in this module
E/mm-camera(  255): color_correct_set_effect: saturation level = 1.000000, asd_saturae_adjust = 1.000000
E/mm-camera(  255): mce_set_params: param_id is not supported in this module
E/mm-camera(  255): sce_set_params: param_id is not supported in this module
E/mm-camera(  255): la_hist_trigger_update: luma target from AEC = 0! use default LA curve
E/mm-camera(  255): isp_tintless_stat_config: pointer okay 
E/mm-camera(  255): isp_tintless_config: cfg: camif 2104x1560, elem sz 64x64, elems 24x32
E/mm-camera(  255): isp_tintless_stat_config: lib returned config err=0
E/mm-camera(  255): isp_fmt_to_pix_pattern: format 30
E/mm-camera(  255): isp_ch_util_streamon: session_id = 1, vfe_mask = 0x1, async streamon, rc = 0
E/mm-camera(  255): isp_hw_action: hw_thread for ack
E/mm-camera(  255): stats_action_buf_config: cfg = 1, stats_mask = 0x7b8
E/mm-camera(  255): isp_validate_buf_request: total 4 current buffer count 4 for stream -2147418109
E/mm-camera(  255): isp_validate_buf_request: total 4 current buffer count 4 for stream -2147418108
E/mm-camera(  255): isp_validate_buf_request: total 4 current buffer count 4 for stream -2147418107
E/mm-camera(  255): isp_validate_buf_request: total 4 current buffer count 4 for stream -2147418105
E/mm-camera(  255): isp_validate_buf_request: total 4 current buffer count 4 for stream -2147418104
E/mm-camera(  255): isp_validate_buf_request: total 4 current buffer count 4 for stream -2147418103
E/mm-camera(  255): isp_validate_buf_request: total 4 current buffer count 4 for stream -2147418102
E/mm-camera(  255): stats_action: stats mask = 0x7b8
E/mm-camera(  255): isp_axi_util_subscribe_v4l2_event: event_type = 0x8000100, is_subscribe = 1
E/mm-camera(  255): isp_ch_util_streamon: session_id = 1, sync ack done
E/mm-camera(  255): isp_thread_proc_cmd: start/stop ack done, thread_data = 0xb3d0cba4, action_code = 1, rc = 0
E/mm-camera(  255): isp_streamon: X, session_id = 1, rc = 0
E/mm-camera(  255): port_isp_send_streamon_done_event_downstream: notify stream done downstream
E/mm-camera(  255): port_isp_mct_ctrl_cmd: X, identity = 0x10002, STREAMON, ret = 0
E/mm-camera(  255): ispif_proc_streamon: ispif_hw_reset done
E/mm-camera(  255): stream id 2, stream num_meta 0
E/mm-camera(  255): ispif_streamon: session_id = 1, active_streams = 1
E/mm-camera-sensor(  255): sensor_set_aec_init_settings:before real_gain 1.000000, linecount 86
E/mm-camera-sensor(  255): sensor_set_aec_init_settings:after real_gain 1.000000, linecount 86
E/mm-camera-sensor(  255): module_sensor_stream_on:1202 ide 10002 SENSOR_START_STREAM
E/mm-camera-sensor(  255): module_sensor_stream_on: Sending start bus message
E/mm-camera(  255): start_sof_check_thread: Starting SOF timeout thread
E/mm-camera(  255): mct_bus_sof_thread_run: thread_run = 1
D/QCamera2HWI(  241): int qcamera::QCamera2HardwareInterface::startPreview(): X
D/QCamera2HWI(  241): [KPI Perf] static int qcamera::QCamera2HardwareInterface::start_preview(camera_device*): X
W/CardboardView(31910): Surface size 1920x1005 does not match the expected screen size 1920x1080. Rendering is disabled.
I/MainActivity(31910): onSurfaceChanged
I/MainActivity(31910): onSurfaceChanged
V/WindowManager(  756): Layouts looping: On entry to LockedInner, mPendingLayoutChanges = 0x1
V/WindowManager(  756): Layouts looping: loop number 4, mPendingLayoutChanges = 0x0
V/WindowManager(  756): Layouts looping: after finishPostLayoutPolicyLw, mPendingLayoutChanges = 0x0
V/WindowManager(  756): Layouts looping: mLayoutNeeded, mPendingLayoutChanges = 0x1
V/WindowManager(  756): Layouts looping: On entry to LockedInner, mPendingLayoutChanges = 0x1
V/WindowManager(  756): Layouts looping: loop number 5, mPendingLayoutChanges = 0x0
V/WindowManager(  756): Layouts looping: after finishPostLayoutPolicyLw, mPendingLayoutChanges = 0x0
V/WindowManager(  756): Layouts looping: mLayoutNeeded, mPendingLayoutChanges = 0x1
E/WindowManager(  756): Performed 6 layouts in a row. Skipping
D/CameraService(31910): Entering reading loop.
W/Adreno-ES20(31910): <core_glActiveTexture:348>: GL_INVALID_ENUM
I/ActivityManager(  756): Displayed com.sveder.cardboardpassthrough/.MainActivity: +523ms
I/Timeline(  756): Timeline: Activity_windows_visible id: ActivityRecord{1f70a602 u0 com.sveder.cardboardpassthrough/.MainActivity t4978} time:42159277
D/CameraService(31910): Image received!640
E/mm-camera(  255): la_hist_trigger_update: luma target from AEC = 0! use default LA curve
E/AndroidRuntime(31910): FATAL EXCEPTION: Thread-2656
E/AndroidRuntime(31910): Process: com.sveder.cardboardpassthrough, PID: 31910
E/AndroidRuntime(31910): android.view.ViewRootImpl$CalledFromWrongThreadException: Only the original thread that created a view hierarchy can touch its views.
E/AndroidRuntime(31910): 	at android.view.ViewRootImpl.checkThread(ViewRootImpl.java:6363)
E/AndroidRuntime(31910): 	at android.view.ViewRootImpl.invalidateChildInParent(ViewRootImpl.java:909)
E/AndroidRuntime(31910): 	at android.view.ViewGroup.invalidateChild(ViewGroup.java:4691)
E/AndroidRuntime(31910): 	at android.view.View.invalidateInternal(View.java:11810)
E/AndroidRuntime(31910): 	at android.view.View.invalidate(View.java:11774)
E/AndroidRuntime(31910): 	at android.view.View.invalidate(View.java:11758)
E/AndroidRuntime(31910): 	at android.widget.ImageView.invalidateDrawable(ImageView.java:231)
E/AndroidRuntime(31910): 	at android.graphics.drawable.Drawable.invalidateSelf(Drawable.java:368)
E/AndroidRuntime(31910): 	at android.graphics.drawable.BitmapDrawable.setColorFilter(BitmapDrawable.java:628)
E/AndroidRuntime(31910): 	at android.widget.ImageView.applyColorMod(ImageView.java:1358)
E/AndroidRuntime(31910): 	at android.widget.ImageView.updateDrawable(ImageView.java:828)
E/AndroidRuntime(31910): 	at android.widget.ImageView.setImageDrawable(ImageView.java:451)
E/AndroidRuntime(31910): 	at android.widget.ImageView.setImageBitmap(ImageView.java:548)
E/AndroidRuntime(31910): 	at com.sveder.cardboardpassthrough.CardboardOverlayView.onImage(CardboardOverlayView.java:87)
E/AndroidRuntime(31910): 	at com.sveder.cardboardpassthrough.CameraService$1.run(CameraService.java:79)
W/ActivityManager(  756):   Force finishing activity 1 com.sveder.cardboardpassthrough/.MainActivity
I/WindowManager(  756): Screen frozen for +542ms due to Window{1b47be80 u0 Starting com.sveder.cardboardpassthrough}
E/mm-camera(  255): la_hist_trigger_update: luma target from AEC = 0! use default LA curve
E/mm-camera(  255): afd_set_parameters: param=0xb3fd02ac afd_obj =0xb6339000, type =2
E/QCamera2HWI(  241): [KPI Perf] static void qcamera::QCamera2HardwareInterface::preview_stream_cb_routine(mm_camera_super_buf_t*, qcamera::QCameraStream*, void*) : PROFILE_FIRST_PREVIEW_FRAME
E/mm-camera(  255): q3a_port_send_event_downstream: AEC event handler returned failure!
D/QCameraParameters(  241): update current cct value. old:-1, now:0
D/QCameraParameters(  241): update current cct value. old:0, now:4100
E/mm-camera(  255): afd_set_parameters: param=0xb3fd02e4 afd_obj =0xb6339000, type =2
E/mm-camera(  255): afd_set_parameters: param=0xb3fd031c afd_obj =0xb6339000, type =2
E/mm-camera(  255): afd_set_parameters: param=0xb3fd0354 afd_obj =0xb6339000, type =2
I/Icing   ( 1990): Indexing 8DDAAE78A3C6487CC479C1BECEB6447E196CF7FE from com.google.android.googlequicksearchbox
D/QCameraParameters(  241): update current cct value. old:4100, now:5617
E/mm-camera(  255): afd_set_parameters: param=0xb3fd0204 afd_obj =0xb6339000, type =2
E/mm-camera(  255): afd_set_parameters: param=0xb3fd02ac afd_obj =0xb6339000, type =2
D/QCameraParameters(  241): update current cct value. old:5617, now:5352
E/mm-camera(  255): afd_set_parameters: param=0xb3fd0434 afd_obj =0xb6339000, type =2
E/mm-camera(  255): afd_set_parameters: param=0xb3fd046c afd_obj =0xb6339000, type =2
I/WindowManager(  756): Screenshot max retries 4 of Token{1d177b13 ActivityRecord{1f70a602 u0 com.sveder.cardboardpassthrough/.MainActivity t4978 f}} appWin=Window{5e0242d u0 com.sveder.cardboardpassthrough/com.sveder.cardboardpassthrough.MainActivity} drawState=4
W/ResourceType(  756): For resource 0x010301f2, entry index(498) is beyond type entryCount(9)
W/BroadcastQueue(  756): Skipping deliver [background] BroadcastRecord{3e779d09 u0 CameraService.NEW_EULER_ANGLES} to ReceiverList{1107fef3 31910 com.sveder.cardboardpassthrough/10118/u0 remote:33434d62}: process crashing
D/LogFetchServiceManager( 3038): Received entry added
E/mm-camera(  255): afd_set_parameters: param=0xb3fd0204 afd_obj =0xb6339000, type =2
E/qdoverlay(  230): Bad ov dump:  mdp_overlay z=0 fg=0 alpha=255 mask=-1 flags=0x220000 id=8
E/qdoverlay(  230): src msmfb_img w=1152 h=1920 format=13 MDP_RGBA_8888
E/qdoverlay(  230): src_rect mdp_rect x=0 y=0 w=0 h=0
E/qdoverlay(  230): dst_rect mdp_rect x=0 y=0 w=0 h=0
I/OpenGLRenderer(  756): Initialized EGL, version 1.4
E/mm-camera(  255): afd_set_parameters: param=0xb3fd023c afd_obj =0xb6339000, type =2
I/Icing   ( 1990): Indexing done 8DDAAE78A3C6487CC479C1BECEB6447E196CF7FE
W/ResourceType( 1617): For resource 0x01030224, entry index(548) is beyond type entryCount(9)
W/ResourceType( 1617): For resource 0x01030224, entry index(548) is beyond type entryCount(9)
W/Launcher( 1617): setApplicationContext called twice! old=com.google.android.velvet.VelvetApplication@18bd4da6 new=com.google.android.velvet.VelvetApplication@18bd4da6
E/mm-camera(  255): afd_set_parameters: param=0xb3fd0274 afd_obj =0xb6339000, type =2
V/ActivityManager(  756): Display changed displayId=0
I/InputReader(  756): Reconfiguring input devices.  changes=0x00000004
I/InputReader(  756): Device reconfigured: id=5, name='synaptics-rmi-ts', size 1080x1920, orientation 0, mode 1, display id 0
I/InputReader(  756): Reconfiguring input devices.  changes=0x00000004
I/ActivityManager(  756): Config changes=480 {1.0 724mcc10mnc pt_BR ?layoutDir sw360dp w360dp h615dp 480dpi nrml long port finger -keyb/v/h -nav/h s.129 themeResource=null}
E/mm-camera(  255): afd_set_parameters: param=0xb3fd0354 afd_obj =0xb6339000, type =2
E/mm-camera(  255): afd_set_parameters: param=0xb3fd02e4 afd_obj =0xb6339000, type =2
W/ResourceType( 1617): For resource 0x01030224, entry index(548) is beyond type entryCount(9)
W/ResourceType( 1617): For resource 0x01030224, entry index(548) is beyond type entryCount(9)
E/mm-camera(  255): afd_set_parameters: param=0xb3fd031c afd_obj =0xb6339000, type =2
I/GEL     ( 1617): handleIntent(Intent { act=android.intent.action.MAIN cat=[android.intent.category.HOME] flg=0x10000000 cmp=com.google.android.googlequicksearchbox/com.google.android.launcher.GEL })
V/WindowManager(  756): Adding window Window{3d24a470 u0 com.google.android.googlequicksearchbox/com.google.android.launcher.GEL} at 11 of 16 (after Window{1810f69e u0 com.android.systemui/com.android.systemui.recents.RecentsActivity})
E/mm-camera(  255): afd_set_parameters: param=0xb3fd046c afd_obj =0xb6339000, type =2
W/SearchServiceClient( 1617): Attempt to handover from detached client
W/ResourceType( 1617): For resource 0x01030224, entry index(548) is beyond type entryCount(9)
W/ResourceType( 1617): For resource 0x01030224, entry index(548) is beyond type entryCount(9)
W/Launcher( 1617): setApplicationContext called twice! old=com.google.android.velvet.VelvetApplication@18bd4da6 new=com.google.android.velvet.VelvetApplication@18bd4da6
E/mm-camera(  255): afd_set_parameters: param=0xb3fd0514 afd_obj =0xb6339000, type =2
E/mm-camera(  255): afd_set_parameters: param=0xb3fd02ac afd_obj =0xb6339000, type =2
W/ResourceType( 1617): For resource 0x01030224, entry index(548) is beyond type entryCount(9)
W/ResourceType( 1617): For resource 0x01030224, entry index(548) is beyond type entryCount(9)
I/GEL     ( 1617): handleIntent(Intent { act=android.intent.action.MAIN cat=[android.intent.category.HOME] flg=0x10000000 cmp=com.google.android.googlequicksearchbox/com.google.android.launcher.GEL })
V/WindowManager(  756): Adding window Window{1dc6ae7e u0 com.google.android.googlequicksearchbox/com.google.android.launcher.GEL} at 11 of 16 (after Window{1810f69e u0 com.android.systemui/com.android.systemui.recents.RecentsActivity})
E/mm-camera(  255): afd_set_parameters: param=0xb3fd02e4 afd_obj =0xb6339000, type =2
E/mm-camera(  255): afd_set_parameters: param=0xb3fd0354 afd_obj =0xb6339000, type =2
I/Timeline(  756): Timeline: Activity_windows_visible id: ActivityRecord{3dc8e5b5 u0 com.google.android.googlequicksearchbox/com.google.android.launcher.GEL t4876} time:42160220
I/MainActivity(31910): onRendererShutdown
E/mm-camera(  255): afd_set_parameters: param=0xb3fd03c4 afd_obj =0xb6339000, type =2
V/GLSActivity( 1802): AuthDelegateWrapperCreated with selected intent: Intent { cmp=com.google.android.gms/.auth.DefaultAuthDelegateService }
W/LocationOracle( 5373): Best location was null
E/mm-camera(  255): afd_set_parameters: param=0xb3fd023c afd_obj =0xb6339000, type =2
E/mm-camera(  255): afd_set_parameters: param=0xb3fd02ac afd_obj =0xb6339000, type =2
I/WindowManager(  756): Screen frozen for +567ms due to Window{2dc3d915 u0 com.android.systemui.ImageWallpaper}
I/Timeline( 1617): Timeline: Activity_idle id: android.os.BinderProxy@34fe4749 time:42160357
I/Timeline( 1617): Timeline: Activity_idle id: android.os.BinderProxy@34fe4749 time:42160358
E/mm-camera(  255): afd_set_parameters: param=0xb3fd038c afd_obj =0xb6339000, type =2
E/mm-camera(  255): afd_set_parameters: param=0xb3fd0434 afd_obj =0xb6339000, type =2
E/mm-camera(  255): afd_set_parameters: param=0xb3fd023c afd_obj =0xb6339000, type =2
E/mm-camera(  255): afd_set_parameters: param=0xb3fd0274 afd_obj =0xb6339000, type =2
E/mm-camera(  255): afd_set_parameters: param=0xb3fd03c4 afd_obj =0xb6339000, type =2
E/mm-camera(  255): afd_set_parameters: param=0xb3fd046c afd_obj =0xb6339000, type =2
E/mm-camera(  255): afd_set_parameters: param=0xb3fd023c afd_obj =0xb6339000, type =2
W/ResourceType(16676): No package identifier when getting value for resource number 0x00000000
W/PackageManager(16676): Failure retrieving resources for com.sveder.cardboardpassthrough: Resource ID #0x0
E/mm-camera(  255): afd_set_parameters: param=0xb3fd02e4 afd_obj =0xb6339000, type =2
E/mm-camera(  255): afd_set_parameters: param=0xb3fd0354 afd_obj =0xb6339000, type =2
E/mm-camera(  255): afd_set_parameters: param=0xb3fd0434 afd_obj =0xb6339000, type =2
E/mm-camera(  255): afd_set_parameters: param=0xb3fd023c afd_obj =0xb6339000, type =2
E/mm-camera(  255): afd_set_parameters: param=0xb3fd02ac afd_obj =0xb6339000, type =2
E/mm-camera(  255): afd_set_parameters: param=0xb3fd038c afd_obj =0xb6339000, type =2
E/mm-camera(  255): afd_set_parameters: param=0xb3fd046c afd_obj =0xb6339000, type =2
W/ctxmgr  ( 2159): [PowerConnectionState]Got same value as before for power connection (Plug state: 2 BatteryLevel: 0.57)
E/mm-camera(  255): afd_set_parameters: param=0xb3fd023c afd_obj =0xb6339000, type =2
E/mm-camera(  255): afd_set_parameters: param=0xb3fd0274 afd_obj =0xb6339000, type =2
E/mm-camera(  255): afd_set_parameters: param=0xb3fd03c4 afd_obj =0xb6339000, type =2
E/mm-camera(  255): afd_set_parameters: param=0xb3fd0434 afd_obj =0xb6339000, type =2
E/mm-camera(  255): afd_set_parameters: param=0xb3fd023c afd_obj =0xb6339000, type =2
E/mm-camera(  255): afd_set_parameters: param=0xb3fd02e4 afd_obj =0xb6339000, type =2
E/mm-camera(  255): afd_set_parameters: param=0xb3fd0354 afd_obj =0xb6339000, type =2
I/Process (31910): Sending signal. PID: 31910 SIG: 9
E/mm-camera(  255): afd_set_parameters: param=0xb3fd046c afd_obj =0xb6339000, type =2
W/CameraService(  241): Disconnecting camera client 0xb13b1930 since the binder for it died (this pid 241)
E/QCamera2HWI(  241): [KPI Perf] static void qcamera::QCamera2HardwareInterface::stop_preview(camera_device*): E PROFILE_STOP_PREVIEW
D/QCamera2HWI(  241): int qcamera::QCamera2HardwareInterface::stopPreview(): E
E/Surface (  241): queueBuffer: error queuing buffer to SurfaceTexture, -32
E/QCameraHWI_Mem(  241): int qcamera::QCameraGrallocMemory::displayBuffer(int): enqueue_buffer failed, err = -32
D/QCameraHWI_Mem(  241): int qcamera::QCameraGrallocMemory::displayBuffer(int): dequeue_buffer, no free buffer from display now
D/QCamera2HWI(  241): static void qcamera::QCamera2HardwareInterface::preview_stream_cb_routine(mm_camera_super_buf_t*, qcamera::QCameraStream*, void*): Invalid dequeued buffer index -75 from display
E/mm-camera(  255): mct_pipeline_process_set:command=8000009
E/mm-camera(  255): mct_pipeline_process_set: stream_type = 1
E/mm-camera-sensor(  255): module_sensor_module_process_event:2343 ide 10002 MCT_EVENT_CONTROL_STREAMOFF
E/mm-camera(  255): port_isp_mct_ctrl_cmd: E, identity = 0x10002, STREAMOFF
E/mm-camera(  255): is_port_handle_stream_event: MCT_EVENT_CONTROL_STREAMOFF, identity = 0x10002
E/mm-camera(  255): c2d_module_handle_streamoff_event:1269, info: doing stream-off for identity 0x10002
E/mm-camera(  255): module_afs_port_event_func:533] AFS_STREAOFF 10002
E/mm-camera(  255): c2d_module_handle_streamoff_event:1388, info: stream-off done for identity 0x10002
E/mm-camera(  255): cpp_module_handle_streamoff_event:1976] iden:0x10002, linked_params:0x0
E/mm-camera(  255): cpp_hardware_process_streamoff:498] skip_iden:0x0, duplicate_stream_status:0x0
E/mm-camera(  255): isp_streamoff: E, session_id = 1, stream_id = 2, active_count = 1
E/mm-camera(  255): isp_proc_streamoff: E,session_id = 1, stream_id= 2, stream_type= 1 meta 0
E/mm-camera(  255): isp_hw_action: last pix stop, pix_cnt = 1, cnt = 1
E/mm-camera(  255): isp_thread_proc_cmd: start/stop, thread_data = 0xb3d0cba4, action_code = 2
E/mm-camera(  255): isp_axi_util_subscribe_v4l2_event: event_type = 0x8000100, is_subscribe = 0
E/mm-camera(  255): isp_ch_util_streamoff: session_id = 1, vfe_mask = 0x1, async streamoff, rc = 0
E/mm-camera(  255): isp_hw_action: hw_thread for ack
I/MicroRecognitionRnrImpl( 5373): Starting detection.
I/MicrophoneInputStream( 5373): mic_starting com.google.android.apps.gsa.speech.audio.aa@24f9f8c5
D/audio_hw_primary(  241): adev_open_input_stream: enter: sample_rate(16000) channel_mask(0x10) devices(0x80000004)        stream_handle(0xb13b16a0) io_handle(3109) source(6)
I/AudioFlinger(  241): AudioFlinger's thread 0xacb07000 ready to run
D/audio_hw_primary(  241): in_standby: enter: stream (0xb13b16a0) usecase(7: audio-record)
D/audio_hw_primary(  241): in_standby: enter: stream (0xb13b16a0) usecase(7: audio-record)
D/audio_hw_primary(  241): in_set_parameters: enter: kvpairs=input_source=6;routing=-2147483644
I/MicrophoneInputStream( 5373): mic_started com.google.android.apps.gsa.speech.audio.aa@24f9f8c5
I/ActivityManager(  756): Process com.sveder.cardboardpassthrough (pid 31910) has died
D/audio_hw_primary(  241): start_input_stream: enter: stream(0xb13b16a0)usecase(7: audio-record)
D/audio_hw_primary(  241): select_devices: out_snd_device(0: ) in_snd_device(61: voice-rec-mic)
D/hardware_info(  241): hw_info_append_hw_type : device_name = voice-rec-mic
I/msm8974_platform(  241): platform_send_audio_calibration: sending audio calibration for snd_device(61) acdb_id(119)
D/ACDB-LOADER(  241): ACDB -> send_audio_cal, acdb_id = 119, path =  1
D/ACDB-LOADER(  241): ACDB -> send_adm_topology
D/ACDB-LOADER(  241): ACDB -> ACDB_CMD_GET_AUDPROC_COMMON_TOPOLOGY_ID
D/ACDB-LOADER(  241): ACDB -> send_asm_topology
D/ACDB-LOADER(  241): ACDB -> ACDB_CMD_GET_AUDPROC_STREAM_TOPOLOGY_ID
D/ACDB-LOADER(  241): ACDB -> send_audtable
D/ACDB-LOADER(  241): ACDB -> ACDB_CMD_GET_AUDPROC_COMMON_TABLE
D/ACDB-LOADER(  241): ACDB -> AUDIO_SET_AUDPROC_CAL
D/ACDB-LOADER(  241): ACDB -> send_audvoltable
D/ACDB-LOADER(  241): ACDB -> ACDB_CMD_GET_AUDPROC_GAIN_DEP_STEP_TABLE
D/        (  241): Failed to fetch the lookup information of the device 00000077 
E/ACDB-LOADER(  241): Error: ACDB AudProc vol returned = -19
D/ACDB-LOADER(  241): ACDB -> AUDIO_SET_AUDPROC_VOL_CAL
D/ACDB-LOADER(  241): ACDB -> AUDIO_SET_AFE_CAL
I/listen_hal_loader(  241): audio_extn_listen_update_status(): stop listen. current active device = voice-rec-mic. Event = 1
V/listen_hw(  241): listen_hw_notify_event: Enter
V/listen_hw(  241): handle_notify_event: Enter, event type = 1
V/listen_hw(  241): adsp_stop:[0xb587a900] Enter
V/listen_hw(  241): adsp_stop:[0xb587a900] Exit, status=0
I/ListenService(  241): eventCallback: Listen concurency event
V/listen_hw(  241): handle_notify_event: Exit
I/IListenReceiver( 1534): BnListenReceiver::onTransact received NOTIFY
D/(Native) ListenReceiver( 1534): notify: Audiolock mNotifyLock
D/(Native) ListenReceiver( 1534): notify: callback application
D/ListenReceiver-JNI( 1534): JNIListenReceiverListener::notify: lock mListenerLock
D/ListenReceiver-JNI( 1534): JNIListenReceiverListener::notify: data size fieldID is 0x74ae2930
D/ListenReceiver-JNI( 1534): JNIListenReceiverListener::notify() callMethod receiveEvent with mLRecvrObj=0x200aee, gEventCallbackId=0x74ae2868
D/Java ListenReceiver( 1534): receiveEvent type 9 calls processEvent
D/ListenReceiver-JNI( 1534): JNIListenReceiverListener::notify DeleteGlobalRef eventDataObj
D/ListenReceiver-JNI( 1534): JNIListenReceiverListener::notify DeleteLocalRef tmpEventDataObj
D/(Native) ListenReceiver( 1534): notify: back from callback
W/ResourceType(16676): For resource 0x01030224, entry index(548) is beyond type entryCount(9)
W/ResourceType(16676): For resource 0x01030224, entry index(548) is beyond type entryCount(9)
D/audio_hw_primary(  241): select_devices: done
E/mm-camera(  255): isp_axi_unreg_buf: session_id = 1, stream_id = 2, buf_handle = 0x1610000
E/mm-camera(  255): stats_action_buf_config: cfg = 0, stats_mask = 0x7b8
E/mm-camera(  255): isp_ch_util_streamoff: session_id = 1, sync ack done
E/mm-camera(  255): isp_thread_proc_cmd: start/stop ack done, thread_data = 0xb3d0cba4, action_code = 3, rc = 0
E/mm-camera(  255): isp_streamoff: X, session_id = 1, rc = 0
E/mm-camera(  255): port_isp_mct_ctrl_cmd: X, identity = 0x10002, STREAMOFF, ret = 0
E/mm-camera(  255): stream id 2, stream num_meta 0
E/mm-camera(  255): ispif_streamoff: session_id = 1, active_streams = 0
E/mm-camera-sensor(  255): module_sensor_is_ready_for_stream_off:779 any bundle started 0
E/mm-camera-sensor(  255): module_sensor_module_process_event:2360 ide 10002 MCT_EVENT_CONTROL_STREAMOFF
E/mm-camera-sensor(  255): module_sensor_module_process_event: Sending stop bus message
E/mm-camera(  255): stop_sof_check_thread: Stopping SOF timeout thread
E/mm-camera(  255): mct_pipeline_process_set:command=8000009
E/mm-camera(  255): mct_pipeline_process_set: stream_type = 7
D/QCameraHWI_Mem(  241): put buffer 0 successfully
D/QCameraHWI_Mem(  241): cancel_buffer: hdl =0xb1990b00
D/QCameraHWI_Mem(  241): put buffer 1 successfully
D/QCameraHWI_Mem(  241): cancel_buffer: hdl =0xb1990b50
D/QCameraHWI_Mem(  241): put buffer 2 successfully
D/QCameraHWI_Mem(  241): cancel_buffer: hdl =0xb1990bf0
D/QCameraHWI_Mem(  241): put buffer 3 successfully
D/QCameraHWI_Mem(  241): cancel_buffer: hdl =0xb1990c40
D/QCameraHWI_Mem(  241): put buffer 4 successfully
D/QCameraHWI_Mem(  241): cancel_buffer: hdl =0xb1990c90
D/QCameraHWI_Mem(  241): put buffer 5 successfully
D/QCameraHWI_Mem(  241): cancel_buffer: hdl =0xb1990d30
D/QCameraHWI_Mem(  241): put buffer 6 successfully
D/QCameraHWI_Mem(  241): put buffer 7 successfully
E/QCamera2HWI(  241): int32_t qcamera::QCamera2HardwareInterface::delChannel(qcamera::qcamera_ch_type_enum_t): 0 X
E/QCamera2HWI(  241): int32_t qcamera::QCamera2HardwareInterface::delChannel(qcamera::qcamera_ch_type_enum_t): 2 E
E/QCamera2HWI(  241): int32_t qcamera::QCamera2HardwareInterface::delChannel(qcamera::qcamera_ch_type_enum_t): delChannel pChannel is null
E/mm-camera-intf(  241): mm_camera_del_stream: E
E/mm-camera-intf(  241): mm_stream_release:E
E/mm-camera(  255): mct_pipeline_process_set:command=800000b
D/mm-camera(  255): mct_pipeline_remove_stream_from_linked_streams: stream type: 7
D/mm-camera(  255): mct_pipeline_remove_stream_from_linked_streams: linked streams: 0x2
E/mm-camera-intf(  241): mm_stream_release:X
E/mm-camera-intf(  241): mm_camera_del_stream: X
E/mm-camera-intf(  241): mm_camera_del_stream: E
E/mm-camera-intf(  241): mm_stream_release:E
E/mm-camera(  255): mct_pipeline_process_set:command=800000b
E/mm-camera(  255): mct_stream_streamoff: Enter
E/mm-camera-sensor(  255): port_sensor_unlink_func:230 ide 10002
E/mm-camera-sensor(  255): port_sensor_caps_unreserve:193 ide 10002
E/mm-camera(  255): c2d_port_check_caps_unreserve:170, identity=0x10002
E/mm-camera(  255): c2d_port_check_caps_unreserve:179, identity=0x10002, unreserved
E/mm-camera(  255): c2d_port_check_caps_unreserve:170, identity=0x10002
E/mm-camera(  255): c2d_port_check_caps_unreserve:179, identity=0x10002, unreserved
E/mm-camera-img(  255): faceproc_save_album:794] Error No album 
E/mm-camera-img(  255): faceproc_comp_eng_destroy: Album save failed -1
E/mm-camera(  255): q3a_thread_aecawb_stop:371 MSG_STOP_THREAD
E/mm-camera(  255): is_port_unlink: port state = 3, identity = 0x10002
E/mm-camera(  255): is_port_check_caps_unreserve: E, identity = 0x10002
E/mm-camera(  255): is_port_check_caps_unreserve: port state = 4, identity = 0x10002
E/mm-camera(  255): is_port_check_caps_unreserve: E, identity = 0x10002
E/mm-camera(  255): is_port_check_caps_unreserve: port state = 5, identity = 0x10002
D/mm-camera(  255): mct_pipeline_remove_stream_from_linked_streams: stream type: 1
D/mm-camera(  255): mct_pipeline_remove_stream_from_linked_streams: linked streams: 0x0
E/mm-camera-intf(  241): mm_stream_release:X
E/mm-camera-intf(  241): mm_camera_del_stream: X
E/mm-camera-intf(  241): mm_camera_del_channel: E
E/mm-camera-intf(  241): mm_camera_del_channel: X
D/MirrorProcess(  241): MirrorContext destructor
E/QCamera2HWI(  241): int32_t qcamera::QCamera2HardwareInterface::delChannel(qcamera::qcamera_ch_type_enum_t): 2 X
E/QCamera2HWI(  241): int32_t qcamera::QCamera2HardwareInterface::delChannel(qcamera::qcamera_ch_type_enum_t): 3 X
E/QCamera2HWI(  241): int32_t qcamera::QCamera2HardwareInterface::delChannel(qcamera::qcamera_ch_type_enum_t): 4 X
D/QCamera2HWI(  241): int qcamera::QCamera2HardwareInterface::stopPreview(): X
D/QCamera2HWI(  241): [KPI Perf] static void qcamera::QCamera2HardwareInterface::stop_preview(camera_device*): X
D/QCameraStateMachine(  241): int32_t qcamera::QCameraStateMachine::procEvtPreviewStoppedState(qcamera::qcamera_sm_evt_enum_t, void*): No ops for evt(20) in state(0)
W/CameraClient(  241): native_window_api_disconnect failed: Broken pipe (-32)
I/CameraClient(  241): Destroying camera 0
D/QCamera2HWI(  241): [KPI Perf] static int qcamera::QCamera2HardwareInterface::close_camera_device(hw_device_t*): E
E/QCameraPostProc(  241): int32_t qcamera::QCameraPostProcessor::stop(): stop
E/QCameraPostProc(  241): static void* qcamera::QCameraPostProcessor::supZoomRoutine(void*): X
E/mm-jpeg-intf(  241): mm_jpeg_close:2479] E
E/mm-jpeg-intf(  241): mm_jpeg_close:2484] 
E/mm-jpeg-intf(  241): mm_jpeg_close:2492] 
E/mm-jpeg-intf(  241): mm_jpeg_close:2502] 
E/mm-jpeg-intf(  241): mm_jpeg_close:2509] X
E/qomx_image_core(  241): OMX_Deinit:118] Complete
E/QCameraPostProc(  241): int32_t qcamera::QCameraPostProcessor::deinit(): Jpeg closed, rc = 0, mJpegClientHandle = 2f00
E/mm-camera(  255): mct_pipeline_process_set:command=800000b
E/mm-camera(  255): mct_pipeline_get_stream: no children
E/mm-camera(  255): mct_pipeline_process_set:1380: Couldn't find stream
E/mm-camera(  255): [mct_controller_destroy], session id=1 E
D/QCameraStateMachine(  241): static void* qcamera::QCameraStateMachine::smEvtProcRoutine(void*): X
D/QCamera2HWI(  241): [KPI Perf] static int qcamera::QCamera2HardwareInterface::close_camera_device(hw_device_t*): X
E/mm-camera-sensor(  255): module_sensor_stop_session:598 session 1
D/NuPlayerDriver(  241): reset(0xb11456a0)
D/NuPlayerDriver(  241): notifyResetComplete(0xb11456a0)
D/NuPlayerDriver(  241): reset(0xb11451c0)
D/NuPlayerDriver(  241): notifyResetComplete(0xb11451c0)
E/mm-camera-sensor(  255): module_sensor_deinit_session:499 module_sensor_deinit_session: open qcom_flash failed
E/mm-camera-sensor(  255): Got some events
E/mm-camera-sensor(  255): sensor_thread_func:125 sensor_thread_func:Sensor thread is exiting
E/mm-camera(  255): stats_module_stop_session: list =0xb61d0a50, remove port =0xb61d5880 name=stats_sink from module=0xb61cf160, name=stats
E/mm-camera(  255): stats_module_stop_session: 1 port =0xb61d5880 name=stats_sink 
E/mm-camera(  255): stats_module_stop_session: 2 port =0xb61d5880 name=stats_sink 
E/mm-camera(  255): is_module_stop_session: Enter
E/mm-camera(  255): is_module_stop_session: Exit successful
E/mm-camera(  255): gyro_module_stop_session: Enter
E/mm-camera(  255): gyro_port_deinit: Deinit DSPS
E/mm-camera(  255): gyro_port_deinit: DSPS deinited
E/mm-camera(  255): gyro_module_stop_session: Exit successful
E/mm-camera(  255): stats_module_stop_session: 3 port =0xb61d5880 name=stats_sink 
E/mm-camera(  255): c2d_module_stop_session:312, info: stopping session 1 ...
E/mm-camera(  255): c2d_thread_process_pipe_message:688, C2D_THREAD_MSG_ABORT: c2d_thread exiting..
E/mm-camera(  255): c2d_module_stop_session:354, info: session 1 stopped.
E/mm-camera(  255): [mct_controller_destroy] X
W/MicroDetectionWorkerImp( 5373): Tag [MicroDetectionWorkerImpl] is too long; truncated to [MicroDetectionWorkerImp]
I/MicroDetectionWorkerImp( 5373): onReady
I/art     (  756): Explicit concurrent mark sweep GC freed 37487(2MB) AllocSpace objects, 10(2MB) LOS objects, 27% free, 42MB/58MB, paused 2.831ms total 134.962ms
I/Timeline( 1617): Timeline: Activity_launch_request id:com.whatsapp time:42165133
I/ActivityManager(  756): START u0 {act=android.intent.action.MAIN cat=[android.intent.category.LAUNCHER] flg=0x10200000 pkg=com.whatsapp cmp=com.whatsapp/.Main bnds=[276,1275][540,1607] (has extras)} from uid 10027 on display 0
W/ResourcesManager(  756): Asset path '/system/framework/com.google.android.maps.jar' does not exist or contains no resources.
W/ResourceType(  756): For resource 0x01030224, entry index(548) is beyond type entryCount(9)
W/ResourceType(  756): For resource 0x01030224, entry index(548) is beyond type entryCount(9)
W/SearchService( 5373): Abort, client detached.
W/SearchService( 5373): Abort, client detached.
I/MicroDetector( 5373): Keeping mic open: false
I/MicrophoneInputStream( 5373): mic_close com.google.android.apps.gsa.speech.audio.aa@24f9f8c5
D/audio_hw_primary(  241): in_standby: enter: stream (0xb13b16a0) usecase(7: audio-record)
D/hardware_info(  241): hw_info_append_hw_type : device_name = voice-rec-mic
I/listen_hal_loader(  241): audio_extn_listen_update_status(): start listen. current active device = voice-rec-mic. Event = 0
V/listen_hw(  241): listen_hw_notify_event: Enter
