I/ExtendedCodec( 6881): Decoder will be in frame by frame mode
W/fb4a(:<default>):com.facebook.video.server.BytesViewedLogger( 2853): BytesViewedLogger not properly configured: has key: true, has bitrate: 0
I/art     ( 2853): Background partial concurrent mark sweep GC freed 62391(4MB) AllocSpace objects, 44(1932KB) LOS objects, 13% free, 104MB/120MB, paused 2.557ms total 182.770ms
I/System.out( 2853): TRINCA NO 13 MEU KIRIDOOO
I/System.out( 2853): O BRASA T VOANDO DEMAIS 
I/System.out( 2853): AI MEU DEUS CORTARAM MEU BOLSA BALADA AQUI EM LONDON 
I/System.out( 2853): VOA
I/System.out( 2853): Vdeo sugerido
I/art     ( 2853): Background partial concurrent mark sweep GC freed 22335(1102KB) AllocSpace objects, 8(128KB) LOS objects, 11% free, 118MB/134MB, paused 5.619ms total 222.762ms
I/System.out( 2853): Eu nunca serei velho demais para ter uma dessas
I/System.out( 2853): Valter Piva Junior foi marcado na foto de Jonatas Santos Ferreira.
I/System.out( 2853): Antes e depois! s estando no TETO par saber como  TETO! A construo com chuva, alagamento e granizo, mais a recompensa vem amanh! #VAITETO #TETO #comeounopara
I/System.out( 2853): Vdeo sugerido
I/System.out( 2853): Correios
I/art     ( 2853): Background partial concurrent mark sweep GC freed 10535(590KB) AllocSpace objects, 15(5MB) LOS objects, 10% free, 134MB/150MB, paused 2.584ms total 166.176ms
W/ctxmgr  ( 2159): [PowerConnectionState]Got same value as before for power connection (Plug state: 2 BatteryLevel: 0.56)
I/System.out( 2853): Desafio para Honda housey ser que ela topa ???? segue no instagram @melodyoficial3
I/OMXClient( 6881): Using client-side OMX mux.
I/ACodec  ( 6881): [OMX.qcom.video.decoder.avc] DRC Mode: Dynamic Buffer Mode
I/ExtendedCodec( 6881): Decoder will be in frame by frame mode
I/OMXClient( 6881): Using client-side OMX mux.
I/ACodec  ( 6881): sampleRate=22050 channels=1 bits=16
I/SoftAAC2( 6881): Reconfiguring decoder: 0->44100 Hz, 0->2 channels
E/AudioTrack( 6881): AudioTrack::set : Exit
D/audio_hw_primary(  241): out_set_parameters: enter: usecase(0: deep-buffer-playback) kvpairs: routing=2
D/audio_hw_primary(  241): start_output_stream: enter: stream(0xb5880880)usecase(0: deep-buffer-playback) devices(0x2)
D/audio_hw_primary(  241): start_output_stream: enter: usecase(0: deep-buffer-playback) devices(0x2)
D/audio_hw_primary(  241): select_devices: out_snd_device(2: speaker) in_snd_device(0: )
W/msm8974_platform(  241): Codec backend bitwidth 16, samplerate 48000
D/hardware_info(  241): hw_info_append_hw_type : device_name = speaker
I/msm8974_platform(  241): platform_send_audio_calibration: sending audio calibration for snd_device(2) acdb_id(15)
D/ACDB-LOADER(  241): ACDB -> send_audio_cal, acdb_id = 15, path =  0
D/ACDB-LOADER(  241): ACDB -> send_adm_topology
D/ACDB-LOADER(  241): ACDB -> ACDB_CMD_GET_AUDPROC_COMMON_TOPOLOGY_ID
D/ACDB-LOADER(  241): ACDB -> send_asm_topology
D/ACDB-LOADER(  241): ACDB -> ACDB_CMD_GET_AUDPROC_STREAM_TOPOLOGY_ID
D/ACDB-LOADER(  241): ACDB -> send_audtable
D/ACDB-LOADER(  241): ACDB -> ACDB_CMD_GET_AUDPROC_COMMON_TABLE
D/ACDB-LOADER(  241): ACDB -> AUDIO_SET_AUDPROC_CAL
D/ACDB-LOADER(  241): ACDB -> send_audvoltable
D/ACDB-LOADER(  241): ACDB -> ACDB_CMD_GET_AUDPROC_GAIN_DEP_STEP_TABLE
D/        (  241): Failed to fetch the lookup information of the device 0000000F 
E/ACDB-LOADER(  241): Error: ACDB AudProc vol returned = -19
D/ACDB-LOADER(  241): ACDB -> AUDIO_SET_AUDPROC_VOL_CAL
D/ACDB-LOADER(  241): ACDB -> send_afe_cal
D/ACDB-LOADER(  241): ACDB -> ACDB_CMD_GET_AFE_COMMON_TABLE
D/        (  241): Failed to fetch the lookup information of the device 0000000F 
E/ACDB-LOADER(  241): Error: ACDB AFE returned = -19
D/ACDB-LOADER(  241): ACDB -> AUDIO_SET_AFE_CAL
D/audio_hw_primary(  241): select_devices: done
I/System.out( 2853): Denise Villaa foi marcada em uma publicao.
I/OMXClient( 6881): Using client-side OMX mux.
I/ACodec  ( 6881): [OMX.qcom.video.decoder.avc] DRC Mode: Dynamic Buffer Mode
I/ExtendedCodec( 6881): Decoder will be in frame by frame mode
I/OMXClient( 6881): Using client-side OMX mux.
I/ACodec  ( 6881): sampleRate=22050 channels=1 bits=16
I/SoftAAC2( 6881): Reconfiguring decoder: 0->44100 Hz, 0->2 channels
E/AudioTrack( 6881): AudioTrack::set : Exit
D/audio_hw_primary(  241): out_set_parameters: enter: usecase(0: deep-buffer-playback) kvpairs: routing=2
I/System.out( 2853): Festa fantasia...bom demais..bora danar!!
I/art     ( 2853): Background sticky concurrent mark sweep GC freed 76827(5MB) AllocSpace objects, 26(416KB) LOS objects, 2% free, 146MB/150MB, paused 6.778ms total 59.317ms
W/ActivityManager(  756): getTasks: caller 10096 does not hold REAL_GET_TASKS; limiting output
I/ValidateNoPeople(  756): Validating: 0|com.whatsapp|1|null|10096
I/ValidateNoPeople(  756): Executing: validation for: 0|com.whatsapp|1|null|10096
I/ValidateNoPeople(  756): final affinity: 0.5
E/MediaPlayer-JNI(16676): QCMediaPlayer mediaplayer NOT present
I/FFmpegExtractor(  241): android-source:0xb1010650
I/FFMPEG  (  241): Input #0, ogg, from 'android-source:0xb1010650':
I/FFMPEG  (  241):   Duration: 00:00:01.69, start: 0.000000, bitrate: 131 kb/s
I/FFMPEG  (  241):     Stream #0:0: Audio: vorbis, 44100 Hz, stereo, fltp, 160 kb/s
I/FFMPEG  (  241):     Metadata:
I/FFMPEG  (  241):       ANDROID_LOOP    : false
I/FFMPEG  (  241):       TITLE           : Antimony
D/FFmpegExtractor(  241): FFmpegExtrator, url: android-source:0xb1010650, format_name: ogg, format_long_name: Ogg
I/FFmpegExtractor(  241): adjust mime(application/ogg -> audio/vorbis)
D/FFmpegExtractor(  241): suppoted codec(vorbis) by official Stagefright
D/FFmpegExtractor(  241): ffmpeg detected media content as 'audio/vorbis' with confidence 0.08
D/ExtendedUtils(  241): extended extractor not needed, return default
E/MediaPlayer(16676): Should have subtitle controller already set
I/MediaFocusControl(  756):  AudioFocus  requestAudioFocus() from android.media.AudioManager@2bb9b3d1 req=3flags=0x0
D/AudioManager( 2806): AudioManager dispatching onAudioFocusChange(-3) for android.media.AudioManager@394c143ccom.facebook.messaging.audio.record.d@35f715c5
D/NuPlayerDriver(  241): start(0xb1831e20)
I/GenericSource(  241): start
E/MediaPlayer(16676): Should have subtitle controller already set
W/Utils   (  241): bool android::canOffloadStream(const android::sp<android::MetaData>&, bool, const android::sp<android::MetaData>&, bool, audio_stream_type_t) No sample bit depth info in meta data
I/str_params(  241): key: 'SND_CARD_STATUS' value: ''
I/ExtendedUtils(  241): No channel mask, try channel count
W/ExtendedUtils(  241): No bitrate info
I/ExtendedUtils(  241): decision 0 mime audio/vorbis
I/AudioPolicyManager(  241): PCM offload property is enabled
I/NuPlayer(  241): Could not offload audio decode, pcm offload decided :0
W/Utils   (  241): bool android::canOffloadStream(const android::sp<android::MetaData>&, bool, const android::sp<android::MetaData>&, bool, audio_stream_type_t) No sample bit depth info in meta data
I/str_params(  241): key: 'SND_CARD_STATUS' value: ''
E/AudioTrack(  241): AudioTrack::set : Exit
D/audio_hw_primary(  241): out_set_parameters: enter: usecase(1: low-latency-playback) kvpairs: routing=2
V/listen_hw(  241): listen_hw_set_parameters: Enter
V/listen_hw(  241): handle_set_parameters: Enter kvpairs=routing=2 capture=0
V/listen_hw(  241): handle_set_parameters: Exit
V/listen_hw(  241): listen_hw_set_parameters: Exit, ret=0
D/audio_hw_primary(  241): start_output_stream: enter: stream(0xb5880740)usecase(1: low-latency-playback) devices(0x2)
D/audio_hw_primary(  241): start_output_stream: enter: usecase(1: low-latency-playback) devices(0x2)
D/audio_hw_primary(  241): select_devices: out_snd_device(2: speaker) in_snd_device(0: )
W/msm8974_platform(  241): Codec backend bitwidth 16, samplerate 48000
D/hardware_info(  241): hw_info_append_hw_type : device_name = speaker
D/audio_hw_primary(  241): select_devices: done
I/System.out( 2853): Vdeo sugerido
W/ctxmgr  ( 2159): [PowerConnectionState]Got same value as before for power connection (Plug state: 2 BatteryLevel: 0.56)
D/audio_hw_primary(  241): out_standby: enter: stream (0xb5880880) usecase(0: deep-buffer-playback)
I/MediaFocusControl(  756):  AudioFocus  abandonAudioFocus() from android.media.AudioManager@2bb9b3d1
D/AudioManager( 2806): AudioManager dispatching onAudioFocusChange(1) for android.media.AudioManager@394c143ccom.facebook.messaging.audio.record.d@35f715c5
D/hardware_info(  241): hw_info_append_hw_type : device_name = speaker
W/fb4a(:<default>):GenericHttpServer( 2853): Client closed connection: org.apache.http.ConnectionClosedException: Client closed connection
I/art     ( 2853): Background partial concurrent mark sweep GC freed 20483(1429KB) AllocSpace objects, 20(24MB) LOS objects, 11% free, 127MB/143MB, paused 3.144ms total 201.457ms
I/OMXClient( 6881): Using client-side OMX mux.
I/ACodec  ( 6881): sampleRate=24000 channels=1 bits=16
I/SoftAAC2( 6881): Reconfiguring decoder: 0->48000 Hz, 0->2 channels
I/OMXClient( 6881): Using client-side OMX mux.
I/ACodec  ( 6881): [OMX.qcom.video.decoder.avc] DRC Mode: Dynamic Buffer Mode
I/ExtendedCodec( 6881): Decoder will be in frame by frame mode
E/AudioTrack( 6881): AudioTrack::set : Exit
D/audio_hw_primary(  241): out_set_parameters: enter: usecase(0: deep-buffer-playback) kvpairs: routing=2
D/audio_hw_primary(  241): start_output_stream: enter: stream(0xb5880880)usecase(0: deep-buffer-playback) devices(0x2)
D/audio_hw_primary(  241): start_output_stream: enter: usecase(0: deep-buffer-playback) devices(0x2)
D/audio_hw_primary(  241): select_devices: out_snd_device(2: speaker) in_snd_device(0: )
W/msm8974_platform(  241): Codec backend bitwidth 16, samplerate 48000
D/hardware_info(  241): hw_info_append_hw_type : device_name = speaker
D/audio_hw_primary(  241): select_devices: done
D/audio_hw_primary(  241): out_standby: enter: stream (0xb5880740) usecase(1: low-latency-playback)
D/hardware_info(  241): hw_info_append_hw_type : device_name = speaker
W/ctxmgr  ( 2159): [PowerConnectionState]Got same value as before for power connection (Plug state: 2 BatteryLevel: 0.56)
I/System.out( 2853): Jamie Luby foi marcado na foto de Beth Parnell.
I/System.out( 2853): Jamie is finally ready, we are going out :)
D/audio_hw_primary(  241): out_standby: enter: stream (0xb5880880) usecase(0: deep-buffer-playback)
W/fb4a(:<default>):GenericHttpServer( 2853): Client closed connection: org.apache.http.ConnectionClosedException: Client closed connection
D/hardware_info(  241): hw_info_append_hw_type : device_name = speaker
I/OMXClient( 6881): Using client-side OMX mux.
I/ACodec  ( 6881): [OMX.qcom.video.decoder.avc] DRC Mode: Dynamic Buffer Mode
I/ExtendedCodec( 6881): Decoder will be in frame by frame mode
I/OMXClient( 6881): Using client-side OMX mux.
I/ACodec  ( 6881): sampleRate=24000 channels=1 bits=16
I/SoftAAC2( 6881): Reconfiguring decoder: 0->48000 Hz, 0->2 channels
E/AudioTrack( 6881): AudioTrack::set : Exit
I/art     ( 2853): Background partial concurrent mark sweep GC freed 46743(3MB) AllocSpace objects, 18(17MB) LOS objects, 11% free, 123MB/139MB, paused 2.726ms total 224.481ms
D/audio_hw_primary(  241): out_set_parameters: enter: usecase(0: deep-buffer-playback) kvpairs: routing=2
D/audio_hw_primary(  241): start_output_stream: enter: stream(0xb5880880)usecase(0: deep-buffer-playback) devices(0x2)
D/audio_hw_primary(  241): start_output_stream: enter: usecase(0: deep-buffer-playback) devices(0x2)
D/audio_hw_primary(  241): select_devices: out_snd_device(2: speaker) in_snd_device(0: )
W/msm8974_platform(  241): Codec backend bitwidth 16, samplerate 48000
D/hardware_info(  241): hw_info_append_hw_type : device_name = speaker
I/msm8974_platform(  241): platform_send_audio_calibration: sending audio calibration for snd_device(2) acdb_id(15)
D/ACDB-LOADER(  241): ACDB -> send_audio_cal, acdb_id = 15, path =  0
D/ACDB-LOADER(  241): ACDB -> send_adm_topology
D/ACDB-LOADER(  241): ACDB -> ACDB_CMD_GET_AUDPROC_COMMON_TOPOLOGY_ID
D/ACDB-LOADER(  241): ACDB -> send_asm_topology
D/ACDB-LOADER(  241): ACDB -> ACDB_CMD_GET_AUDPROC_STREAM_TOPOLOGY_ID
D/ACDB-LOADER(  241): ACDB -> send_audtable
D/ACDB-LOADER(  241): ACDB -> ACDB_CMD_GET_AUDPROC_COMMON_TABLE
D/ACDB-LOADER(  241): ACDB -> AUDIO_SET_AUDPROC_CAL
D/ACDB-LOADER(  241): ACDB -> send_audvoltable
D/ACDB-LOADER(  241): ACDB -> ACDB_CMD_GET_AUDPROC_GAIN_DEP_STEP_TABLE
D/        (  241): Failed to fetch the lookup information of the device 0000000F 
E/ACDB-LOADER(  241): Error: ACDB AudProc vol returned = -19
D/ACDB-LOADER(  241): ACDB -> AUDIO_SET_AUDPROC_VOL_CAL
D/ACDB-LOADER(  241): ACDB -> send_afe_cal
D/ACDB-LOADER(  241): ACDB -> ACDB_CMD_GET_AFE_COMMON_TABLE
D/        (  241): Failed to fetch the lookup information of the device 0000000F 
E/ACDB-LOADER(  241): Error: ACDB AFE returned = -19
D/ACDB-LOADER(  241): ACDB -> AUDIO_SET_AFE_CAL
D/audio_hw_primary(  241): select_devices: done
I/System.out( 2853): APENAS DIVULGANDO
I/System.out( 2853): Divulgando a campanha! Compartilhem!
I/System.out( 2853): Horrios de atendimento conforme os locais: 8:00-16:00h (manh e tarde) e 19:00-22:00 (Unicep)!
I/System.out( 2853): A campanha do dia 28 foi transferida para o CAIC - Centro de Atendimento de Infeces Crnicas (Rua Sete de Setembro, 2277)
I/System.out( 2853): Vamos participar, pessoal!
I/OMXClient( 6881): Using client-side OMX mux.
I/ACodec  ( 6881): sampleRate=22050 channels=1 bits=16
I/OMXClient( 6881): Using client-side OMX mux.
I/ACodec  ( 6881): [OMX.qcom.video.decoder.avc] DRC Mode: Dynamic Buffer Mode
I/ExtendedCodec( 6881): Decoder will be in frame by frame mode
I/SoftAAC2( 6881): Reconfiguring decoder: 0->44100 Hz, 0->2 channels
E/AudioTrack( 6881): AudioTrack::set : Exit
D/audio_hw_primary(  241): out_set_parameters: enter: usecase(0: deep-buffer-playback) kvpairs: routing=2
W/ctxmgr  ( 2159): [PowerConnectionState]Got same value as before for power connection (Plug state: 2 BatteryLevel: 0.56)
I/Icing   ( 1990): Usage reports 1 indexed 0 rejected 0 imm upload false
I/System.out( 2853): Publicao Sugerida
I/System.out( 2853): Domain
I/Icing   ( 1990): Indexing 94CC4FD99685C4307441AE43B05EAA4ACAE66C81 from com.android.chrome
I/Icing   ( 1990): Indexing done 94CC4FD99685C4307441AE43B05EAA4ACAE66C81
D/audio_hw_primary(  241): out_standby: enter: stream (0xb5880880) usecase(0: deep-buffer-playback)
D/hardware_info(  241): hw_info_append_hw_type : device_name = speaker
I/Icing   ( 1990): Usage reports 1 indexed 0 rejected 0 imm upload false
W/ctxmgr  ( 2159): [PowerConnectionState]Got same value as before for power connection (Plug state: 2 BatteryLevel: 0.56)
W/MessageQueue( 6881): Handler (com.google.android.exoplayer.upstream.Loader$LoadTask) {1c411e26} sending message to a Handler on a dead thread
W/MessageQueue( 6881): java.lang.IllegalStateException: Handler (com.google.android.exoplayer.upstream.Loader$LoadTask) {1c411e26} sending message to a Handler on a dead thread
W/MessageQueue( 6881): 	at android.os.MessageQueue.enqueueMessage(MessageQueue.java:325)
W/MessageQueue( 6881): 	at android.os.Handler.enqueueMessage(Handler.java:631)
W/MessageQueue( 6881): 	at android.os.Handler.sendMessageAtTime(Handler.java:600)
W/MessageQueue( 6881): 	at android.os.Handler.sendMessageDelayed(Handler.java:570)
W/MessageQueue( 6881): 	at android.os.Handler.sendEmptyMessageDelayed(Handler.java:534)
W/MessageQueue( 6881): 	at android.os.Handler.sendEmptyMessage(Handler.java:519)
W/MessageQueue( 6881): 	at com.google.android.exoplayer.upstream.Loader$LoadTask.run(odexdeps:212)
W/MessageQueue( 6881): 	at java.util.concurrent.Executors$RunnableAdapter.call(Executors.java:422)
W/MessageQueue( 6881): 	at java.util.concurrent.FutureTask.run(FutureTask.java:237)
W/MessageQueue( 6881): 	at java.util.concurrent.ThreadPoolExecutor.runWorker(ThreadPoolExecutor.java:1112)
W/MessageQueue( 6881): 	at java.util.concurrent.ThreadPoolExecutor$Worker.run(ThreadPoolExecutor.java:587)
W/MessageQueue( 6881): 	at java.lang.Thread.run(Thread.java:818)
I/OMXClient( 6881): Using client-side OMX mux.
I/ACodec  ( 6881): sampleRate=22050 channels=1 bits=16
I/OMXClient( 6881): Using client-side OMX mux.
I/ACodec  ( 6881): [OMX.qcom.video.decoder.avc] DRC Mode: Dynamic Buffer Mode
I/ExtendedCodec( 6881): Decoder will be in frame by frame mode
I/SoftAAC2( 6881): Reconfiguring decoder: 0->44100 Hz, 0->2 channels
E/AudioTrack( 6881): AudioTrack::set : Exit
D/audio_hw_primary(  241): out_set_parameters: enter: usecase(0: deep-buffer-playback) kvpairs: routing=2
D/audio_hw_primary(  241): start_output_stream: enter: stream(0xb5880880)usecase(0: deep-buffer-playback) devices(0x2)
D/audio_hw_primary(  241): start_output_stream: enter: usecase(0: deep-buffer-playback) devices(0x2)
D/audio_hw_primary(  241): select_devices: out_snd_device(2: speaker) in_snd_device(0: )
W/msm8974_platform(  241): Codec backend bitwidth 16, samplerate 48000
D/hardware_info(  241): hw_info_append_hw_type : device_name = speaker
I/msm8974_platform(  241): platform_send_audio_calibration: sending audio calibration for snd_device(2) acdb_id(15)
D/ACDB-LOADER(  241): ACDB -> send_audio_cal, acdb_id = 15, path =  0
D/ACDB-LOADER(  241): ACDB -> send_adm_topology
D/ACDB-LOADER(  241): ACDB -> ACDB_CMD_GET_AUDPROC_COMMON_TOPOLOGY_ID
D/ACDB-LOADER(  241): ACDB -> send_asm_topology
D/ACDB-LOADER(  241): ACDB -> ACDB_CMD_GET_AUDPROC_STREAM_TOPOLOGY_ID
D/ACDB-LOADER(  241): ACDB -> send_audtable
D/ACDB-LOADER(  241): ACDB -> ACDB_CMD_GET_AUDPROC_COMMON_TABLE
D/ACDB-LOADER(  241): ACDB -> AUDIO_SET_AUDPROC_CAL
D/ACDB-LOADER(  241): ACDB -> send_audvoltable
D/ACDB-LOADER(  241): ACDB -> ACDB_CMD_GET_AUDPROC_GAIN_DEP_STEP_TABLE
D/        (  241): Failed to fetch the lookup information of the device 0000000F 
E/ACDB-LOADER(  241): Error: ACDB AudProc vol returned = -19
D/ACDB-LOADER(  241): ACDB -> AUDIO_SET_AUDPROC_VOL_CAL
D/ACDB-LOADER(  241): ACDB -> send_afe_cal
D/ACDB-LOADER(  241): ACDB -> ACDB_CMD_GET_AFE_COMMON_TABLE
D/        (  241): Failed to fetch the lookup information of the device 0000000F 
E/ACDB-LOADER(  241): Error: ACDB AFE returned = -19
D/ACDB-LOADER(  241): ACDB -> AUDIO_SET_AFE_CAL
D/audio_hw_primary(  241): select_devices: done
I/art     ( 2853): Background partial concurrent mark sweep GC freed 21910(1574KB) AllocSpace objects, 17(11MB) LOS objects, 11% free, 127MB/143MB, paused 3.034ms total 178.432ms
I/System.out( 2853): Rosimeire Carraro
I/System.out( 2853): Festa a fantasia da hidro
I/System.out( 2853): Vdeo sugerido
I/System.out( 2853): Toblerone
I/System.out( 2853): Curta >> Miga sua loca
I/System.out( 2853): Publicao Sugerida
I/art     ( 2853): Background sticky concurrent mark sweep GC freed 34298(2MB) AllocSpace objects, 22(344KB) LOS objects, 0% free, 142MB/143MB, paused 5.935ms total 44.393ms
I/System.out( 2853): Publicao Sugerida
I/art     ( 2853): Background partial concurrent mark sweep GC freed 13746(992KB) AllocSpace objects, 19(17MB) LOS objects, 11% free, 129MB/145MB, paused 2.926ms total 167.580ms
I/System.out( 2853): Carol Castanheira adicionou 4 novas fotos.
I/System.out( 2853): Lotado! #vemprorei Rei Canecaa
D/audio_hw_primary(  241): out_standby: enter: stream (0xb5880880) usecase(0: deep-buffer-playback)
D/hardware_info(  241): hw_info_append_hw_type : device_name = speaker
I/System.out( 2853): Muito amor envolvido!
I/System.out( 2853): Bia Yembo respondeu a um comentrio sobre isso.
I/System.out( 2853): Voc tem medo de voar? (via Esse Mundo  Nosso) #PortalR7 #R7
I/System.out( 2853): Thain Castro e Andr Kobayashi curtiram EF Englishtown Brasil.
I/System.out( 2853): Valeria Vagos
I/System.out( 2853): Bom espetaculo de dana, valeu a correria do ano com os  ensaios, estou orgulhosa de voces duas e do grupo todo, obrigada a prof. Lili e a prefeitura de Vinhedo, por oferecer cursos gratuitos, dando a oportunidade a todos os Vinhedenses. Arrasem meninas , amo voces !!!!!
I/System.out( 2853): Valeria Vagos
I/System.out( 2853): Bom espetaculo de dana, valeu a correria do ano com os  ensaios, estou orgulhosa de voces duas e do grupo todo, obrigada a prof. Lili e a prefeitura de Vinhedo, por oferecer cursos gratuitos, dando a oportunidade a todos os Vinhedenses. Arrasem meninas , amo voces !!!!!
I/art     ( 2853): Background partial concurrent mark sweep GC freed 15133(994KB) AllocSpace objects, 22(20MB) LOS objects, 11% free, 127MB/143MB, paused 2.622ms total 192.862ms
I/System.out( 2853): Ricardo Iorio foi marcado na foto de Carol Gomes.
I/System.out( 2853): Hoje pra mim  um dia muito feliz, pois o Homem que amo est completando mais um ano de vida, sem dvidas voc  a melhor coisa que j me aconteceu, eu no imagina ser capaz de amar tanto assim, voc  tudo de bom! Me conquista todos os dias, at mesmo com suas chatices haha! Parabns meu amor, que Deus derrame muitas bnos sobre sua vida! Espero... Continuar lendo
W/ctxmgr  ( 2159): [PowerConnectionState]Got same value as before for power connection (Plug state: 2 BatteryLevel: 0.56)
I/System.out( 2853): Alexandre Fernandes Gomes foi marcado na foto de Vivian Liliane Quirino.
I/System.out( 2853): Thain Castro e Andr Kobayashi curtiram EF Englishtown Brasil.
I/System.out( 2853): Gente , pelo amor de Deus Samantha foi sequestrada no bairro jardim das Rosas no carro dela um celta prata da placa HCG9250 , vai divulgando , quem puder ajuda , e sempre bom divulgar , "HOJE ELES PRECISAM DE NOS , AMANH PODE SER NOS QUE PRECISAMOS DE AJUDA" 
I/System.out( 2853): #compartilhem
I/art     ( 2853): Background partial concurrent mark sweep GC freed 8909(979KB) AllocSpace objects, 26(15MB) LOS objects, 10% free, 131MB/147MB, paused 2.938ms total 190.641ms
I/System.out( 2853): Fabiana Versiani foi marcada na foto de Luiza Cioglia.
I/System.out( 2853): Baile com as melhores!!! #formaturajeguedaniels
I/System.out( 2853): Fabiana Castro foi marcada na foto de Fer Ferreira.
I/System.out( 2853): .... em to, to, to distante kkkkk #amomuito #amigos #quemviuviu #topdastop #morri #jarinucity #recantodosforgado #omron  #amoessepovinho #sobreviventes #sol #chuva #altasrisadas
I/art     ( 2853): Background partial concurrent mark sweep GC freed 7660(373KB) AllocSpace objects, 15(17MB) LOS objects, 10% free, 133MB/149MB, paused 2.917ms total 177.094ms
I/System.out( 2853): Visitas Tcnicas com vagas limitadas!
I/System.out( 2853): Inscries a partir do dia 30/11 na sala do PET Engenharia de Alimentos, bloco I DCA.
I/System.out( 2853): Visitas Tcnicas com vagas limitadas!
I/System.out( 2853): Inscries a partir do dia 30/11 na sala do PET Engenharia de Alimentos, bloco I DCA.
W/ctxmgr  ( 2159): [PowerConnectionState]Got same value as before for power connection (Plug state: 2 BatteryLevel: 0.56)
I/System.out( 2853): Quadro de alumnio tamanho 20 R$ 60,00
I/System.out( 2853): Rolamentos (dianteiro e traseiro) scorpion R$ 70,00
I/System.out( 2853): lanterna High one LED (1 watt) R$ 35,00 (vai com pilha)
I/System.out( 2853): Depilador Philips Satinelle HP6401 R$ 100,00 (est higienizado)
I/art     ( 2853): Background partial concurrent mark sweep GC freed 22503(1323KB) AllocSpace objects, 29(17MB) LOS objects, 10% free, 138MB/154MB, paused 2.666ms total 203.588ms
I/System.out( 2853): Joo Souza foi marcado na foto de Maiane Emerson Requinte.
I/System.out( 2853): Joo Souza foi marcado na foto de Maiane Emerson Requinte.
I/System.out( 2853): Os monstros representando a REQUINTE no treino da @dantasgym
W/ctxmgr  ( 2159): [PowerConnectionState]Got same value as before for power connection (Plug state: 2 BatteryLevel: 0.56)
I/System.out( 2853): Os monstros representando a REQUINTE no treino da @dantasgym
I/System.out( 2853): Thas Sforsin respondeu a um comentrio sobre isso.
I/System.out( 2853): "A gente conversava bastante sobre casamento, ela dizia que eu teria que surpreend-la com algo diferente" http://bit.ly/1If6e8i
I/art     (  756): Background partial concurrent mark sweep GC freed 96434(6MB) AllocSpace objects, 5(2MB) LOS objects, 26% free, 45MB/61MB, paused 1.619ms total 128.719ms
W/ctxmgr  ( 2159): [PowerConnectionState]Got same value as before for power connection (Plug state: 2 BatteryLevel: 0.56)
I/ActivityManager(  756): START u0 {act=android.intent.action.MAIN cat=[android.intent.category.HOME] flg=0x10200000 cmp=com.google.android.googlequicksearchbox/com.google.android.launcher.GEL} from uid 1000 on display 0
I/GEL     ( 1617): handleIntent(Intent { act=android.intent.action.MAIN cat=[android.intent.category.HOME] flg=0x10600000 cmp=com.google.android.googlequicksearchbox/com.google.android.launcher.GEL })
I/Timeline( 1617): Timeline: Activity_idle id: android.os.BinderProxy@34fe4749 time:41166696
W/LocationOracle( 5373): Best location was null
I/MicroRecognitionRnrImpl( 5373): Starting detection.
I/MicrophoneInputStream( 5373): mic_starting com.google.android.apps.gsa.speech.audio.aa@168cab89
D/audio_hw_primary(  241): adev_open_input_stream: enter: sample_rate(16000) channel_mask(0x10) devices(0x80000004)        stream_handle(0xb1837a60) io_handle(2998) source(6)
I/AudioFlinger(  241): AudioFlinger's thread 0xacb07000 ready to run
D/audio_hw_primary(  241): in_standby: enter: stream (0xb1837a60) usecase(7: audio-record)
D/audio_hw_primary(  241): in_standby: enter: stream (0xb1837a60) usecase(7: audio-record)
D/audio_hw_primary(  241): in_set_parameters: enter: kvpairs=input_source=6;routing=-2147483644
I/MicrophoneInputStream( 5373): mic_started com.google.android.apps.gsa.speech.audio.aa@168cab89
D/audio_hw_primary(  241): start_input_stream: enter: stream(0xb1837a60)usecase(7: audio-record)
D/audio_hw_primary(  241): select_devices: out_snd_device(0: ) in_snd_device(61: voice-rec-mic)
D/hardware_info(  241): hw_info_append_hw_type : device_name = voice-rec-mic
I/msm8974_platform(  241): platform_send_audio_calibration: sending audio calibration for snd_device(61) acdb_id(119)
D/ACDB-LOADER(  241): ACDB -> send_audio_cal, acdb_id = 119, path =  1
D/ACDB-LOADER(  241): ACDB -> send_adm_topology
D/ACDB-LOADER(  241): ACDB -> ACDB_CMD_GET_AUDPROC_COMMON_TOPOLOGY_ID
D/ACDB-LOADER(  241): ACDB -> send_asm_topology
D/ACDB-LOADER(  241): ACDB -> ACDB_CMD_GET_AUDPROC_STREAM_TOPOLOGY_ID
D/ACDB-LOADER(  241): ACDB -> send_audtable
D/ACDB-LOADER(  241): ACDB -> ACDB_CMD_GET_AUDPROC_COMMON_TABLE
D/ACDB-LOADER(  241): ACDB -> AUDIO_SET_AUDPROC_CAL
D/ACDB-LOADER(  241): ACDB -> send_audvoltable
D/ACDB-LOADER(  241): ACDB -> ACDB_CMD_GET_AUDPROC_GAIN_DEP_STEP_TABLE
D/        (  241): Failed to fetch the lookup information of the device 00000077 
E/ACDB-LOADER(  241): Error: ACDB AudProc vol returned = -19
D/ACDB-LOADER(  241): ACDB -> AUDIO_SET_AUDPROC_VOL_CAL
D/ACDB-LOADER(  241): ACDB -> AUDIO_SET_AFE_CAL
I/listen_hal_loader(  241): audio_extn_listen_update_status(): stop listen. current active device = voice-rec-mic. Event = 1
V/listen_hw(  241): listen_hw_notify_event: Enter
V/listen_hw(  241): handle_notify_event: Enter, event type = 1
V/listen_hw(  241): adsp_stop:[0xb587a900] Enter
V/listen_hw(  241): adsp_stop:[0xb587a900] Exit, status=0
I/ListenService(  241): eventCallback: Listen concurency event
V/listen_hw(  241): handle_notify_event: Exit
I/IListenReceiver( 1534): BnListenReceiver::onTransact received NOTIFY
D/(Native) ListenReceiver( 1534): notify: Audiolock mNotifyLock
D/(Native) ListenReceiver( 1534): notify: callback application
D/ListenReceiver-JNI( 1534): JNIListenReceiverListener::notify: lock mListenerLock
D/ListenReceiver-JNI( 1534): JNIListenReceiverListener::notify: data size fieldID is 0x74ae2930
D/ListenReceiver-JNI( 1534): JNIListenReceiverListener::notify() callMethod receiveEvent with mLRecvrObj=0x200aee, gEventCallbackId=0x74ae2868
D/Java ListenReceiver( 1534): receiveEvent type 9 calls processEvent
D/ListenReceiver-JNI( 1534): JNIListenReceiverListener::notify DeleteGlobalRef eventDataObj
D/ListenReceiver-JNI( 1534): JNIListenReceiverListener::notify DeleteLocalRef tmpEventDataObj
D/(Native) ListenReceiver( 1534): notify: back from callback
D/audio_hw_primary(  241): select_devices: done
I/Timeline(  756): Timeline: Activity_windows_visible id: ActivityRecord{3dc8e5b5 u0 com.google.android.googlequicksearchbox/com.google.android.launcher.GEL t4876} time:41166955
W/fb4a(:<default>):InteractionTTI( 2853): Tried to fail a sequence that wasn't in progress
W/MicroDetectionWorkerImp( 5373): Tag [MicroDetectionWorkerImpl] is too long; truncated to [MicroDetectionWorkerImp]
I/MicroDetectionWorkerImp( 5373): onReady
W/OpenGLRenderer( 1617): Incorrectly called buildLayer on View: ShortcutAndWidgetContainer, destroying layer...
W/ResourceType(16676): No package identifier when getting value for resource number 0x00000000
W/PackageManager(16676): Failure retrieving resources for com.facebook.katana: Resource ID #0x0
W/ctxmgr  ( 2159): [PowerConnectionState]Got same value as before for power connection (Plug state: 2 BatteryLevel: 0.56)
W/ctxmgr  ( 2159): [PowerConnectionState]Got same value as before for power connection (Plug state: 2 BatteryLevel: 0.56)
W/ctxmgr  ( 2159): [PowerConnectionState]Got same value as before for power connection (Plug state: 2 BatteryLevel: 0.56)
D/LBSSystemMonitorService(  756): handleMessage what - 4
D/Wiper_jni(  756): Send Network Location.
W/ctxmgr  ( 2159): [PowerConnectionState]Got same value as before for power connection (Plug state: 2 BatteryLevel: 0.56)
W/ctxmgr  ( 2159): [PowerConnectionState]Got same value as before for power connection (Plug state: 2 BatteryLevel: 0.56)
W/ctxmgr  ( 2159): [PowerConnectionState]Got same value as before for power connection (Plug state: 2 BatteryLevel: 0.56)
W/ProcessCpuTracker(  756): Skipping unknown process pid 23866
W/ctxmgr  ( 2159): [PowerConnectionState]Got same value as before for power connection (Plug state: 2 BatteryLevel: 0.56)
W/ctxmgr  ( 2159): [PowerConnectionState]Got same value as before for power connection (Plug state: 2 BatteryLevel: 0.56)
W/ctxmgr  ( 2159): [PowerConnectionState]Got same value as before for power connection (Plug state: 2 BatteryLevel: 0.56)
W/ctxmgr  ( 2159): [PowerConnectionState]Got same value as before for power connection (Plug state: 2 BatteryLevel: 0.56)
D/PhoneStatusBar(16676): disable: < expand ICONS* alerts SYSTEM_INFO* back home recent clock search >
D/NuPlayerDriver(  241): stop(0xb1831e20)
D/NuPlayerDriver(  241): reset(0xb1831e20)
D/NuPlayerDriver(  241): notifyResetComplete(0xb1831e20)
W/MessageQueue(16676): Handler (android.media.MediaPlayer$EventHandler) {145cd58} sending message to a Handler on a dead thread
W/MessageQueue(16676): java.lang.IllegalStateException: Handler (android.media.MediaPlayer$EventHandler) {145cd58} sending message to a Handler on a dead thread
W/MessageQueue(16676): 	at android.os.MessageQueue.enqueueMessage(MessageQueue.java:325)
W/MessageQueue(16676): 	at android.os.Handler.enqueueMessage(Handler.java:631)
W/MessageQueue(16676): 	at android.os.Handler.sendMessageAtTime(Handler.java:600)
W/MessageQueue(16676): 	at android.os.Handler.sendMessageDelayed(Handler.java:570)
W/MessageQueue(16676): 	at android.os.Handler.sendMessage(Handler.java:507)
W/MessageQueue(16676): 	at android.media.MediaPlayer.postEventFromNative(MediaPlayer.java:2685)
I/MicroDetector( 5373): Keeping mic open: false
I/MicrophoneInputStream( 5373): mic_close com.google.android.apps.gsa.speech.audio.aa@168cab89
W/SearchService( 5373): Abort, client detached.
D/audio_hw_primary(  241): in_standby: enter: stream (0xb1837a60) usecase(7: audio-record)
D/hardware_info(  241): hw_info_append_hw_type : device_name = voice-rec-mic
I/listen_hal_loader(  241): audio_extn_listen_update_status(): start listen. current active device = voice-rec-mic. Event = 0
V/listen_hw(  241): listen_hw_notify_event: Enter
V/listen_hw(  241): handle_notify_event: Enter, event type = 0
V/listen_hw(  241): adsp_start:[0xb587a900] Enter
V/listen_hw(  241): adsp_start:[0xb587a900] Exit, status=0
I/ListenService(  241): eventCallback: Listen concurency event
V/listen_hw(  241): handle_notify_event: Exit
I/IListenReceiver( 1534): BnListenReceiver::onTransact received NOTIFY
D/(Native) ListenReceiver( 1534): notify: Audiolock mNotifyLock
D/(Native) ListenReceiver( 1534): notify: callback application
D/ListenReceiver-JNI( 1534): JNIListenReceiverListener::notify: lock mListenerLock
D/ListenReceiver-JNI( 1534): JNIListenReceiverListener::notify: data size fieldID is 0x74ae2930
D/ListenReceiver-JNI( 1534): JNIListenReceiverListener::notify() callMethod receiveEvent with mLRecvrObj=0x200aee, gEventCallbackId=0x74ae2868
D/Java ListenReceiver( 1534): receiveEvent type 8 calls processEvent
D/ListenReceiver-JNI( 1534): JNIListenReceiverListener::notify DeleteGlobalRef eventDataObj
D/ListenReceiver-JNI( 1534): JNIListenReceiverListener::notify DeleteLocalRef tmpEventDataObj
D/(Native) ListenReceiver( 1534): notify: back from callback
I/MicroRecognitionRnrImpl( 5373): Detection finished
D/audio_hw_primary(  241): adev_close_input_stream: enter:stream_handle(0xb1837a60)
D/audio_hw_primary(  241): in_standby: enter: stream (0xb1837a60) usecase(7: audio-record)
I/MicroRecognitionRnrImpl( 5373): Stopping hotword detection.
D/BluetoothAdapter(16676): 112618713: getState() :  mService = null. Returning STATE_OFF
D/BluetoothAdapter(16676): 112618713: getState() :  mService = null. Returning STATE_OFF
D/BluetoothAdapter(16676): 112618713: getState() :  mService = null. Returning STATE_OFF
D/BluetoothAdapter(16676): 112618713: getState() :  mService = null. Returning STATE_OFF
D/BluetoothAdapter(16676): 112618713: getState() :  mService = null. Returning STATE_OFF
D/BluetoothAdapter(16676): 112618713: getState() :  mService = null. Returning STATE_OFF
D/StatusBar(16676): Clicked on content of 0|com.whatsapp|1|null|10096
I/ActivityManager(  756): START u0 {flg=0x14000000 cmp=com.whatsapp/.Conversation (has extras)} from uid 10096 on display 0
V/WindowManager(  756): addAppToken: AppWindowToken{2f4b698f token=Token{197590ee ActivityRecord{33e24e69 u0 com.whatsapp/.Conversation t4974}}} to stack=1 task=4974 at 0
V/WindowManager(  756): Adding window Window{dfacfc6 u0 Starting com.whatsapp} at 9 of 13 (after Window{2e8f07bc u0 com.facebook.katana/com.facebook.katana.activity.FbMainTabActivity})
W/InputMethodManagerService(  756): Window already focused, ignoring focus gain of: com.android.internal.view.IInputMethodClient$Stub$Proxy@2d9c76dd attribute=null, token = android.os.BinderProxy@1998c667
I/AppCompatViewInflater(29521): app:theme is now deprecated. Please move to using android:theme instead.
V/WindowManager(  756): Adding window Window{189fd47f u0 com.whatsapp/com.whatsapp.Conversation} at 9 of 14 (before Window{dfacfc6 u0 Starting com.whatsapp})
I/ActivityManager(  756): Displayed com.whatsapp/.Conversation: +273ms (total +2m53s905ms)
I/Timeline(29521): Timeline: Activity_idle id: android.os.BinderProxy@3735b5f6 time:41228659
D/PhoneStatusBar(16676): disable: < expand icons* alerts system_info* back home recent clock search >
I/Timeline(  756): Timeline: Activity_windows_visible id: ActivityRecord{33e24e69 u0 com.whatsapp/.Conversation t4974} time:41229107
W/SearchService( 5373): Abort, client detached.
W/ctxmgr  ( 2159): [PowerConnectionState]Got same value as before for power connection (Plug state: 2 BatteryLevel: 0.56)
D/TaskPersister(  756): removeObsoleteFile: deleting file=4973_task.xml
D/TaskPersister(  756): removeObsoleteFile: deleting file=4973_task_thumbnail.png
I/LatinIME( 1430): Starting input. Cursor position = 0,0
I/ValidateNoPeople(  756): skipping global notification
I/LatinIME( 1430): Starting input. Cursor position = 3,3
I/ValidateNoPeople(  756): skipping global notification
E/MediaPlayer-JNI(29521): QCMediaPlayer mediaplayer NOT present
D/ExtendedUtils(  241): Try creating ExtendedExtractor
E/MM_OSAL (  241): FileSource::FileSource
E/MM_OSAL (  241): FileSource::FileSource m_bEveryThingOK 1
E/MM_OSAL (  241): MM_File_Create File Name /data/mmosal_logmask.cfg , Mode 0
E/MM_OSAL (  241): MM_File_Create failed .Efs Error No -1 , File Name /data/mmosal_logmask.cfg , Mode 0
E/MM_OSAL (  241): Open or read fail on /data/mmosal_logmask.cfg. Possible permission denied issue. Looking for /data/misc/media/mmosal_logmask.cfg
E/MM_OSAL (  241): MM_File_Create File Name /data/misc/media/mmosal_logmask.cfg , Mode 0
E/MM_OSAL (  241): MM_File_Create failed .Efs Error No -1 , File Name /data/misc/media/mmosal_logmask.cfg , Mode 0
D/ExtendedUtils(  241): Discarding default extractor and using the extended one
I/FFmpegExtractor(  241): android-source:0xb1010150
I/FFMPEG  (  241): Input #0, mov,mp4,m4a,3gp,3g2,mj2, from 'android-source:0xb1010150':
I/FFMPEG  (  241):   Metadata:
I/FFMPEG  (  241):     major_brand     : M4A 
I/FFMPEG  (  241):     minor_version   : 0
I/FFMPEG  (  241):     compatible_brands: M4A mp42isom
I/FFMPEG  (  241):     creation_time   : 2012-03-07 02:05:10
I/FFMPEG  (  241):     title           : send_message
I/FFMPEG  (  241):     compilation     : 0
I/FFMPEG  (  241):     gapless_playback: 0
I/FFMPEG  (  241):     encoder         : iTunes 10.5.2.11
I/FFMPEG  (  241):     iTunSMPB        :  00000000 00000840 000000C6 00000000000006FA 00000000 00000000 00000000 00000000 00000000 00000000 00000000 00000000
I/FFMPEG  (  241):     Encoding Params : vers
I/FFMPEG  (  241):     iTunNORM        :  0000010B 00000000 0000010B 00000000 00000000 00000000 00002EE7 00000000 00000000 00000000
I/FFMPEG  (  241):   Duration: 00:00:00.09, start: 0.000000, bitrate: 393 kb/s
I/FFMPEG  (  241):     Stream #0:0(und): Audio: aac (LC) (mp4a / 0x6134706D), 44100 Hz, mono, fltp, 40 kb/s (default)
I/FFMPEG  (  241):     Metadata:
I/FFMPEG  (  241):       creation_time   : 2012-03-07 02:05:10
D/FFmpegExtractor(  241): FFmpegExtrator, url: android-source:0xb1010150, format_name: mov,mp4,m4a,3gp,3g2,mj2, format_long_name: QuickTime / MOV
I/FFmpegExtractor(  241): adjust mime(video/mp4 -> audio/mp4a-latm)
D/FFmpegExtractor(  241): suppoted codec(aac) by official Stagefright
D/FFmpegExtractor(  241): ffmpeg detected media content as 'audio/mp4a-latm' with confidence 0.08
D/ExtendedUtils(  241): Try creating ExtendedExtractor
E/MM_OSAL (  241): FileSource::FileSource
E/MM_OSAL (  241): FileSource::FileSource m_bEveryThingOK 1
E/MM_OSAL (  241): MM_File_Create File Name /data/mmosal_logmask.cfg , Mode 0
E/MM_OSAL (  241): MM_File_Create failed .Efs Error No -1 , File Name /data/mmosal_logmask.cfg , Mode 0
E/MM_OSAL (  241): Open or read fail on /data/mmosal_logmask.cfg. Possible permission denied issue. Looking for /data/misc/media/mmosal_logmask.cfg
E/MM_OSAL (  241): MM_File_Create File Name /data/misc/media/mmosal_logmask.cfg , Mode 0
E/MM_OSAL (  241): MM_File_Create failed .Efs Error No -1 , File Name /data/misc/media/mmosal_logmask.cfg , Mode 0
D/ExtendedUtils(  241): Discarding default extractor and using the extended one
E/MediaPlayer(29521): Should have subtitle controller already set
E/MediaPlayer(29521): Should have subtitle controller already set
D/NuPlayerDriver(  241): start(0xb1a75a60)
I/GenericSource(  241): start
E/MMParserExtractor(  241): FileSource::FILE_SOURCE_DATA_END 
W/Utils   (  241): bool android::canOffloadStream(const android::sp<android::MetaData>&, bool, const android::sp<android::MetaData>&, bool, audio_stream_type_t) No sample bit depth info in meta data
E/AudioPolicyManager(  241): isOffloadSupported: stream_type != MUSIC, returning false
I/ExtendedUtils(  241): No channel mask, try channel count
I/ExtendedUtils(  241): decision 0 mime audio/mp4a-latm
E/AudioPolicyManager(  241): isOffloadSupported: stream_type != MUSIC, returning false
I/NuPlayer(  241): Could not offload audio decode, pcm offload decided :0
W/Utils   (  241): bool android::canOffloadStream(const android::sp<android::MetaData>&, bool, const android::sp<android::MetaData>&, bool, audio_stream_type_t) No sample bit depth info in meta data
E/AudioPolicyManager(  241): isOffloadSupported: stream_type != MUSIC, returning false
I/ACodec  (  241): sampleRate=44100 channels=1 bits=16
I/SoftAAC2(  241): Reconfiguring decoder: 0->44100 Hz, 0->1 channels
E/MMParserExtractor(  241): FileSource::FILE_SOURCE_DATA_END 
E/AudioTrack(  241): AudioTrack::set : Exit
D/audio_hw_primary(  241): out_set_parameters: enter: usecase(1: low-latency-playback) kvpairs: routing=2
V/listen_hw(  241): listen_hw_set_parameters: Enter
V/listen_hw(  241): handle_set_parameters: Enter kvpairs=routing=2 capture=0
V/listen_hw(  241): handle_set_parameters: Exit
V/listen_hw(  241): listen_hw_set_parameters: Exit, ret=0
D/audio_hw_primary(  241): start_output_stream: enter: stream(0xb5880740)usecase(1: low-latency-playback) devices(0x2)
D/audio_hw_primary(  241): start_output_stream: enter: usecase(1: low-latency-playback) devices(0x2)
D/audio_hw_primary(  241): select_devices: out_snd_device(2: speaker) in_snd_device(0: )
W/msm8974_platform(  241): Codec backend bitwidth 16, samplerate 48000
D/hardware_info(  241): hw_info_append_hw_type : device_name = speaker
I/msm8974_platform(  241): platform_send_audio_calibration: sending audio calibration for snd_device(2) acdb_id(15)
D/ACDB-LOADER(  241): ACDB -> send_audio_cal, acdb_id = 15, path =  0
D/ACDB-LOADER(  241): ACDB -> send_adm_topology
D/ACDB-LOADER(  241): ACDB -> ACDB_CMD_GET_AUDPROC_COMMON_TOPOLOGY_ID
D/ACDB-LOADER(  241): ACDB -> send_asm_topology
D/ACDB-LOADER(  241): ACDB -> ACDB_CMD_GET_AUDPROC_STREAM_TOPOLOGY_ID
D/ACDB-LOADER(  241): ACDB -> send_audtable
D/ACDB-LOADER(  241): ACDB -> ACDB_CMD_GET_AUDPROC_COMMON_TABLE
D/ACDB-LOADER(  241): ACDB -> AUDIO_SET_AUDPROC_CAL
D/ACDB-LOADER(  241): ACDB -> send_audvoltable
D/ACDB-LOADER(  241): ACDB -> ACDB_CMD_GET_AUDPROC_GAIN_DEP_STEP_TABLE
D/        (  241): Failed to fetch the lookup information of the device 0000000F 
E/ACDB-LOADER(  241): Error: ACDB AudProc vol returned = -19
D/ACDB-LOADER(  241): ACDB -> AUDIO_SET_AUDPROC_VOL_CAL
D/ACDB-LOADER(  241): ACDB -> send_afe_cal
D/ACDB-LOADER(  241): ACDB -> ACDB_CMD_GET_AFE_COMMON_TABLE
D/        (  241): Failed to fetch the lookup information of the device 0000000F 
E/ACDB-LOADER(  241): Error: ACDB AFE returned = -19
D/ACDB-LOADER(  241): ACDB -> AUDIO_SET_AFE_CAL
D/audio_hw_primary(  241): select_devices: done
I/PhenotypeFlagCommitter( 1802): Experiment Configs successfully retrieved for com.google.android.gms.playlog.uploader
I/GoogleURLConnFactory( 1802): Using platform SSLCertificateSocketFactory
W/ctxmgr  ( 2159): [PowerConnectionState]Got same value as before for power connection (Plug state: 2 BatteryLevel: 0.56)
D/audio_hw_primary(  241): out_standby: enter: stream (0xb5880740) usecase(1: low-latency-playback)
D/hardware_info(  241): hw_info_append_hw_type : device_name = speaker
V/GLSActivity( 1802): AuthDelegateWrapperCreated with selected intent: Intent { cmp=com.google.android.gms/.auth.DefaultAuthDelegateService }
V/GLSActivity( 1802): AuthDelegateWrapperCreated with selected intent: Intent { cmp=com.google.android.gms/.auth.DefaultAuthDelegateService }
I/LatinIME( 1430): Starting input. Cursor position = 22,22
I/ValidateNoPeople(  756): skipping global notification
D/NuPlayerDriver(  241): stop(0xb1a75a60)
D/NuPlayerDriver(  241): reset(0xb1a75a60)
D/NuPlayerDriver(  241): notifyResetComplete(0xb1a75a60)
E/MediaPlayer-JNI(29521): QCMediaPlayer mediaplayer NOT present
D/ExtendedUtils(  241): Try creating ExtendedExtractor
E/MM_OSAL (  241): FileSource::FileSource
E/MM_OSAL (  241): FileSource::FileSource m_bEveryThingOK 1
E/MM_OSAL (  241): MM_File_Create File Name /data/mmosal_logmask.cfg , Mode 0
E/MM_OSAL (  241): MM_File_Create failed .Efs Error No -1 , File Name /data/mmosal_logmask.cfg , Mode 0
E/MM_OSAL (  241): Open or read fail on /data/mmosal_logmask.cfg. Possible permission denied issue. Looking for /data/misc/media/mmosal_logmask.cfg
E/MM_OSAL (  241): MM_File_Create File Name /data/misc/media/mmosal_logmask.cfg , Mode 0
E/MM_OSAL (  241): MM_File_Create failed .Efs Error No -1 , File Name /data/misc/media/mmosal_logmask.cfg , Mode 0
D/ExtendedUtils(  241): Discarding default extractor and using the extended one
I/FFmpegExtractor(  241): android-source:0xb1010150
I/FFMPEG  (  241): Input #0, mov,mp4,m4a,3gp,3g2,mj2, from 'android-source:0xb1010150':
I/FFMPEG  (  241):   Metadata:
I/FFMPEG  (  241):     major_brand     : M4A 
I/FFMPEG  (  241):     minor_version   : 0
I/FFMPEG  (  241):     compatible_brands: M4A mp42isom
I/FFMPEG  (  241):     creation_time   : 2012-03-07 02:05:10
I/FFMPEG  (  241):     title           : send_message
I/FFMPEG  (  241):     compilation     : 0
I/FFMPEG  (  241):     gapless_playback: 0
I/FFMPEG  (  241):     encoder         : iTunes 10.5.2.11
I/FFMPEG  (  241):     iTunSMPB        :  00000000 00000840 000000C6 00000000000006FA 00000000 00000000 00000000 00000000 00000000 00000000 00000000 00000000
I/FFMPEG  (  241):     Encoding Params : vers
I/FFMPEG  (  241):     iTunNORM        :  0000010B 00000000 0000010B 00000000 00000000 00000000 00002EE7 00000000 00000000 00000000
I/FFMPEG  (  241):   Duration: 00:00:00.09, start: 0.000000, bitrate: 393 kb/s
I/FFMPEG  (  241):     Stream #0:0(und): Audio: aac (LC) (mp4a / 0x6134706D), 44100 Hz, mono, fltp, 40 kb/s (default)
I/FFMPEG  (  241):     Metadata:
I/FFMPEG  (  241):       creation_time   : 2012-03-07 02:05:10
D/FFmpegExtractor(  241): FFmpegExtrator, url: android-source:0xb1010150, format_name: mov,mp4,m4a,3gp,3g2,mj2, format_long_name: QuickTime / MOV
I/FFmpegExtractor(  241): adjust mime(video/mp4 -> audio/mp4a-latm)
D/FFmpegExtractor(  241): suppoted codec(aac) by official Stagefright
D/FFmpegExtractor(  241): ffmpeg detected media content as 'audio/mp4a-latm' with confidence 0.08
D/ExtendedUtils(  241): Try creating ExtendedExtractor
E/MM_OSAL (  241): FileSource::FileSource
E/MM_OSAL (  241): FileSource::FileSource m_bEveryThingOK 1
E/MM_OSAL (  241): MM_File_Create File Name /data/mmosal_logmask.cfg , Mode 0
E/MM_OSAL (  241): MM_File_Create failed .Efs Error No -1 , File Name /data/mmosal_logmask.cfg , Mode 0
E/MM_OSAL (  241): Open or read fail on /data/mmosal_logmask.cfg. Possible permission denied issue. Looking for /data/misc/media/mmosal_logmask.cfg
E/MM_OSAL (  241): MM_File_Create File Name /data/misc/media/mmosal_logmask.cfg , Mode 0
E/MM_OSAL (  241): MM_File_Create failed .Efs Error No -1 , File Name /data/misc/media/mmosal_logmask.cfg , Mode 0
D/ExtendedUtils(  241): Discarding default extractor and using the extended one
E/MediaPlayer(29521): Should have subtitle controller already set
E/MediaPlayer(29521): Should have subtitle controller already set
D/NuPlayerDriver(  241): start(0xb1a75a60)
I/GenericSource(  241): start
E/MMParserExtractor(  241): FileSource::FILE_SOURCE_DATA_END 
W/Utils   (  241): bool android::canOffloadStream(const android::sp<android::MetaData>&, bool, const android::sp<android::MetaData>&, bool, audio_stream_type_t) No sample bit depth info in meta data
E/AudioPolicyManager(  241): isOffloadSupported: stream_type != MUSIC, returning false
I/ExtendedUtils(  241): No channel mask, try channel count
I/ExtendedUtils(  241): decision 0 mime audio/mp4a-latm
E/AudioPolicyManager(  241): isOffloadSupported: stream_type != MUSIC, returning false
I/NuPlayer(  241): Could not offload audio decode, pcm offload decided :0
W/Utils   (  241): bool android::canOffloadStream(const android::sp<android::MetaData>&, bool, const android::sp<android::MetaData>&, bool, audio_stream_type_t) No sample bit depth info in meta data
E/AudioPolicyManager(  241): isOffloadSupported: stream_type != MUSIC, returning false
I/ACodec  (  241): sampleRate=44100 channels=1 bits=16
I/SoftAAC2(  241): Reconfiguring decoder: 0->44100 Hz, 0->1 channels
E/MMParserExtractor(  241): FileSource::FILE_SOURCE_DATA_END 
E/AudioTrack(  241): AudioTrack::set : Exit
D/audio_hw_primary(  241): out_set_parameters: enter: usecase(1: low-latency-playback) kvpairs: routing=2
V/listen_hw(  241): listen_hw_set_parameters: Enter
V/listen_hw(  241): handle_set_parameters: Enter kvpairs=routing=2 capture=0
V/listen_hw(  241): handle_set_parameters: Exit
V/listen_hw(  241): listen_hw_set_parameters: Exit, ret=0
D/audio_hw_primary(  241): start_output_stream: enter: stream(0xb5880740)usecase(1: low-latency-playback) devices(0x2)
D/audio_hw_primary(  241): start_output_stream: enter: usecase(1: low-latency-playback) devices(0x2)
D/audio_hw_primary(  241): select_devices: out_snd_device(2: speaker) in_snd_device(0: )
W/msm8974_platform(  241): Codec backend bitwidth 16, samplerate 48000
D/hardware_info(  241): hw_info_append_hw_type : device_name = speaker
I/msm8974_platform(  241): platform_send_audio_calibration: sending audio calibration for snd_device(2) acdb_id(15)
D/ACDB-LOADER(  241): ACDB -> send_audio_cal, acdb_id = 15, path =  0
D/ACDB-LOADER(  241): ACDB -> send_adm_topology
D/ACDB-LOADER(  241): ACDB -> ACDB_CMD_GET_AUDPROC_COMMON_TOPOLOGY_ID
D/ACDB-LOADER(  241): ACDB -> send_asm_topology
D/ACDB-LOADER(  241): ACDB -> ACDB_CMD_GET_AUDPROC_STREAM_TOPOLOGY_ID
D/ACDB-LOADER(  241): ACDB -> send_audtable
D/ACDB-LOADER(  241): ACDB -> ACDB_CMD_GET_AUDPROC_COMMON_TABLE
D/ACDB-LOADER(  241): ACDB -> AUDIO_SET_AUDPROC_CAL
D/ACDB-LOADER(  241): ACDB -> send_audvoltable
D/ACDB-LOADER(  241): ACDB -> ACDB_CMD_GET_AUDPROC_GAIN_DEP_STEP_TABLE
D/        (  241): Failed to fetch the lookup information of the device 0000000F 
