--------- beginning of system
W/ActivityManager(  756): getTasks: caller 10096 does not hold REAL_GET_TASKS; limiting output
I/ValidateNoPeople(  756): Validating: 0|com.whatsapp|1|null|10096
I/ValidateNoPeople(  756): Executing: validation for: 0|com.whatsapp|1|null|10096
I/ValidateNoPeople(  756): final affinity: 0.5
W/ActivityManager(  756): getTasks: caller 10096 does not hold REAL_GET_TASKS; limiting output
I/ValidateNoPeople(  756): Validating: 0|com.whatsapp|1|null|10096
I/ValidateNoPeople(  756): final affinity: 0.5
W/ActivityManager(  756): getTasks: caller 10096 does not hold REAL_GET_TASKS; limiting output
I/ValidateNoPeople(  756): Validating: 0|com.whatsapp|1|null|10096
I/ValidateNoPeople(  756): final affinity: 0.5
I/ActivityManager(  756): START u0 {flg=0x14000000 cmp=com.whatsapp/.Conversation (has extras)} from uid 10096 on display 0
V/WindowManager(  756): addAppToken: AppWindowToken{2c43b2ca token=Token{18469e35 ActivityRecord{3ddbb86c u0 com.whatsapp/.Conversation t4952}}} to stack=1 task=4952 at 2
V/WindowManager(  756): Adding window Window{2d01ef58 u0 com.whatsapp/com.whatsapp.Conversation} at 10 of 14 (after Window{2f8c6bb1 u0 com.whatsapp/com.whatsapp.HomeActivity})
I/ValidateNoPeople(  756): skipping global notification
I/ValidateNoPeople(  756): skipping global notification
I/ValidateNoPeople(  756): skipping global notification
I/ValidateNoPeople(  756): skipping global notification
I/ValidateNoPeople(  756): skipping global notification
I/ValidateNoPeople(  756): skipping global notification
I/ActivityManager(  756): START u0 {act=android.intent.action.MAIN cat=[android.intent.category.HOME] flg=0x10200000 cmp=com.google.android.googlequicksearchbox/com.google.android.launcher.GEL} from uid 1000 on display 0
I/ValidateNoPeople(  756): skipping global notification
I/UsageStatsService(  756): User[0] Flushing usage stats to disk
W/ActivityManager(  756): getTasks: caller 10096 does not hold REAL_GET_TASKS; limiting output
I/ValidateNoPeople(  756): Validating: 0|com.whatsapp|1|null|10096
I/ValidateNoPeople(  756): Executing: validation for: 0|com.whatsapp|1|null|10096
I/ValidateNoPeople(  756): final affinity: 0.5
W/ActivityManager(  756): getTasks: caller 10096 does not hold REAL_GET_TASKS; limiting output
I/ValidateNoPeople(  756): Validating: 0|com.whatsapp|1|null|10096
I/ValidateNoPeople(  756): final affinity: 0.5
I/ActivityManager(  756): Start proc 12049:com.android.defcontainer/u0a9 for service com.android.defcontainer/.DefaultContainerService
D/DefContainer(12049): Copying /data/local/tmp/com.sveder.cardboardpassthrough to base.apk
D/PackageManager(  756): Renaming /data/app/vmdl642659581.tmp to /data/app/com.sveder.cardboardpassthrough-1
I/ActivityManager(  756): Force stopping com.sveder.cardboardpassthrough appid=10118 user=-1: uninstall pkg
I/PackageManager(  756): Package com.sveder.cardboardpassthrough codePath changed from /data/app/com.sveder.cardboardpassthrough-2 to /data/app/com.sveder.cardboardpassthrough-1; Retaining data and using new
W/PackageManager(  756): Code path for pkg : com.sveder.cardboardpassthrough changing from /data/app/com.sveder.cardboardpassthrough-2 to /data/app/com.sveder.cardboardpassthrough-1
I/ActivityManager(  756): Force stopping com.sveder.cardboardpassthrough appid=10118 user=-1: update pkg
W/PackageManager(  756): Resource path for pkg : com.sveder.cardboardpassthrough changing from /data/app/com.sveder.cardboardpassthrough-2 to /data/app/com.sveder.cardboardpassthrough-1
I/ActivityManager(  756): Force stopping com.sveder.cardboardpassthrough appid=10118 user=0: pkg removed
I/ActivityManager(  756): Killing 10414:com.android.keychain/1000 (adj 15): empty #17
D/BackupManagerService(  756): Received broadcast Intent { act=android.intent.action.PACKAGE_REMOVED dat=package:com.sveder.cardboardpassthrough flg=0x4000010 (has extras) }
D/JobSchedulerService(  756): Receieved: android.intent.action.PACKAGE_REMOVED
D/BackupManagerService(  756): Received broadcast Intent { act=android.intent.action.PACKAGE_ADDED dat=package:com.sveder.cardboardpassthrough flg=0x4000010 (has extras) }
W/BackupManagerService(  756): Removing schedule queue dupe of com.sveder.cardboardpassthrough
I/ActivityManager(  756): Start proc 12080:com.android.keychain/1000 for broadcast com.android.keychain/.KeyChainBroadcastReceiver
W/ContextImpl(12080): Calling a method in the system process without a qualified user: android.app.ContextImpl.startService:1734 android.content.ContextWrapper.startService:522 android.content.ContextWrapper.startService:522 com.android.keychain.KeyChainBroadcastReceiver.onReceive:12 android.app.ActivityThread.handleReceiver:2642 
W/ResourcesManager( 1617): Asset path '/system/framework/com.google.android.maps.jar' does not exist or contains no resources.
I/ActivityManager(  756): Killing 10557:com.google.android.apps.cloudprint/u0a42 (adj 15): empty #17
W/ResourcesManager( 1617): Asset path '/system/framework/com.google.android.maps.jar' does not exist or contains no resources.
I/ActivityManager(  756): START u0 {act=android.intent.action.MAIN cat=[android.intent.category.LAUNCHER] flg=0x10000000 cmp=com.sveder.cardboardpassthrough/.MainActivity} from uid 2000 on display 0
V/WindowManager(  756): addAppToken: AppWindowToken{3a759486 token=Token{25084161 ActivityRecord{19d67cc8 u0 com.sveder.cardboardpassthrough/.MainActivity t4961}}} to stack=1 task=4961 at 0
V/WindowManager(  756): Adding window Window{39122b36 u0 Starting com.sveder.cardboardpassthrough} at 11 of 15 (after Window{2d01ef58 u0 com.whatsapp/com.whatsapp.Conversation})
I/ActivityManager(  756): Start proc 12143:com.sveder.cardboardpassthrough/u0a118 for activity com.sveder.cardboardpassthrough/.MainActivity
V/ActivityManager(  756): Display changed displayId=0
I/ActivityManager(  756): Config changes=480 {1.0 724mcc10mnc pt_BR ?layoutDir sw360dp w640dp h335dp 480dpi nrml long land finger -keyb/v/h -nav/h s.100 themeResource=null}
I/ActivityManager(  756): Start proc 12164:com.google.android.apps.cloudprint/u0a42 for broadcast com.google.android.apps.cloudprint/.printdialog.receivers.UpgradeBroadcastReceiver
V/WindowManager(  756): Adding window Window{1cde0441 u0 com.sveder.cardboardpassthrough/com.sveder.cardboardpassthrough.MainActivity} at 11 of 16 (before Window{39122b36 u0 Starting com.sveder.cardboardpassthrough})
V/WindowManager(  756): Adding window Window{2ed9e5d4 u0 SurfaceView} at 11 of 17 (before Window{1cde0441 u0 com.sveder.cardboardpassthrough/com.sveder.cardboardpassthrough.MainActivity})
V/WindowManager(  756): Layouts looping: On entry to LockedInner, mPendingLayoutChanges = 0x1
V/WindowManager(  756): Layouts looping: loop number 4, mPendingLayoutChanges = 0x0
V/WindowManager(  756): Layouts looping: after finishPostLayoutPolicyLw, mPendingLayoutChanges = 0x0
V/WindowManager(  756): Layouts looping: mLayoutNeeded, mPendingLayoutChanges = 0x1
V/WindowManager(  756): Layouts looping: On entry to LockedInner, mPendingLayoutChanges = 0x1
V/WindowManager(  756): Layouts looping: loop number 5, mPendingLayoutChanges = 0x0
V/WindowManager(  756): Layouts looping: after finishPostLayoutPolicyLw, mPendingLayoutChanges = 0x0
V/WindowManager(  756): Layouts looping: mLayoutNeeded, mPendingLayoutChanges = 0x1
E/WindowManager(  756): Performed 6 layouts in a row. Skipping
I/WindowManager(  756): Screen frozen for +646ms due to Window{2ed9e5d4 u0 SurfaceView}
D/TaskPersister(  756): removeObsoleteFile: deleting file=4960_task.xml
D/TaskPersister(  756): removeObsoleteFile: deleting file=4960_task_thumbnail.png
I/ActivityManager(  756): Killing 10763:com.google.android.apps.walletnfcrel/u0a108 (adj 15): empty #17
V/ActivityManager(  756): Display changed displayId=0
I/ActivityManager(  756): Config changes=480 {1.0 724mcc10mnc pt_BR ?layoutDir sw360dp w360dp h615dp 480dpi nrml long port finger -keyb/v/h -nav/h s.101 themeResource=null}
--------- beginning of crash
E/AndroidRuntime(12143): FATAL EXCEPTION: main
E/AndroidRuntime(12143): Process: com.sveder.cardboardpassthrough, PID: 12143
E/AndroidRuntime(12143): java.lang.RuntimeException: Unable to unbind to service com.sveder.cardboardpassthrough.CameraService@16a058df with Intent { cmp=com.sveder.cardboardpassthrough/.CameraService }: java.lang.IllegalArgumentException: Receiver not registered: null
E/AndroidRuntime(12143): 	at android.app.ActivityThread.handleUnbindService(ActivityThread.java:2861)
E/AndroidRuntime(12143): 	at android.app.ActivityThread.access$2100(ActivityThread.java:154)
E/AndroidRuntime(12143): 	at android.app.ActivityThread$H.handleMessage(ActivityThread.java:1414)
E/AndroidRuntime(12143): 	at android.os.Handler.dispatchMessage(Handler.java:102)
E/AndroidRuntime(12143): 	at android.os.Looper.loop(Looper.java:135)
E/AndroidRuntime(12143): 	at android.app.ActivityThread.main(ActivityThread.java:5292)
E/AndroidRuntime(12143): 	at java.lang.reflect.Method.invoke(Native Method)
E/AndroidRuntime(12143): 	at java.lang.reflect.Method.invoke(Method.java:372)
E/AndroidRuntime(12143): 	at com.android.internal.os.ZygoteInit$MethodAndArgsCaller.run(ZygoteInit.java:904)
E/AndroidRuntime(12143): 	at com.android.internal.os.ZygoteInit.main(ZygoteInit.java:699)
E/AndroidRuntime(12143): Caused by: java.lang.IllegalArgumentException: Receiver not registered: null
E/AndroidRuntime(12143): 	at android.app.LoadedApk.forgetReceiverDispatcher(LoadedApk.java:766)
E/AndroidRuntime(12143): 	at android.app.ContextImpl.unregisterReceiver(ContextImpl.java:1708)
E/AndroidRuntime(12143): 	at android.content.ContextWrapper.unregisterReceiver(ContextWrapper.java:517)
E/AndroidRuntime(12143): 	at com.sveder.cardboardpassthrough.CameraService.onUnbind(CameraService.java:104)
E/AndroidRuntime(12143): 	at android.app.ActivityThread.handleUnbindService(ActivityThread.java:2848)
E/AndroidRuntime(12143): 	... 9 more
I/WindowManager(  756): Screen frozen for +309ms due to Window{2dc3d915 u0 com.android.systemui.ImageWallpaper}
W/InputMethodManagerService(  756): Window already focused, ignoring focus gain of: com.android.internal.view.IInputMethodClient$Stub$Proxy@2b7d80da attribute=null, token = android.os.BinderProxy@1998c667
I/WindowState(  756): WIN DEATH: Window{1cde0441 u0 com.sveder.cardboardpassthrough/com.sveder.cardboardpassthrough.MainActivity}
W/WindowManager(  756): Force-removing child win Window{2ed9e5d4 u0 SurfaceView} from container Window{1cde0441 u0 com.sveder.cardboardpassthrough/com.sveder.cardboardpassthrough.MainActivity}
W/WindowManager(  756): Failed looking up window
W/WindowManager(  756): java.lang.IllegalArgumentException: Requested window android.os.BinderProxy@2c9cef27 does not exist
W/WindowManager(  756): 	at com.android.server.wm.WindowManagerService.windowForClientLocked(WindowManagerService.java:8758)
W/WindowManager(  756): 	at com.android.server.wm.WindowManagerService.windowForClientLocked(WindowManagerService.java:8749)
W/WindowManager(  756): 	at com.android.server.wm.WindowState$DeathRecipient.binderDied(WindowState.java:1140)
W/WindowManager(  756): 	at android.os.BinderProxy.sendDeathNotice(Binder.java:551)
I/WindowState(  756): WIN DEATH: null
I/ActivityManager(  756): Process com.sveder.cardboardpassthrough (pid 12143) has died
I/ActivityManager(  756): START u0 {act=com.android.systemui.recents.SHOW_RECENTS flg=0x10804000 cmp=com.android.systemui/.recents.RecentsActivity} from uid 10004 on display 0
V/WindowManager(  756): Adding window Window{3427d48a u0 com.android.systemui/com.android.systemui.recents.RecentsActivity} at 10 of 14 (after Window{d2a0c14 u0 com.google.android.googlequicksearchbox/com.google.android.launcher.GEL})
D/TaskPersister(  756): removeObsoleteFile: deleting file=4961_task.xml
D/TaskPersister(  756): removeObsoleteFile: deleting file=4961_task_thumbnail.png
D/BackupManagerService(  756): Received broadcast Intent { act=android.intent.action.PACKAGE_CHANGED dat=package:com.google.android.gms flg=0x4000010 (has extras) }
I/BackupManagerService(  756): Unbinding ComponentInfo{com.google.android.gms/com.google.android.gms.backup.BackupTransportService}
I/BackupManagerService(  756): Binding to transport host ComponentInfo{com.google.android.gms/com.google.android.gms.backup.BackupTransportService}
I/ActivityManager(  756): Start proc 12341:com.google.android.apps.walletnfcrel/u0a108 for broadcast com.google.android.apps.walletnfcrel/com.google.commerce.tapandpay.android.account.RefreshActiveAccountReceiver
W/ResourcesManager(12341): Asset path '/system/framework/com.android.media.remotedisplay.jar' does not exist or contains no resources.
W/ResourcesManager(12341): Asset path '/system/framework/com.android.location.provider.jar' does not exist or contains no resources.
V/BackupManagerService(  756): Connected to transport ComponentInfo{com.google.android.gms/com.google.android.gms.backup.BackupTransportService}
V/BackupManagerService(  756): Registering transport com.google.android.gms/.backup.BackupTransportService::com.google.android.gms/.backup.BackupTransportService = com.android.internal.backup.IBackupTransport$Stub$Proxy@3f31857c
I/ActivityManager(  756): Killing 10061:com.google.android.apps.inbox/u0a65 (adj 15): empty #17
I/ActivityManager(  756): START u0 {act=android.intent.action.MAIN cat=[android.intent.category.HOME] flg=0x10200000 cmp=com.google.android.googlequicksearchbox/com.google.android.launcher.GEL} from uid 10004 on display 0
I/ActivityManager(  756): START u0 {flg=0x14000000 cmp=com.whatsapp/.Conversation (has extras)} from uid 10096 on display 0
V/WindowManager(  756): addAppToken: AppWindowToken{74d582f token=Token{9e5960e ActivityRecord{18e8b409 u0 com.whatsapp/.Conversation t4952}}} to stack=1 task=4952 at 2
W/InputMethodManagerService(  756): Focus gain on non-focused client com.android.internal.view.IInputMethodClient$Stub$Proxy@1194bb0b (uid=10027 pid=1617)
V/WindowManager(  756): Adding window Window{55f87c5 u0 com.whatsapp/com.whatsapp.Conversation} at 10 of 14 (after Window{2f8c6bb1 u0 com.whatsapp/com.whatsapp.HomeActivity})
I/ValidateNoPeople(  756): skipping global notification
I/ValidateNoPeople(  756): skipping global notification
I/ValidateNoPeople(  756): skipping global notification
I/ActivityManager(  756): START u0 {act=android.intent.action.MAIN cat=[android.intent.category.HOME] flg=0x10200000 cmp=com.google.android.googlequicksearchbox/com.google.android.launcher.GEL} from uid 1000 on display 0
I/ValidateNoPeople(  756): skipping global notification
I/ActivityManager(  756): Start proc 13227:com.google.android.apps.inbox/u0a65 for service com.google.android.apps.inbox/com.google.android.apps.bigtop.service.BigTopSyncService
W/ResourcesManager(10078): Asset path '/system/framework/com.android.media.remotedisplay.jar' does not exist or contains no resources.
W/ResourcesManager(10078): Asset path '/system/framework/com.android.location.provider.jar' does not exist or contains no resources.
D/ConnectivityService(  756): listenForNetwork for NetworkRequest [ id=44, legacyType=-1, [ Capabilities: NOT_RESTRICTED&TRUSTED&NOT_VPN] ]
D/ConnectivityService(  756): handleRegisterNetworkRequest checking NetworkAgentInfo [WIFI () - 104]
D/ConnectivityService(  756): apparently satisfied.  currentScore=60
W/ResourcesManager(13227): Asset path '/system/framework/com.android.media.remotedisplay.jar' does not exist or contains no resources.
W/ResourcesManager(13227): Asset path '/system/framework/com.android.location.provider.jar' does not exist or contains no resources.
I/ActivityManager(  756): Killing 11497:com.google.android.apps.photos/u0a80 (adj 15): empty #17
W/ActivityManager(  756): getTasks: caller 10096 does not hold REAL_GET_TASKS; limiting output
I/ValidateNoPeople(  756): Validating: 0|com.whatsapp|1|null|10096
I/ValidateNoPeople(  756): Executing: validation for: 0|com.whatsapp|1|null|10096
I/ValidateNoPeople(  756): final affinity: 0.5
W/ActivityManager(  756): getTasks: caller 10096 does not hold REAL_GET_TASKS; limiting output
I/ValidateNoPeople(  756): Validating: 0|com.whatsapp|1|null|10096
I/ValidateNoPeople(  756): final affinity: 0.5
D/ConnectivityService(  756): releasing NetworkRequest NetworkRequest [ id=44, legacyType=-1, [ Capabilities: NOT_RESTRICTED&TRUSTED&NOT_VPN] ]
W/ProcessCpuTracker(  756): Skipping unknown process pid 14390
D/ConnectivityService(  756): notifyType IP_CHANGED for NetworkAgentInfo [WIFI () - 104]
D/ConnectivityService(  756): NetworkAgentInfo [WIFI () - 104] EVENT_NETWORK_INFO_CHANGED, going from CONNECTED to CONNECTING
D/ConnectivityService(  756): NetworkAgentInfo [WIFI () - 104] EVENT_NETWORK_INFO_CHANGED, going from CONNECTING to CONNECTED
I/ProcessStatsService(  756): Prepared write state in 23ms
I/ValidateNoPeople(  756): skipping global notification
W/InputMethodManagerService(  756): Window already focused, ignoring focus gain of: com.android.internal.view.IInputMethodClient$Stub$Proxy@985e429 attribute=null, token = android.os.BinderProxy@1998c667
I/ActivityManager(  756): START u0 {act=android.intent.action.MAIN cat=[android.intent.category.HOME] flg=0x10200000 cmp=com.google.android.googlequicksearchbox/com.google.android.launcher.GEL} from uid 1000 on display 0
I/ValidateNoPeople(  756): skipping global notification
I/ValidateNoPeople(  756): skipping global notification
I/ActivityManager(  756): START u0 {flg=0x14000000 cmp=com.whatsapp/.Conversation (has extras)} from uid 10096 on display 0
V/WindowManager(  756): addAppToken: AppWindowToken{13ced0d3 token=Token{393cbac2 ActivityRecord{230f6b0d u0 com.whatsapp/.Conversation t4952}}} to stack=1 task=4952 at 2
W/InputMethodManagerService(  756): Window already focused, ignoring focus gain of: com.android.internal.view.IInputMethodClient$Stub$Proxy@9fc10e attribute=null, token = android.os.BinderProxy@1998c667
V/WindowManager(  756): Adding window Window{3660b13c u0 com.whatsapp/com.whatsapp.Conversation} at 10 of 14 (after Window{2f8c6bb1 u0 com.whatsapp/com.whatsapp.HomeActivity})
I/ValidateNoPeople(  756): skipping global notification
I/ValidateNoPeople(  756): skipping global notification
I/ValidateNoPeople(  756): skipping global notification
I/ValidateNoPeople(  756): skipping global notification
I/ValidateNoPeople(  756): skipping global notification
I/ValidateNoPeople(  756): skipping global notification
I/ActivityManager(  756): START u0 {act=android.intent.action.MAIN cat=[android.intent.category.HOME] flg=0x10200000 cmp=com.google.android.googlequicksearchbox/com.google.android.launcher.GEL} from uid 1000 on display 0
I/ValidateNoPeople(  756): skipping global notification
D/DefContainer(12049): Copying /data/local/tmp/com.sveder.cardboardpassthrough to base.apk
D/PackageManager(  756): Renaming /data/app/vmdl880968667.tmp to /data/app/com.sveder.cardboardpassthrough-2
I/ActivityManager(  756): Force stopping com.sveder.cardboardpassthrough appid=10118 user=-1: uninstall pkg
I/PackageManager(  756): Package com.sveder.cardboardpassthrough codePath changed from /data/app/com.sveder.cardboardpassthrough-1 to /data/app/com.sveder.cardboardpassthrough-2; Retaining data and using new
I/ActivityManager(  756): Force stopping com.sveder.cardboardpassthrough appid=10118 user=-1: update pkg
W/PackageManager(  756): Code path for pkg : com.sveder.cardboardpassthrough changing from /data/app/com.sveder.cardboardpassthrough-1 to /data/app/com.sveder.cardboardpassthrough-2
W/PackageManager(  756): Resource path for pkg : com.sveder.cardboardpassthrough changing from /data/app/com.sveder.cardboardpassthrough-1 to /data/app/com.sveder.cardboardpassthrough-2
I/ActivityManager(  756): Force stopping com.sveder.cardboardpassthrough appid=10118 user=0: pkg removed
W/ContextImpl(12080): Calling a method in the system process without a qualified user: android.app.ContextImpl.startService:1734 android.content.ContextWrapper.startService:522 android.content.ContextWrapper.startService:522 com.android.keychain.KeyChainBroadcastReceiver.onReceive:12 android.app.ActivityThread.handleReceiver:2642 
D/BackupManagerService(  756): Received broadcast Intent { act=android.intent.action.PACKAGE_REMOVED dat=package:com.sveder.cardboardpassthrough flg=0x4000010 (has extras) }
D/JobSchedulerService(  756): Receieved: android.intent.action.PACKAGE_REMOVED
D/BackupManagerService(  756): Received broadcast Intent { act=android.intent.action.PACKAGE_ADDED dat=package:com.sveder.cardboardpassthrough flg=0x4000010 (has extras) }
W/BackupManagerService(  756): Removing schedule queue dupe of com.sveder.cardboardpassthrough
W/ResourcesManager( 1617): Asset path '/system/framework/com.google.android.maps.jar' does not exist or contains no resources.
W/ResourcesManager( 1617): Asset path '/system/framework/com.google.android.maps.jar' does not exist or contains no resources.
I/ActivityManager(  756): START u0 {act=android.intent.action.MAIN cat=[android.intent.category.LAUNCHER] flg=0x10000000 cmp=com.sveder.cardboardpassthrough/.MainActivity} from uid 2000 on display 0
V/WindowManager(  756): addAppToken: AppWindowToken{6afdb77 token=Token{94e7976 ActivityRecord{2c32e411 u0 com.sveder.cardboardpassthrough/.MainActivity t4962}}} to stack=1 task=4962 at 0
V/WindowManager(  756): Adding window Window{189067 u0 Starting com.sveder.cardboardpassthrough} at 11 of 15 (after Window{3660b13c u0 com.whatsapp/com.whatsapp.Conversation})
I/ActivityManager(  756): Start proc 15592:com.sveder.cardboardpassthrough/u0a118 for activity com.sveder.cardboardpassthrough/.MainActivity
V/ActivityManager(  756): Display changed displayId=0
I/ActivityManager(  756): Config changes=480 {1.0 724mcc10mnc pt_BR ?layoutDir sw360dp w640dp h335dp 480dpi nrml long land finger -keyb/v/h -nav/h s.102 themeResource=null}
V/WindowManager(  756): Adding window Window{2ce940b0 u0 com.sveder.cardboardpassthrough/com.sveder.cardboardpassthrough.MainActivity} at 11 of 16 (before Window{189067 u0 Starting com.sveder.cardboardpassthrough})
V/WindowManager(  756): Adding window Window{1fd17eae u0 SurfaceView} at 11 of 17 (before Window{2ce940b0 u0 com.sveder.cardboardpassthrough/com.sveder.cardboardpassthrough.MainActivity})
V/WindowManager(  756): Layouts looping: On entry to LockedInner, mPendingLayoutChanges = 0x1
V/WindowManager(  756): Layouts looping: loop number 4, mPendingLayoutChanges = 0x0
V/WindowManager(  756): Layouts looping: after finishPostLayoutPolicyLw, mPendingLayoutChanges = 0x0
V/WindowManager(  756): Layouts looping: mLayoutNeeded, mPendingLayoutChanges = 0x1
V/WindowManager(  756): Layouts looping: On entry to LockedInner, mPendingLayoutChanges = 0x1
V/WindowManager(  756): Layouts looping: loop number 5, mPendingLayoutChanges = 0x0
V/WindowManager(  756): Layouts looping: after finishPostLayoutPolicyLw, mPendingLayoutChanges = 0x0
V/WindowManager(  756): Layouts looping: mLayoutNeeded, mPendingLayoutChanges = 0x1
E/WindowManager(  756): Performed 6 layouts in a row. Skipping
V/WindowManager(  756): Layouts looping: On entry to LockedInner, mPendingLayoutChanges = 0x1
V/WindowManager(  756): Layouts looping: loop number 4, mPendingLayoutChanges = 0x0
V/WindowManager(  756): Layouts looping: after finishPostLayoutPolicyLw, mPendingLayoutChanges = 0x0
V/WindowManager(  756): Layouts looping: mLayoutNeeded, mPendingLayoutChanges = 0x1
V/WindowManager(  756): Layouts looping: On entry to LockedInner, mPendingLayoutChanges = 0x1
V/WindowManager(  756): Layouts looping: loop number 5, mPendingLayoutChanges = 0x0
V/WindowManager(  756): Layouts looping: after finishPostLayoutPolicyLw, mPendingLayoutChanges = 0x0
V/WindowManager(  756): Layouts looping: mLayoutNeeded, mPendingLayoutChanges = 0x1
E/WindowManager(  756): Performed 6 layouts in a row. Skipping
I/WindowManager(  756): Screen frozen for +442ms due to Window{1fd17eae u0 SurfaceView}
I/ActivityManager(  756): START u0 {act=com.android.systemui.recents.SHOW_RECENTS flg=0x10804000 cmp=com.android.systemui/.recents.RecentsActivity} from uid 10004 on display 0
E/AndroidRuntime(15592): FATAL EXCEPTION: main
E/AndroidRuntime(15592): Process: com.sveder.cardboardpassthrough, PID: 15592
E/AndroidRuntime(15592): java.lang.RuntimeException: Unable to unbind to service com.sveder.cardboardpassthrough.CameraService@2feab939 with Intent { cmp=com.sveder.cardboardpassthrough/.CameraService }: java.lang.IllegalArgumentException: Receiver not registered: null
E/AndroidRuntime(15592): 	at android.app.ActivityThread.handleUnbindService(ActivityThread.java:2861)
E/AndroidRuntime(15592): 	at android.app.ActivityThread.access$2100(ActivityThread.java:154)
E/AndroidRuntime(15592): 	at android.app.ActivityThread$H.handleMessage(ActivityThread.java:1414)
E/AndroidRuntime(15592): 	at android.os.Handler.dispatchMessage(Handler.java:102)
E/AndroidRuntime(15592): 	at android.os.Looper.loop(Looper.java:135)
E/AndroidRuntime(15592): 	at android.app.ActivityThread.main(ActivityThread.java:5292)
E/AndroidRuntime(15592): 	at java.lang.reflect.Method.invoke(Native Method)
E/AndroidRuntime(15592): 	at java.lang.reflect.Method.invoke(Method.java:372)
E/AndroidRuntime(15592): 	at com.android.internal.os.ZygoteInit$MethodAndArgsCaller.run(ZygoteInit.java:904)
E/AndroidRuntime(15592): 	at com.android.internal.os.ZygoteInit.main(ZygoteInit.java:699)
E/AndroidRuntime(15592): Caused by: java.lang.IllegalArgumentException: Receiver not registered: null
E/AndroidRuntime(15592): 	at android.app.LoadedApk.forgetReceiverDispatcher(LoadedApk.java:766)
E/AndroidRuntime(15592): 	at android.app.ContextImpl.unregisterReceiver(ContextImpl.java:1708)
E/AndroidRuntime(15592): 	at android.content.ContextWrapper.unregisterReceiver(ContextWrapper.java:517)
E/AndroidRuntime(15592): 	at com.sveder.cardboardpassthrough.CameraService.onUnbind(CameraService.java:105)
E/AndroidRuntime(15592): 	at android.app.ActivityThread.handleUnbindService(ActivityThread.java:2848)
E/AndroidRuntime(15592): 	... 9 more
W/ActivityManager(  756):   Force finishing activity 1 com.sveder.cardboardpassthrough/.MainActivity
V/WindowManager(  756): Adding window Window{5f6b3c3 u0 com.android.systemui/com.android.systemui.recents.RecentsActivity} at 12 of 17 (after Window{d2a0c14 u0 com.google.android.googlequicksearchbox/com.google.android.launcher.GEL})
I/WindowState(  756): WIN DEATH: Window{2ce940b0 u0 com.sveder.cardboardpassthrough/com.sveder.cardboardpassthrough.MainActivity}
W/WindowManager(  756): Force-removing child win Window{1fd17eae u0 SurfaceView} from container Window{2ce940b0 u0 com.sveder.cardboardpassthrough/com.sveder.cardboardpassthrough.MainActivity}
W/WindowManager(  756): Failed looking up window
W/WindowManager(  756): java.lang.IllegalArgumentException: Requested window android.os.BinderProxy@29265b29 does not exist
W/WindowManager(  756): 	at com.android.server.wm.WindowManagerService.windowForClientLocked(WindowManagerService.java:8758)
W/WindowManager(  756): 	at com.android.server.wm.WindowManagerService.windowForClientLocked(WindowManagerService.java:8749)
W/WindowManager(  756): 	at com.android.server.wm.WindowState$DeathRecipient.binderDied(WindowState.java:1140)
W/WindowManager(  756): 	at android.os.BinderProxy.sendDeathNotice(Binder.java:551)
I/WindowState(  756): WIN DEATH: null
I/ActivityManager(  756): Process com.sveder.cardboardpassthrough (pid 15592) has died
I/ActivityManager(  756): START u0 {act=android.intent.action.MAIN cat=[android.intent.category.HOME] flg=0x10200000 cmp=com.google.android.googlequicksearchbox/com.google.android.launcher.GEL} from uid 10004 on display 0
V/ActivityManager(  756): Display changed displayId=0
I/ActivityManager(  756): Config changes=480 {1.0 724mcc10mnc pt_BR ?layoutDir sw360dp w360dp h615dp 480dpi nrml long port finger -keyb/v/h -nav/h s.103 themeResource=null}
I/WindowManager(  756): Screen frozen for +333ms due to Window{2dc3d915 u0 com.android.systemui.ImageWallpaper}
D/TaskPersister(  756): removeObsoleteFile: deleting file=4962_task.xml
D/TaskPersister(  756): removeObsoleteFile: deleting file=4962_task_thumbnail.png
D/BackupManagerService(  756): Received broadcast Intent { act=android.intent.action.PACKAGE_CHANGED dat=package:com.google.android.gms flg=0x4000010 (has extras) }
I/BackupManagerService(  756): Unbinding ComponentInfo{com.google.android.gms/com.google.android.gms.backup.BackupTransportService}
I/BackupManagerService(  756): Binding to transport host ComponentInfo{com.google.android.gms/com.google.android.gms.backup.BackupTransportService}
V/BackupManagerService(  756): Connected to transport ComponentInfo{com.google.android.gms/com.google.android.gms.backup.BackupTransportService}
V/BackupManagerService(  756): Registering transport com.google.android.gms/.backup.BackupTransportService::com.google.android.gms/.backup.BackupTransportService = com.android.internal.backup.IBackupTransport$Stub$Proxy@3b4cdeee
I/ActivityManager(  756): Start proc 17661:com.cyanogenmod.lockclock/u0a61 for service com.cyanogenmod.lockclock/.weather.WeatherUpdateService
I/ActivityManager(  756): Killing 11789:com.linkedin.android/u0a0 (adj 15): empty #17
D/DefContainer(12049): Copying /data/local/tmp/com.sveder.cardboardpassthrough to base.apk
D/PackageManager(  756): Renaming /data/app/vmdl669717140.tmp to /data/app/com.sveder.cardboardpassthrough-1
I/ActivityManager(  756): Force stopping com.sveder.cardboardpassthrough appid=10118 user=-1: uninstall pkg
I/PackageManager(  756): Package com.sveder.cardboardpassthrough codePath changed from /data/app/com.sveder.cardboardpassthrough-2 to /data/app/com.sveder.cardboardpassthrough-1; Retaining data and using new
I/ActivityManager(  756): Force stopping com.sveder.cardboardpassthrough appid=10118 user=-1: update pkg
W/PackageManager(  756): Code path for pkg : com.sveder.cardboardpassthrough changing from /data/app/com.sveder.cardboardpassthrough-2 to /data/app/com.sveder.cardboardpassthrough-1
W/PackageManager(  756): Resource path for pkg : com.sveder.cardboardpassthrough changing from /data/app/com.sveder.cardboardpassthrough-2 to /data/app/com.sveder.cardboardpassthrough-1
I/ActivityManager(  756): Force stopping com.sveder.cardboardpassthrough appid=10118 user=0: pkg removed
D/BackupManagerService(  756): Received broadcast Intent { act=android.intent.action.PACKAGE_REMOVED dat=package:com.sveder.cardboardpassthrough flg=0x4000010 (has extras) }
D/JobSchedulerService(  756): Receieved: android.intent.action.PACKAGE_REMOVED
D/BackupManagerService(  756): Received broadcast Intent { act=android.intent.action.PACKAGE_ADDED dat=package:com.sveder.cardboardpassthrough flg=0x4000010 (has extras) }
W/BackupManagerService(  756): Removing schedule queue dupe of com.sveder.cardboardpassthrough
W/ContextImpl(12080): Calling a method in the system process without a qualified user: android.app.ContextImpl.startService:1734 android.content.ContextWrapper.startService:522 android.content.ContextWrapper.startService:522 com.android.keychain.KeyChainBroadcastReceiver.onReceive:12 android.app.ActivityThread.handleReceiver:2642 
I/ActivityManager(  756): START u0 {act=android.intent.action.MAIN cat=[android.intent.category.LAUNCHER] flg=0x10000000 cmp=com.sveder.cardboardpassthrough/.MainActivity} from uid 2000 on display 0
V/WindowManager(  756): addAppToken: AppWindowToken{2aa8e243 token=Token{25376bf2 ActivityRecord{94e62fd u0 com.sveder.cardboardpassthrough/.MainActivity t4963}}} to stack=1 task=4963 at 0
V/WindowManager(  756): Adding window Window{2036e233 u0 Starting com.sveder.cardboardpassthrough} at 11 of 15 (after Window{3660b13c u0 com.whatsapp/com.whatsapp.Conversation})
I/ActivityManager(  756): Start proc 19522:com.sveder.cardboardpassthrough/u0a118 for activity com.sveder.cardboardpassthrough/.MainActivity
V/ActivityManager(  756): Display changed displayId=0
I/ActivityManager(  756): Config changes=480 {1.0 724mcc10mnc pt_BR ?layoutDir sw360dp w640dp h335dp 480dpi nrml long land finger -keyb/v/h -nav/h s.104 themeResource=null}
V/WindowManager(  756): Adding window Window{57abb4 u0 com.sveder.cardboardpassthrough/com.sveder.cardboardpassthrough.MainActivity} at 11 of 16 (before Window{2036e233 u0 Starting com.sveder.cardboardpassthrough})
V/WindowManager(  756): Adding window Window{503cb52 u0 SurfaceView} at 11 of 17 (before Window{57abb4 u0 com.sveder.cardboardpassthrough/com.sveder.cardboardpassthrough.MainActivity})
V/WindowManager(  756): Layouts looping: On entry to LockedInner, mPendingLayoutChanges = 0x1
V/WindowManager(  756): Layouts looping: loop number 4, mPendingLayoutChanges = 0x0
V/WindowManager(  756): Layouts looping: after finishPostLayoutPolicyLw, mPendingLayoutChanges = 0x0
V/WindowManager(  756): Layouts looping: mLayoutNeeded, mPendingLayoutChanges = 0x1
V/WindowManager(  756): Layouts looping: On entry to LockedInner, mPendingLayoutChanges = 0x1
V/WindowManager(  756): Layouts looping: loop number 5, mPendingLayoutChanges = 0x0
V/WindowManager(  756): Layouts looping: after finishPostLayoutPolicyLw, mPendingLayoutChanges = 0x0
V/WindowManager(  756): Layouts looping: mLayoutNeeded, mPendingLayoutChanges = 0x1
E/WindowManager(  756): Performed 6 layouts in a row. Skipping
I/WindowManager(  756): Screen frozen for +604ms due to Window{503cb52 u0 SurfaceView}
E/AndroidRuntime(19522): FATAL EXCEPTION: main
E/AndroidRuntime(19522): Process: com.sveder.cardboardpassthrough, PID: 19522
E/AndroidRuntime(19522): java.lang.RuntimeException: Unable to pause activity {com.sveder.cardboardpassthrough/com.sveder.cardboardpassthrough.MainActivity}: java.lang.IllegalArgumentException: Service not registered: com.sveder.cardboardpassthrough.MainActivity$1@2aa6d3e7
E/AndroidRuntime(19522): 	at android.app.ActivityThread.performPauseActivity(ActivityThread.java:3293)
E/AndroidRuntime(19522): 	at android.app.ActivityThread.performPauseActivity(ActivityThread.java:3252)
E/AndroidRuntime(19522): 	at android.app.ActivityThread.handlePauseActivity(ActivityThread.java:3227)
E/AndroidRuntime(19522): 	at android.app.ActivityThread.access$1100(ActivityThread.java:154)
E/AndroidRuntime(19522): 	at android.app.ActivityThread$H.handleMessage(ActivityThread.java:1339)
E/AndroidRuntime(19522): 	at android.os.Handler.dispatchMessage(Handler.java:102)
E/AndroidRuntime(19522): 	at android.os.Looper.loop(Looper.java:135)
E/AndroidRuntime(19522): 	at android.app.ActivityThread.main(ActivityThread.java:5292)
E/AndroidRuntime(19522): 	at java.lang.reflect.Method.invoke(Native Method)
E/AndroidRuntime(19522): 	at java.lang.reflect.Method.invoke(Method.java:372)
E/AndroidRuntime(19522): 	at com.android.internal.os.ZygoteInit$MethodAndArgsCaller.run(ZygoteInit.java:904)
E/AndroidRuntime(19522): 	at com.android.internal.os.ZygoteInit.main(ZygoteInit.java:699)
E/AndroidRuntime(19522): Caused by: java.lang.IllegalArgumentException: Service not registered: com.sveder.cardboardpassthrough.MainActivity$1@2aa6d3e7
E/AndroidRuntime(19522): 	at android.app.LoadedApk.forgetServiceDispatcher(LoadedApk.java:1030)
E/AndroidRuntime(19522): 	at android.app.ContextImpl.unbindService(ContextImpl.java:1850)
E/AndroidRuntime(19522): 	at android.content.ContextWrapper.unbindService(ContextWrapper.java:557)
E/AndroidRuntime(19522): 	at com.sveder.cardboardpassthrough.MainActivity.onPause(MainActivity.java:232)
E/AndroidRuntime(19522): 	at android.app.Activity.performPause(Activity.java:6101)
E/AndroidRuntime(19522): 	at android.app.Instrumentation.callActivityOnPause(Instrumentation.java:1310)
E/AndroidRuntime(19522): 	at android.app.ActivityThread.performPauseActivity(ActivityThread.java:3279)
E/AndroidRuntime(19522): 	... 11 more
W/ProcessCpuTracker(  756): Skipping unknown process pid 19624
W/ActivityManager(  756): Activity pause timeout for ActivityRecord{94e62fd u0 com.sveder.cardboardpassthrough/.MainActivity t4963 f}
I/ActivityManager(  756): Config changes=480 {1.0 724mcc10mnc pt_BR ?layoutDir sw360dp w360dp h615dp 480dpi nrml long port finger -keyb/v/h -nav/h s.105 themeResource=null}
V/ActivityManager(  756): Display changed displayId=0
I/ActivityManager(  756): Killing 10078:com.google.android.gm/u0a51 (adj 15): empty #17
I/WindowManager(  756): Screen frozen for +297ms due to Window{19853796 u0 StatusBar}
I/WindowState(  756): WIN DEATH: Window{57abb4 u0 com.sveder.cardboardpassthrough/com.sveder.cardboardpassthrough.MainActivity}
W/WindowManager(  756): Force-removing child win Window{503cb52 u0 SurfaceView} from container Window{57abb4 u0 com.sveder.cardboardpassthrough/com.sveder.cardboardpassthrough.MainActivity}
W/WindowManager(  756): Failed looking up window
W/WindowManager(  756): java.lang.IllegalArgumentException: Requested window android.os.BinderProxy@1cdd23dd does not exist
W/WindowManager(  756): 	at com.android.server.wm.WindowManagerService.windowForClientLocked(WindowManagerService.java:8758)
W/WindowManager(  756): 	at com.android.server.wm.WindowManagerService.windowForClientLocked(WindowManagerService.java:8749)
W/WindowManager(  756): 	at com.android.server.wm.WindowState$DeathRecipient.binderDied(WindowState.java:1140)
W/WindowManager(  756): 	at android.os.BinderProxy.sendDeathNotice(Binder.java:551)
I/WindowState(  756): WIN DEATH: null
I/ActivityManager(  756): Process com.sveder.cardboardpassthrough (pid 19522) has died
I/ActivityManager(  756): START u0 {act=com.android.systemui.recents.SHOW_RECENTS flg=0x10804000 cmp=com.android.systemui/.recents.RecentsActivity} from uid 10004 on display 0
I/ActivityManager(  756): Config changes=480 {1.0 724mcc10mnc pt_BR ?layoutDir sw360dp w640dp h335dp 480dpi nrml long land finger -keyb/v/h -nav/h s.106 themeResource=null}
V/ActivityManager(  756): Display changed displayId=0
I/WindowManager(  756): Screen frozen for +306ms due to Window{5f6b3c3 u0 com.android.systemui/com.android.systemui.recents.RecentsActivity}
D/TaskPersister(  756): removeObsoleteFile: deleting file=4963_task.xml
D/TaskPersister(  756): removeObsoleteFile: deleting file=4963_task_thumbnail.png
D/BackupManagerService(  756): Received broadcast Intent { act=android.intent.action.PACKAGE_CHANGED dat=package:com.google.android.gms flg=0x4000010 (has extras) }
I/BackupManagerService(  756): Unbinding ComponentInfo{com.google.android.gms/com.google.android.gms.backup.BackupTransportService}
I/BackupManagerService(  756): Binding to transport host ComponentInfo{com.google.android.gms/com.google.android.gms.backup.BackupTransportService}
V/BackupManagerService(  756): Connected to transport ComponentInfo{com.google.android.gms/com.google.android.gms.backup.BackupTransportService}
V/BackupManagerService(  756): Registering transport com.google.android.gms/.backup.BackupTransportService::com.google.android.gms/.backup.BackupTransportService = com.android.internal.backup.IBackupTransport$Stub$Proxy@2d2e8f5c
V/ActivityManager(  756): Display changed displayId=0
I/ActivityManager(  756): Config changes=480 {1.0 724mcc10mnc pt_BR ?layoutDir sw360dp w360dp h615dp 480dpi nrml long port finger -keyb/v/h -nav/h s.107 themeResource=null}
I/WindowManager(  756): Screen frozen for +142ms due to Window{3660b13c u0 com.whatsapp/com.whatsapp.Conversation}
I/ActivityManager(  756): START u0 {act=android.intent.action.MAIN cat=[android.intent.category.HOME] flg=0x10200000 cmp=com.google.android.googlequicksearchbox/com.google.android.launcher.GEL} from uid 1000 on display 0
W/ActivityManager(  756): getTasks: caller 10096 does not hold REAL_GET_TASKS; limiting output
I/ValidateNoPeople(  756): Validating: 0|com.whatsapp|1|null|10096
I/ValidateNoPeople(  756): Executing: validation for: 0|com.whatsapp|1|null|10096
I/ValidateNoPeople(  756): final affinity: 0.5
W/ActivityManager(  756): getTasks: caller 10096 does not hold REAL_GET_TASKS; limiting output
I/ValidateNoPeople(  756): Validating: 0|com.whatsapp|1|null|10096
I/ValidateNoPeople(  756): final affinity: 0.5
W/ProcessCpuTracker(  756): Skipping unknown process pid 19933
W/ActivityManager(  756): getTasks: caller 10096 does not hold REAL_GET_TASKS; limiting output
I/ValidateNoPeople(  756): Validating: 0|com.whatsapp|1|null|10096
I/ValidateNoPeople(  756): final affinity: 0.5
I/ActivityManager(  756): START u0 {flg=0x14000000 cmp=com.whatsapp/.Conversation (has extras)} from uid 10096 on display 0
W/ResourcesManager(  756): Asset path '/system/framework/com.google.android.maps.jar' does not exist or contains no resources.
V/WindowManager(  756): addAppToken: AppWindowToken{1ab8eadd token=Token{36ba2eb4 ActivityRecord{14df4f87 u0 com.whatsapp/.Conversation t4952}}} to stack=1 task=4952 at 2
W/InputMethodManagerService(  756): Window already focused, ignoring focus gain of: com.android.internal.view.IInputMethodClient$Stub$Proxy@6258220 attribute=null, token = android.os.BinderProxy@1998c667
V/WindowManager(  756): Adding window Window{25222911 u0 com.whatsapp/com.whatsapp.Conversation} at 10 of 14 (after Window{2f8c6bb1 u0 com.whatsapp/com.whatsapp.HomeActivity})
I/ValidateNoPeople(  756): skipping global notification
I/ValidateNoPeople(  756): mEvictionCount: 300
I/ValidateNoPeople(  756): skipping global notification
I/ValidateNoPeople(  756): skipping global notification
I/ValidateNoPeople(  756): skipping global notification
I/ActivityManager(  756): START u0 {act=android.intent.action.MAIN cat=[android.intent.category.HOME] flg=0x10200000 cmp=com.google.android.googlequicksearchbox/com.google.android.launcher.GEL} from uid 1000 on display 0
I/ValidateNoPeople(  756): skipping global notification
W/ProcessCpuTracker(  756): Skipping unknown process pid 20814
W/ProcessCpuTracker(  756): Skipping unknown process pid 21026
W/ProcessCpuTracker(  756): Skipping unknown process pid 21213
D/ConnectivityService(  756): listenForNetwork for NetworkRequest [ id=45, legacyType=-1, [ Capabilities: NOT_RESTRICTED&TRUSTED&NOT_VPN] ]
D/ConnectivityService(  756): handleRegisterNetworkRequest checking NetworkAgentInfo [WIFI () - 104]
D/ConnectivityService(  756): apparently satisfied.  currentScore=60
I/ActivityManager(  756): Start proc 21653:com.google.android.gm/u0a51 for service com.google.android.gm/.provider.MailSyncAdapterService
D/ActivityThread(21653): Loading provider com.google.android.gmail.provider;com.android.mail.notifier;com.google.android.gm.email.provider;com.google.android.gm.email.notifier: com.android.email.provider.EmailProvider
W/ActivityManager(  756): Unable to start service Intent { act=com.google.android.gm.email.EXCHANGE_INTENT pkg=com.google.android.gm.exchange } U=0: not found
W/ActivityManager(  756): Unable to start service Intent { cmp=com.google.android.gm/com.android.email.service.AttachmentService } U=0: not found
W/ActivityManager(  756): Unable to start service Intent { act=com.google.android.gm.email.EXCHANGE_INTENT pkg=com.google.android.gm.exchange } U=0: not found
W/ResourcesManager(21653): Asset path '/system/framework/com.android.media.remotedisplay.jar' does not exist or contains no resources.
W/ResourcesManager(21653): Asset path '/system/framework/com.android.location.provider.jar' does not exist or contains no resources.
I/UsageStatsService(  756): User[0] Flushing usage stats to disk
D/ConnectivityService(  756): releasing NetworkRequest NetworkRequest [ id=45, legacyType=-1, [ Capabilities: NOT_RESTRICTED&TRUSTED&NOT_VPN] ]
W/ActivityManager(  756): getTasks: caller 10096 does not hold REAL_GET_TASKS; limiting output
I/ValidateNoPeople(  756): Validating: 0|com.whatsapp|1|null|10096
I/ValidateNoPeople(  756): Executing: validation for: 0|com.whatsapp|1|null|10096
I/ValidateNoPeople(  756): final affinity: 0.5
W/ProcessCpuTracker(  756): Skipping unknown process pid 24183
I/ActivityManager(  756): Start proc 24508:com.google.android.apps.photos/u0a80 for broadcast com.google.android.apps.photos/.scheduler.AlarmReceiver
I/ActivityManager(  756): Killing 17661:com.cyanogenmod.lockclock/u0a61 (adj 15): empty #17
W/ProcessCpuTracker(  756): Skipping unknown process pid 27000
I/ActivityManager(  756): Start proc 27208:com.google.android.apps.maps/u0a64 for service com.google.android.apps.maps/com.google.android.apps.gmm.prefetch.PrefetcherService
D/WifiService(  756): New client listening to asynchronous messages
W/ActivityThread(27208): ClassLoader.loadClass: The class loader returned by Thread.getContextClassLoader() may fail for processes that host multiple applications. You should explicitly specify a context class loader. For example: Thread.setContextClassLoader(getClass().getClassLoader());
I/ActivityManager(  756): Killing 12049:com.android.defcontainer/u0a9 (adj 15): empty #17
I/ActivityManager(  756): Start proc 27567:com.android.defcontainer/u0a9 for service com.android.defcontainer/.DefaultContainerService
D/DefContainer(27567): Copying /data/local/tmp/com.sveder.cardboardpassthrough to base.apk
D/PackageManager(  756): Renaming /data/app/vmdl1285642192.tmp to /data/app/com.sveder.cardboardpassthrough-2
I/ActivityManager(  756): Force stopping com.sveder.cardboardpassthrough appid=10118 user=-1: uninstall pkg
I/PackageManager(  756): Package com.sveder.cardboardpassthrough codePath changed from /data/app/com.sveder.cardboardpassthrough-1 to /data/app/com.sveder.cardboardpassthrough-2; Retaining data and using new
I/ActivityManager(  756): Force stopping com.sveder.cardboardpassthrough appid=10118 user=-1: update pkg
W/PackageManager(  756): Code path for pkg : com.sveder.cardboardpassthrough changing from /data/app/com.sveder.cardboardpassthrough-1 to /data/app/com.sveder.cardboardpassthrough-2
W/PackageManager(  756): Resource path for pkg : com.sveder.cardboardpassthrough changing from /data/app/com.sveder.cardboardpassthrough-1 to /data/app/com.sveder.cardboardpassthrough-2
I/ActivityManager(  756): Force stopping com.sveder.cardboardpassthrough appid=10118 user=0: pkg removed
I/ActivityManager(  756): Killing 12080:com.android.keychain/1000 (adj 15): empty #17
D/BackupManagerService(  756): Received broadcast Intent { act=android.intent.action.PACKAGE_REMOVED dat=package:com.sveder.cardboardpassthrough flg=0x4000010 (has extras) }
D/JobSchedulerService(  756): Receieved: android.intent.action.PACKAGE_REMOVED
D/BackupManagerService(  756): Received broadcast Intent { act=android.intent.action.PACKAGE_ADDED dat=package:com.sveder.cardboardpassthrough flg=0x4000010 (has extras) }
W/BackupManagerService(  756): Removing schedule queue dupe of com.sveder.cardboardpassthrough
I/ActivityManager(  756): Start proc 27609:com.android.keychain/1000 for broadcast com.android.keychain/.KeyChainBroadcastReceiver
W/ContextImpl(27609): Calling a method in the system process without a qualified user: android.app.ContextImpl.startService:1734 android.content.ContextWrapper.startService:522 android.content.ContextWrapper.startService:522 com.android.keychain.KeyChainBroadcastReceiver.onReceive:12 android.app.ActivityThread.handleReceiver:2642 
W/ResourcesManager( 1617): Asset path '/system/framework/com.google.android.maps.jar' does not exist or contains no resources.
W/ResourcesManager( 1617): Asset path '/system/framework/com.google.android.maps.jar' does not exist or contains no resources.
I/ActivityManager(  756): Killing 12164:com.google.android.apps.cloudprint/u0a42 (adj 15): empty #17
I/ActivityManager(  756): START u0 {act=android.intent.action.MAIN cat=[android.intent.category.LAUNCHER] flg=0x10000000 cmp=com.sveder.cardboardpassthrough/.MainActivity} from uid 2000 on display 0
V/WindowManager(  756): addAppToken: AppWindowToken{7fa0677 token=Token{340a7076 ActivityRecord{13185711 u0 com.sveder.cardboardpassthrough/.MainActivity t4964}}} to stack=1 task=4964 at 0
V/WindowManager(  756): Adding window Window{39c37b67 u0 Starting com.sveder.cardboardpassthrough} at 11 of 15 (after Window{25222911 u0 com.whatsapp/com.whatsapp.Conversation})
I/ActivityManager(  756): Start proc 27671:com.sveder.cardboardpassthrough/u0a118 for activity com.sveder.cardboardpassthrough/.MainActivity
V/ActivityManager(  756): Display changed displayId=0
I/ActivityManager(  756): Config changes=480 {1.0 724mcc10mnc pt_BR ?layoutDir sw360dp w640dp h335dp 480dpi nrml long land finger -keyb/v/h -nav/h s.108 themeResource=null}
I/ActivityManager(  756): Start proc 27693:com.google.android.apps.cloudprint/u0a42 for broadcast com.google.android.apps.cloudprint/.printdialog.receivers.UpgradeBroadcastReceiver
V/WindowManager(  756): Adding window Window{356b61d6 u0 com.sveder.cardboardpassthrough/com.sveder.cardboardpassthrough.MainActivity} at 11 of 16 (before Window{39c37b67 u0 Starting com.sveder.cardboardpassthrough})
V/WindowManager(  756): Adding window Window{d477c2d u0 SurfaceView} at 11 of 17 (before Window{356b61d6 u0 com.sveder.cardboardpassthrough/com.sveder.cardboardpassthrough.MainActivity})
V/WindowManager(  756): Layouts looping: On entry to LockedInner, mPendingLayoutChanges = 0x1
V/WindowManager(  756): Layouts looping: loop number 4, mPendingLayoutChanges = 0x0
V/WindowManager(  756): Layouts looping: after finishPostLayoutPolicyLw, mPendingLayoutChanges = 0x0
V/WindowManager(  756): Layouts looping: mLayoutNeeded, mPendingLayoutChanges = 0x1
V/WindowManager(  756): Layouts looping: On entry to LockedInner, mPendingLayoutChanges = 0x1
V/WindowManager(  756): Layouts looping: loop number 5, mPendingLayoutChanges = 0x0
V/WindowManager(  756): Layouts looping: after finishPostLayoutPolicyLw, mPendingLayoutChanges = 0x0
V/WindowManager(  756): Layouts looping: mLayoutNeeded, mPendingLayoutChanges = 0x1
E/WindowManager(  756): Performed 6 layouts in a row. Skipping
