I/FFMPEG  (  241):     iTunSMPB        :  00000000 00000840 000000C6 00000000000006FA 00000000 00000000 00000000 00000000 00000000 00000000 00000000 00000000
I/FFMPEG  (  241):     Encoding Params : vers
I/FFMPEG  (  241):     iTunNORM        :  0000010B 00000000 0000010B 00000000 00000000 00000000 00002EE7 00000000 00000000 00000000
I/FFMPEG  (  241):   Duration: 00:00:00.09, start: 0.000000, bitrate: 393 kb/s
I/FFMPEG  (  241):     Stream #0:0(und): Audio: aac (LC) (mp4a / 0x6134706D), 44100 Hz, mono, fltp, 40 kb/s (default)
I/FFMPEG  (  241):     Metadata:
I/FFMPEG  (  241):       creation_time   : 2012-03-07 02:05:10
D/FFmpegExtractor(  241): FFmpegExtrator, url: android-source:0xb1010060, format_name: mov,mp4,m4a,3gp,3g2,mj2, format_long_name: QuickTime / MOV
I/FFmpegExtractor(  241): adjust mime(video/mp4 -> audio/mp4a-latm)
D/FFmpegExtractor(  241): suppoted codec(aac) by official Stagefright
D/FFmpegExtractor(  241): ffmpeg detected media content as 'audio/mp4a-latm' with confidence 0.08
D/ExtendedUtils(  241): Try creating ExtendedExtractor
E/MM_OSAL (  241): FileSource::FileSource
E/MM_OSAL (  241): FileSource::FileSource m_bEveryThingOK 1
E/MM_OSAL (  241): MM_File_Create File Name /data/mmosal_logmask.cfg , Mode 0
E/MM_OSAL (  241): MM_File_Create failed .Efs Error No -1 , File Name /data/mmosal_logmask.cfg , Mode 0
E/MM_OSAL (  241): Open or read fail on /data/mmosal_logmask.cfg. Possible permission denied issue. Looking for /data/misc/media/mmosal_logmask.cfg
E/MM_OSAL (  241): MM_File_Create File Name /data/misc/media/mmosal_logmask.cfg , Mode 0
E/MM_OSAL (  241): MM_File_Create failed .Efs Error No -1 , File Name /data/misc/media/mmosal_logmask.cfg , Mode 0
D/ExtendedUtils(  241): Discarding default extractor and using the extended one
E/MediaPlayer(29521): Should have subtitle controller already set
E/MediaPlayer(29521): Should have subtitle controller already set
D/NuPlayerDriver(  241): start(0xb1a75a60)
I/GenericSource(  241): start
E/MMParserExtractor(  241): FileSource::FILE_SOURCE_DATA_END 
W/Utils   (  241): bool android::canOffloadStream(const android::sp<android::MetaData>&, bool, const android::sp<android::MetaData>&, bool, audio_stream_type_t) No sample bit depth info in meta data
E/AudioPolicyManager(  241): isOffloadSupported: stream_type != MUSIC, returning false
I/ExtendedUtils(  241): No channel mask, try channel count
I/ExtendedUtils(  241): decision 0 mime audio/mp4a-latm
E/AudioPolicyManager(  241): isOffloadSupported: stream_type != MUSIC, returning false
I/NuPlayer(  241): Could not offload audio decode, pcm offload decided :0
W/Utils   (  241): bool android::canOffloadStream(const android::sp<android::MetaData>&, bool, const android::sp<android::MetaData>&, bool, audio_stream_type_t) No sample bit depth info in meta data
E/AudioPolicyManager(  241): isOffloadSupported: stream_type != MUSIC, returning false
I/ACodec  (  241): sampleRate=44100 channels=1 bits=16
I/SoftAAC2(  241): Reconfiguring decoder: 0->44100 Hz, 0->1 channels
E/MMParserExtractor(  241): FileSource::FILE_SOURCE_DATA_END 
E/AudioTrack(  241): AudioTrack::set : Exit
D/audio_hw_primary(  241): out_set_parameters: enter: usecase(1: low-latency-playback) kvpairs: routing=2
V/listen_hw(  241): listen_hw_set_parameters: Enter
V/listen_hw(  241): handle_set_parameters: Enter kvpairs=routing=2 capture=0
V/listen_hw(  241): handle_set_parameters: Exit
V/listen_hw(  241): listen_hw_set_parameters: Exit, ret=0
D/audio_hw_primary(  241): out_standby: enter: stream (0xb5880740) usecase(1: low-latency-playback)
D/hardware_info(  241): hw_info_append_hw_type : device_name = speaker
W/ctxmgr  ( 2159): [PowerConnectionState]Got same value as before for power connection (Plug state: 2 BatteryLevel: 0.58)
V/BackupManagerService(  756): Running a backup pass
V/BackupManagerService(  756): clearing pending backups
V/PerformBackupTask(  756): Beginning backup of 1 targets
D/PerformBackupTask(  756): invokeAgentForBackup on @pm@
V/BackupManagerService(  756): System app com.google.android.googlequicksearchbox - skipping sig check
I/BackupRestoreController(  756): Getting widget state for user: 0
I/PerformBackupTask(  756): no backup data written; not calling transport
D/PerformBackupTask(  756): starting agent for backup of BackupRequest{pkg=com.cyanogenmod.trebuchet}
D/BackupManagerService(  756): awaiting agent for ApplicationInfo{38a220ab com.cyanogenmod.trebuchet}
V/LauncherBackupAgentHelper(28403): restore is enabled
D/BackupManagerService(  756): agentConnected pkg=com.cyanogenmod.trebuchet agent=android.os.BinderProxy@be21ba8
I/BackupManagerService(  756): got agent android.app.IBackupAgent$Stub$Proxy@3fa326c1
D/PerformBackupTask(  756): invokeAgentForBackup on com.cyanogenmod.trebuchet
D/BackupHelperDispatcher(28403): handling new helper 'L'
V/LauncherBackupHelper(28403): onBackup
W/LauncherBackupHelper(28403): could not find a valid journal
V/LauncherBackupHelper(28403): lastBackupTime = 0
V/LauncherBackupHelper(28403): saving favorite CAEYASDkhOK8Dg==: 1/106
V/LauncherBackupHelper(28403): saving favorite CAEYAiCno9flDA==: 2/39
V/LauncherBackupHelper(28403): saving favorite CAEYBCCh7L3XCQ==: 4/202
V/LauncherBackupHelper(28403): saving favorite CAEYBiCjqeTGCg==: 6/202
V/LauncherBackupHelper(28403): saving favorite CAEYCCCt8uiyAw==: 8/216
V/LauncherBackupHelper(28403): saving favorite CAEYCiCvt7Ej: 10/237
V/LauncherBackupHelper(28403): saving favorite CAEYDCCp+NuRBQ==: 12/228
V/LauncherBackupHelper(28403): saving favorite CAEYDiCrvYKABg==: 14/208
V/LauncherBackupHelper(28403): saving favorite CAEYECD0woaiCw==: 16/256
V/LauncherBackupHelper(28403): saving favorite CAEYEiD2h9+zCA==: 18/250
V/LauncherBackupHelper(28403): saving favorite CAEYFCDwyLWBDQ==: 20/206
V/LauncherBackupHelper(28403): saving favorite CAEYFiDyjeyQDg==: 22/218
V/LauncherBackupHelper(28403): saving favorite CAEYGiD+k7n1BA==: 26/199
V/LauncherBackupHelper(28403): saving favorite CAEYHCD43NPHAQ==: 28/249
V/LauncherBackupHelper(28403): saving favorite CAEYHiD6mYrWAg==: 30/89
V/LauncherBackupHelper(28403): saving favorite CAEYICCHr57YBg==: 32/209
V/LauncherBackupHelper(28403): saving favorite CAEYIiCF6sfJBQ==: 34/200
V/LauncherBackupHelper(28403): saving favorite CAEYJCCDpa17: 36/199
V/LauncherBackupHelper(28403): saving favorite CAEYJiCB4PTqAw==: 38/203
V/LauncherBackupHelper(28403): saving favorite CAEYKCCPu/ieCg==: 40/218
V/LauncherBackupHelper(28403): saving favorite CAEYKiCN/qGPCQ==: 42/257
V/LauncherBackupHelper(28403): saving favorite CAEYKyDMnM3HCA==: 43/44
V/LauncherBackupHelper(28403): saving favorite CAEYLCCLscu9DA==: 44/251
V/LauncherBackupHelper(28403): saving favorite CAEYLSDK06f1DQ==: 45/295
V/LauncherBackupHelper(28403): saving favorite CAEYLiCJ9JKsDw==: 46/372
V/LauncherBackupHelper(28403): saving favorite CAEYLyDIlv7kDg==: 47/301
V/LauncherBackupHelper(28403): saving favorite CAEYMSCX6frGAw==: 49/297
V/LauncherBackupHelper(28403): saving favorite CAEYNCDSgaWtBA==: 52/297
V/LauncherBackupHelper(28403): saving favorite CAEYNSCT48nlBQ==: 53/315
V/LauncherBackupHelper(28403): saving favorite CAEYNyCRppD0Bg==: 55/354
V/LauncherBackupHelper(28403): saving favorite CAEYOCDen/DIDg==: 56/328
V/LauncherBackupHelper(28403): saving favorite CAEYOSCf/ZyADw==: 57/311
V/LauncherBackupHelper(28403): saving favorite CAEYOiDc2qnZDQ==: 58/427
V/LauncherBackupHelper(28403): saving favorite CAEYOyCduMWRDA==: 59/352
V/LauncherBackupHelper(28403): saving screen CAIYASC9+PiuDg==: 1/10
V/LauncherBackupHelper(28403): saving screen CAIYAiD+3833DA==: 2/12
V/LauncherBackupHelper(28403): saving screen CAIYAyC/vaG/DQ==: 3/12
V/LauncherBackupHelper(28403): saving icon CAMSNGNvbS5nb29nbGUuYW5kcm9pZC5nbS8uQ29udmVyc2F0aW9uTGlzdEFjdGl2aXR5R21haWwgpKaWmgk=
V/LauncherBackupHelper(28403): saving icon CAMSNGNvbS5nb29nbGUuYW5kcm9pZC5nbS8uQ29udmVyc2F0aW9uTGlzdEFjdGl2aXR5R21haWwgpKaWmgk=: com.google.android.gm/.ConversationListActivityGmail/7166
V/LauncherBackupHelper(28403): saving icon CAMSMGNvbS5nb29nbGUuYW5kcm9pZC5hcHBzLnBsdXMvLnBob25lLkhvbWVBY3Rpdml0eSDjxbOQCg==
V/LauncherBackupHelper(28403): saving icon CAMSMGNvbS5nb29nbGUuYW5kcm9pZC5hcHBzLnBsdXMvLnBob25lLkhvbWVBY3Rpdml0eSDjxbOQCg==: com.google.android.apps.plus/.phone.HomeActivity/13546
V/LauncherBackupHelper(28403): saving icon CAMSQWNvbS5nb29nbGUuYW5kcm9pZC5hcHBzLm1hcHMvY29tLmdvb2dsZS5hbmRyb2lkLm1hcHMuTWFwc0FjdGl2aXR5IOD2mvQB
V/LauncherBackupHelper(28403): saving icon CAMSQWNvbS5nb29nbGUuYW5kcm9pZC5hcHBzLm1hcHMvY29tLmdvb2dsZS5hbmRyb2lkLm1hcHMuTWFwc0FjdGl2aXR5IOD2mvQB: com.google.android.apps.maps/com.google.android.maps.MapsActivity/7876
V/LauncherBackupHelper(28403): saving icon CAMSTmNvbS5nb29nbGUuYW5kcm9pZC5tdXNpYy9jb20uYW5kcm9pZC5tdXNpYy5hY3Rpdml0eW1hbmFnZW1lbnQuVG9wTGV2ZWxBY3Rpdml0eSCKzuj8BA==
V/LauncherBackupHelper(28403): saving icon CAMSTmNvbS5nb29nbGUuYW5kcm9pZC5tdXNpYy9jb20uYW5kcm9pZC5tdXNpYy5hY3Rpdml0eW1hbmFnZW1lbnQuVG9wTGV2ZWxBY3Rpdml0eSCKzuj8BA==: com.google.android.music/com.android.music.activitymanagement.TopLevelActivity/18798
V/LauncherBackupHelper(28403): saving icon CAMSRmNvbS5nb29nbGUuYW5kcm9pZC52aWRlb3MvY29tLmdvb2dsZS5hbmRyb2lkLnlvdXR1YmUudmlkZW9zLkVudHJ5UG9pbnQg/d2c9A8=
V/LauncherBackupHelper(28403): saving icon CAMSRmNvbS5nb29nbGUuYW5kcm9pZC52aWRlb3MvY29tLmdvb2dsZS5hbmRyb2lkLnlvdXR1YmUudmlkZW9zLkVudHJ5UG9pbnQg/d2c9A8=: com.google.android.videos/com.google.android.youtube.videos.EntryPoint/4958
V/LauncherBackupHelper(28403): saving icon CAMSMGNvbS5nb29nbGUuYW5kcm9pZC5hcHBzLmJvb2tzLy5hcHAuQm9va3NBY3Rpdml0eSD3pbfTDw==
V/LauncherBackupHelper(28403): saving icon CAMSMGNvbS5nb29nbGUuYW5kcm9pZC5hcHBzLmJvb2tzLy5hcHAuQm9va3NBY3Rpdml0eSD3pbfTDw==: com.google.android.apps.books/.app.BooksActivity/4185
V/LauncherBackupHelper(28403): saving icon CAMSYWNvbS5nb29nbGUuYW5kcm9pZC5hcHBzLm1hZ2F6aW5lcy9jb20uZ29vZ2xlLmFwcHMuZG90cy5hbmRyb2lkLmFwcC5hY3Rpdml0eS5DdXJyZW50c1N0YXJ0QWN0aXZpdHkgkov5gwE=
V/LauncherBackupHelper(28403): saving icon CAMSYWNvbS5nb29nbGUuYW5kcm9pZC5hcHBzLm1hZ2F6aW5lcy9jb20uZ29vZ2xlLmFwcHMuZG90cy5hbmRyb2lkLmFwcC5hY3Rpdml0eS5DdXJyZW50c1N0YXJ0QWN0aXZpdHkgkov5gwE=: com.google.android.apps.magazines/com.google.apps.dots.android.app.activity.CurrentsStartActivity/7251
V/LauncherBackupHelper(28403): saving icon CAMSW2NvbS5nb29nbGUuYW5kcm9pZC5wbGF5LmdhbWVzL2NvbS5nb29nbGUuYW5kcm9pZC5nbXMuZ2FtZXMudWkuZGVzdGluYXRpb24ubWFpbi5NYWluQWN0aXZpdHkg1vTCsQ0=
V/LauncherBackupHelper(28403): saving icon CAMSW2NvbS5nb29nbGUuYW5kcm9pZC5wbGF5LmdhbWVzL2NvbS5nb29nbGUuYW5kcm9pZC5nbXMuZ2FtZXMudWkuZGVzdGluYXRpb24ubWFpbi5NYWluQWN0aXZpdHkg1vTCsQ0=: com.google.android.play.games/com.google.android.gms.games.ui.destination.main.MainActivity/7805
V/LauncherBackupHelper(28403): saving icon CAMSNmNvbS5nb29nbGUuYW5kcm9pZC5hcHBzLmRvY3MvLmFwcC5OZXdNYWluUHJveHlBY3Rpdml0eSCpySk=
V/LauncherBackupHelper(28403): saving icon CAMSNmNvbS5nb29nbGUuYW5kcm9pZC5hcHBzLmRvY3MvLmFwcC5OZXdNYWluUHJveHlBY3Rpdml0eSCpySk=: com.google.android.apps.docs/.app.NewMainProxyActivity/9287
V/LauncherBackupHelper(28403): saving icon CAMSPGNvbS5nb29nbGUuYW5kcm9pZC55b3V0dWJlLy5hcHAuaG9uZXljb21iLlNoZWxsJEhvbWVBY3Rpdml0eSCP3Ni/Bw==
V/LauncherBackupHelper(28403): saving icon CAMSPGNvbS5nb29nbGUuYW5kcm9pZC55b3V0dWJlLy5hcHAuaG9uZXljb21iLlNoZWxsJEhvbWVBY3Rpdml0eSCP3Ni/Bw==: com.google.android.youtube/.app.honeycomb.Shell$HomeActivity/8195
D/LauncherBackupHelper(28403): deferring icon backup CAMSKmNvbS5nb29nbGUuYW5kcm9pZC50YWxrLy5TaWduaW5nSW5BY3Rpdml0eSD5se2GCA==
D/BackupManagerService(  756): Now staging backup of com.cyanogenmod.trebuchet
D/LauncherBackupHelper(28403): deferring icon backup CAMSKWNvbS5hbmRyb2lkLnZlbmRpbmcvLkFzc2V0QnJvd3NlckFjdGl2aXR5IIz8ldsN
D/LauncherBackupHelper(28403): deferring icon backup CAMSKmNvbS5jeW5nbi5nYWxsZXJ5bmV4dC8uYXBwLkdhbGxlcnlBY3Rpdml0eSDy3s+1AQ==
D/LauncherBackupHelper(28403): deferring icon backup CAMSHmNvbS5hbmRyb2lkLnNldHRpbmdzLy5TZXR0aW5ncyC6vaTzCQ==
D/LauncherBackupHelper(28403): deferring icon backup CAMSJWNvbS5hbmRyb2lkLmRpYWxlci8uRGlhbHRhY3RzQWN0aXZpdHkgufy4nQE=
D/LauncherBackupHelper(28403): deferring icon backup CAMSJGNvbS5hbmRyb2lkLm1tcy8udWkuQ29udmVyc2F0aW9uTGlzdCD89JGUCQ==
D/LauncherBackupHelper(28403): deferring icon backup CAMSNmNvbS5hbmRyb2lkLmNocm9tZS9jb20uZ29vZ2xlLmFuZHJvaWQuYXBwcy5jaHJvbWUuTWFpbiCQiZCnAw==
D/LauncherBackupHelper(28403): deferring icon backup CAMSNmNvbS5jeW5nbi5jYW1lcmFuZXh0L2NvbS5hbmRyb2lkLmNhbWVyYS5DYW1lcmFMYXVuY2hlciDu4MjKBA==
D/LauncherBackupHelper(28403): deferring icon backup CAMSEmNvbS53aGF0c2FwcC8uTWFpbiCT/uKOBQ==
D/LauncherBackupHelper(28403): deferring icon backup CAMSImNvbS5mYWNlYm9vay5rYXRhbmEvLkxvZ2luQWN0aXZpdHkg8pWUxAs=
D/LauncherBackupHelper(28403): deferring icon backup CAMSVGNvbS5nb29nbGUuYW5kcm9pZC5hcHBzLmluYm94L2NvbS5nb29nbGUuYW5kcm9pZC5hcHBzLmJpZ3RvcC5hY3Rpdml0aWVzLkluaXRBY3Rpdml0eSC72teZDA==
D/LauncherBackupHelper(28403): deferring icon backup CAMSM2NvbS50ZWQuYW5kcm9pZC8udmlldy5hY3Rpdml0eS5TcGxhc2hTY3JlZW5BY3Rpdml0eSDGgp/CAQ==
D/LauncherBackupHelper(28403): deferring icon backup CAMSLGNvbS5kcm9wYm94LmFuZHJvaWQvLmFjdGl2aXR5LkRyb3Bib3hCcm93c2VyILTY76UB
D/LauncherBackupHelper(28403): deferring icon backup CAMSK2NvbS5mYWNlYm9vay5vcmNhLy5hdXRoLlN0YXJ0U2NyZWVuQWN0aXZpdHkgiZWuuwE=
D/LauncherBackupHelper(28403): deferring icon backup CAMSMGNvbS5uaW5lZ2FnLmFuZHJvaWQuYXBwLy51aS5TcGxhc2hTY3JlZW5BY3Rpdml0eSD+6q6QBg==
D/LauncherBackupHelper(28403): deferring icon backup CAMSMWNvbS5nYW1lbG9mdC5hbmRyb2lkLkFOTVAuR2xvZnRETUhNLy5NYWluQWN0aXZpdHkg2tbK5gY=
D/LauncherBackupHelper(28403): deferring icon backup CAMSQXR2LnR3aXRjaC5hbmRyb2lkLmFwcC90di50d2l0Y2guYW5kcm9pZC5hcHBzLlNwbGFzaFNjcmVlbkFjdGl2aXR5IMm3iIoB
D/LauncherBackupHelper(28403): deferring icon backup CAMSMmNvbS5saW5rZWRpbi5hbmRyb2lkLy5hdXRoZW50aWNhdG9yLkxhdW5jaEFjdGl2aXR5IInK4+AJ
D/LauncherBackupHelper(28403): deferring icon backup CAMSVmNvbS5nb29nbGUuc2FtcGxlcy5hcHBzLmNhcmRib2FyZGRlbW8vY29tLmdvb2dsZS52ci5jYXJkYm9hcmQucGFwZXJzY29wZS5jYXJ0b24uSG9tZTJEIOvv1asK
D/LauncherBackupHelper(28403): deferring icon backup CAMSTmNvbS5uaW5lY2hhdC5hbmRyb2lkLmNoYXQvY29tLm5pbmVnYWcuYW5kcm9pZC5jaGF0LmNvbXBvbmVudC5ob21lLkhvbWVBY3Rpdml0eSDC1bz8Dg==
D/BackupServiceBinder(28403): onBackup (com.android.launcher3.LauncherBackupAgentHelper) threw
D/BackupServiceBinder(28403): java.lang.NullPointerException: Attempt to invoke virtual method 'com.android.launcher3.DeviceProfile com.android.launcher3.DynamicGrid.getDeviceProfile()' on a null object reference
D/BackupServiceBinder(28403): 	at com.android.launcher3.WidgetPreviewLoader.<init>(WidgetPreviewLoader.java:156)
D/BackupServiceBinder(28403): 	at com.android.launcher3.LauncherBackupHelper.backupWidgets(LauncherBackupHelper.java:595)
D/BackupServiceBinder(28403): 	at com.android.launcher3.LauncherBackupHelper.performBackup(LauncherBackupHelper.java:199)
D/BackupServiceBinder(28403): 	at android.app.backup.BackupHelperDispatcher.doOneBackup(BackupHelperDispatcher.java:94)
D/BackupServiceBinder(28403): 	at android.app.backup.BackupHelperDispatcher.performBackup(BackupHelperDispatcher.java:75)
D/BackupServiceBinder(28403): 	at android.app.backup.BackupAgentHelper.onBackup(BackupAgentHelper.java:66)
D/BackupServiceBinder(28403): 	at android.app.backup.BackupAgent$BackupServiceBinder.doBackup(BackupAgent.java:737)
D/BackupServiceBinder(28403): 	at android.app.IBackupAgent$Stub.onTransact(IBackupAgent.java:80)
D/BackupServiceBinder(28403): 	at android.os.Binder.execTransact(Binder.java:446)
W/Binder  (28403): Caught a RuntimeException from the binder stub implementation.
W/Binder  (28403): java.lang.NullPointerException: Attempt to invoke virtual method 'com.android.launcher3.DeviceProfile com.android.launcher3.DynamicGrid.getDeviceProfile()' on a null object reference
W/Binder  (28403): 	at com.android.launcher3.WidgetPreviewLoader.<init>(WidgetPreviewLoader.java:156)
W/Binder  (28403): 	at com.android.launcher3.LauncherBackupHelper.backupWidgets(LauncherBackupHelper.java:595)
W/Binder  (28403): 	at com.android.launcher3.LauncherBackupHelper.performBackup(LauncherBackupHelper.java:199)
W/Binder  (28403): 	at android.app.backup.BackupHelperDispatcher.doOneBackup(BackupHelperDispatcher.java:94)
W/Binder  (28403): 	at android.app.backup.BackupHelperDispatcher.performBackup(BackupHelperDispatcher.java:75)
W/Binder  (28403): 	at android.app.backup.BackupAgentHelper.onBackup(BackupAgentHelper.java:66)
W/Binder  (28403): 	at android.app.backup.BackupAgent$BackupServiceBinder.doBackup(BackupAgent.java:737)
W/Binder  (28403): 	at android.app.IBackupAgent$Stub.onTransact(IBackupAgent.java:80)
W/Binder  (28403): 	at android.os.Binder.execTransact(Binder.java:446)
I/BackupRestoreController(  756): Getting widget state for user: 0
I/GmsBackupTransport( 2159): K/V backup for com.cyanogenmod.trebuchet aborted by rate limiter. next=1448777116480, current=1448766084207
I/BackupManagerService(  756): Backup pass finished.
I/LatinIME( 1430): Starting input. Cursor position = 23,23
I/ValidateNoPeople(  756): skipping global notification
D/NuPlayerDriver(  241): stop(0xb1a75a60)
D/NuPlayerDriver(  241): reset(0xb1a75a60)
W/MediaPlayer(29521): mediaplayer went away with unhandled events
D/NuPlayerDriver(  241): notifyResetComplete(0xb1a75a60)
E/MediaPlayer-JNI(29521): QCMediaPlayer mediaplayer NOT present
D/ExtendedUtils(  241): Try creating ExtendedExtractor
E/MM_OSAL (  241): FileSource::FileSource
E/MM_OSAL (  241): FileSource::FileSource m_bEveryThingOK 1
E/MM_OSAL (  241): MM_File_Create File Name /data/mmosal_logmask.cfg , Mode 0
E/MM_OSAL (  241): MM_File_Create failed .Efs Error No -1 , File Name /data/mmosal_logmask.cfg , Mode 0
E/MM_OSAL (  241): Open or read fail on /data/mmosal_logmask.cfg. Possible permission denied issue. Looking for /data/misc/media/mmosal_logmask.cfg
E/MM_OSAL (  241): MM_File_Create File Name /data/misc/media/mmosal_logmask.cfg , Mode 0
E/MM_OSAL (  241): MM_File_Create failed .Efs Error No -1 , File Name /data/misc/media/mmosal_logmask.cfg , Mode 0
D/ExtendedUtils(  241): Discarding default extractor and using the extended one
I/FFmpegExtractor(  241): android-source:0xb1010060
I/FFMPEG  (  241): Input #0, mov,mp4,m4a,3gp,3g2,mj2, from 'android-source:0xb1010060':
I/FFMPEG  (  241):   Metadata:
I/FFMPEG  (  241):     major_brand     : M4A 
I/FFMPEG  (  241):     minor_version   : 0
I/FFMPEG  (  241):     compatible_brands: M4A mp42isom
I/FFMPEG  (  241):     creation_time   : 2012-03-07 02:05:10
I/FFMPEG  (  241):     title           : send_message
I/FFMPEG  (  241):     compilation     : 0
I/FFMPEG  (  241):     gapless_playback: 0
I/FFMPEG  (  241):     encoder         : iTunes 10.5.2.11
I/FFMPEG  (  241):     iTunSMPB        :  00000000 00000840 000000C6 00000000000006FA 00000000 00000000 00000000 00000000 00000000 00000000 00000000 00000000
I/FFMPEG  (  241):     Encoding Params : vers
I/FFMPEG  (  241):     iTunNORM        :  0000010B 00000000 0000010B 00000000 00000000 00000000 00002EE7 00000000 00000000 00000000
I/FFMPEG  (  241):   Duration: 00:00:00.09, start: 0.000000, bitrate: 393 kb/s
I/FFMPEG  (  241):     Stream #0:0(und): Audio: aac (LC) (mp4a / 0x6134706D), 44100 Hz, mono, fltp, 40 kb/s (default)
I/FFMPEG  (  241):     Metadata:
I/FFMPEG  (  241):       creation_time   : 2012-03-07 02:05:10
D/FFmpegExtractor(  241): FFmpegExtrator, url: android-source:0xb1010060, format_name: mov,mp4,m4a,3gp,3g2,mj2, format_long_name: QuickTime / MOV
I/FFmpegExtractor(  241): adjust mime(video/mp4 -> audio/mp4a-latm)
D/FFmpegExtractor(  241): suppoted codec(aac) by official Stagefright
D/FFmpegExtractor(  241): ffmpeg detected media content as 'audio/mp4a-latm' with confidence 0.08
D/ExtendedUtils(  241): Try creating ExtendedExtractor
E/MM_OSAL (  241): FileSource::FileSource
E/MM_OSAL (  241): FileSource::FileSource m_bEveryThingOK 1
E/MM_OSAL (  241): MM_File_Create File Name /data/mmosal_logmask.cfg , Mode 0
E/MM_OSAL (  241): MM_File_Create failed .Efs Error No -1 , File Name /data/mmosal_logmask.cfg , Mode 0
E/MM_OSAL (  241): Open or read fail on /data/mmosal_logmask.cfg. Possible permission denied issue. Looking for /data/misc/media/mmosal_logmask.cfg
E/MM_OSAL (  241): MM_File_Create File Name /data/misc/media/mmosal_logmask.cfg , Mode 0
E/MM_OSAL (  241): MM_File_Create failed .Efs Error No -1 , File Name /data/misc/media/mmosal_logmask.cfg , Mode 0
D/ExtendedUtils(  241): Discarding default extractor and using the extended one
E/MediaPlayer(29521): Should have subtitle controller already set
E/MediaPlayer(29521): Should have subtitle controller already set
D/NuPlayerDriver(  241): start(0xb1a75a60)
I/GenericSource(  241): start
E/MMParserExtractor(  241): FileSource::FILE_SOURCE_DATA_END 
W/Utils   (  241): bool android::canOffloadStream(const android::sp<android::MetaData>&, bool, const android::sp<android::MetaData>&, bool, audio_stream_type_t) No sample bit depth info in meta data
E/AudioPolicyManager(  241): isOffloadSupported: stream_type != MUSIC, returning false
I/ExtendedUtils(  241): No channel mask, try channel count
I/ExtendedUtils(  241): decision 0 mime audio/mp4a-latm
E/AudioPolicyManager(  241): isOffloadSupported: stream_type != MUSIC, returning false
I/NuPlayer(  241): Could not offload audio decode, pcm offload decided :0
W/Utils   (  241): bool android::canOffloadStream(const android::sp<android::MetaData>&, bool, const android::sp<android::MetaData>&, bool, audio_stream_type_t) No sample bit depth info in meta data
E/AudioPolicyManager(  241): isOffloadSupported: stream_type != MUSIC, returning false
I/ACodec  (  241): sampleRate=44100 channels=1 bits=16
E/MMParserExtractor(  241): FileSource::FILE_SOURCE_DATA_END 
I/SoftAAC2(  241): Reconfiguring decoder: 0->44100 Hz, 0->1 channels
E/AudioTrack(  241): AudioTrack::set : Exit
D/audio_hw_primary(  241): out_set_parameters: enter: usecase(1: low-latency-playback) kvpairs: routing=2
V/listen_hw(  241): listen_hw_set_parameters: Enter
V/listen_hw(  241): handle_set_parameters: Enter kvpairs=routing=2 capture=0
V/listen_hw(  241): handle_set_parameters: Exit
V/listen_hw(  241): listen_hw_set_parameters: Exit, ret=0
D/audio_hw_primary(  241): start_output_stream: enter: stream(0xb5880740)usecase(1: low-latency-playback) devices(0x2)
D/audio_hw_primary(  241): start_output_stream: enter: usecase(1: low-latency-playback) devices(0x2)
D/audio_hw_primary(  241): select_devices: out_snd_device(2: speaker) in_snd_device(0: )
W/msm8974_platform(  241): Codec backend bitwidth 16, samplerate 48000
D/hardware_info(  241): hw_info_append_hw_type : device_name = speaker
I/msm8974_platform(  241): platform_send_audio_calibration: sending audio calibration for snd_device(2) acdb_id(15)
D/ACDB-LOADER(  241): ACDB -> send_audio_cal, acdb_id = 15, path =  0
D/ACDB-LOADER(  241): ACDB -> send_adm_topology
D/ACDB-LOADER(  241): ACDB -> ACDB_CMD_GET_AUDPROC_COMMON_TOPOLOGY_ID
D/ACDB-LOADER(  241): ACDB -> send_asm_topology
D/ACDB-LOADER(  241): ACDB -> ACDB_CMD_GET_AUDPROC_STREAM_TOPOLOGY_ID
D/ACDB-LOADER(  241): ACDB -> send_audtable
D/ACDB-LOADER(  241): ACDB -> ACDB_CMD_GET_AUDPROC_COMMON_TABLE
D/ACDB-LOADER(  241): ACDB -> AUDIO_SET_AUDPROC_CAL
D/ACDB-LOADER(  241): ACDB -> send_audvoltable
D/ACDB-LOADER(  241): ACDB -> ACDB_CMD_GET_AUDPROC_GAIN_DEP_STEP_TABLE
D/        (  241): Failed to fetch the lookup information of the device 0000000F 
E/ACDB-LOADER(  241): Error: ACDB AudProc vol returned = -19
D/ACDB-LOADER(  241): ACDB -> AUDIO_SET_AUDPROC_VOL_CAL
D/ACDB-LOADER(  241): ACDB -> send_afe_cal
D/ACDB-LOADER(  241): ACDB -> ACDB_CMD_GET_AFE_COMMON_TABLE
D/        (  241): Failed to fetch the lookup information of the device 0000000F 
E/ACDB-LOADER(  241): Error: ACDB AFE returned = -19
D/ACDB-LOADER(  241): ACDB -> AUDIO_SET_AFE_CAL
D/audio_hw_primary(  241): select_devices: done
W/ctxmgr  ( 2159): [PowerConnectionState]Got same value as before for power connection (Plug state: 2 BatteryLevel: 0.58)
I/LatinIME( 1430): Starting input. Cursor position = 8,8
I/ValidateNoPeople(  756): skipping global notification
D/NuPlayerDriver(  241): stop(0xb1a75a60)
D/NuPlayerDriver(  241): reset(0xb1a75a60)
W/MediaPlayer(29521): mediaplayer went away with unhandled events
D/NuPlayerDriver(  241): notifyResetComplete(0xb1a75a60)
E/MediaPlayer-JNI(29521): QCMediaPlayer mediaplayer NOT present
D/ExtendedUtils(  241): Try creating ExtendedExtractor
E/MM_OSAL (  241): FileSource::FileSource
E/MM_OSAL (  241): FileSource::FileSource m_bEveryThingOK 1
E/MM_OSAL (  241): MM_File_Create File Name /data/mmosal_logmask.cfg , Mode 0
E/MM_OSAL (  241): MM_File_Create failed .Efs Error No -1 , File Name /data/mmosal_logmask.cfg , Mode 0
E/MM_OSAL (  241): Open or read fail on /data/mmosal_logmask.cfg. Possible permission denied issue. Looking for /data/misc/media/mmosal_logmask.cfg
E/MM_OSAL (  241): MM_File_Create File Name /data/misc/media/mmosal_logmask.cfg , Mode 0
E/MM_OSAL (  241): MM_File_Create failed .Efs Error No -1 , File Name /data/misc/media/mmosal_logmask.cfg , Mode 0
D/ExtendedUtils(  241): Discarding default extractor and using the extended one
I/FFmpegExtractor(  241): android-source:0xb1010060
I/FFMPEG  (  241): Input #0, mov,mp4,m4a,3gp,3g2,mj2, from 'android-source:0xb1010060':
I/FFMPEG  (  241):   Metadata:
I/FFMPEG  (  241):     major_brand     : M4A 
I/FFMPEG  (  241):     minor_version   : 0
I/FFMPEG  (  241):     compatible_brands: M4A mp42isom
I/FFMPEG  (  241):     creation_time   : 2012-03-07 02:05:10
I/FFMPEG  (  241):     title           : send_message
I/FFMPEG  (  241):     compilation     : 0
I/FFMPEG  (  241):     gapless_playback: 0
I/FFMPEG  (  241):     encoder         : iTunes 10.5.2.11
I/FFMPEG  (  241):     iTunSMPB        :  00000000 00000840 000000C6 00000000000006FA 00000000 00000000 00000000 00000000 00000000 00000000 00000000 00000000
I/FFMPEG  (  241):     Encoding Params : vers
I/FFMPEG  (  241):     iTunNORM        :  0000010B 00000000 0000010B 00000000 00000000 00000000 00002EE7 00000000 00000000 00000000
I/FFMPEG  (  241):   Duration: 00:00:00.09, start: 0.000000, bitrate: 393 kb/s
I/FFMPEG  (  241):     Stream #0:0(und): Audio: aac (LC) (mp4a / 0x6134706D), 44100 Hz, mono, fltp, 40 kb/s (default)
I/FFMPEG  (  241):     Metadata:
I/FFMPEG  (  241):       creation_time   : 2012-03-07 02:05:10
D/FFmpegExtractor(  241): FFmpegExtrator, url: android-source:0xb1010060, format_name: mov,mp4,m4a,3gp,3g2,mj2, format_long_name: QuickTime / MOV
I/FFmpegExtractor(  241): adjust mime(video/mp4 -> audio/mp4a-latm)
D/FFmpegExtractor(  241): suppoted codec(aac) by official Stagefright
D/FFmpegExtractor(  241): ffmpeg detected media content as 'audio/mp4a-latm' with confidence 0.08
D/ExtendedUtils(  241): Try creating ExtendedExtractor
E/MM_OSAL (  241): FileSource::FileSource
E/MM_OSAL (  241): FileSource::FileSource m_bEveryThingOK 1
E/MM_OSAL (  241): MM_File_Create File Name /data/mmosal_logmask.cfg , Mode 0
E/MM_OSAL (  241): MM_File_Create failed .Efs Error No -1 , File Name /data/mmosal_logmask.cfg , Mode 0
E/MM_OSAL (  241): Open or read fail on /data/mmosal_logmask.cfg. Possible permission denied issue. Looking for /data/misc/media/mmosal_logmask.cfg
E/MM_OSAL (  241): MM_File_Create File Name /data/misc/media/mmosal_logmask.cfg , Mode 0
E/MM_OSAL (  241): MM_File_Create failed .Efs Error No -1 , File Name /data/misc/media/mmosal_logmask.cfg , Mode 0
D/ExtendedUtils(  241): Discarding default extractor and using the extended one
E/MediaPlayer(29521): Should have subtitle controller already set
E/MediaPlayer(29521): Should have subtitle controller already set
D/NuPlayerDriver(  241): start(0xb1a75a60)
I/GenericSource(  241): start
E/MMParserExtractor(  241): FileSource::FILE_SOURCE_DATA_END 
W/Utils   (  241): bool android::canOffloadStream(const android::sp<android::MetaData>&, bool, const android::sp<android::MetaData>&, bool, audio_stream_type_t) No sample bit depth info in meta data
E/AudioPolicyManager(  241): isOffloadSupported: stream_type != MUSIC, returning false
I/ExtendedUtils(  241): No channel mask, try channel count
I/ExtendedUtils(  241): decision 0 mime audio/mp4a-latm
E/AudioPolicyManager(  241): isOffloadSupported: stream_type != MUSIC, returning false
I/NuPlayer(  241): Could not offload audio decode, pcm offload decided :0
W/Utils   (  241): bool android::canOffloadStream(const android::sp<android::MetaData>&, bool, const android::sp<android::MetaData>&, bool, audio_stream_type_t) No sample bit depth info in meta data
E/AudioPolicyManager(  241): isOffloadSupported: stream_type != MUSIC, returning false
I/ACodec  (  241): sampleRate=44100 channels=1 bits=16
I/SoftAAC2(  241): Reconfiguring decoder: 0->44100 Hz, 0->1 channels
E/MMParserExtractor(  241): FileSource::FILE_SOURCE_DATA_END 
E/AudioTrack(  241): AudioTrack::set : Exit
D/audio_hw_primary(  241): out_set_parameters: enter: usecase(1: low-latency-playback) kvpairs: routing=2
V/listen_hw(  241): listen_hw_set_parameters: Enter
V/listen_hw(  241): handle_set_parameters: Enter kvpairs=routing=2 capture=0
V/listen_hw(  241): handle_set_parameters: Exit
V/listen_hw(  241): listen_hw_set_parameters: Exit, ret=0
I/LatinIME( 1430): Starting input. Cursor position = 11,11
I/ValidateNoPeople(  756): skipping global notification
D/NuPlayerDriver(  241): stop(0xb1a75a60)
D/NuPlayerDriver(  241): reset(0xb1a75a60)
D/NuPlayerDriver(  241): notifyResetComplete(0xb1a75a60)
E/MediaPlayer-JNI(29521): QCMediaPlayer mediaplayer NOT present
W/MediaPlayer(29521): mediaplayer went away with unhandled events
D/ExtendedUtils(  241): Try creating ExtendedExtractor
E/MM_OSAL (  241): FileSource::FileSource
E/MM_OSAL (  241): FileSource::FileSource m_bEveryThingOK 1
E/MM_OSAL (  241): MM_File_Create File Name /data/mmosal_logmask.cfg , Mode 0
E/MM_OSAL (  241): MM_File_Create failed .Efs Error No -1 , File Name /data/mmosal_logmask.cfg , Mode 0
E/MM_OSAL (  241): Open or read fail on /data/mmosal_logmask.cfg. Possible permission denied issue. Looking for /data/misc/media/mmosal_logmask.cfg
E/MM_OSAL (  241): MM_File_Create File Name /data/misc/media/mmosal_logmask.cfg , Mode 0
E/MM_OSAL (  241): MM_File_Create failed .Efs Error No -1 , File Name /data/misc/media/mmosal_logmask.cfg , Mode 0
D/ExtendedUtils(  241): Discarding default extractor and using the extended one
I/FFmpegExtractor(  241): android-source:0xb1010060
I/FFMPEG  (  241): Input #0, mov,mp4,m4a,3gp,3g2,mj2, from 'android-source:0xb1010060':
I/FFMPEG  (  241):   Metadata:
I/FFMPEG  (  241):     major_brand     : M4A 
I/FFMPEG  (  241):     minor_version   : 0
I/FFMPEG  (  241):     compatible_brands: M4A mp42isom
I/FFMPEG  (  241):     creation_time   : 2012-03-07 02:05:10
I/FFMPEG  (  241):     title           : send_message
I/FFMPEG  (  241):     compilation     : 0
I/FFMPEG  (  241):     gapless_playback: 0
I/FFMPEG  (  241):     encoder         : iTunes 10.5.2.11
I/FFMPEG  (  241):     iTunSMPB        :  00000000 00000840 000000C6 00000000000006FA 00000000 00000000 00000000 00000000 00000000 00000000 00000000 00000000
I/FFMPEG  (  241):     Encoding Params : vers
I/FFMPEG  (  241):     iTunNORM        :  0000010B 00000000 0000010B 00000000 00000000 00000000 00002EE7 00000000 00000000 00000000
I/FFMPEG  (  241):   Duration: 00:00:00.09, start: 0.000000, bitrate: 393 kb/s
I/FFMPEG  (  241):     Stream #0:0(und): Audio: aac (LC) (mp4a / 0x6134706D), 44100 Hz, mono, fltp, 40 kb/s (default)
I/FFMPEG  (  241):     Metadata:
I/FFMPEG  (  241):       creation_time   : 2012-03-07 02:05:10
D/FFmpegExtractor(  241): FFmpegExtrator, url: android-source:0xb1010060, format_name: mov,mp4,m4a,3gp,3g2,mj2, format_long_name: QuickTime / MOV
I/FFmpegExtractor(  241): adjust mime(video/mp4 -> audio/mp4a-latm)
D/FFmpegExtractor(  241): suppoted codec(aac) by official Stagefright
D/FFmpegExtractor(  241): ffmpeg detected media content as 'audio/mp4a-latm' with confidence 0.08
D/ExtendedUtils(  241): Try creating ExtendedExtractor
E/MM_OSAL (  241): FileSource::FileSource
E/MM_OSAL (  241): FileSource::FileSource m_bEveryThingOK 1
E/MM_OSAL (  241): MM_File_Create File Name /data/mmosal_logmask.cfg , Mode 0
E/MM_OSAL (  241): MM_File_Create failed .Efs Error No -1 , File Name /data/mmosal_logmask.cfg , Mode 0
E/MM_OSAL (  241): Open or read fail on /data/mmosal_logmask.cfg. Possible permission denied issue. Looking for /data/misc/media/mmosal_logmask.cfg
E/MM_OSAL (  241): MM_File_Create File Name /data/misc/media/mmosal_logmask.cfg , Mode 0
E/MM_OSAL (  241): MM_File_Create failed .Efs Error No -1 , File Name /data/misc/media/mmosal_logmask.cfg , Mode 0
D/ExtendedUtils(  241): Discarding default extractor and using the extended one
E/MediaPlayer(29521): Should have subtitle controller already set
E/MediaPlayer(29521): Should have subtitle controller already set
D/NuPlayerDriver(  241): start(0xb1a75a60)
I/GenericSource(  241): start
E/MMParserExtractor(  241): FileSource::FILE_SOURCE_DATA_END 
W/Utils   (  241): bool android::canOffloadStream(const android::sp<android::MetaData>&, bool, const android::sp<android::MetaData>&, bool, audio_stream_type_t) No sample bit depth info in meta data
E/AudioPolicyManager(  241): isOffloadSupported: stream_type != MUSIC, returning false
I/ExtendedUtils(  241): No channel mask, try channel count
I/ExtendedUtils(  241): decision 0 mime audio/mp4a-latm
E/AudioPolicyManager(  241): isOffloadSupported: stream_type != MUSIC, returning false
I/NuPlayer(  241): Could not offload audio decode, pcm offload decided :0
W/Utils   (  241): bool android::canOffloadStream(const android::sp<android::MetaData>&, bool, const android::sp<android::MetaData>&, bool, audio_stream_type_t) No sample bit depth info in meta data
E/AudioPolicyManager(  241): isOffloadSupported: stream_type != MUSIC, returning false
I/ACodec  (  241): sampleRate=44100 channels=1 bits=16
I/SoftAAC2(  241): Reconfiguring decoder: 0->44100 Hz, 0->1 channels
E/MMParserExtractor(  241): FileSource::FILE_SOURCE_DATA_END 
E/AudioTrack(  241): AudioTrack::set : Exit
D/audio_hw_primary(  241): out_set_parameters: enter: usecase(1: low-latency-playback) kvpairs: routing=2
V/listen_hw(  241): listen_hw_set_parameters: Enter
V/listen_hw(  241): handle_set_parameters: Enter kvpairs=routing=2 capture=0
V/listen_hw(  241): handle_set_parameters: Exit
V/listen_hw(  241): listen_hw_set_parameters: Exit, ret=0
W/ctxmgr  ( 2159): [PowerConnectionState]Got same value as before for power connection (Plug state: 2 BatteryLevel: 0.58)
W/ProcessCpuTracker(  756): Skipping unknown process pid 1652
D/audio_hw_primary(  241): out_standby: enter: stream (0xb5880740) usecase(1: low-latency-playback)
D/hardware_info(  241): hw_info_append_hw_type : device_name = speaker
I/LatinIME( 1430): Starting input. Cursor position = 16,16
I/ValidateNoPeople(  756): skipping global notification
D/NuPlayerDriver(  241): stop(0xb1a75a60)
D/NuPlayerDriver(  241): reset(0xb1a75a60)
W/MediaPlayer(29521): mediaplayer went away with unhandled events
D/NuPlayerDriver(  241): notifyResetComplete(0xb1a75a60)
E/MediaPlayer-JNI(29521): QCMediaPlayer mediaplayer NOT present
D/ExtendedUtils(  241): Try creating ExtendedExtractor
E/MM_OSAL (  241): FileSource::FileSource
E/MM_OSAL (  241): FileSource::FileSource m_bEveryThingOK 1
E/MM_OSAL (  241): MM_File_Create File Name /data/mmosal_logmask.cfg , Mode 0
E/MM_OSAL (  241): MM_File_Create failed .Efs Error No -1 , File Name /data/mmosal_logmask.cfg , Mode 0
E/MM_OSAL (  241): Open or read fail on /data/mmosal_logmask.cfg. Possible permission denied issue. Looking for /data/misc/media/mmosal_logmask.cfg
E/MM_OSAL (  241): MM_File_Create File Name /data/misc/media/mmosal_logmask.cfg , Mode 0
E/MM_OSAL (  241): MM_File_Create failed .Efs Error No -1 , File Name /data/misc/media/mmosal_logmask.cfg , Mode 0
D/ExtendedUtils(  241): Discarding default extractor and using the extended one
I/FFmpegExtractor(  241): android-source:0xb1010060
I/FFMPEG  (  241): Input #0, mov,mp4,m4a,3gp,3g2,mj2, from 'android-source:0xb1010060':
I/FFMPEG  (  241):   Metadata:
I/FFMPEG  (  241):     major_brand     : M4A 
I/FFMPEG  (  241):     minor_version   : 0
I/FFMPEG  (  241):     compatible_brands: M4A mp42isom
I/FFMPEG  (  241):     creation_time   : 2012-03-07 02:05:10
I/FFMPEG  (  241):     title           : send_message
I/FFMPEG  (  241):     compilation     : 0
I/FFMPEG  (  241):     gapless_playback: 0
I/FFMPEG  (  241):     encoder         : iTunes 10.5.2.11
I/FFMPEG  (  241):     iTunSMPB        :  00000000 00000840 000000C6 00000000000006FA 00000000 00000000 00000000 00000000 00000000 00000000 00000000 00000000
I/FFMPEG  (  241):     Encoding Params : vers
I/FFMPEG  (  241):     iTunNORM        :  0000010B 00000000 0000010B 00000000 00000000 00000000 00002EE7 00000000 00000000 00000000
I/FFMPEG  (  241):   Duration: 00:00:00.09, start: 0.000000, bitrate: 393 kb/s
I/FFMPEG  (  241):     Stream #0:0(und): Audio: aac (LC) (mp4a / 0x6134706D), 44100 Hz, mono, fltp, 40 kb/s (default)
I/FFMPEG  (  241):     Metadata:
I/FFMPEG  (  241):       creation_time   : 2012-03-07 02:05:10
D/FFmpegExtractor(  241): FFmpegExtrator, url: android-source:0xb1010060, format_name: mov,mp4,m4a,3gp,3g2,mj2, format_long_name: QuickTime / MOV
I/FFmpegExtractor(  241): adjust mime(video/mp4 -> audio/mp4a-latm)
D/FFmpegExtractor(  241): suppoted codec(aac) by official Stagefright
D/FFmpegExtractor(  241): ffmpeg detected media content as 'audio/mp4a-latm' with confidence 0.08
D/ExtendedUtils(  241): Try creating ExtendedExtractor
E/MM_OSAL (  241): FileSource::FileSource
E/MM_OSAL (  241): FileSource::FileSource m_bEveryThingOK 1
E/MM_OSAL (  241): MM_File_Create File Name /data/mmosal_logmask.cfg , Mode 0
E/MM_OSAL (  241): MM_File_Create failed .Efs Error No -1 , File Name /data/mmosal_logmask.cfg , Mode 0
E/MM_OSAL (  241): Open or read fail on /data/mmosal_logmask.cfg. Possible permission denied issue. Looking for /data/misc/media/mmosal_logmask.cfg
E/MM_OSAL (  241): MM_File_Create File Name /data/misc/media/mmosal_logmask.cfg , Mode 0
E/MM_OSAL (  241): MM_File_Create failed .Efs Error No -1 , File Name /data/misc/media/mmosal_logmask.cfg , Mode 0
D/ExtendedUtils(  241): Discarding default extractor and using the extended one
E/MediaPlayer(29521): Should have subtitle controller already set
E/MediaPlayer(29521): Should have subtitle controller already set
D/NuPlayerDriver(  241): start(0xb1a75a60)
I/GenericSource(  241): start
E/MMParserExtractor(  241): FileSource::FILE_SOURCE_DATA_END 
W/Utils   (  241): bool android::canOffloadStream(const android::sp<android::MetaData>&, bool, const android::sp<android::MetaData>&, bool, audio_stream_type_t) No sample bit depth info in meta data
E/AudioPolicyManager(  241): isOffloadSupported: stream_type != MUSIC, returning false
I/ExtendedUtils(  241): No channel mask, try channel count
I/ExtendedUtils(  241): decision 0 mime audio/mp4a-latm
E/AudioPolicyManager(  241): isOffloadSupported: stream_type != MUSIC, returning false
I/NuPlayer(  241): Could not offload audio decode, pcm offload decided :0
W/Utils   (  241): bool android::canOffloadStream(const android::sp<android::MetaData>&, bool, const android::sp<android::MetaData>&, bool, audio_stream_type_t) No sample bit depth info in meta data
E/AudioPolicyManager(  241): isOffloadSupported: stream_type != MUSIC, returning false
I/ACodec  (  241): sampleRate=44100 channels=1 bits=16
I/SoftAAC2(  241): Reconfiguring decoder: 0->44100 Hz, 0->1 channels
E/MMParserExtractor(  241): FileSource::FILE_SOURCE_DATA_END 
E/AudioTrack(  241): AudioTrack::set : Exit
D/audio_hw_primary(  241): out_set_parameters: enter: usecase(1: low-latency-playback) kvpairs: routing=2
V/listen_hw(  241): listen_hw_set_parameters: Enter
V/listen_hw(  241): handle_set_parameters: Enter kvpairs=routing=2 capture=0
V/listen_hw(  241): handle_set_parameters: Exit
V/listen_hw(  241): listen_hw_set_parameters: Exit, ret=0
D/audio_hw_primary(  241): start_output_stream: enter: stream(0xb5880740)usecase(1: low-latency-playback) devices(0x2)
D/audio_hw_primary(  241): start_output_stream: enter: usecase(1: low-latency-playback) devices(0x2)
D/audio_hw_primary(  241): select_devices: out_snd_device(2: speaker) in_snd_device(0: )
W/msm8974_platform(  241): Codec backend bitwidth 16, samplerate 48000
D/hardware_info(  241): hw_info_append_hw_type : device_name = speaker
I/msm8974_platform(  241): platform_send_audio_calibration: sending audio calibration for snd_device(2) acdb_id(15)
D/ACDB-LOADER(  241): ACDB -> send_audio_cal, acdb_id = 15, path =  0
D/ACDB-LOADER(  241): ACDB -> send_adm_topology
D/ACDB-LOADER(  241): ACDB -> ACDB_CMD_GET_AUDPROC_COMMON_TOPOLOGY_ID
D/ACDB-LOADER(  241): ACDB -> send_asm_topology
D/ACDB-LOADER(  241): ACDB -> ACDB_CMD_GET_AUDPROC_STREAM_TOPOLOGY_ID
D/ACDB-LOADER(  241): ACDB -> send_audtable
D/ACDB-LOADER(  241): ACDB -> ACDB_CMD_GET_AUDPROC_COMMON_TABLE
D/ACDB-LOADER(  241): ACDB -> AUDIO_SET_AUDPROC_CAL
D/ACDB-LOADER(  241): ACDB -> send_audvoltable
D/ACDB-LOADER(  241): ACDB -> ACDB_CMD_GET_AUDPROC_GAIN_DEP_STEP_TABLE
D/        (  241): Failed to fetch the lookup information of the device 0000000F 
E/ACDB-LOADER(  241): Error: ACDB AudProc vol returned = -19
D/ACDB-LOADER(  241): ACDB -> AUDIO_SET_AUDPROC_VOL_CAL
D/ACDB-LOADER(  241): ACDB -> send_afe_cal
D/ACDB-LOADER(  241): ACDB -> ACDB_CMD_GET_AFE_COMMON_TABLE
D/        (  241): Failed to fetch the lookup information of the device 0000000F 
E/ACDB-LOADER(  241): Error: ACDB AFE returned = -19
D/ACDB-LOADER(  241): ACDB -> AUDIO_SET_AFE_CAL
D/audio_hw_primary(  241): select_devices: done
D/audio_hw_primary(  241): out_standby: enter: stream (0xb5880740) usecase(1: low-latency-playback)
D/hardware_info(  241): hw_info_append_hw_type : device_name = speaker
I/LatinIME( 1430): Starting input. Cursor position = 19,19
I/ValidateNoPeople(  756): skipping global notification
D/NuPlayerDriver(  241): stop(0xb1a75a60)
D/NuPlayerDriver(  241): reset(0xb1a75a60)
D/NuPlayerDriver(  241): notifyResetComplete(0xb1a75a60)
E/MediaPlayer-JNI(29521): QCMediaPlayer mediaplayer NOT present
W/MediaPlayer(29521): mediaplayer went away with unhandled events
D/ExtendedUtils(  241): Try creating ExtendedExtractor
E/MM_OSAL (  241): FileSource::FileSource
E/MM_OSAL (  241): FileSource::FileSource m_bEveryThingOK 1
E/MM_OSAL (  241): MM_File_Create File Name /data/mmosal_logmask.cfg , Mode 0
E/MM_OSAL (  241): MM_File_Create failed .Efs Error No -1 , File Name /data/mmosal_logmask.cfg , Mode 0
E/MM_OSAL (  241): Open or read fail on /data/mmosal_logmask.cfg. Possible permission denied issue. Looking for /data/misc/media/mmosal_logmask.cfg
E/MM_OSAL (  241): MM_File_Create File Name /data/misc/media/mmosal_logmask.cfg , Mode 0
E/MM_OSAL (  241): MM_File_Create failed .Efs Error No -1 , File Name /data/misc/media/mmosal_logmask.cfg , Mode 0
D/ExtendedUtils(  241): Discarding default extractor and using the extended one
I/FFmpegExtractor(  241): android-source:0xb1010060
I/FFMPEG  (  241): Input #0, mov,mp4,m4a,3gp,3g2,mj2, from 'android-source:0xb1010060':
I/FFMPEG  (  241):   Metadata:
I/FFMPEG  (  241):     major_brand     : M4A 
I/FFMPEG  (  241):     minor_version   : 0
I/FFMPEG  (  241):     compatible_brands: M4A mp42isom
I/FFMPEG  (  241):     creation_time   : 2012-03-07 02:05:10
I/FFMPEG  (  241):     title           : send_message
I/FFMPEG  (  241):     compilation     : 0
I/FFMPEG  (  241):     gapless_playback: 0
I/FFMPEG  (  241):     encoder         : iTunes 10.5.2.11
I/FFMPEG  (  241):     iTunSMPB        :  00000000 00000840 000000C6 00000000000006FA 00000000 00000000 00000000 00000000 00000000 00000000 00000000 00000000
I/FFMPEG  (  241):     Encoding Params : vers
I/FFMPEG  (  241):     iTunNORM        :  0000010B 00000000 0000010B 00000000 00000000 00000000 00002EE7 00000000 00000000 00000000
I/FFMPEG  (  241):   Duration: 00:00:00.09, start: 0.000000, bitrate: 393 kb/s
I/FFMPEG  (  241):     Stream #0:0(und): Audio: aac (LC) (mp4a / 0x6134706D), 44100 Hz, mono, fltp, 40 kb/s (default)
I/FFMPEG  (  241):     Metadata:
I/FFMPEG  (  241):       creation_time   : 2012-03-07 02:05:10
D/FFmpegExtractor(  241): FFmpegExtrator, url: android-source:0xb1010060, format_name: mov,mp4,m4a,3gp,3g2,mj2, format_long_name: QuickTime / MOV
I/FFmpegExtractor(  241): adjust mime(video/mp4 -> audio/mp4a-latm)
D/FFmpegExtractor(  241): suppoted codec(aac) by official Stagefright
D/FFmpegExtractor(  241): ffmpeg detected media content as 'audio/mp4a-latm' with confidence 0.08
D/ExtendedUtils(  241): Try creating ExtendedExtractor
E/MM_OSAL (  241): FileSource::FileSource
E/MM_OSAL (  241): FileSource::FileSource m_bEveryThingOK 1
E/MM_OSAL (  241): MM_File_Create File Name /data/mmosal_logmask.cfg , Mode 0
E/MM_OSAL (  241): MM_File_Create failed .Efs Error No -1 , File Name /data/mmosal_logmask.cfg , Mode 0
E/MM_OSAL (  241): Open or read fail on /data/mmosal_logmask.cfg. Possible permission denied issue. Looking for /data/misc/media/mmosal_logmask.cfg
E/MM_OSAL (  241): MM_File_Create File Name /data/misc/media/mmosal_logmask.cfg , Mode 0
E/MM_OSAL (  241): MM_File_Create failed .Efs Error No -1 , File Name /data/misc/media/mmosal_logmask.cfg , Mode 0
D/ExtendedUtils(  241): Discarding default extractor and using the extended one
E/MediaPlayer(29521): Should have subtitle controller already set
E/MediaPlayer(29521): Should have subtitle controller already set
D/NuPlayerDriver(  241): start(0xb1a75a60)
I/GenericSource(  241): start
E/MMParserExtractor(  241): FileSource::FILE_SOURCE_DATA_END 
W/Utils   (  241): bool android::canOffloadStream(const android::sp<android::MetaData>&, bool, const android::sp<android::MetaData>&, bool, audio_stream_type_t) No sample bit depth info in meta data
E/AudioPolicyManager(  241): isOffloadSupported: stream_type != MUSIC, returning false
I/ExtendedUtils(  241): No channel mask, try channel count
I/ExtendedUtils(  241): decision 0 mime audio/mp4a-latm
E/AudioPolicyManager(  241): isOffloadSupported: stream_type != MUSIC, returning false
I/NuPlayer(  241): Could not offload audio decode, pcm offload decided :0
W/Utils   (  241): bool android::canOffloadStream(const android::sp<android::MetaData>&, bool, const android::sp<android::MetaData>&, bool, audio_stream_type_t) No sample bit depth info in meta data
E/AudioPolicyManager(  241): isOffloadSupported: stream_type != MUSIC, returning false
I/ACodec  (  241): sampleRate=44100 channels=1 bits=16
I/SoftAAC2(  241): Reconfiguring decoder: 0->44100 Hz, 0->1 channels
E/MMParserExtractor(  241): FileSource::FILE_SOURCE_DATA_END 
E/AudioTrack(  241): AudioTrack::set : Exit
D/audio_hw_primary(  241): out_set_parameters: enter: usecase(1: low-latency-playback) kvpairs: routing=2
V/listen_hw(  241): listen_hw_set_parameters: Enter
V/listen_hw(  241): handle_set_parameters: Enter kvpairs=routing=2 capture=0
V/listen_hw(  241): handle_set_parameters: Exit
V/listen_hw(  241): listen_hw_set_parameters: Exit, ret=0
D/audio_hw_primary(  241): start_output_stream: enter: stream(0xb5880740)usecase(1: low-latency-playback) devices(0x2)
D/audio_hw_primary(  241): start_output_stream: enter: usecase(1: low-latency-playback) devices(0x2)
D/audio_hw_primary(  241): select_devices: out_snd_device(2: speaker) in_snd_device(0: )
W/msm8974_platform(  241): Codec backend bitwidth 16, samplerate 48000
D/hardware_info(  241): hw_info_append_hw_type : device_name = speaker
I/msm8974_platform(  241): platform_send_audio_calibration: sending audio calibration for snd_device(2) acdb_id(15)
D/ACDB-LOADER(  241): ACDB -> send_audio_cal, acdb_id = 15, path =  0
D/ACDB-LOADER(  241): ACDB -> send_adm_topology
D/ACDB-LOADER(  241): ACDB -> ACDB_CMD_GET_AUDPROC_COMMON_TOPOLOGY_ID
D/ACDB-LOADER(  241): ACDB -> send_asm_topology
D/ACDB-LOADER(  241): ACDB -> ACDB_CMD_GET_AUDPROC_STREAM_TOPOLOGY_ID
D/ACDB-LOADER(  241): ACDB -> send_audtable
D/ACDB-LOADER(  241): ACDB -> ACDB_CMD_GET_AUDPROC_COMMON_TABLE
D/ACDB-LOADER(  241): ACDB -> AUDIO_SET_AUDPROC_CAL
D/ACDB-LOADER(  241): ACDB -> send_audvoltable
D/ACDB-LOADER(  241): ACDB -> ACDB_CMD_GET_AUDPROC_GAIN_DEP_STEP_TABLE
D/        (  241): Failed to fetch the lookup information of the device 0000000F 
E/ACDB-LOADER(  241): Error: ACDB AudProc vol returned = -19
D/ACDB-LOADER(  241): ACDB -> AUDIO_SET_AUDPROC_VOL_CAL
D/ACDB-LOADER(  241): ACDB -> send_afe_cal
D/ACDB-LOADER(  241): ACDB -> ACDB_CMD_GET_AFE_COMMON_TABLE
D/        (  241): Failed to fetch the lookup information of the device 0000000F 
E/ACDB-LOADER(  241): Error: ACDB AFE returned = -19
D/ACDB-LOADER(  241): ACDB -> AUDIO_SET_AFE_CAL
D/audio_hw_primary(  241): select_devices: done
W/ctxmgr  ( 2159): [PowerConnectionState]Got same value as before for power connection (Plug state: 2 BatteryLevel: 0.58)
D/audio_hw_primary(  241): out_standby: enter: stream (0xb5880740) usecase(1: low-latency-playback)
D/hardware_info(  241): hw_info_append_hw_type : device_name = speaker
I/ActivityManager(  756): START u0 {act=android.intent.action.MAIN cat=[android.intent.category.HOME] flg=0x10200000 cmp=com.google.android.googlequicksearchbox/com.google.android.launcher.GEL} from uid 1000 on display 0
I/ValidateNoPeople(  756): skipping global notification
I/GEL     ( 1617): handleIntent(Intent { act=android.intent.action.MAIN cat=[android.intent.category.HOME] flg=0x10600000 cmp=com.google.android.googlequicksearchbox/com.google.android.launcher.GEL })
I/Timeline( 1617): Timeline: Activity_idle id: android.os.BinderProxy@34fe4749 time:42380393
