I/DisplayManagerService(  756): Display device changed: DisplayDeviceInfo{"Tela integrada": uniqueId="local:0", 1080 x 1920, 63.0 fps, supportedRefreshRates [63.0], density 480, 403.411 x 403.041 dpi, appVsyncOff 7500000, presDeadline 11873016, touch INTERNAL, rotation 0, type BUILT_IN, state DOZE, FLAG_DEFAULT_DISPLAY, FLAG_ROTATES_WITH_CONTENT, FLAG_SECURE, FLAG_SUPPORTS_PROTECTED_BUFFERS}
V/ActivityManager(  756): Display changed displayId=0
I/ActivityManager(  756): Resuming delayed broadcast
D/ChimeraCfgMgr( 1990): Loading module com.google.android.gms.vision from APK com.google.android.gms
E/NetworkScheduler.SchedulerReceiver( 1802): Invalid parameter app
E/NetworkScheduler.SchedulerReceiver( 1802): Invalid package name : Perhaps you didn't include a PendingIntent in the extras?
I/LoadedApk(29358): No resource references to update in package common
I/LoadedApk(29358): No resource references to update in package com.cyngn.hexo
W/ResourceType(29358): For resource 0x01030224, entry index(548) is beyond type entryCount(9)
W/ResourceType(29358): For resource 0x01030224, entry index(548) is beyond type entryCount(9)
I/qdhwcomposer(  230): handle_blank_event: dpy:0 panel power state: 2
D/qdhwcomposer(  230): hwc_setPowerMode: Done setting mode 1 on display 0
D/SurfaceControl(  756): Excessive delay in setPowerMode(): 313ms
D/OpenGLRenderer(29358): Use EGL_SWAP_BEHAVIOR_PRESERVED: true
I/DisplayPowerController(  756): Unblocked screen on after 334 ms
D/Atlas   (29358): Validating map...
V/WindowManager(  756): Adding window Window{197c3ab4 u0 com.sveder.cardboardpassthrough/com.sveder.cardboardpassthrough.MainActivity} at 11 of 15 (after Window{25222911 u0 com.whatsapp/com.whatsapp.Conversation})
D/AndroidRuntime(29358): Shutting down VM
E/AndroidRuntime(29358): FATAL EXCEPTION: main
E/AndroidRuntime(29358): Process: com.sveder.cardboardpassthrough, PID: 29358
E/AndroidRuntime(29358): java.lang.RuntimeException: Unable to pause activity {com.sveder.cardboardpassthrough/com.sveder.cardboardpassthrough.MainActivity}: java.lang.IllegalArgumentException: Service not registered: com.sveder.cardboardpassthrough.MainActivity$1@2aa6d3e7
E/AndroidRuntime(29358): 	at android.app.ActivityThread.performPauseActivity(ActivityThread.java:3293)
E/AndroidRuntime(29358): 	at android.app.ActivityThread.performPauseActivity(ActivityThread.java:3252)
E/AndroidRuntime(29358): 	at android.app.ActivityThread.handlePauseActivity(ActivityThread.java:3227)
E/AndroidRuntime(29358): 	at android.app.ActivityThread.access$1100(ActivityThread.java:154)
E/AndroidRuntime(29358): 	at android.app.ActivityThread$H.handleMessage(ActivityThread.java:1332)
E/AndroidRuntime(29358): 	at android.os.Handler.dispatchMessage(Handler.java:102)
E/AndroidRuntime(29358): 	at android.os.Looper.loop(Looper.java:135)
E/AndroidRuntime(29358): 	at android.app.ActivityThread.main(ActivityThread.java:5292)
E/AndroidRuntime(29358): 	at java.lang.reflect.Method.invoke(Native Method)
E/AndroidRuntime(29358): 	at java.lang.reflect.Method.invoke(Method.java:372)
E/AndroidRuntime(29358): 	at com.android.internal.os.ZygoteInit$MethodAndArgsCaller.run(ZygoteInit.java:904)
E/AndroidRuntime(29358): 	at com.android.internal.os.ZygoteInit.main(ZygoteInit.java:699)
E/AndroidRuntime(29358): Caused by: java.lang.IllegalArgumentException: Service not registered: com.sveder.cardboardpassthrough.MainActivity$1@2aa6d3e7
E/AndroidRuntime(29358): 	at android.app.LoadedApk.forgetServiceDispatcher(LoadedApk.java:1030)
E/AndroidRuntime(29358): 	at android.app.ContextImpl.unbindService(ContextImpl.java:1850)
E/AndroidRuntime(29358): 	at android.content.ContextWrapper.unbindService(ContextWrapper.java:557)
E/AndroidRuntime(29358): 	at com.sveder.cardboardpassthrough.MainActivity.onPause(MainActivity.java:232)
E/AndroidRuntime(29358): 	at android.app.Activity.performPause(Activity.java:6101)
E/AndroidRuntime(29358): 	at android.app.Instrumentation.callActivityOnPause(Instrumentation.java:1310)
E/AndroidRuntime(29358): 	at android.app.ActivityThread.performPauseActivity(ActivityThread.java:3279)
E/AndroidRuntime(29358): 	... 11 more
W/ActivityManager(  756):   Force finishing activity 1 com.sveder.cardboardpassthrough/.MainActivity
I/Process (29358): Sending signal. PID: 29358 SIG: 9
D/LogFetchServiceManager( 3038): Received entry added
I/WindowState(  756): WIN DEATH: Window{197c3ab4 u0 com.sveder.cardboardpassthrough/com.sveder.cardboardpassthrough.MainActivity}
I/ActivityManager(  756): Process com.sveder.cardboardpassthrough (pid 29358) has died
I/Timeline(  756): Timeline: Activity_windows_visible id: ActivityRecord{3dc8e5b5 u0 com.google.android.googlequicksearchbox/com.google.android.launcher.GEL t4876} time:38062869
I/PowerManagerService(  756): Waking up from dozing (uid 1000)...
I/QCOM PowerHAL(  756): Got set_interactive hint
V/KeyguardServiceDelegate(  756): onScreenTurnedOn(showListener = com.android.internal.policy.impl.PhoneWindowManager$2@ce4134c)
I/DisplayManagerService(  756): Display device changed: DisplayDeviceInfo{"Tela integrada": uniqueId="local:0", 1080 x 1920, 63.0 fps, supportedRefreshRates [63.0], density 480, 403.411 x 403.041 dpi, appVsyncOff 7500000, presDeadline 11873016, touch INTERNAL, rotation 0, type BUILT_IN, state ON, FLAG_DEFAULT_DISPLAY, FLAG_ROTATES_WITH_CONTENT, FLAG_SECURE, FLAG_SUPPORTS_PROTECTED_BUFFERS}
D/SurfaceFlinger(  230): Set power mode=2, type=0 flinger=0xb6082000
D/qdhwcomposer(  230): hwc_setPowerMode: Setting mode 2 on display: 0
I/qdhwcomposer(  230): handle_blank_event: dpy:0 panel power state: 1
V/ActivityManager(  756): Display changed displayId=0
D/qdhwcomposer(  230): hwc_setPowerMode: Done setting mode 2 on display 0
I/DreamManagerService(  756): Gently waking up from dream.
I/DreamManagerService(  756): Leaving dreamland.
I/DreamController(  756): Stopping dream: name=ComponentInfo{com.android.systemui/com.android.systemui.doze.DozeService}, isTest=false, canDoze=true, userId=0
V/KeyguardServiceDelegate(  756): **** SHOWN CALLED ****
W/ctxmgr  ( 2159): [PowerConnectionState]Got same value as before for power connection (Plug state: 2 BatteryLevel: 0.53)
W/RequestManagerImpl( 5373): No request trace given for request (type=SCHEDULED_REQUEST_FULL)
D/audio_hw_primary(  241): adev_set_parameters: enter: screen_state=on
V/listen_hw(  241): listen_hw_set_parameters: Enter
V/listen_hw(  241): handle_set_parameters: Enter kvpairs=screen_state=on capture=0
V/listen_hw(  241): handle_set_parameters: Exit
V/listen_hw(  241): listen_hw_set_parameters: Exit, ret=0
E/WifiStateMachine(  756): cancelDelayedScan -> 1556
I/Icing   ( 1990): Indexing 8DDAAE78A3C6487CC479C1BECEB6447E196CF7FE from com.google.android.googlequicksearchbox
I/Icing   ( 1990): Indexing done 8DDAAE78A3C6487CC479C1BECEB6447E196CF7FE
W/OpenGLRenderer( 1617): Incorrectly called buildLayer on View: ShortcutAndWidgetContainer, destroying layer...
W/GeofencerStateMachine( 2159): Ignoring removeGeofence because network location is disabled.
E/GeofenceHelper( 5373): Failed: remove geofences by PendingIntent
I/TrainingQuestionManager( 5373): updateFromServerResponse: no new training mode data and no pending answered questions to clear
V/ctxmgr  ( 2159): [FenceDeDuplicator]adding new fence key to removals = com.google.android.googlequicksearchbox:henrique.rusa@gmail.com:com.google.android.apps.gsa.extradex.kato.GmsContextManagerClientHelper:KATO_REQ_SCHED_720624656
V/ctxmgr  ( 2159): [FenceDeDuplicator]adding new fence key to removals = com.google.android.googlequicksearchbox:henrique.rusa@gmail.com:com.google.android.apps.gsa.extradex.kato.GmsContextManagerClientHelper:KATO_REQ_SCHED_1662816648
V/ctxmgr  ( 2159): [FenceDeDuplicator]adding new fence key to removals = com.google.android.googlequicksearchbox:henrique.rusa@gmail.com:com.google.android.apps.gsa.extradex.kato.GmsContextManagerClientHelper:KATO_REQ_SCHED_-994598590
V/ctxmgr  ( 2159): [FenceDeDuplicator]adding new fence key to removals = com.google.android.googlequicksearchbox:henrique.rusa@gmail.com:com.google.android.apps.gsa.extradex.kato.GmsContextManagerClientHelper:KATO_REQ_SCHED_1935674896
V/ctxmgr  ( 2159): [FenceDeDuplicator]adding new fence key to removals = com.google.android.googlequicksearchbox:henrique.rusa@gmail.com:com.google.android.apps.gsa.extradex.kato.GmsContextManagerClientHelper:dummyFence
D/PhoneStatusBar(16676): disable: < expand ICONS alerts SYSTEM_INFO back HOME RECENT clock SEARCH >
D/PhoneStatusBar(16676): disable: < expand ICONS alerts SYSTEM_INFO back HOME RECENT clock SEARCH >
E/WindowAnimator(  756): Timeout waiting for animation to startup
W/AudioTrack(16676): AUDIO_OUTPUT_FLAG_FAST denied by client
E/AudioTrack(16676): AudioTrack::set : Exit
D/audio_hw_primary(  241): out_set_parameters: enter: usecase(1: low-latency-playback) kvpairs: routing=2
V/listen_hw(  241): listen_hw_set_parameters: Enter
V/listen_hw(  241): handle_set_parameters: Enter kvpairs=routing=2 capture=0
V/listen_hw(  241): handle_set_parameters: Exit
V/listen_hw(  241): listen_hw_set_parameters: Exit, ret=0
D/PhoneStatusBar(16676): disable: < expand ICONS alerts SYSTEM_INFO back HOME RECENT clock SEARCH >
D/audio_hw_primary(  241): start_output_stream: enter: stream(0xb5880740)usecase(1: low-latency-playback) devices(0x2)
D/audio_hw_primary(  241): start_output_stream: enter: usecase(1: low-latency-playback) devices(0x2)
D/audio_hw_primary(  241): select_devices: out_snd_device(2: speaker) in_snd_device(0: )
W/msm8974_platform(  241): Codec backend bitwidth 16, samplerate 48000
D/hardware_info(  241): hw_info_append_hw_type : device_name = speaker
I/msm8974_platform(  241): platform_send_audio_calibration: sending audio calibration for snd_device(2) acdb_id(15)
D/ACDB-LOADER(  241): ACDB -> send_audio_cal, acdb_id = 15, path =  0
D/ACDB-LOADER(  241): ACDB -> send_adm_topology
D/ACDB-LOADER(  241): ACDB -> ACDB_CMD_GET_AUDPROC_COMMON_TOPOLOGY_ID
D/ACDB-LOADER(  241): ACDB -> send_asm_topology
D/ACDB-LOADER(  241): ACDB -> ACDB_CMD_GET_AUDPROC_STREAM_TOPOLOGY_ID
D/ACDB-LOADER(  241): ACDB -> send_audtable
D/ACDB-LOADER(  241): ACDB -> ACDB_CMD_GET_AUDPROC_COMMON_TABLE
D/ACDB-LOADER(  241): ACDB -> AUDIO_SET_AUDPROC_CAL
D/ACDB-LOADER(  241): ACDB -> send_audvoltable
D/ACDB-LOADER(  241): ACDB -> ACDB_CMD_GET_AUDPROC_GAIN_DEP_STEP_TABLE
D/        (  241): Failed to fetch the lookup information of the device 0000000F 
E/ACDB-LOADER(  241): Error: ACDB AudProc vol returned = -19
D/ACDB-LOADER(  241): ACDB -> AUDIO_SET_AUDPROC_VOL_CAL
D/ACDB-LOADER(  241): ACDB -> send_afe_cal
D/ACDB-LOADER(  241): ACDB -> ACDB_CMD_GET_AFE_COMMON_TABLE
D/        (  241): Failed to fetch the lookup information of the device 0000000F 
E/ACDB-LOADER(  241): Error: ACDB AFE returned = -19
D/ACDB-LOADER(  241): ACDB -> AUDIO_SET_AFE_CAL
D/audio_hw_primary(  241): select_devices: done
D/PhoneStatusBar(16676): disable: < expand icons* alerts system_info* back HOME RECENT clock SEARCH >
D/BluetoothAdapter(16676): 112618713: getState() :  mService = null. Returning STATE_OFF
D/BluetoothAdapter(16676): 112618713: getState() :  mService = null. Returning STATE_OFF
V/ActivityManager(  756): Display changed displayId=0
V/UserPresentBroadcastReceiver( 2159): Received Intent { act=android.intent.action.USER_PRESENT flg=0x24000010 cmp=com.google.android.gms/.auth.trustagent.UserPresentBroadcastReceiver }.
W/InputMethodManagerService(  756): Window already focused, ignoring focus gain of: com.android.internal.view.IInputMethodClient$Stub$Proxy@1dcb92b9 attribute=android.view.inputmethod.EditorInfo@2a7806fe, token = android.os.BinderProxy@1998c667
D/PhoneStatusBar(16676): disable: < expand icons alerts system_info back home* recent* clock search* >
I/ActivityManager(  756): Start proc 29477:com.linkedin.android/u0a0 for broadcast com.linkedin.android/.appwidget.ResponsiveWidgetService$ActiveUserListener
I/Timeline( 1617): Timeline: Activity_idle id: android.os.BinderProxy@34fe4749 time:38068404
I/MicroRecognitionRnrImpl( 5373): Starting detection.
I/MicrophoneInputStream( 5373): mic_starting com.google.android.apps.gsa.speech.audio.aa@93e4e12
D/audio_hw_primary(  241): adev_open_input_stream: enter: sample_rate(16000) channel_mask(0x10) devices(0x80000004)        stream_handle(0xb13b0ac0) io_handle(2744) source(6)
I/AudioFlinger(  241): AudioFlinger's thread 0xb1335000 ready to run
D/audio_hw_primary(  241): in_standby: enter: stream (0xb13b0ac0) usecase(7: audio-record)
D/audio_hw_primary(  241): in_standby: enter: stream (0xb13b0ac0) usecase(7: audio-record)
D/audio_hw_primary(  241): in_set_parameters: enter: kvpairs=input_source=6;routing=-2147483644
I/MicrophoneInputStream( 5373): mic_started com.google.android.apps.gsa.speech.audio.aa@93e4e12
D/audio_hw_primary(  241): start_input_stream: enter: stream(0xb13b0ac0)usecase(7: audio-record)
D/audio_hw_primary(  241): select_devices: out_snd_device(0: ) in_snd_device(61: voice-rec-mic)
D/hardware_info(  241): hw_info_append_hw_type : device_name = voice-rec-mic
I/msm8974_platform(  241): platform_send_audio_calibration: sending audio calibration for snd_device(61) acdb_id(119)
D/ACDB-LOADER(  241): ACDB -> send_audio_cal, acdb_id = 119, path =  1
D/ACDB-LOADER(  241): ACDB -> send_adm_topology
D/ACDB-LOADER(  241): ACDB -> ACDB_CMD_GET_AUDPROC_COMMON_TOPOLOGY_ID
D/ACDB-LOADER(  241): ACDB -> send_asm_topology
D/ACDB-LOADER(  241): ACDB -> ACDB_CMD_GET_AUDPROC_STREAM_TOPOLOGY_ID
D/ACDB-LOADER(  241): ACDB -> send_audtable
D/ACDB-LOADER(  241): ACDB -> ACDB_CMD_GET_AUDPROC_COMMON_TABLE
D/ACDB-LOADER(  241): ACDB -> AUDIO_SET_AUDPROC_CAL
D/ACDB-LOADER(  241): ACDB -> send_audvoltable
D/ACDB-LOADER(  241): ACDB -> ACDB_CMD_GET_AUDPROC_GAIN_DEP_STEP_TABLE
D/        (  241): Failed to fetch the lookup information of the device 00000077 
E/ACDB-LOADER(  241): Error: ACDB AudProc vol returned = -19
D/ACDB-LOADER(  241): ACDB -> AUDIO_SET_AUDPROC_VOL_CAL
D/ACDB-LOADER(  241): ACDB -> AUDIO_SET_AFE_CAL
I/listen_hal_loader(  241): audio_extn_listen_update_status(): stop listen. current active device = voice-rec-mic. Event = 1
V/listen_hw(  241): listen_hw_notify_event: Enter
V/listen_hw(  241): handle_notify_event: Enter, event type = 1
V/listen_hw(  241): adsp_stop:[0xb587a900] Enter
V/listen_hw(  241): adsp_stop:[0xb587a900] Exit, status=0
I/ListenService(  241): eventCallback: Listen concurency event
V/listen_hw(  241): handle_notify_event: Exit
I/IListenReceiver( 1534): BnListenReceiver::onTransact received NOTIFY
D/(Native) ListenReceiver( 1534): notify: Audiolock mNotifyLock
D/(Native) ListenReceiver( 1534): notify: callback application
D/ListenReceiver-JNI( 1534): JNIListenReceiverListener::notify: lock mListenerLock
D/ListenReceiver-JNI( 1534): JNIListenReceiverListener::notify: data size fieldID is 0x74ae2930
D/ListenReceiver-JNI( 1534): JNIListenReceiverListener::notify() callMethod receiveEvent with mLRecvrObj=0x200aee, gEventCallbackId=0x74ae2868
D/Java ListenReceiver( 1534): receiveEvent type 9 calls processEvent
D/ListenReceiver-JNI( 1534): JNIListenReceiverListener::notify DeleteGlobalRef eventDataObj
D/ListenReceiver-JNI( 1534): JNIListenReceiverListener::notify DeleteLocalRef tmpEventDataObj
D/(Native) ListenReceiver( 1534): notify: back from callback
I/LoadedApk(29477): No resource references to update in package common
I/LoadedApk(29477): No resource references to update in package com.cyngn.hexo
D/audio_hw_primary(  241): select_devices: done
W/LocationOracle( 5373): Best location was null
I/LiConfigParser(29477): Avail updated for feature [bluesteel_profile_background_animation] to:true
I/LiConfigParser(29477): Avail updated for feature [bluesteel_profile_caching] to:true
I/LiConfigParser(29477): Avail updated for feature [bluesteel_profile_easter] to:true
I/DefaultLiHttpClient(29477): Current retry config is:UseLiExceptionRetry
I/PersistentCookieStore(29477): Get Persistent Cookie Store
I/PersistentCookieStore(29477): mInstance == null. init mInstance
I/PersistentCookieStore(29477): no migration
I/MobileClient(29477): Mobile server: https://touch.www.linkedin.com
I/WebViewFactory(29477): Loading com.google.android.webview version 46.0.2490.76 (code 249007600)
W/MicroDetectionWorkerImp( 5373): Tag [MicroDetectionWorkerImpl] is too long; truncated to [MicroDetectionWorkerImp]
I/MicroDetectionWorkerImp( 5373): onReady
I/cr.library_loader(29477): Time to load native libraries: 3 ms (timestamps 8564-8567)
I/cr.library_loader(29477): Expected native library version number "46.0.2490.76", actual native library version number "46.0.2490.76"
W/ResourceType(29477): For resource 0x01030224, entry index(548) is beyond type entryCount(9)
W/ResourceType(29477): For resource 0x01030224, entry index(548) is beyond type entryCount(9)
V/WebViewChromiumFactoryProvider(29477): Binding Chromium to main looper Looper (main, tid 1) {18bd4da6}
I/cr.library_loader(29477): Expected native library version number "46.0.2490.76", actual native library version number "46.0.2490.76"
I/chromium(29477): [INFO:library_loader_hooks.cc(118)] Chromium logging enabled: level = 0, default verbosity = 0
I/cr.BrowserStartup(29477): Initializing chromium process, singleProcess=true
E/SysUtils(29477): ApplicationContext is null in ApplicationStatus
I/Adreno-EGL(29477): <qeglDrvAPI_eglInitialize:410>: EGL 1.4 QUALCOMM build: AU_LINUX_ANDROID_LA.BF.1.1.1_RB1.05.01.00.042.030_msm8974_LA.BF.1.1.1_RB1__release_AU ()
I/Adreno-EGL(29477): OpenGL ES Shader Compiler Version: E031.25.03.06
I/Adreno-EGL(29477): Build Date: 04/15/15 Wed
I/Adreno-EGL(29477): Local Branch: mybranch9068252
I/Adreno-EGL(29477): Remote Branch: quic/LA.BF.1.1.1_rb1.19
I/Adreno-EGL(29477): Local Patches: NONE
I/Adreno-EGL(29477): Reconstruct Branch: AU_LINUX_ANDROID_LA.BF.1.1.1_RB1.05.01.00.042.030 +  NOTHING
E/chromium(29477): [ERROR:browser_gpu_channel_host_factory.cc(258)] Failed to init browser shader disk cache.
E/libEGL  (29477): validate_display:255 error 3008 (EGL_BAD_DISPLAY)
W/cr.media(29477): Requires BLUETOOTH permission
I/art     (29477): Rejecting re-init on previously-failed class java.lang.Class<com.android.webview.chromium.WebViewContentsClientAdapter$WebResourceErrorImpl>
I/art     (29477): Rejecting re-init on previously-failed class java.lang.Class<com.android.webview.chromium.WebViewContentsClientAdapter$WebResourceErrorImpl>
I/art     (29477): Rejecting re-init on previously-failed class java.lang.Class<org.chromium.content.browser.FloatingWebActionModeCallback>
I/art     (29477): Rejecting re-init on previously-failed class java.lang.Class<org.chromium.content.browser.FloatingWebActionModeCallback>
W/art     (29477): Attempt to remove local handle scope entry from IRT, ignoring
W/AwContents(29477): onDetachedFromWindow called when already detached. Ignoring
I/PersistentCookieStore(29477): Get Persistent Cookie Store
W/art     (29477): Attempt to remove local handle scope entry from IRT, ignoring
I/ActivityManager(  756): Killing 13227:com.google.android.apps.inbox/u0a65 (adj 15): empty #17
I/PersistentCookieStore(29477): Get Persistent Cookie Store
I/RequestQueue(29477): Init Network Client
I/RequestQueue(29477): Network dispatcher has started
D/LI_AUTH_LIB(29477): in init username=henrique.rusa@gmail.com
I/PersistentCookieStore(29477): All cookies cleared
D/com.linkedin.android.liauthlib.NetworkDispatcher(29477): sending request https://www.linkedin.com/mob/sso/you
D/ACRA    (29477): ACRA is enabled for com.linkedin.android, intializing...
D/ACRA    (29477): Looking for error files in /data/data/com.linkedin.android/files
I/LiApplication(29477): Locale found in prefs: 
I/LiApplication(29477): Updated language/locale to: pt_BR
W/ctxmgr  ( 2159): [PowerConnectionState]Got same value as before for power connection (Plug state: 2 BatteryLevel: 0.53)
D/com.linkedin.android.liauthlib.NetworkDispatcher(29477): got response from https://www.linkedin.com/mob/sso/you
D/audio_hw_primary(  241): out_standby: enter: stream (0xb5880740) usecase(1: low-latency-playback)
D/hardware_info(  241): hw_info_append_hw_type : device_name = speaker
I/InputReader(  756): Reconfiguring input devices.  changes=0x00000020
D/BackupManagerService(  756): Received broadcast Intent { act=android.intent.action.PACKAGE_CHANGED dat=package:com.google.android.gms flg=0x4000010 (has extras) }
I/BackupManagerService(  756): Unbinding ComponentInfo{com.google.android.gms/com.google.android.gms.backup.BackupTransportService}
I/BackupManagerService(  756): Binding to transport host ComponentInfo{com.google.android.gms/com.google.android.gms.backup.BackupTransportService}
W/Launcher(10392): setApplicationContext called twice! old=com.android.launcher3.LauncherApplication@12cdb85 new=com.android.launcher3.LauncherApplication@12cdb85
W/Launcher.Model(10392): Nobody to tell about the new app.  Launcher is probably loading.
D/PackageBroadcastService( 1990): Received broadcast action=android.intent.action.PACKAGE_CHANGED and uri=com.google.android.gms
I/PackageBroadcastService( 1990): Null package name or gms related package.  Ignoreing.
I/Icing   ( 1990): updateResources: need to parse f{com.google.android.gms}
I/UpdateIcingCorporaServi( 5373): Updating corpora: APPS=com.google.android.gms, CONTACTS=MAYBE
I/UpdateIcingCorporaServi( 5373): UpdateCorporaTask done [took 44 ms] updated apps [took 44 ms] 
W/ResourcesManager( 1617): Asset path '/system/framework/com.google.android.maps.jar' does not exist or contains no resources.
W/ResourceType(  756): For resource 0x01030224, entry index(548) is beyond type entryCount(9)
W/ResourceType(  756): For resource 0x01030224, entry index(548) is beyond type entryCount(9)
W/ResourcesManager( 1617): Asset path '/system/framework/com.google.android.maps.jar' does not exist or contains no resources.
V/BackupManagerService(  756): Connected to transport ComponentInfo{com.google.android.gms/com.google.android.gms.backup.BackupTransportService}
V/BackupManagerService(  756): Registering transport com.google.android.gms/.backup.BackupTransportService::com.google.android.gms/.backup.BackupTransportService = com.android.internal.backup.IBackupTransport$Stub$Proxy@1bdaab71
W/ResourceType(  756): For resource 0x01030224, entry index(548) is beyond type entryCount(9)
W/ResourceType(  756): For resource 0x01030224, entry index(548) is beyond type entryCount(9)
W/ResourceType(  756): For resource 0x01030224, entry index(548) is beyond type entryCount(9)
W/ResourceType(  756): For resource 0x01030224, entry index(548) is beyond type entryCount(9)
W/ResourceType(  756): For resource 0x01030224, entry index(548) is beyond type entryCount(9)
W/ResourceType(  756): For resource 0x01030224, entry index(548) is beyond type entryCount(9)
W/ResourceType(  756): For resource 0x01030224, entry index(548) is beyond type entryCount(9)
W/ResourceType(  756): For resource 0x01030224, entry index(548) is beyond type entryCount(9)
W/ResourceType(  756): For resource 0x01030224, entry index(548) is beyond type entryCount(9)
W/ResourceType(  756): For resource 0x01030224, entry index(548) is beyond type entryCount(9)
W/ResourceType(  756): For resource 0x01030224, entry index(548) is beyond type entryCount(9)
W/ResourceType(  756): For resource 0x01030224, entry index(548) is beyond type entryCount(9)
W/ResourceType(  756): For resource 0x01030224, entry index(548) is beyond type entryCount(9)
W/ResourceType(  756): For resource 0x01030224, entry index(548) is beyond type entryCount(9)
W/ResourceType(  756): For resource 0x01030224, entry index(548) is beyond type entryCount(9)
W/ResourceType(  756): For resource 0x01030224, entry index(548) is beyond type entryCount(9)
W/ResourceType(  756): For resource 0x01030224, entry index(548) is beyond type entryCount(9)
W/ResourceType(  756): For resource 0x01030224, entry index(548) is beyond type entryCount(9)
W/ResourceType(  756): For resource 0x01030224, entry index(548) is beyond type entryCount(9)
W/ResourceType(  756): For resource 0x01030224, entry index(548) is beyond type entryCount(9)
W/ResourceType(  756): For resource 0x01030224, entry index(548) is beyond type entryCount(9)
W/ResourceType(  756): For resource 0x01030224, entry index(548) is beyond type entryCount(9)
W/ResourceType(  756): For resource 0x01030224, entry index(548) is beyond type entryCount(9)
W/ResourceType(  756): For resource 0x01030224, entry index(548) is beyond type entryCount(9)
W/ResourceType(  756): For resource 0x01030224, entry index(548) is beyond type entryCount(9)
W/ResourceType(  756): For resource 0x01030224, entry index(548) is beyond type entryCount(9)
W/ResourceType(  756): For resource 0x01030224, entry index(548) is beyond type entryCount(9)
W/ResourceType(  756): For resource 0x01030224, entry index(548) is beyond type entryCount(9)
W/ResourceType(  756): For resource 0x01030224, entry index(548) is beyond type entryCount(9)
W/ResourceType(  756): For resource 0x01030224, entry index(548) is beyond type entryCount(9)
W/ResourceType(  756): For resource 0x01030224, entry index(548) is beyond type entryCount(9)
W/ResourceType(  756): For resource 0x01030224, entry index(548) is beyond type entryCount(9)
W/ResourceType(  756): For resource 0x01030224, entry index(548) is beyond type entryCount(9)
W/ResourceType(  756): For resource 0x01030224, entry index(548) is beyond type entryCount(9)
W/ctxmgr  ( 2159): [PowerConnectionState]Got same value as before for power connection (Plug state: 2 BatteryLevel: 0.53)
D/AndroidRuntime(29661): >>>>>> START com.android.internal.os.RuntimeInit uid 2000 <<<<<<
D/AndroidRuntime(29661): CheckJNI is OFF
D/AndroidRuntime(29661): Calling main entry com.android.commands.am.Am
I/ActivityManager(  756): Force stopping com.sveder.cardboardpassthrough appid=10118 user=0: from pid 29661
D/AndroidRuntime(29661): Shutting down VM
D/Finsky  (15181): [920] AppStatesReplicator.handleContentSyncResponse: Completed 0 account content syncs with 0 successful.
D/Finsky  (15181): [1] ContentSyncService$5.onFinished: Installation state replication succeeded.
D/AndroidRuntime(29680): >>>>>> START com.android.internal.os.RuntimeInit uid 2000 <<<<<<
D/AndroidRuntime(29680): CheckJNI is OFF
D/AndroidRuntime(29680): Calling main entry com.android.commands.am.Am
I/ActivityManager(  756): START u0 {act=android.intent.action.MAIN cat=[android.intent.category.LAUNCHER] flg=0x10000000 cmp=com.sveder.cardboardpassthrough/.MainActivity} from uid 2000 on display 0
V/WindowManager(  756): addAppToken: AppWindowToken{30f37d19 token=Token{356ef460 ActivityRecord{4f23063 u0 com.sveder.cardboardpassthrough/.MainActivity t4966}}} to stack=1 task=4966 at 0
D/AndroidRuntime(29680): Shutting down VM
W/SearchService( 5373): Abort, client detached.
W/SearchService( 5373): Abort, client detached.
I/MicroDetector( 5373): Keeping mic open: false
I/MicrophoneInputStream( 5373): mic_close com.google.android.apps.gsa.speech.audio.aa@93e4e12
V/WindowManager(  756): Adding window Window{2ec0de89 u0 Starting com.sveder.cardboardpassthrough} at 11 of 15 (after Window{25222911 u0 com.whatsapp/com.whatsapp.Conversation})
D/audio_hw_primary(  241): in_standby: enter: stream (0xb13b0ac0) usecase(7: audio-record)
I/ActivityManager(  756): Start proc 29693:com.sveder.cardboardpassthrough/u0a118 for activity com.sveder.cardboardpassthrough/.MainActivity
I/art     (29693): Late-enabling -Xcheck:jni
D/hardware_info(  241): hw_info_append_hw_type : device_name = voice-rec-mic
I/listen_hal_loader(  241): audio_extn_listen_update_status(): start listen. current active device = voice-rec-mic. Event = 0
V/listen_hw(  241): listen_hw_notify_event: Enter
V/listen_hw(  241): handle_notify_event: Enter, event type = 0
V/listen_hw(  241): adsp_start:[0xb587a900] Enter
V/listen_hw(  241): adsp_start:[0xb587a900] Exit, status=0
I/ListenService(  241): eventCallback: Listen concurency event
V/listen_hw(  241): handle_notify_event: Exit
I/IListenReceiver( 1534): BnListenReceiver::onTransact received NOTIFY
D/(Native) ListenReceiver( 1534): notify: Audiolock mNotifyLock
D/(Native) ListenReceiver( 1534): notify: callback application
D/ListenReceiver-JNI( 1534): JNIListenReceiverListener::notify: lock mListenerLock
D/ListenReceiver-JNI( 1534): JNIListenReceiverListener::notify: data size fieldID is 0x74ae2930
D/ListenReceiver-JNI( 1534): JNIListenReceiverListener::notify() callMethod receiveEvent with mLRecvrObj=0x200aee, gEventCallbackId=0x74ae2868
D/Java ListenReceiver( 1534): receiveEvent type 8 calls processEvent
D/ListenReceiver-JNI( 1534): JNIListenReceiverListener::notify DeleteGlobalRef eventDataObj
D/ListenReceiver-JNI( 1534): JNIListenReceiverListener::notify DeleteLocalRef tmpEventDataObj
D/(Native) ListenReceiver( 1534): notify: back from callback
I/MicroRecognitionRnrImpl( 5373): Detection finished
I/MicroRecognitionRnrImpl( 5373): Stopping hotword detection.
D/audio_hw_primary(  241): adev_close_input_stream: enter:stream_handle(0xb13b0ac0)
D/audio_hw_primary(  241): in_standby: enter: stream (0xb13b0ac0) usecase(7: audio-record)
V/ActivityManager(  756): Display changed displayId=0
I/ActivityManager(  756): Config changes=480 {1.0 724mcc10mnc pt_BR ?layoutDir sw360dp w640dp h335dp 480dpi nrml long land finger -keyb/v/h -nav/h s.110 themeResource=null}
I/InputReader(  756): Reconfiguring input devices.  changes=0x00000004
I/InputReader(  756): Device reconfigured: id=5, name='synaptics-rmi-ts', size 1080x1920, orientation 1, mode 1, display id 0
I/LiApplication(29477): On configuration changed in application.
I/LoadedApk(29693): No resource references to update in package common
I/LoadedApk(29693): No resource references to update in package com.cyngn.hexo
W/ResourceType(29693): For resource 0x01030224, entry index(548) is beyond type entryCount(9)
W/ResourceType(29693): For resource 0x01030224, entry index(548) is beyond type entryCount(9)
D/OpenGLRenderer(29693): Use EGL_SWAP_BEHAVIOR_PRESERVED: true
D/Atlas   (29693): Validating map...
V/WindowManager(  756): Adding window Window{3e14cdf2 u0 com.sveder.cardboardpassthrough/com.sveder.cardboardpassthrough.MainActivity} at 11 of 16 (before Window{2ec0de89 u0 Starting com.sveder.cardboardpassthrough})
D/CameraService(29693): onBind
I/Adreno-EGL(29693): <qeglDrvAPI_eglInitialize:410>: EGL 1.4 QUALCOMM build: AU_LINUX_ANDROID_LA.BF.1.1.1_RB1.05.01.00.042.030_msm8974_LA.BF.1.1.1_RB1__release_AU ()
I/Adreno-EGL(29693): OpenGL ES Shader Compiler Version: E031.25.03.06
I/Adreno-EGL(29693): Build Date: 04/15/15 Wed
I/Adreno-EGL(29693): Local Branch: mybranch9068252
I/Adreno-EGL(29693): Remote Branch: quic/LA.BF.1.1.1_rb1.19
I/Adreno-EGL(29693): Local Patches: NONE
I/Adreno-EGL(29693): Reconstruct Branch: AU_LINUX_ANDROID_LA.BF.1.1.1_RB1.05.01.00.042.030 +  NOTHING
I/OpenGLRenderer(29693): Initialized EGL, version 1.4
D/OpenGLRenderer(29693): Enabling debug mode 0
V/WindowManager(  756): Adding window Window{1dbdb99f u0 SurfaceView} at 11 of 17 (before Window{3e14cdf2 u0 com.sveder.cardboardpassthrough/com.sveder.cardboardpassthrough.MainActivity})
D/MainActivity(29693): Service connected.
D/CameraService(29693): Listener set.
I/MainActivity(29693): onSurfaceCreated
W/AudioFlinger(  241): acquireAudioSessionId() unknown client 29693 for session 2746
I/FFmpegExtractor(  241): android-source:0xb1010240
I/FFMPEG  (  241): Input #0, ogg, from 'android-source:0xb1010240':
I/FFMPEG  (  241):   Duration: 00:00:00.42, start: 0.000000, bitrate: 113 kb/s
I/FFMPEG  (  241):     Stream #0:0: Audio: vorbis, 48000 Hz, mono, fltp, 48 kb/s
I/FFMPEG  (  241):     Metadata:
I/FFMPEG  (  241):       TITLE           : Camera Shutter
I/FFMPEG  (  241):       ARTIST          : (c) 2012 Android Open Source Project
D/FFmpegExtractor(  241): FFmpegExtrator, url: android-source:0xb1010240, format_name: ogg, format_long_name: Ogg
I/FFmpegExtractor(  241): adjust mime(application/ogg -> audio/vorbis)
D/FFmpegExtractor(  241): suppoted codec(vorbis) by official Stagefright
D/FFmpegExtractor(  241): ffmpeg detected media content as 'audio/vorbis' with confidence 0.08
V/RenderScript(29693): Application requested CPU execution
V/RenderScript(29693): 0xaec4a400 Launching thread(s), CPUs 4
D/ExtendedUtils(  241): extended extractor not needed, return default
W/AudioFlinger(  241): acquireAudioSessionId() unknown client 29693 for session 2747
I/FFmpegExtractor(  241): android-source:0xb10104c0
I/FFMPEG  (  241): Input #0, ogg, from 'android-source:0xb10104c0':
I/FFMPEG  (  241):   Duration: 00:00:00.54, start: 0.000000, bitrate: 95 kb/s
I/FFMPEG  (  241):     Stream #0:0: Audio: vorbis, 48000 Hz, mono, fltp, 48 kb/s
I/FFMPEG  (  241):     Metadata:
I/FFMPEG  (  241):       TITLE           : Video Record
I/FFMPEG  (  241):       ARTIST          : (c) 2012 Android Open Source Project
D/FFmpegExtractor(  241): FFmpegExtrator, url: android-source:0xb10104c0, format_name: ogg, format_long_name: Ogg
I/FFmpegExtractor(  241): adjust mime(application/ogg -> audio/vorbis)
D/FFmpegExtractor(  241): suppoted codec(vorbis) by official Stagefright
D/FFmpegExtractor(  241): ffmpeg detected media content as 'audio/vorbis' with confidence 0.08
V/WindowManager(  756): Layouts looping: On entry to LockedInner, mPendingLayoutChanges = 0x1
V/WindowManager(  756): Layouts looping: loop number 4, mPendingLayoutChanges = 0x0
V/WindowManager(  756): Layouts looping: after finishPostLayoutPolicyLw, mPendingLayoutChanges = 0x0
V/WindowManager(  756): Layouts looping: mLayoutNeeded, mPendingLayoutChanges = 0x1
V/WindowManager(  756): Layouts looping: On entry to LockedInner, mPendingLayoutChanges = 0x1
V/WindowManager(  756): Layouts looping: loop number 5, mPendingLayoutChanges = 0x0
V/WindowManager(  756): Layouts looping: after finishPostLayoutPolicyLw, mPendingLayoutChanges = 0x0
V/WindowManager(  756): Layouts looping: mLayoutNeeded, mPendingLayoutChanges = 0x1
E/WindowManager(  756): Performed 6 layouts in a row. Skipping
W/IInputConnectionWrapper( 1617): showStatusIcon on inactive InputConnection
D/ExtendedUtils(  241): extended extractor not needed, return default
I/CameraClient(  241): Opening camera 0
D/QCameraStateMachine(  241): static void* qcamera::QCameraStateMachine::smEvtProcRoutine(void*): E
E/QCamera2HWI(  241): [KPI Perf] int qcamera::QCamera2HardwareInterface::openCamera(hw_device_t**): E PROFILE_OPEN_CAMERA camera id 0
E/mm-camera-intf(  241): mm_camera_open: dev name = /dev/video1, cam_idx = 1
V/WindowManager(  756): Layouts looping: On entry to LockedInner, mPendingLayoutChanges = 0x1
V/WindowManager(  756): Layouts looping: loop number 4, mPendingLayoutChanges = 0x0
V/WindowManager(  756): Layouts looping: after finishPostLayoutPolicyLw, mPendingLayoutChanges = 0x0
V/WindowManager(  756): Layouts looping: mLayoutNeeded, mPendingLayoutChanges = 0x1
V/WindowManager(  756): Layouts looping: On entry to LockedInner, mPendingLayoutChanges = 0x1
V/WindowManager(  756): Layouts looping: loop number 5, mPendingLayoutChanges = 0x0
V/WindowManager(  756): Layouts looping: after finishPostLayoutPolicyLw, mPendingLayoutChanges = 0x0
V/WindowManager(  756): Layouts looping: mLayoutNeeded, mPendingLayoutChanges = 0x1
E/WindowManager(  756): Performed 6 layouts in a row. Skipping
E/mm-camera-sensor(  255): module_sensor_start_session:532 session 1
E/mm-camera(  255): [mct_pipeline_start_session_thread], start(iface) module. started mod_number=1, pid=29733
E/mm-camera-sensor(  255): module_sensor_init_session:219 module_sensor_init_session: open qcom_flash failed
E/mm-camera(  255): isp_tintless_open: E: b6ef08e9
E/mm-camera(  255): [mct_pipeline_start_session_thread], start(imglib) module. started mod_number=2, pid=29737
E/mm-camera(  255): isp_tintless_get_version: lib returned version 3.61 err=0
E/mm-camera(  255): [mct_pipeline_start_session_thread], start(isp) module. started mod_number=3, pid=29734
E/mm-camera(  255): is_module_start_session: Enter
E/mm-camera(  255): is_port_set_caps: Enter
E/mm-camera(  255): is_port_init: is mode is 3
E/mm-camera(  255): is_module_start_session: Exit successful
E/mm-camera(  255): gyro_module_start_session: Enter
E/mm-camera(  255): gyro_port_init: Init DSPS
E/mm-camera(  255): gyro_port_init: DSPS inited
E/mm-camera(  255): gyro_module_start_session: Exit successful
E/mm-camera(  255): is_module_get_port: Exit successful
E/mm-camera(  255): gyro_module_get_port: Exit successful
E/mm-camera(  255): [mct_pipeline_start_session_thread], start(stats) module. started mod_number=4, pid=29735
E/mm-camera-sensor(  255): eeprom_load_library:505 e_ctrl->eeprom_lib.func_tbl =0xb68a9004
E/mm-camera-sensor(  255): module_sensor_start_session:573 failed
E/mm-camera-sensor(  255): module_sensor_start_session:579 failed
E/mm-camera(  255): [mct_pipeline_start_session_thread], start(sensor) module. started mod_number=5, pid=29732
E/mm-camera(  255): c2d_module_start_session:227, info: starting session 1
E/mm-camera(  255): c2d_thread_func:41: c2d_thread entering the polling loop...
E/mm-camera(  255): c2d_module_start_session:274, info: c2d_thread created.
E/mm-camera(  255): c2d_module_start_session:296, info: session 1 started.
E/mm-camera(  255): [mct_pipeline_start_session_thread], start(pproc) module. started mod_number=6, pid=29736
E/mm-camera-intf(  241): mm_camera_open:  opened, break out while loop
D/QCamera2HWI(  241): int qcamera::QCamera2HardwareInterface::openCamera(): persist.oppo.ctsversion is 0
D/QCamera2HWI(  241): int qcamera::QCamera2HardwareInterface::openCamera(): enable_4k2k is 1
E/mm-jpeg-intf(  241): mm_jpeg_init:1739] Launch jobmgr thread rc 0
E/mm-jpeg-intf(  241): Max picture size 4208 x 3120, WorkBufSize = 19869696
E/qomx_image_core(  241): OMX_Init:94] Complete 2
E/QCameraPostProc(  241): static void* qcamera::QCameraPostProcessor::supZoomRoutine(void*): E
D/QCameraParameters(  241): int32_t qcamera::QCameraParameters::initDefaultParameters(): i 0 removePreviewSize  1, 4096 x 2160
D/QCameraParameters(  241): int32_t qcamera::QCameraParameters::initDefaultParameters(): i 1 removePreviewSize  2, 3840 x 2160
D/QCameraParameters(  241): int32_t qcamera::QCameraParameters::initDefaultParameters(): supported preview sizes: 1920x1080,1440x1080,1280x960,1280x720,768x432,720x480,640x480,576x432,384x288,352x288,320x240
D/QCameraParameters(  241): int32_t qcamera::QCameraParameters::initDefaultParameters(): set default_preview_size to 5, 1280 x 720
D/QCameraParameters(  241): int32_t qcamera::QCameraParameters::initDefaultParameters(): i 0 removeVideoSize  1, 4096 x 2160
D/QCameraParameters(  241): int32_t qcamera::QCameraParameters::initDefaultParameters(): i 1 removeVideoSize  2, 3840 x 2160
D/QCameraParameters(  241): int32_t qcamera::QCameraParameters::initDefaultParameters(): supported video sizes: 1920x1080,1440x1080,1280x720,864x480,800x480,720x480,640x480,480x320,384x288,352x288,320x240,176x144
D/QCameraParameters(  241): int32_t qcamera::QCameraParameters::initDefaultParameters(): supported pic sizes: 4208x3120,4160x3120,4160x2340,4000x3000,4096x2160,3200x2400,3200x1800,2592x1944,2048x1536,1920x1080,1600x1200,1280x768,1280x720,1024x768,800x600,800x480,720x480,640x480,352x288,320x240,176x144
D/QCameraParameters(  241): int32_t qcamera::QCameraParameters::initDefaultParameters(): supported fps ranges: (7500,30000),(8000,30000)
E/QCameraParameters(  241): int32_t qcamera::QCameraParameters::setPreviewFpsRange(int, int): Setting preview fps range 7500,30000
D/QCameraParameters(  241): int32_t qcamera::QCameraParameters::initDefaultParameters(): supported fps rates: 8,9,10,11,12,13,14,15,16,17,18,19,20,21,22,23,24,25,26,27,28,29,30
D/QCameraParameters(  241): int32_t qcamera::QCameraParameters::setFocusMode(const char*): Setting focus mode auto
E/mm-camera(  255): mct_pipeline_process_set:command=800000e
D/QCameraParameters(  241): int32_t qcamera::QCameraParameters::setSceneMode(const char*): Setting SceneMode auto m_nSceneMode 0
E/QCameraParameters(  241): int32_t qcamera::QCameraParameters::setInitExpIndex(int): set init aec luma 150
D/QCameraParameters(  241): int32_t qcamera::QCameraParameters::setAEBracket(const char*), EXP_BRACKETING_OFF
D/QCameraParameters(  241): int32_t qcamera::QCameraParameters::setDISValue(const char*): Setting DIS value disable
E/mm-camera(  255): mct_pipeline_process_set:command=800000e
D/QCameraParameters(  241): int32_t qcamera::QCameraParameters::setNumOfSnapshot(): nBurstNum = 1, nExpnum = 1
E/Thermal-Lib(  241): Thermal-Lib-Client: thermal_client_register_callback: Client Registration failed
E/Thermal-Lib(  241): Thermal-Lib-Client: thermal_client_register_callback: Client Registration failed
E/Thermal-Lib(  241): Thermal-Lib-Client: thermal_client_register_callback: Client Registration failed
E/Thermal-Lib(  241): Thermal-Lib-Client: thermal_client_register_callback: Client Registration failed
E/QCamera2HWI(  241): [KPI Perf] static int qcamera::QCamera2HardwareInterface::start_preview(camera_device*): E PROFILE_START_PREVIEW
D/MirrorProcess(  241): MirrorContext constructor (0x0)
D/QCamera2HWI(  241): uint8_t qcamera::QCamera2HardwareInterface::getBufNumRequired(cam_stream_type_t): Allocating 7 buffers for streamtype 7
D/QCamera2HWI(  241): uint8_t qcamera::QCamera2HardwareInterface::getBufNumRequired(cam_stream_type_t): Allocating 7 buffers for streamtype 7
E/mm-camera(  255): mct_pipeline_process_set:command=800000a
E/mm-camera(  255): mct_pipeline_process_set:command=8000012
E/mm-camera(  255): mct_pipeline_add_stream_to_linked_streams: linked streams: 0x80
E/mm-camera(  255): mct_stream_start_link: Starting meta stream linking: do nothing 
E/mm-camera-intf(  241): mm_stream_get_v4l2_fmt: Unknown fmt=78
E/mm-camera(  255): mct_pipeline_process_set:command=8000004
D/QCamera2HWI(  241): uint8_t qcamera::QCamera2HardwareInterface::getBufNumRequired(cam_stream_type_t): Allocating 8 buffers for streamtype 1
D/QCamera2HWI(  241): virtual qcamera::QCameraHeapMemory* qcamera::QCamera2HardwareInterface::allocateStreamInfoBuf(cam_stream_type_t): EIS type=0
D/QCamera2HWI(  241): uint8_t qcamera::QCamera2HardwareInterface::getBufNumRequired(cam_stream_type_t): Allocating 8 buffers for streamtype 1
E/mm-camera(  255): mct_pipeline_process_set:command=800000a
E/mm-camera(  255): mct_pipeline_process_set:command=8000012
E/mm-camera(  255): mct_pipeline_add_stream_to_linked_streams: linked streams: 0x82
E/mm-camera(  255): mct_stream_start_link: Starting preview/postview stream linking 
E/mm-camera-sensor(  255): port_sensor_caps_reserve:134 ide 10002 stream type 1 w*h 1920*1080
E/mm-camera-sensor(  255): port_sensor_ext_link_func:208 ide 10002
E/mm-camera(  255): isp_util_find_matched_existing_src_port#171: X
E/mm-camera(  255): c2d_port_check_caps_reserve:77, identity=0x10002
E/mm-camera(  255): c2d_port_check_caps_reserve:143, identity=0x10002, reserved
E/mm-camera(  255): c2d_module_notify_add_stream:1174, info: success, identity=0x10002
E/mm-camera(  255): c2d_port_check_caps_reserve:77, identity=0x10002
E/mm-camera(  255): c2d_port_check_caps_reserve:143, identity=0x10002, reserved
E/mm-camera(  255): module_afs_client_create:202]
E/mm-camera(  255): module_faceproc_client_create:972] Face proc feature mask e 0
E/mm-camera(  255): is_port_check_caps_reserve: Enter
E/mm-camera(  255): is_port_check_caps_reserve: port state = 1, identity = 0x10002, stream_type = 1
E/mm-camera(  255): is_port_ext_link: Enter
E/mm-camera(  255): is_port_ext_link: IS_PORT_STATE_CREATED
E/mm-camera(  255): is_port_ext_link: rc=1
E/mm-camera-sensor(  255): module_sensor_event_control_set_parm:1824 CAM_INTF_PARM_LED_MODE 0 
E/mm-camera-sensor(  255): 
E/mm-camera(  255): mct_pipeline_process_set:command=8000004
D/QCamera2HWI(  241): int qcamera::QCamera2HardwareInterface::startPreview(): E
E/mm-camera-intf(  241): mm_stream_request_buf: buf_num = 7, stream type = 7
E/mm-camera(  255): mct_pipeline_process_set:command=8000008
E/mm-camera(  255): mct_pipeline_process_set: stream_type = 7
E/QCameraParameters(  241): int qcamera::QCameraParameters::getPreviewHalPixelFormat() const: format 17
D/QCameraHWI_Mem(  241): virtual int qcamera::QCameraGrallocMemory::allocate(int, int): usage = 1073872896, geometry: 0xb1a75ef0, 1920, 1080, 1920, 1080, 17
E/mm-camera-intf(  241): mm_stream_request_buf: buf_num = 8, stream type = 1
E/mm-camera(  255): mct_pipeline_process_set:command=8000008
E/mm-camera(  255): mct_pipeline_process_set: stream_type = 1
E/mm-camera-sensor(  255): module_sensor_stream_on:985 ide 10002 SENSOR_START_STREAM
E/mm-camera-sensor(  255): module_sensor_is_ready_for_stream_on:680 any bundle started 0
E/mm-camera-sensor(  255): module_sensor_is_ready_for_stream_on:698 s_bundle->stream_on_count 0
E/mm-camera-sensor(  255): module_sensor_is_ready_for_stream_on:699 is_bundle_started 0
E/mm-camera-sensor(  255): modules_sensor_set_new_resolution:874 SENSOR_SET_RESOLUTION 1920*1080 mask 2
E/mm-camera-sensor(  255): sensor_set_resolution:1420 width 1920, height 1080
E/mm-camera-sensor(  255): sensor_set_resolution:1422 stream mask 2 hfr mode 0 fps 30.000000
E/mm-camera-sensor(  255): sensor_pick_resolution:1185 requested aspect ratio 177
E/mm-camera-sensor(  255): sensor_pick_resolution:1187 req_asp_ratio 177
E/mm-camera-sensor(  255): sensor_pick_resolution:1303 req_asp_ratio 177 sup_asp_ratio 134
E/mm-camera-sensor(  255): sensor_pick_resolution:1307 fabs 43
E/mm-camera-sensor(  255): sensor_pick_resolution:1320 pick res 0
E/mm-camera-sensor(  255): sensor_pick_resolution:1303 req_asp_ratio 177 sup_asp_ratio 134
E/mm-camera-sensor(  255): sensor_pick_resolution:1307 fabs 43
E/mm-camera-sensor(  255): sensor_pick_resolution:1320 pick res 1
E/mm-camera-sensor(  255): sensor_set_resolution:1485 cur res 8 new res 1
E/mm-camera(  255): decide_isp_nums_camif: num_isp = 1
E/mm-camera(  255): port_isp_module_event: E, identity = 0x10002, IFACE_SET_STREAM_CONFIG
E/mm-camera(  255): isp_sink_port_stream_config: E, session_id = 1, stream_id = 2, stream_type = 1
E/mm-camera(  255): isp_sink_port_stream_config: session_id = 1, stream_id = 2, is_split = 0
E/mm-camera(  255): isp_sink_port_stream_config: old vfe_id_mask = 0x0, new vfe_id_mask = 0x1
E/mm-camera-sensor(  255): module_sensor_stream_on:1310 chromatix name libchromatix_imx214_preview_binning.so
E/mm-camera(  255): afd_set_parameters: param=0xb3cc007c afd_obj =0xaf88b000, type =3
E/mm-camera-sensor(  255): eeprom_process:819 e_ctrl->eeprom_lib.func_tbl =0xb68a9004
E/mm-camera-sensor(  255): sony_imx214_eeprom_read_wbdata_groups:126 Total bytes in OTP buffer: 279
E/mm-camera-sensor(  255): sony_imx214_eeprom_read_wbdata_groups:145 OTP AWB data not present for LightType[3].
E/mm-camera-sensor(  255): sony_imx214_eeprom_read_wbdata_groups:126 Total bytes in OTP buffer: 279
E/mm-camera-sensor(  255): sony_imx214_eeprom_read_wbdata_groups:145 OTP AWB data not present for LightType[2].
E/mm-camera-sensor(  255): sony_imx214_eeprom_read_wbdata_groups:126 Total bytes in OTP buffer: 279
E/mm-camera(  255): afd_set_parameters: param=0xb3cc00b4 afd_obj =0xaf88b000, type =1
E/mm-camera(  255): afd_set_parameters: param=0xb3cc00ec afd_obj =0xaf88b000, type =5
E/mm-camera-CORE(  255): afd_process_pack_output: afd_enable 0, monitor 0, flicker 0, freq 50, afd_state 0, afd_atb 2
E/mm-camera(  255): afd_set_parameters: param=0xb3cc0124 afd_obj =0xaf88b000, type =0
E/mm-camera(  255): afd_set_parameters: param=0xb3cc007c afd_obj =0xaf88b000, type =0
E/mm-camera(  255): afd_set_parameters: param=0xb3cc015c afd_obj =0xaf88b000, type =0
E/mm-camera(  255): afd_set_parameters: param=0xb3cc0194 afd_obj =0xaf88b000, type =0
E/mm-camera(  255): isp_tintless_config: tint_correction_strength updated to 4
E/mm-camera(  255): afd_set_parameters: param=0xb3cc01cc afd_obj =0xaf88b000, type =0
E/mm-camera(  255): isp_tintless_update_chromatix_params: lib returned config err=0
E/mm-camera(  255): afd_set_parameters: param=0xb3cc0204 afd_obj =0xaf88b000, type =0
E/mm-camera(  255): afd_set_parameters: param=0xb3cc023c afd_obj =0xaf88b000, type =0
E/mm-camera(  255): afd_set_parameters: param=0xb3cc0274 afd_obj =0xaf88b000, type =0
E/mm-camera(  255): afd_set_parameters: param=0xb3cc02ac afd_obj =0xaf88b000, type =0
E/mm-camera(  255): afd_set_parameters: param=0xb3cc02e4 afd_obj =0xaf88b000, type =0
E/mm-camera(  255): afd_set_parameters: param=0xb3cc031c afd_obj =0xaf88b000, type =0
E/mm-camera(  255): afd_set_parameters: param=0xb3cc0354 afd_obj =0xaf88b000, type =0
E/mm-camera(  255): afd_set_parameters: param=0xb3cc038c afd_obj =0xaf88b000, type =0
E/mm-camera(  255): afd_set_parameters: param=0xb3cc00b4 afd_obj =0xaf88b000, type =0
E/mm-camera(  255): afd_set_parameters: param=0xb3cc03c4 afd_obj =0xaf88b000, type =0
E/mm-camera(  255): afd_set_parameters: param=0xb3cc03fc afd_obj =0xaf88b000, type =0
E/mm-camera(  255): afd_set_parameters: param=0xb3cc0434 afd_obj =0xaf88b000, type =0
E/mm-camera(  255): afd_set_parameters: param=0xb3cc046c afd_obj =0xaf88b000, type =5
E/mm-camera(  255): port_isp_mct_ctrl_cmd: E, identity = 0x10002, STREAMON
E/mm-camera-CORE(  255): afd_process_pack_output: afd_enable 0, monitor 0, flicker 0, freq 50, afd_state 0, afd_atb 2
E/mm-camera(  255): afd_set_parameters: param=0xb3cc04a4 afd_obj =0xaf88b000, type =0
E/mm-camera(  255): afd_set_parameters: param=0xb3cc04dc afd_obj =0xaf88b000, type =0
E/mm-camera(  255): afd_set_parameters: param=0xb3cc0514 afd_obj =0xaf88b000, type =0
