I/Icing   ( 1990): Indexing done 79673898CF11CCEF0E32E2E162433C570A0E6352
W/ctxmgr  ( 2159): [PowerConnectionState]Got same value as before for power connection (Plug state: 2 BatteryLevel: 0.48)
W/ctxmgr  ( 2159): [PowerConnectionState]Got same value as before for power connection (Plug state: 2 BatteryLevel: 0.48)
W/ActivityManager(  756): getTasks: caller 10096 does not hold REAL_GET_TASKS; limiting output
I/ValidateNoPeople(  756): Validating: 0|com.whatsapp|1|null|10096
I/ValidateNoPeople(  756): Executing: validation for: 0|com.whatsapp|1|null|10096
E/MediaPlayer-JNI(16676): QCMediaPlayer mediaplayer NOT present
I/ValidateNoPeople(  756): final affinity: 0.5
I/FFmpegExtractor(  241): android-source:0xae88bec0
W/ResourceType(16676): For resource 0x01030224, entry index(548) is beyond type entryCount(9)
W/ResourceType(16676): For resource 0x01030224, entry index(548) is beyond type entryCount(9)
I/FFMPEG  (  241): Input #0, ogg, from 'android-source:0xae88bec0':
I/FFMPEG  (  241):   Duration: 00:00:01.69, start: 0.000000, bitrate: 131 kb/s
I/FFMPEG  (  241):     Stream #0:0: Audio: vorbis, 44100 Hz, stereo, fltp, 160 kb/s
I/FFMPEG  (  241):     Metadata:
I/FFMPEG  (  241):       ANDROID_LOOP    : false
I/FFMPEG  (  241):       TITLE           : Antimony
D/FFmpegExtractor(  241): FFmpegExtrator, url: android-source:0xae88bec0, format_name: ogg, format_long_name: Ogg
I/FFmpegExtractor(  241): adjust mime(application/ogg -> audio/vorbis)
D/FFmpegExtractor(  241): suppoted codec(vorbis) by official Stagefright
D/FFmpegExtractor(  241): ffmpeg detected media content as 'audio/vorbis' with confidence 0.08
W/ResourceType(16676): For resource 0x01030203, entry index(515) is beyond type entryCount(9)
W/ResourceType(16676): For resource 0x010301fe, entry index(510) is beyond type entryCount(9)
W/ResourceType(16676): For resource 0x010301fe, entry index(510) is beyond type entryCount(9)
W/ResourceType(16676): For resource 0x01030203, entry index(515) is beyond type entryCount(9)
D/ExtendedUtils(  241): extended extractor not needed, return default
E/MediaPlayer(16676): Should have subtitle controller already set
I/MediaFocusControl(  756):  AudioFocus  requestAudioFocus() from android.media.AudioManager@3145afb req=3flags=0x0
D/AudioManager( 2806): AudioManager dispatching onAudioFocusChange(-3) for android.media.AudioManager@394c143ccom.facebook.messaging.audio.record.d@35f715c5
D/NuPlayerDriver(  241): start(0xb1831700)
I/GenericSource(  241): start
E/MediaPlayer(16676): Should have subtitle controller already set
W/Utils   (  241): bool android::canOffloadStream(const android::sp<android::MetaData>&, bool, const android::sp<android::MetaData>&, bool, audio_stream_type_t) No sample bit depth info in meta data
I/str_params(  241): key: 'SND_CARD_STATUS' value: ''
I/ExtendedUtils(  241): No channel mask, try channel count
W/ExtendedUtils(  241): No bitrate info
I/ExtendedUtils(  241): decision 0 mime audio/vorbis
I/AudioPolicyManager(  241): PCM offload property is enabled
I/NuPlayer(  241): Could not offload audio decode, pcm offload decided :0
W/Utils   (  241): bool android::canOffloadStream(const android::sp<android::MetaData>&, bool, const android::sp<android::MetaData>&, bool, audio_stream_type_t) No sample bit depth info in meta data
I/str_params(  241): key: 'SND_CARD_STATUS' value: ''
E/AudioTrack(  241): AudioTrack::set : Exit
D/audio_hw_primary(  241): out_set_parameters: enter: usecase(1: low-latency-playback) kvpairs: routing=2
V/listen_hw(  241): listen_hw_set_parameters: Enter
V/listen_hw(  241): handle_set_parameters: Enter kvpairs=routing=2 capture=1
V/listen_hw(  241): handle_set_parameters: Exit
V/listen_hw(  241): listen_hw_set_parameters: Exit, ret=0
D/audio_hw_primary(  241): start_output_stream: enter: stream(0xb5880740)usecase(1: low-latency-playback) devices(0x2)
D/audio_hw_primary(  241): start_output_stream: enter: usecase(1: low-latency-playback) devices(0x2)
D/audio_hw_primary(  241): select_devices: out_snd_device(2: speaker) in_snd_device(0: )
W/msm8974_platform(  241): Codec backend bitwidth 16, samplerate 48000
D/hardware_info(  241): hw_info_append_hw_type : device_name = speaker
I/msm8974_platform(  241): platform_send_audio_calibration: sending audio calibration for snd_device(2) acdb_id(15)
D/ACDB-LOADER(  241): ACDB -> send_audio_cal, acdb_id = 15, path =  0
D/ACDB-LOADER(  241): ACDB -> send_adm_topology
D/ACDB-LOADER(  241): ACDB -> ACDB_CMD_GET_AUDPROC_COMMON_TOPOLOGY_ID
D/ACDB-LOADER(  241): ACDB -> send_asm_topology
D/ACDB-LOADER(  241): ACDB -> ACDB_CMD_GET_AUDPROC_STREAM_TOPOLOGY_ID
D/ACDB-LOADER(  241): ACDB -> send_audtable
D/ACDB-LOADER(  241): ACDB -> ACDB_CMD_GET_AUDPROC_COMMON_TABLE
D/ACDB-LOADER(  241): ACDB -> AUDIO_SET_AUDPROC_CAL
D/ACDB-LOADER(  241): ACDB -> send_audvoltable
D/ACDB-LOADER(  241): ACDB -> ACDB_CMD_GET_AUDPROC_GAIN_DEP_STEP_TABLE
D/        (  241): Failed to fetch the lookup information of the device 0000000F 
E/ACDB-LOADER(  241): Error: ACDB AudProc vol returned = -19
D/ACDB-LOADER(  241): ACDB -> AUDIO_SET_AUDPROC_VOL_CAL
D/ACDB-LOADER(  241): ACDB -> send_afe_cal
D/ACDB-LOADER(  241): ACDB -> ACDB_CMD_GET_AFE_COMMON_TABLE
D/        (  241): Failed to fetch the lookup information of the device 0000000F 
E/ACDB-LOADER(  241): Error: ACDB AFE returned = -19
D/ACDB-LOADER(  241): ACDB -> AUDIO_SET_AFE_CAL
D/audio_hw_primary(  241): select_devices: done
I/MediaFocusControl(  756):  AudioFocus  abandonAudioFocus() from android.media.AudioManager@3145afb
D/AudioManager( 2806): AudioManager dispatching onAudioFocusChange(1) for android.media.AudioManager@394c143ccom.facebook.messaging.audio.record.d@35f715c5
W/ctxmgr  ( 2159): [PowerConnectionState]Got same value as before for power connection (Plug state: 2 BatteryLevel: 0.48)
D/audio_hw_primary(  241): out_standby: enter: stream (0xb5880740) usecase(1: low-latency-playback)
D/hardware_info(  241): hw_info_append_hw_type : device_name = speaker
W/ctxmgr  ( 2159): [PowerConnectionState]Got same value as before for power connection (Plug state: 2 BatteryLevel: 0.48)
W/ActivityManager(  756): getTasks: caller 10096 does not hold REAL_GET_TASKS; limiting output
I/ValidateNoPeople(  756): Validating: 0|com.whatsapp|1|null|10096
I/ValidateNoPeople(  756): final affinity: 0.5
E/MediaPlayer-JNI(16676): QCMediaPlayer mediaplayer NOT present
I/FFmpegExtractor(  241): android-source:0xb1010240
I/FFMPEG  (  241): Input #0, ogg, from 'android-source:0xb1010240':
I/FFMPEG  (  241):   Duration: 00:00:01.69, start: 0.000000, bitrate: 131 kb/s
I/FFMPEG  (  241):     Stream #0:0: Audio: vorbis, 44100 Hz, stereo, fltp, 160 kb/s
I/FFMPEG  (  241):     Metadata:
I/FFMPEG  (  241):       ANDROID_LOOP    : false
I/FFMPEG  (  241):       TITLE           : Antimony
D/FFmpegExtractor(  241): FFmpegExtrator, url: android-source:0xb1010240, format_name: ogg, format_long_name: Ogg
I/FFmpegExtractor(  241): adjust mime(application/ogg -> audio/vorbis)
D/FFmpegExtractor(  241): suppoted codec(vorbis) by official Stagefright
D/FFmpegExtractor(  241): ffmpeg detected media content as 'audio/vorbis' with confidence 0.08
D/ExtendedUtils(  241): extended extractor not needed, return default
E/MediaPlayer(16676): Should have subtitle controller already set
I/MediaFocusControl(  756):  AudioFocus  requestAudioFocus() from android.media.AudioManager@34fa44c0 req=3flags=0x0
D/AudioManager( 2806): AudioManager dispatching onAudioFocusChange(-3) for android.media.AudioManager@394c143ccom.facebook.messaging.audio.record.d@35f715c5
D/NuPlayerDriver(  241): start(0xb1831ee0)
I/GenericSource(  241): start
D/NuPlayerDriver(  241): reset(0xb1831700)
D/NuPlayerDriver(  241): notifyResetComplete(0xb1831700)
E/MediaPlayer(16676): Should have subtitle controller already set
W/Utils   (  241): bool android::canOffloadStream(const android::sp<android::MetaData>&, bool, const android::sp<android::MetaData>&, bool, audio_stream_type_t) No sample bit depth info in meta data
I/str_params(  241): key: 'SND_CARD_STATUS' value: ''
I/ExtendedUtils(  241): No channel mask, try channel count
W/ExtendedUtils(  241): No bitrate info
I/ExtendedUtils(  241): decision 0 mime audio/vorbis
I/AudioPolicyManager(  241): PCM offload property is enabled
I/NuPlayer(  241): Could not offload audio decode, pcm offload decided :0
W/Utils   (  241): bool android::canOffloadStream(const android::sp<android::MetaData>&, bool, const android::sp<android::MetaData>&, bool, audio_stream_type_t) No sample bit depth info in meta data
I/str_params(  241): key: 'SND_CARD_STATUS' value: ''
E/AudioTrack(  241): AudioTrack::set : Exit
D/audio_hw_primary(  241): out_set_parameters: enter: usecase(1: low-latency-playback) kvpairs: routing=2
V/listen_hw(  241): listen_hw_set_parameters: Enter
V/listen_hw(  241): handle_set_parameters: Enter kvpairs=routing=2 capture=1
V/listen_hw(  241): handle_set_parameters: Exit
V/listen_hw(  241): listen_hw_set_parameters: Exit, ret=0
D/audio_hw_primary(  241): start_output_stream: enter: stream(0xb5880740)usecase(1: low-latency-playback) devices(0x2)
D/audio_hw_primary(  241): start_output_stream: enter: usecase(1: low-latency-playback) devices(0x2)
D/audio_hw_primary(  241): select_devices: out_snd_device(2: speaker) in_snd_device(0: )
W/msm8974_platform(  241): Codec backend bitwidth 16, samplerate 48000
D/hardware_info(  241): hw_info_append_hw_type : device_name = speaker
I/msm8974_platform(  241): platform_send_audio_calibration: sending audio calibration for snd_device(2) acdb_id(15)
D/ACDB-LOADER(  241): ACDB -> send_audio_cal, acdb_id = 15, path =  0
D/ACDB-LOADER(  241): ACDB -> send_adm_topology
D/ACDB-LOADER(  241): ACDB -> ACDB_CMD_GET_AUDPROC_COMMON_TOPOLOGY_ID
D/ACDB-LOADER(  241): ACDB -> send_asm_topology
D/ACDB-LOADER(  241): ACDB -> ACDB_CMD_GET_AUDPROC_STREAM_TOPOLOGY_ID
D/ACDB-LOADER(  241): ACDB -> send_audtable
D/ACDB-LOADER(  241): ACDB -> ACDB_CMD_GET_AUDPROC_COMMON_TABLE
D/ACDB-LOADER(  241): ACDB -> AUDIO_SET_AUDPROC_CAL
D/ACDB-LOADER(  241): ACDB -> send_audvoltable
D/ACDB-LOADER(  241): ACDB -> ACDB_CMD_GET_AUDPROC_GAIN_DEP_STEP_TABLE
D/        (  241): Failed to fetch the lookup information of the device 0000000F 
E/ACDB-LOADER(  241): Error: ACDB AudProc vol returned = -19
D/ACDB-LOADER(  241): ACDB -> AUDIO_SET_AUDPROC_VOL_CAL
D/ACDB-LOADER(  241): ACDB -> send_afe_cal
D/ACDB-LOADER(  241): ACDB -> ACDB_CMD_GET_AFE_COMMON_TABLE
D/        (  241): Failed to fetch the lookup information of the device 0000000F 
E/ACDB-LOADER(  241): Error: ACDB AFE returned = -19
D/ACDB-LOADER(  241): ACDB -> AUDIO_SET_AFE_CAL
D/audio_hw_primary(  241): select_devices: done
I/MediaFocusControl(  756):  AudioFocus  abandonAudioFocus() from android.media.AudioManager@34fa44c0
D/AudioManager( 2806): AudioManager dispatching onAudioFocusChange(1) for android.media.AudioManager@394c143ccom.facebook.messaging.audio.record.d@35f715c5
W/ctxmgr  ( 2159): [PowerConnectionState]Got same value as before for power connection (Plug state: 2 BatteryLevel: 0.48)
D/audio_hw_primary(  241): out_standby: enter: stream (0xb5880740) usecase(1: low-latency-playback)
D/hardware_info(  241): hw_info_append_hw_type : device_name = speaker
W/ctxmgr  ( 2159): [PowerConnectionState]Got same value as before for power connection (Plug state: 2 BatteryLevel: 0.48)
W/ctxmgr  ( 2159): [PowerConnectionState]Got same value as before for power connection (Plug state: 2 BatteryLevel: 0.48)
V/GLSActivity( 1802): AuthDelegateWrapperCreated with selected intent: Intent { cmp=com.google.android.gms/.auth.DefaultAuthDelegateService }
V/GLSActivity( 1802): AuthDelegateWrapperCreated with selected intent: Intent { cmp=com.google.android.gms/.auth.DefaultAuthDelegateService }
W/kvs     (13227): Received a Remove for an alias we are not  tracking. Ignoring.
W/cumulus (13227): pml: Disposing queries [2ffa17567a00d05e, 59f91e403f86263, 5dccd4ca1e93c59d, 2aa2971a072566cc, 6fd407a7cb598102, 7c3e2e78ce7be3b7, 764b0eee63054cfe, 5ed98a2854550c1d, 4b7e8e78d86b9470, 6a3f8e074d40d957]
W/cumulus (13227): oju: Channel closed.
W/cumulus (13227): ouy: CW: Worker shutting down.
W/cumulus (13227): ouy: CW: Worker shutdown complete.
W/cumulus (13227): qjm: Ignoring createTransaction call after store is closed.
W/cumulus (13227): qjm: Ignoring createTransaction call after store is closed.
W/cumulus (13227): qjm: Ignoring createTransaction call after store is closed.
W/cumulus (13227): qjm: Ignoring createTransaction call after store is closed.
W/cumulus (13227): qjm: Ignoring createTransaction call after store is closed.
W/cumulus (13227): qjm: Ignoring createTransaction call after store is closed.
W/cumulus (13227): qjm: Ignoring createTransaction call after store is closed.
W/cumulus (13227): qjm: Ignoring createTransaction call after store is closed.
W/cumulus (13227): qjm: Ignoring createTransaction call after store is closed.
W/cumulus (13227): qjm: Ignoring createTransaction call after store is closed.
W/cumulus (13227): qjm: Ignoring createTransaction call after store is closed.
W/cumulus (13227): qjm: Ignoring createTransaction call after store is closed.
W/cumulus (13227): qjm: Ignoring createTransaction call after store is closed.
W/cumulus (13227): qjm: Ignoring createTransaction call after store is closed.
D/ConnectivityService(  756): releasing NetworkRequest NetworkRequest [ id=44, legacyType=-1, [ Capabilities: NOT_RESTRICTED&TRUSTED&NOT_VPN] ]
D/ConnectivityManager.CallbackHandler(13227): CM callback handler got msg 524296
W/ctxmgr  ( 2159): [PowerConnectionState]Got same value as before for power connection (Plug state: 2 BatteryLevel: 0.48)
W/ctxmgr  ( 2159): [PowerConnectionState]Got same value as before for power connection (Plug state: 2 BatteryLevel: 0.48)
W/ctxmgr  ( 2159): [PowerConnectionState]Got same value as before for power connection (Plug state: 2 BatteryLevel: 0.48)
W/ctxmgr  ( 2159): [PowerConnectionState]Got same value as before for power connection (Plug state: 2 BatteryLevel: 0.48)
D/LBSSystemMonitorService(  756): handleMessage what - 4
D/Wiper_jni(  756): Send Network Location.
W/ctxmgr  ( 2159): [PowerConnectionState]Got same value as before for power connection (Plug state: 2 BatteryLevel: 0.48)
W/ctxmgr  ( 2159): [PowerConnectionState]Got same value as before for power connection (Plug state: 2 BatteryLevel: 0.48)
W/ctxmgr  ( 2159): [PowerConnectionState]Got same value as before for power connection (Plug state: 2 BatteryLevel: 0.48)
W/ctxmgr  ( 2159): [PowerConnectionState]Got same value as before for power connection (Plug state: 2 BatteryLevel: 0.48)
W/ctxmgr  ( 2159): [PowerConnectionState]Got same value as before for power connection (Plug state: 2 BatteryLevel: 0.48)
W/ProcessCpuTracker(  756): Skipping unknown process pid 14390
E/wpa_supplicant( 1102): wpa_driver_nl80211_driver_cmd: failed to issue private commands
E/WifiStateMachine(  756): Unexpected BatchedScanResults :null
E/wpa_supplicant( 1102): wpa_driver_nl80211_driver_cmd: failed to issue private commands
I/dhcpcd  (14420): sending signal 14 to pid 15744
I/dhcpcd  (15744): received SIGALRM, renewing
I/dhcpcd  (15744): wlan0: renewing lease of 192.168.1.101
I/dhcpcd  (15744): wlan0: acknowledged 192.168.1.101 from 192.168.1.1
I/dhcpcd  (15744): wlan0: leased 192.168.1.101 for 7200 seconds
D/ConnectivityService(  756): notifyType IP_CHANGED for NetworkAgentInfo [WIFI () - 104]
D/ConnectivityManager.CallbackHandler(16676): CM callback handler got msg 524295
D/ConnectivityManager.CallbackHandler( 1990): CM callback handler got msg 524295
D/ConnectivityService(  756): NetworkAgentInfo [WIFI () - 104] EVENT_NETWORK_INFO_CHANGED, going from CONNECTED to CONNECTING
D/ConnectivityService(  756): NetworkAgentInfo [WIFI () - 104] EVENT_NETWORK_INFO_CHANGED, going from CONNECTING to CONNECTED
E/WifiStateMachine(  756): WifiStateMachine: Leaving Connected state
E/WifiStateMachine(  756): WifiStateMachine L2Connected CMD_START_SCAN source -2 1466, 1467 -> obsolete
W/ctxmgr  ( 2159): [PowerConnectionState]Got same value as before for power connection (Plug state: 2 BatteryLevel: 0.48)
W/msgr(:<default>):a( 2806): Finalized without closing: 39fce69e 3b26857f (type = e)
W/ctxmgr  ( 2159): [PowerConnectionState]Got same value as before for power connection (Plug state: 2 BatteryLevel: 0.48)
W/ctxmgr  ( 2159): [PowerConnectionState]Got same value as before for power connection (Plug state: 2 BatteryLevel: 0.48)
W/ctxmgr  ( 2159): [PowerConnectionState]Got same value as before for power connection (Plug state: 2 BatteryLevel: 0.48)
W/ctxmgr  ( 2159): [PowerConnectionState]Got same value as before for power connection (Plug state: 2 BatteryLevel: 0.48)
W/ctxmgr  ( 2159): [PowerConnectionState]Got same value as before for power connection (Plug state: 2 BatteryLevel: 0.48)
W/ctxmgr  ( 2159): [PowerConnectionState]Got same value as before for power connection (Plug state: 2 BatteryLevel: 0.48)
W/ctxmgr  ( 2159): [PowerConnectionState]Got same value as before for power connection (Plug state: 2 BatteryLevel: 0.48)
W/ctxmgr  ( 2159): [AclManager]checkPermissionTypeStatus: no inject permission for AppMetadata{mUid=10013, mPackageName='com.google.android.gms'}. Returned permission was: PACKAGE_NOT_WHITELISTED for context name: POWER_CONNECTION
W/ctxmgr  ( 2159): [AclManager]checkPermissionTypeStatus: no inject permission for AppMetadata{mUid=10013, mPackageName='com.google.android.gms'}. Returned permission was: PACKAGE_NOT_WHITELISTED for context name: POWER_CONNECTION
E/ctxmgr  ( 2159): [PowerConnectionState]Could not write powerInfo=Plug state: 2 BatteryLevel: 0.49, status=Status{statusCode=unknown status code: 7503, resolution=null}
I/ProcessStatsService(  756): Prepared write state in 23ms
W/ctxmgr  ( 2159): [PowerConnectionState]Got same value as before for power connection (Plug state: 2 BatteryLevel: 0.49)
W/ctxmgr  ( 2159): [PowerConnectionState]Got same value as before for power connection (Plug state: 2 BatteryLevel: 0.49)
W/ctxmgr  ( 2159): [PowerConnectionState]Got same value as before for power connection (Plug state: 2 BatteryLevel: 0.49)
I/LatinIME( 1430): Starting input. Cursor position = 0,0
W/LatinIME( 1430): Deprecated private IME option specified: nm,com.google.android.inputmethod.latin.noGestureFloatingPreview
W/LatinIME( 1430): Use com.android.inputmethod.latin.noMicrophoneKey instead
W/OpenGLRenderer( 1617): Incorrectly called buildLayer on View: FrameLayout, destroying layer...
W/cr.BindingManager( 5373): Cannot call determinedVisibility() - never saw a connection for the pid: 5373
W/WebViewRenderState( 5373): resultsPageWebViewResponsive: not current commit, new=56, committed=0
I/ValidateNoPeople(  756): skipping global notification
W/GsaWebView( 5373): Trying to set the ListenableFuture in a ShowSearchResultResponse for an old Query
W/GsaWebView( 5373): Trying to set the ListenableFuture in a ShowSearchResultResponse for an old Query
W/ctxmgr  ( 2159): [PowerConnectionState]Got same value as before for power connection (Plug state: 2 BatteryLevel: 0.49)
D/PhoneStatusBar(16676): disable: < expand ICONS* alerts SYSTEM_INFO* back home recent clock search >
D/NuPlayerDriver(  241): stop(0xb1831ee0)
W/MessageQueue(16676): Handler (android.media.MediaPlayer$EventHandler) {279d9d77} sending message to a Handler on a dead thread
W/MessageQueue(16676): java.lang.IllegalStateException: Handler (android.media.MediaPlayer$EventHandler) {279d9d77} sending message to a Handler on a dead thread
W/MessageQueue(16676): 	at android.os.MessageQueue.enqueueMessage(MessageQueue.java:325)
W/MessageQueue(16676): 	at android.os.Handler.enqueueMessage(Handler.java:631)
W/MessageQueue(16676): 	at android.os.Handler.sendMessageAtTime(Handler.java:600)
W/MessageQueue(16676): 	at android.os.Handler.sendMessageDelayed(Handler.java:570)
W/MessageQueue(16676): 	at android.os.Handler.sendMessage(Handler.java:507)
W/MessageQueue(16676): 	at android.media.MediaPlayer.postEventFromNative(MediaPlayer.java:2685)
D/NuPlayerDriver(  241): reset(0xb1831ee0)
D/NuPlayerDriver(  241): notifyResetComplete(0xb1831ee0)
I/MicroDetector( 5373): Keeping mic open: false
I/MicrophoneInputStream( 5373): mic_close com.google.android.apps.gsa.speech.audio.aa@2f3ab65d
D/audio_hw_primary(  241): in_standby: enter: stream (0xb1836a20) usecase(7: audio-record)
D/hardware_info(  241): hw_info_append_hw_type : device_name = voice-rec-mic
I/listen_hal_loader(  241): audio_extn_listen_update_status(): start listen. current active device = voice-rec-mic. Event = 0
V/listen_hw(  241): listen_hw_notify_event: Enter
V/listen_hw(  241): handle_notify_event: Enter, event type = 0
V/listen_hw(  241): adsp_start:[0xb587a900] Enter
V/listen_hw(  241): adsp_start:[0xb587a900] Exit, status=0
I/ListenService(  241): eventCallback: Listen concurency event
V/listen_hw(  241): handle_notify_event: Exit
I/IListenReceiver( 1534): BnListenReceiver::onTransact received NOTIFY
D/(Native) ListenReceiver( 1534): notify: Audiolock mNotifyLock
D/(Native) ListenReceiver( 1534): notify: callback application
D/ListenReceiver-JNI( 1534): JNIListenReceiverListener::notify: lock mListenerLock
D/ListenReceiver-JNI( 1534): JNIListenReceiverListener::notify: data size fieldID is 0x74ae2930
D/ListenReceiver-JNI( 1534): JNIListenReceiverListener::notify() callMethod receiveEvent with mLRecvrObj=0x200aee, gEventCallbackId=0x74ae2868
D/Java ListenReceiver( 1534): receiveEvent type 8 calls processEvent
D/ListenReceiver-JNI( 1534): JNIListenReceiverListener::notify DeleteGlobalRef eventDataObj
D/ListenReceiver-JNI( 1534): JNIListenReceiverListener::notify DeleteLocalRef tmpEventDataObj
D/(Native) ListenReceiver( 1534): notify: back from callback
I/MicroRecognitionRnrImpl( 5373): Detection finished
D/audio_hw_primary(  241): adev_close_input_stream: enter:stream_handle(0xb1836a20)
D/audio_hw_primary(  241): in_standby: enter: stream (0xb1836a20) usecase(7: audio-record)
I/MicroRecognitionRnrImpl( 5373): Stopping hotword detection.
D/PhoneStatusBar(16676): disable: < expand icons* alerts system_info* back home recent clock search >
W/InputMethodManagerService(  756): Window already focused, ignoring focus gain of: com.android.internal.view.IInputMethodClient$Stub$Proxy@985e429 attribute=null, token = android.os.BinderProxy@1998c667
I/MicroRecognitionRnrImpl( 5373): Starting detection.
I/MicrophoneInputStream( 5373): mic_starting com.google.android.apps.gsa.speech.audio.aa@e29ba5c
D/audio_hw_primary(  241): adev_open_input_stream: enter: sample_rate(16000) channel_mask(0x10) devices(0x80000004)        stream_handle(0xb1836f20) io_handle(2673) source(6)
I/AudioFlinger(  241): AudioFlinger's thread 0xb1b4f000 ready to run
D/audio_hw_primary(  241): in_standby: enter: stream (0xb1836f20) usecase(7: audio-record)
D/audio_hw_primary(  241): in_set_parameters: enter: kvpairs=input_source=6;routing=-2147483644
I/MicrophoneInputStream( 5373): mic_started com.google.android.apps.gsa.speech.audio.aa@e29ba5c
D/audio_hw_primary(  241): start_input_stream: enter: stream(0xb1836f20)usecase(7: audio-record)
D/audio_hw_primary(  241): select_devices: out_snd_device(0: ) in_snd_device(61: voice-rec-mic)
D/hardware_info(  241): hw_info_append_hw_type : device_name = voice-rec-mic
I/msm8974_platform(  241): platform_send_audio_calibration: sending audio calibration for snd_device(61) acdb_id(119)
D/ACDB-LOADER(  241): ACDB -> send_audio_cal, acdb_id = 119, path =  1
D/ACDB-LOADER(  241): ACDB -> send_adm_topology
D/ACDB-LOADER(  241): ACDB -> ACDB_CMD_GET_AUDPROC_COMMON_TOPOLOGY_ID
D/ACDB-LOADER(  241): ACDB -> send_asm_topology
D/ACDB-LOADER(  241): ACDB -> ACDB_CMD_GET_AUDPROC_STREAM_TOPOLOGY_ID
D/ACDB-LOADER(  241): ACDB -> send_audtable
D/ACDB-LOADER(  241): ACDB -> ACDB_CMD_GET_AUDPROC_COMMON_TABLE
D/ACDB-LOADER(  241): ACDB -> AUDIO_SET_AUDPROC_CAL
D/ACDB-LOADER(  241): ACDB -> send_audvoltable
D/ACDB-LOADER(  241): ACDB -> ACDB_CMD_GET_AUDPROC_GAIN_DEP_STEP_TABLE
D/        (  241): Failed to fetch the lookup information of the device 00000077 
E/ACDB-LOADER(  241): Error: ACDB AudProc vol returned = -19
D/ACDB-LOADER(  241): ACDB -> AUDIO_SET_AUDPROC_VOL_CAL
D/ACDB-LOADER(  241): ACDB -> AUDIO_SET_AFE_CAL
I/listen_hal_loader(  241): audio_extn_listen_update_status(): stop listen. current active device = voice-rec-mic. Event = 1
V/listen_hw(  241): listen_hw_notify_event: Enter
V/listen_hw(  241): handle_notify_event: Enter, event type = 1
V/listen_hw(  241): adsp_stop:[0xb587a900] Enter
V/listen_hw(  241): adsp_stop:[0xb587a900] Exit, status=0
I/ListenService(  241): eventCallback: Listen concurency event
V/listen_hw(  241): handle_notify_event: Exit
I/IListenReceiver( 1534): BnListenReceiver::onTransact received NOTIFY
D/(Native) ListenReceiver( 1534): notify: Audiolock mNotifyLock
D/(Native) ListenReceiver( 1534): notify: callback application
D/ListenReceiver-JNI( 1534): JNIListenReceiverListener::notify: lock mListenerLock
D/ListenReceiver-JNI( 1534): JNIListenReceiverListener::notify: data size fieldID is 0x74ae2930
D/ListenReceiver-JNI( 1534): JNIListenReceiverListener::notify() callMethod receiveEvent with mLRecvrObj=0x200aee, gEventCallbackId=0x74ae2868
D/Java ListenReceiver( 1534): receiveEvent type 9 calls processEvent
D/ListenReceiver-JNI( 1534): JNIListenReceiverListener::notify DeleteGlobalRef eventDataObj
D/ListenReceiver-JNI( 1534): JNIListenReceiverListener::notify DeleteLocalRef tmpEventDataObj
D/(Native) ListenReceiver( 1534): notify: back from callback
D/audio_hw_primary(  241): select_devices: done
W/MicroDetectionWorkerImp( 5373): Tag [MicroDetectionWorkerImpl] is too long; truncated to [MicroDetectionWorkerImp]
I/MicroDetectionWorkerImp( 5373): onReady
W/ctxmgr  ( 2159): [PowerConnectionState]Got same value as before for power connection (Plug state: 2 BatteryLevel: 0.49)
I/ActivityManager(  756): START u0 {act=android.intent.action.MAIN cat=[android.intent.category.HOME] flg=0x10200000 cmp=com.google.android.googlequicksearchbox/com.google.android.launcher.GEL} from uid 1000 on display 0
I/ValidateNoPeople(  756): skipping global notification
I/LatinIME( 1430): Starting input. Cursor position = -1,-1
W/SearchService( 5373): Abort, client detached.
W/SearchService( 5373): Abort, client detached.
I/GEL     ( 1617): handleIntent(Intent { act=android.intent.action.MAIN cat=[android.intent.category.HOME] flg=0x10200000 cmp=com.google.android.googlequicksearchbox/com.google.android.launcher.GEL })
I/MicroDetector( 5373): Keeping mic open: false
I/MicrophoneInputStream( 5373): mic_close com.google.android.apps.gsa.speech.audio.aa@e29ba5c
D/audio_hw_primary(  241): in_standby: enter: stream (0xb1836f20) usecase(7: audio-record)
D/hardware_info(  241): hw_info_append_hw_type : device_name = voice-rec-mic
I/listen_hal_loader(  241): audio_extn_listen_update_status(): start listen. current active device = voice-rec-mic. Event = 0
V/listen_hw(  241): listen_hw_notify_event: Enter
V/listen_hw(  241): handle_notify_event: Enter, event type = 0
V/listen_hw(  241): adsp_start:[0xb587a900] Enter
V/listen_hw(  241): adsp_start:[0xb587a900] Exit, status=0
I/ListenService(  241): eventCallback: Listen concurency event
V/listen_hw(  241): handle_notify_event: Exit
I/IListenReceiver( 1534): BnListenReceiver::onTransact received NOTIFY
D/(Native) ListenReceiver( 1534): notify: Audiolock mNotifyLock
D/(Native) ListenReceiver( 1534): notify: callback application
D/ListenReceiver-JNI( 1534): JNIListenReceiverListener::notify: lock mListenerLock
D/ListenReceiver-JNI( 1534): JNIListenReceiverListener::notify: data size fieldID is 0x74ae2930
D/ListenReceiver-JNI( 1534): JNIListenReceiverListener::notify() callMethod receiveEvent with mLRecvrObj=0x200aee, gEventCallbackId=0x74ae2868
D/Java ListenReceiver( 1534): receiveEvent type 8 calls processEvent
D/ListenReceiver-JNI( 1534): JNIListenReceiverListener::notify DeleteGlobalRef eventDataObj
D/ListenReceiver-JNI( 1534): JNIListenReceiverListener::notify DeleteLocalRef tmpEventDataObj
D/(Native) ListenReceiver( 1534): notify: back from callback
I/MicroRecognitionRnrImpl( 5373): Detection finished
I/MicroRecognitionRnrImpl( 5373): Stopping hotword detection.
D/audio_hw_primary(  241): adev_close_input_stream: enter:stream_handle(0xb1836f20)
D/audio_hw_primary(  241): in_standby: enter: stream (0xb1836f20) usecase(7: audio-record)
W/GsaWebView( 5373): Trying to set the ListenableFuture in a ShowSearchResultResponse for an old Query
I/InputAttributes( 1430): InputType.TYPE_NULL is specified
I/MicroRecognitionRnrImpl( 5373): Starting detection.
I/MicrophoneInputStream( 5373): mic_starting com.google.android.apps.gsa.speech.audio.aa@189cacb
D/audio_hw_primary(  241): adev_open_input_stream: enter: sample_rate(16000) channel_mask(0x10) devices(0x80000004)        stream_handle(0xb1836f20) io_handle(2676) source(6)
I/AudioFlinger(  241): AudioFlinger's thread 0xb1335000 ready to run
D/audio_hw_primary(  241): in_standby: enter: stream (0xb1836f20) usecase(7: audio-record)
D/audio_hw_primary(  241): in_standby: enter: stream (0xb1836f20) usecase(7: audio-record)
D/audio_hw_primary(  241): in_set_parameters: enter: kvpairs=input_source=6;routing=-2147483644
I/MicrophoneInputStream( 5373): mic_started com.google.android.apps.gsa.speech.audio.aa@189cacb
I/ValidateNoPeople(  756): skipping global notification
D/audio_hw_primary(  241): start_input_stream: enter: stream(0xb1836f20)usecase(7: audio-record)
D/audio_hw_primary(  241): select_devices: out_snd_device(0: ) in_snd_device(61: voice-rec-mic)
D/hardware_info(  241): hw_info_append_hw_type : device_name = voice-rec-mic
I/msm8974_platform(  241): platform_send_audio_calibration: sending audio calibration for snd_device(61) acdb_id(119)
D/ACDB-LOADER(  241): ACDB -> send_audio_cal, acdb_id = 119, path =  1
D/ACDB-LOADER(  241): ACDB -> send_adm_topology
D/ACDB-LOADER(  241): ACDB -> ACDB_CMD_GET_AUDPROC_COMMON_TOPOLOGY_ID
D/ACDB-LOADER(  241): ACDB -> send_asm_topology
D/ACDB-LOADER(  241): ACDB -> ACDB_CMD_GET_AUDPROC_STREAM_TOPOLOGY_ID
D/ACDB-LOADER(  241): ACDB -> send_audtable
D/ACDB-LOADER(  241): ACDB -> ACDB_CMD_GET_AUDPROC_COMMON_TABLE
D/ACDB-LOADER(  241): ACDB -> AUDIO_SET_AUDPROC_CAL
D/ACDB-LOADER(  241): ACDB -> send_audvoltable
D/ACDB-LOADER(  241): ACDB -> ACDB_CMD_GET_AUDPROC_GAIN_DEP_STEP_TABLE
D/        (  241): Failed to fetch the lookup information of the device 00000077 
E/ACDB-LOADER(  241): Error: ACDB AudProc vol returned = -19
D/ACDB-LOADER(  241): ACDB -> AUDIO_SET_AUDPROC_VOL_CAL
D/ACDB-LOADER(  241): ACDB -> AUDIO_SET_AFE_CAL
I/listen_hal_loader(  241): audio_extn_listen_update_status(): stop listen. current active device = voice-rec-mic. Event = 1
V/listen_hw(  241): listen_hw_notify_event: Enter
V/listen_hw(  241): handle_notify_event: Enter, event type = 1
V/listen_hw(  241): adsp_stop:[0xb587a900] Enter
V/listen_hw(  241): adsp_stop:[0xb587a900] Exit, status=0
I/ListenService(  241): eventCallback: Listen concurency event
V/listen_hw(  241): handle_notify_event: Exit
I/IListenReceiver( 1534): BnListenReceiver::onTransact received NOTIFY
D/(Native) ListenReceiver( 1534): notify: Audiolock mNotifyLock
D/(Native) ListenReceiver( 1534): notify: callback application
D/ListenReceiver-JNI( 1534): JNIListenReceiverListener::notify: lock mListenerLock
D/ListenReceiver-JNI( 1534): JNIListenReceiverListener::notify: data size fieldID is 0x74ae2930
D/ListenReceiver-JNI( 1534): JNIListenReceiverListener::notify() callMethod receiveEvent with mLRecvrObj=0x200aee, gEventCallbackId=0x74ae2868
D/Java ListenReceiver( 1534): receiveEvent type 9 calls processEvent
D/ListenReceiver-JNI( 1534): JNIListenReceiverListener::notify DeleteGlobalRef eventDataObj
D/ListenReceiver-JNI( 1534): JNIListenReceiverListener::notify DeleteLocalRef tmpEventDataObj
D/(Native) ListenReceiver( 1534): notify: back from callback
D/audio_hw_primary(  241): select_devices: done
W/LocationOracle( 5373): Best location was null
W/OpenGLRenderer( 1617): Incorrectly called buildLayer on View: FrameLayout, destroying layer...
W/MicroDetectionWorkerImp( 5373): Tag [MicroDetectionWorkerImpl] is too long; truncated to [MicroDetectionWorkerImp]
I/MicroDetectionWorkerImp( 5373): onReady
D/QcrilMsgTunnelSocket( 3458): readRilMessage: Buffer = [B@1344bc9 HexData = [010000000404000011000000514f454d484f4f4bef0308000100000003]
D/QcrilMsgTunnelSocket( 3458): Rcvd UNSOL response with 28 bytes data for SUB0
D/QcrilMsgTunnelSocket( 3458): Response ID 525295 is not served in this process.
D/QcrilMsgTunnelSocket( 3458): To broadcast an Intent via the notifier to external apps
D/QcrilMsgTunnelIfaceManager( 3458): handleMessage what = 0
D/QcrilMsgTunnelIfaceManager( 3458): Broadcasting intent ACTION_UNSOL_RESPONSE_OEM_HOOK_RAW
D/PhoneStatusBar(16676): disable: < expand ICONS* alerts SYSTEM_INFO* back home recent clock search >
I/MicroDetector( 5373): Keeping mic open: false
I/MicrophoneInputStream( 5373): mic_close com.google.android.apps.gsa.speech.audio.aa@189cacb
W/SearchService( 5373): Abort, client detached.
D/audio_hw_primary(  241): in_standby: enter: stream (0xb1836f20) usecase(7: audio-record)
D/hardware_info(  241): hw_info_append_hw_type : device_name = voice-rec-mic
I/listen_hal_loader(  241): audio_extn_listen_update_status(): start listen. current active device = voice-rec-mic. Event = 0
V/listen_hw(  241): listen_hw_notify_event: Enter
V/listen_hw(  241): handle_notify_event: Enter, event type = 0
V/listen_hw(  241): adsp_start:[0xb587a900] Enter
V/listen_hw(  241): adsp_start:[0xb587a900] Exit, status=0
I/ListenService(  241): eventCallback: Listen concurency event
V/listen_hw(  241): handle_notify_event: Exit
I/IListenReceiver( 1534): BnListenReceiver::onTransact received NOTIFY
D/(Native) ListenReceiver( 1534): notify: Audiolock mNotifyLock
D/(Native) ListenReceiver( 1534): notify: callback application
D/ListenReceiver-JNI( 1534): JNIListenReceiverListener::notify: lock mListenerLock
D/ListenReceiver-JNI( 1534): JNIListenReceiverListener::notify: data size fieldID is 0x74ae2930
D/ListenReceiver-JNI( 1534): JNIListenReceiverListener::notify() callMethod receiveEvent with mLRecvrObj=0x200aee, gEventCallbackId=0x74ae2868
D/Java ListenReceiver( 1534): receiveEvent type 8 calls processEvent
D/ListenReceiver-JNI( 1534): JNIListenReceiverListener::notify DeleteGlobalRef eventDataObj
D/ListenReceiver-JNI( 1534): JNIListenReceiverListener::notify DeleteLocalRef tmpEventDataObj
D/(Native) ListenReceiver( 1534): notify: back from callback
D/audio_hw_primary(  241): adev_close_input_stream: enter:stream_handle(0xb1836f20)
D/audio_hw_primary(  241): in_standby: enter: stream (0xb1836f20) usecase(7: audio-record)
I/MicroRecognitionRnrImpl( 5373): Stopping hotword detection.
I/MicroRecognitionRnrImpl( 5373): Detection finished
W/ctxmgr  ( 2159): [PowerConnectionState]Got same value as before for power connection (Plug state: 2 BatteryLevel: 0.49)
D/BluetoothAdapter(16676): 112618713: getState() :  mService = null. Returning STATE_OFF
D/BluetoothAdapter(16676): 112618713: getState() :  mService = null. Returning STATE_OFF
D/BluetoothAdapter(16676): 112618713: getState() :  mService = null. Returning STATE_OFF
D/BluetoothAdapter(16676): 112618713: getState() :  mService = null. Returning STATE_OFF
D/BluetoothAdapter(16676): 112618713: getState() :  mService = null. Returning STATE_OFF
D/BluetoothAdapter(16676): 112618713: getState() :  mService = null. Returning STATE_OFF
D/StatusBar(16676): Clicked on content of 0|com.whatsapp|1|null|10096
I/ActivityManager(  756): START u0 {flg=0x14000000 cmp=com.whatsapp/.Conversation (has extras)} from uid 10096 on display 0
V/WindowManager(  756): addAppToken: AppWindowToken{13ced0d3 token=Token{393cbac2 ActivityRecord{230f6b0d u0 com.whatsapp/.Conversation t4952}}} to stack=1 task=4952 at 2
W/InputMethodManagerService(  756): Window already focused, ignoring focus gain of: com.android.internal.view.IInputMethodClient$Stub$Proxy@9fc10e attribute=null, token = android.os.BinderProxy@1998c667
W/ResourceType(29521): For resource 0x01030224, entry index(548) is beyond type entryCount(9)
W/ResourceType(29521): For resource 0x01030224, entry index(548) is beyond type entryCount(9)
I/AppCompatViewInflater(29521): app:theme is now deprecated. Please move to using android:theme instead.
W/StatusBar(16676): removeNotification for unknown key: 0|com.whatsapp|1|5519997973732@s.whatsapp.net|10096
V/WindowManager(  756): Adding window Window{3660b13c u0 com.whatsapp/com.whatsapp.Conversation} at 10 of 14 (after Window{2f8c6bb1 u0 com.whatsapp/com.whatsapp.HomeActivity})
D/PhoneStatusBar(16676): disable: < expand icons* alerts system_info* back home recent clock search >
I/ActivityManager(  756): Displayed com.whatsapp/.Conversation: +438ms
I/Timeline(29521): Timeline: Activity_idle id: android.os.BinderProxy@24acb840 time:36270560
I/Timeline(  756): Timeline: Activity_windows_visible id: ActivityRecord{230f6b0d u0 com.whatsapp/.Conversation t4952} time:36271300
I/LatinIME( 1430): Starting input. Cursor position = 0,0
I/ValidateNoPeople(  756): skipping global notification
I/LatinIME( 1430): Starting input. Cursor position = 9,9
I/ValidateNoPeople(  756): skipping global notification
E/MediaPlayer-JNI(29521): QCMediaPlayer mediaplayer NOT present
D/ExtendedUtils(  241): Try creating ExtendedExtractor
E/MM_OSAL (  241): FileSource::FileSource
E/MM_OSAL (  241): FileSource::FileSource m_bEveryThingOK 1
E/MM_OSAL (  241): MM_File_Create File Name /data/mmosal_logmask.cfg , Mode 0
E/MM_OSAL (  241): MM_File_Create failed .Efs Error No -1 , File Name /data/mmosal_logmask.cfg , Mode 0
E/MM_OSAL (  241): Open or read fail on /data/mmosal_logmask.cfg. Possible permission denied issue. Looking for /data/misc/media/mmosal_logmask.cfg
E/MM_OSAL (  241): MM_File_Create File Name /data/misc/media/mmosal_logmask.cfg , Mode 0
E/MM_OSAL (  241): MM_File_Create failed .Efs Error No -1 , File Name /data/misc/media/mmosal_logmask.cfg , Mode 0
D/ExtendedUtils(  241): Discarding default extractor and using the extended one
I/FFmpegExtractor(  241): android-source:0xb1010240
I/FFMPEG  (  241): Input #0, mov,mp4,m4a,3gp,3g2,mj2, from 'android-source:0xb1010240':
I/FFMPEG  (  241):   Metadata:
I/FFMPEG  (  241):     major_brand     : M4A 
I/FFMPEG  (  241):     minor_version   : 0
I/FFMPEG  (  241):     compatible_brands: M4A mp42isom
I/FFMPEG  (  241):     creation_time   : 2012-03-07 02:05:10
I/FFMPEG  (  241):     title           : send_message
I/FFMPEG  (  241):     compilation     : 0
I/FFMPEG  (  241):     gapless_playback: 0
I/FFMPEG  (  241):     encoder         : iTunes 10.5.2.11
I/FFMPEG  (  241):     iTunSMPB        :  00000000 00000840 000000C6 00000000000006FA 00000000 00000000 00000000 00000000 00000000 00000000 00000000 00000000
I/FFMPEG  (  241):     Encoding Params : vers
I/FFMPEG  (  241):     iTunNORM        :  0000010B 00000000 0000010B 00000000 00000000 00000000 00002EE7 00000000 00000000 00000000
I/FFMPEG  (  241):   Duration: 00:00:00.09, start: 0.000000, bitrate: 393 kb/s
I/FFMPEG  (  241):     Stream #0:0(und): Audio: aac (LC) (mp4a / 0x6134706D), 44100 Hz, mono, fltp, 40 kb/s (default)
I/FFMPEG  (  241):     Metadata:
I/FFMPEG  (  241):       creation_time   : 2012-03-07 02:05:10
D/FFmpegExtractor(  241): FFmpegExtrator, url: android-source:0xb1010240, format_name: mov,mp4,m4a,3gp,3g2,mj2, format_long_name: QuickTime / MOV
I/FFmpegExtractor(  241): adjust mime(video/mp4 -> audio/mp4a-latm)
D/FFmpegExtractor(  241): suppoted codec(aac) by official Stagefright
D/FFmpegExtractor(  241): ffmpeg detected media content as 'audio/mp4a-latm' with confidence 0.08
D/ExtendedUtils(  241): Try creating ExtendedExtractor
E/MM_OSAL (  241): FileSource::FileSource
E/MM_OSAL (  241): FileSource::FileSource m_bEveryThingOK 1
E/MM_OSAL (  241): MM_File_Create File Name /data/mmosal_logmask.cfg , Mode 0
E/MM_OSAL (  241): MM_File_Create failed .Efs Error No -1 , File Name /data/mmosal_logmask.cfg , Mode 0
E/MM_OSAL (  241): Open or read fail on /data/mmosal_logmask.cfg. Possible permission denied issue. Looking for /data/misc/media/mmosal_logmask.cfg
E/MM_OSAL (  241): MM_File_Create File Name /data/misc/media/mmosal_logmask.cfg , Mode 0
E/MM_OSAL (  241): MM_File_Create failed .Efs Error No -1 , File Name /data/misc/media/mmosal_logmask.cfg , Mode 0
D/ExtendedUtils(  241): Discarding default extractor and using the extended one
E/MediaPlayer(29521): Should have subtitle controller already set
E/MediaPlayer(29521): Should have subtitle controller already set
D/NuPlayerDriver(  241): start(0xb1831700)
I/GenericSource(  241): start
E/MMParserExtractor(  241): FileSource::FILE_SOURCE_DATA_END 
W/Utils   (  241): bool android::canOffloadStream(const android::sp<android::MetaData>&, bool, const android::sp<android::MetaData>&, bool, audio_stream_type_t) No sample bit depth info in meta data
E/AudioPolicyManager(  241): isOffloadSupported: stream_type != MUSIC, returning false
I/ExtendedUtils(  241): No channel mask, try channel count
I/ExtendedUtils(  241): decision 0 mime audio/mp4a-latm
E/AudioPolicyManager(  241): isOffloadSupported: stream_type != MUSIC, returning false
I/NuPlayer(  241): Could not offload audio decode, pcm offload decided :0
W/Utils   (  241): bool android::canOffloadStream(const android::sp<android::MetaData>&, bool, const android::sp<android::MetaData>&, bool, audio_stream_type_t) No sample bit depth info in meta data
E/AudioPolicyManager(  241): isOffloadSupported: stream_type != MUSIC, returning false
I/ACodec  (  241): sampleRate=44100 channels=1 bits=16
I/SoftAAC2(  241): Reconfiguring decoder: 0->44100 Hz, 0->1 channels
E/MMParserExtractor(  241): FileSource::FILE_SOURCE_DATA_END 
E/AudioTrack(  241): AudioTrack::set : Exit
D/audio_hw_primary(  241): out_set_parameters: enter: usecase(1: low-latency-playback) kvpairs: routing=2
V/listen_hw(  241): listen_hw_set_parameters: Enter
V/listen_hw(  241): handle_set_parameters: Enter kvpairs=routing=2 capture=0
V/listen_hw(  241): handle_set_parameters: Exit
V/listen_hw(  241): listen_hw_set_parameters: Exit, ret=0
D/audio_hw_primary(  241): start_output_stream: enter: stream(0xb5880740)usecase(1: low-latency-playback) devices(0x2)
D/audio_hw_primary(  241): start_output_stream: enter: usecase(1: low-latency-playback) devices(0x2)
D/audio_hw_primary(  241): select_devices: out_snd_device(2: speaker) in_snd_device(0: )
W/msm8974_platform(  241): Codec backend bitwidth 16, samplerate 48000
D/hardware_info(  241): hw_info_append_hw_type : device_name = speaker
I/msm8974_platform(  241): platform_send_audio_calibration: sending audio calibration for snd_device(2) acdb_id(15)
D/ACDB-LOADER(  241): ACDB -> send_audio_cal, acdb_id = 15, path =  0
D/ACDB-LOADER(  241): ACDB -> send_adm_topology
D/ACDB-LOADER(  241): ACDB -> ACDB_CMD_GET_AUDPROC_COMMON_TOPOLOGY_ID
D/ACDB-LOADER(  241): ACDB -> send_asm_topology
D/ACDB-LOADER(  241): ACDB -> ACDB_CMD_GET_AUDPROC_STREAM_TOPOLOGY_ID
D/ACDB-LOADER(  241): ACDB -> send_audtable
D/ACDB-LOADER(  241): ACDB -> ACDB_CMD_GET_AUDPROC_COMMON_TABLE
D/ACDB-LOADER(  241): ACDB -> AUDIO_SET_AUDPROC_CAL
D/ACDB-LOADER(  241): ACDB -> send_audvoltable
D/ACDB-LOADER(  241): ACDB -> ACDB_CMD_GET_AUDPROC_GAIN_DEP_STEP_TABLE
D/        (  241): Failed to fetch the lookup information of the device 0000000F 
E/ACDB-LOADER(  241): Error: ACDB AudProc vol returned = -19
D/ACDB-LOADER(  241): ACDB -> AUDIO_SET_AUDPROC_VOL_CAL
D/ACDB-LOADER(  241): ACDB -> send_afe_cal
D/ACDB-LOADER(  241): ACDB -> ACDB_CMD_GET_AFE_COMMON_TABLE
D/        (  241): Failed to fetch the lookup information of the device 0000000F 
E/ACDB-LOADER(  241): Error: ACDB AFE returned = -19
D/ACDB-LOADER(  241): ACDB -> AUDIO_SET_AFE_CAL
D/audio_hw_primary(  241): select_devices: done
I/LatinIME( 1430): Starting input. Cursor position = 4,4
I/ValidateNoPeople(  756): skipping global notification
D/NuPlayerDriver(  241): stop(0xb1831700)
D/NuPlayerDriver(  241): reset(0xb1831700)
D/NuPlayerDriver(  241): notifyResetComplete(0xb1831700)
E/MediaPlayer-JNI(29521): QCMediaPlayer mediaplayer NOT present
W/MediaPlayer(29521): mediaplayer went away with unhandled events
D/ExtendedUtils(  241): Try creating ExtendedExtractor
E/MM_OSAL (  241): FileSource::FileSource
E/MM_OSAL (  241): FileSource::FileSource m_bEveryThingOK 1
E/MM_OSAL (  241): MM_File_Create File Name /data/mmosal_logmask.cfg , Mode 0
E/MM_OSAL (  241): MM_File_Create failed .Efs Error No -1 , File Name /data/mmosal_logmask.cfg , Mode 0
E/MM_OSAL (  241): Open or read fail on /data/mmosal_logmask.cfg. Possible permission denied issue. Looking for /data/misc/media/mmosal_logmask.cfg
E/MM_OSAL (  241): MM_File_Create File Name /data/misc/media/mmosal_logmask.cfg , Mode 0
E/MM_OSAL (  241): MM_File_Create failed .Efs Error No -1 , File Name /data/misc/media/mmosal_logmask.cfg , Mode 0
D/ExtendedUtils(  241): Discarding default extractor and using the extended one
I/FFmpegExtractor(  241): android-source:0xb1010240
I/FFMPEG  (  241): Input #0, mov,mp4,m4a,3gp,3g2,mj2, from 'android-source:0xb1010240':
I/FFMPEG  (  241):   Metadata:
I/FFMPEG  (  241):     major_brand     : M4A 
I/FFMPEG  (  241):     minor_version   : 0
I/FFMPEG  (  241):     compatible_brands: M4A mp42isom
I/FFMPEG  (  241):     creation_time   : 2012-03-07 02:05:10
I/FFMPEG  (  241):     title           : send_message
I/FFMPEG  (  241):     compilation     : 0
I/FFMPEG  (  241):     gapless_playback: 0
I/FFMPEG  (  241):     encoder         : iTunes 10.5.2.11
I/FFMPEG  (  241):     iTunSMPB        :  00000000 00000840 000000C6 00000000000006FA 00000000 00000000 00000000 00000000 00000000 00000000 00000000 00000000
I/FFMPEG  (  241):     Encoding Params : vers
I/FFMPEG  (  241):     iTunNORM        :  0000010B 00000000 0000010B 00000000 00000000 00000000 00002EE7 00000000 00000000 00000000
I/FFMPEG  (  241):   Duration: 00:00:00.09, start: 0.000000, bitrate: 393 kb/s
I/FFMPEG  (  241):     Stream #0:0(und): Audio: aac (LC) (mp4a / 0x6134706D), 44100 Hz, mono, fltp, 40 kb/s (default)
I/FFMPEG  (  241):     Metadata:
I/FFMPEG  (  241):       creation_time   : 2012-03-07 02:05:10
D/FFmpegExtractor(  241): FFmpegExtrator, url: android-source:0xb1010240, format_name: mov,mp4,m4a,3gp,3g2,mj2, format_long_name: QuickTime / MOV
I/FFmpegExtractor(  241): adjust mime(video/mp4 -> audio/mp4a-latm)
D/FFmpegExtractor(  241): suppoted codec(aac) by official Stagefright
D/FFmpegExtractor(  241): ffmpeg detected media content as 'audio/mp4a-latm' with confidence 0.08
D/ExtendedUtils(  241): Try creating ExtendedExtractor
E/MM_OSAL (  241): FileSource::FileSource
E/MM_OSAL (  241): FileSource::FileSource m_bEveryThingOK 1
E/MM_OSAL (  241): MM_File_Create File Name /data/mmosal_logmask.cfg , Mode 0
E/MM_OSAL (  241): MM_File_Create failed .Efs Error No -1 , File Name /data/mmosal_logmask.cfg , Mode 0
E/MM_OSAL (  241): Open or read fail on /data/mmosal_logmask.cfg. Possible permission denied issue. Looking for /data/misc/media/mmosal_logmask.cfg
E/MM_OSAL (  241): MM_File_Create File Name /data/misc/media/mmosal_logmask.cfg , Mode 0
E/MM_OSAL (  241): MM_File_Create failed .Efs Error No -1 , File Name /data/misc/media/mmosal_logmask.cfg , Mode 0
D/ExtendedUtils(  241): Discarding default extractor and using the extended one
E/MediaPlayer(29521): Should have subtitle controller already set
D/NuPlayerDriver(  241): start(0xb1831700)
I/GenericSource(  241): start
E/MMParserExtractor(  241): FileSource::FILE_SOURCE_DATA_END 
W/Utils   (  241): bool android::canOffloadStream(const android::sp<android::MetaData>&, bool, const android::sp<android::MetaData>&, bool, audio_stream_type_t) No sample bit depth info in meta data
E/AudioPolicyManager(  241): isOffloadSupported: stream_type != MUSIC, returning false
I/ExtendedUtils(  241): No channel mask, try channel count
I/ExtendedUtils(  241): decision 0 mime audio/mp4a-latm
E/AudioPolicyManager(  241): isOffloadSupported: stream_type != MUSIC, returning false
I/NuPlayer(  241): Could not offload audio decode, pcm offload decided :0
W/Utils   (  241): bool android::canOffloadStream(const android::sp<android::MetaData>&, bool, const android::sp<android::MetaData>&, bool, audio_stream_type_t) No sample bit depth info in meta data
E/AudioPolicyManager(  241): isOffloadSupported: stream_type != MUSIC, returning false
E/MediaPlayer(29521): Should have subtitle controller already set
I/ACodec  (  241): sampleRate=44100 channels=1 bits=16
I/SoftAAC2(  241): Reconfiguring decoder: 0->44100 Hz, 0->1 channels
E/MMParserExtractor(  241): FileSource::FILE_SOURCE_DATA_END 
E/AudioTrack(  241): AudioTrack::set : Exit
D/audio_hw_primary(  241): out_set_parameters: enter: usecase(1: low-latency-playback) kvpairs: routing=2
V/listen_hw(  241): listen_hw_set_parameters: Enter
V/listen_hw(  241): handle_set_parameters: Enter kvpairs=routing=2 capture=0
V/listen_hw(  241): handle_set_parameters: Exit
V/listen_hw(  241): listen_hw_set_parameters: Exit, ret=0
W/ctxmgr  ( 2159): [PowerConnectionState]Got same value as before for power connection (Plug state: 2 BatteryLevel: 0.49)
D/audio_hw_primary(  241): out_standby: enter: stream (0xb5880740) usecase(1: low-latency-playback)
D/hardware_info(  241): hw_info_append_hw_type : device_name = speaker
W/ctxmgr  ( 2159): [PowerConnectionState]Got same value as before for power connection (Plug state: 2 BatteryLevel: 0.49)
