V/BackupManagerService(  756): Registering transport com.google.android.gms/.backup.BackupTransportService::com.google.android.gms/.backup.BackupTransportService = com.android.internal.backup.IBackupTransport$Stub$Proxy@252678be
V/BackupManagerService(  756): Running a backup pass
V/BackupManagerService(  756): clearing pending backups
V/PerformBackupTask(  756): Beginning backup of 1 targets
D/PerformBackupTask(  756): invokeAgentForBackup on @pm@
V/BackupManagerService(  756): System app com.google.android.googlequicksearchbox - skipping sig check
I/BackupRestoreController(  756): Getting widget state for user: 0
I/PerformBackupTask(  756): no backup data written; not calling transport
D/PerformBackupTask(  756): starting agent for backup of BackupRequest{pkg=com.cyanogenmod.trebuchet}
D/BackupManagerService(  756): awaiting agent for ApplicationInfo{38a220ab com.cyanogenmod.trebuchet}
D/BackupManagerService(  756): agentConnected pkg=com.cyanogenmod.trebuchet agent=android.os.BinderProxy@f98dc46
I/BackupManagerService(  756): got agent android.app.IBackupAgent$Stub$Proxy@1b574e07
D/PerformBackupTask(  756): invokeAgentForBackup on com.cyanogenmod.trebuchet
D/BackupManagerService(  756): Now staging backup of com.cyanogenmod.trebuchet
I/BackupRestoreController(  756): Getting widget state for user: 0
I/BackupManagerService(  756): Backup pass finished.
I/ActivityManager(  756): START u0 {act=com.android.systemui.recents.SHOW_RECENTS flg=0x10804000 cmp=com.android.systemui/.recents.RecentsActivity} from uid 10004 on display 0
I/ActivityManager(  756): Killing 31994:com.cyanogenmod.lockclock/u0a61 (adj 15): empty #17
I/ActivityManager(  756): Killing 705:com.sveder.cardboardpassthrough/u0a118 (adj 11): remove task
D/TaskPersister(  756): removeObsoleteFile: deleting file=4968_task.xml
D/TaskPersister(  756): removeObsoleteFile: deleting file=4968_task_thumbnail.png
I/ActivityManager(  756): START u0 {act=android.intent.action.MAIN cat=[android.intent.category.HOME] flg=0x10200000 cmp=com.google.android.googlequicksearchbox/com.google.android.launcher.GEL} from uid 10004 on display 0
W/ProcessCpuTracker(  756): Skipping unknown process pid 1175
I/ActivityManager(  756): Start proc 1708:com.android.providers.calendar/u0a6 for content provider com.android.providers.calendar/.CalendarProvider2
W/ResourcesManager( 1708): Asset path '/system/framework/android.test.runner.jar' does not exist or contains no resources.
I/ActivityManager(  756): Start proc 1746:com.cyanogenmod.lockclock/u0a61 for broadcast com.cyanogenmod.lockclock/.ClockWidgetProvider
I/ActivityManager(  756): Start proc 1790:com.google.android.calendar/u0a37 for broadcast com.google.android.calendar/com.android.calendar.alerts.AlertReceiver
I/ActivityManager(  756): Killing 32100:com.google.android.gm/u0a51 (adj 15): empty #17
I/ActivityManager(  756): Start proc 1851:com.boxer.calendar/u0a98 for broadcast com.boxer.calendar/com.android.calendar.alerts.AlertReceiver
I/ActivityManager(  756): Killing 32121:com.google.android.apps.inbox/u0a65 (adj 15): empty #17
I/ActivityManager(  756): Killing 27567:com.android.defcontainer/u0a9 (adj 15): empty #17
I/ActivityManager(  756): START u0 {act=android.intent.action.MAIN cat=[android.intent.category.HOME] flg=0x10200000 cmp=com.google.android.googlequicksearchbox/com.google.android.launcher.GEL} from uid 1000 on display 0
I/ActivityManager(  756): START u0 {act=android.intent.action.MAIN cat=[android.intent.category.LAUNCHER] flg=0x10200000 pkg=com.whatsapp cmp=com.whatsapp/.Main bnds=[276,1275][540,1607] (has extras)} from uid 10027 on display 0
I/ValidateNoPeople(  756): skipping global notification
I/ValidateNoPeople(  756): skipping global notification
I/ValidateNoPeople(  756): skipping global notification
I/ActivityManager(  756): Start proc 2268:com.qualcomm.timeservice/1000 for broadcast com.qualcomm.timeservice/.TimeServiceBroadcastReceiver
I/ActivityManager(  756): Killing 27609:com.android.keychain/1000 (adj 15): empty #17
I/ActivityManager(  756): Start proc 2300:com.cyngn.gallerynext/u0a50 for service com.cyngn.gallerynext/.data.MomentGroupStrategy$MomentService
W/ResourcesManager( 2300): Asset path '/system/framework/com.google.android.media.effects.jar' does not exist or contains no resources.
I/ActivityManager(  756): Killing 7597:com.google.android.partnersetup/u0a16 (adj 15): empty #17
I/ValidateNoPeople(  756): skipping global notification
I/ValidateNoPeople(  756): skipping global notification
I/ValidateNoPeople(  756): skipping global notification
I/ActivityManager(  756): START u0 {act=android.intent.action.MAIN cat=[android.intent.category.HOME] flg=0x10200000 cmp=com.google.android.googlequicksearchbox/com.google.android.launcher.GEL} from uid 1000 on display 0
I/ValidateNoPeople(  756): skipping global notification
W/ActivityManager(  756): getTasks: caller 10096 does not hold REAL_GET_TASKS; limiting output
I/ValidateNoPeople(  756): Validating: 0|com.whatsapp|1|null|10096
I/ValidateNoPeople(  756): Executing: validation for: 0|com.whatsapp|1|null|10096
I/ValidateNoPeople(  756): final affinity: 0.5
I/ActivityManager(  756): Start proc 3295:com.android.defcontainer/u0a9 for service com.android.defcontainer/.DefaultContainerService
D/DefContainer( 3295): Copying /data/local/tmp/com.sveder.cardboardpassthrough to base.apk
D/PackageManager(  756): Renaming /data/app/vmdl547458395.tmp to /data/app/com.sveder.cardboardpassthrough-2
I/ActivityManager(  756): Force stopping com.sveder.cardboardpassthrough appid=10118 user=-1: uninstall pkg
I/PackageManager(  756): Package com.sveder.cardboardpassthrough codePath changed from /data/app/com.sveder.cardboardpassthrough-1 to /data/app/com.sveder.cardboardpassthrough-2; Retaining data and using new
W/PackageManager(  756): Code path for pkg : com.sveder.cardboardpassthrough changing from /data/app/com.sveder.cardboardpassthrough-1 to /data/app/com.sveder.cardboardpassthrough-2
I/ActivityManager(  756): Force stopping com.sveder.cardboardpassthrough appid=10118 user=-1: update pkg
W/PackageManager(  756): Resource path for pkg : com.sveder.cardboardpassthrough changing from /data/app/com.sveder.cardboardpassthrough-1 to /data/app/com.sveder.cardboardpassthrough-2
I/ActivityManager(  756): Force stopping com.sveder.cardboardpassthrough appid=10118 user=0: pkg removed
D/BackupManagerService(  756): Received broadcast Intent { act=android.intent.action.PACKAGE_REMOVED dat=package:com.sveder.cardboardpassthrough flg=0x4000010 (has extras) }
D/JobSchedulerService(  756): Receieved: android.intent.action.PACKAGE_REMOVED
I/ActivityManager(  756): Killing 17464:com.google.android.apps.docs/u0a45 (adj 15): empty #17
D/BackupManagerService(  756): Received broadcast Intent { act=android.intent.action.PACKAGE_ADDED dat=package:com.sveder.cardboardpassthrough flg=0x4000010 (has extras) }
W/BackupManagerService(  756): Removing schedule queue dupe of com.sveder.cardboardpassthrough
I/ActivityManager(  756): Start proc 3351:com.android.keychain/1000 for broadcast com.android.keychain/.KeyChainBroadcastReceiver
W/ContextImpl( 3351): Calling a method in the system process without a qualified user: android.app.ContextImpl.startService:1734 android.content.ContextWrapper.startService:522 android.content.ContextWrapper.startService:522 com.android.keychain.KeyChainBroadcastReceiver.onReceive:12 android.app.ActivityThread.handleReceiver:2642 
W/ResourcesManager( 1617): Asset path '/system/framework/com.google.android.maps.jar' does not exist or contains no resources.
I/ActivityManager(  756): Killing 17638:org.cyanogenmod.themes.provider/u0a25 (adj 15): empty #17
W/ResourcesManager( 1617): Asset path '/system/framework/com.google.android.maps.jar' does not exist or contains no resources.
I/ActivityManager(  756): Start proc 3389:com.google.android.apps.docs/u0a45 for broadcast com.google.android.apps.docs/.receivers.AppPackageAddRemoveReceiver
W/ActivityManager(  756): getRunningAppProcesses: caller 10045 does not hold REAL_GET_TASKS; limiting output
W/ActivityManager(  756): getRunningAppProcesses: caller 10045 does not hold REAL_GET_TASKS; limiting output
W/ActivityManager(  756): getRunningAppProcesses: caller 10045 does not hold REAL_GET_TASKS; limiting output
I/ActivityManager(  756): START u0 {act=android.intent.action.MAIN cat=[android.intent.category.LAUNCHER] flg=0x10000000 cmp=com.sveder.cardboardpassthrough/.MainActivity} from uid 2000 on display 0
V/WindowManager(  756): addAppToken: AppWindowToken{27061ae2 token=Token{5dfb7ad ActivityRecord{3d5becc4 u0 com.sveder.cardboardpassthrough/.MainActivity t4969}}} to stack=1 task=4969 at 0
V/WindowManager(  756): Adding window Window{33af0092 u0 Starting com.sveder.cardboardpassthrough} at 11 of 15 (after Window{ee10d60 u0 com.whatsapp/com.whatsapp.Conversation})
I/ActivityManager(  756): Start proc 3426:com.sveder.cardboardpassthrough/u0a118 for activity com.sveder.cardboardpassthrough/.MainActivity
V/ActivityManager(  756): Display changed displayId=0
I/ActivityManager(  756): Config changes=480 {1.0 724mcc10mnc pt_BR ?layoutDir sw360dp w640dp h335dp 480dpi nrml long land finger -keyb/v/h -nav/h s.116 themeResource=null}
W/ActivityManager(  756): getRunningAppProcesses: caller 10045 does not hold REAL_GET_TASKS; limiting output
V/WindowManager(  756): Adding window Window{33031b7 u0 com.sveder.cardboardpassthrough/com.sveder.cardboardpassthrough.MainActivity} at 11 of 16 (before Window{33af0092 u0 Starting com.sveder.cardboardpassthrough})
V/WindowManager(  756): Adding window Window{1f38e790 u0 SurfaceView} at 11 of 17 (before Window{33031b7 u0 com.sveder.cardboardpassthrough/com.sveder.cardboardpassthrough.MainActivity})
I/ActivityManager(  756): Killing 27693:com.google.android.apps.cloudprint/u0a42 (adj 15): empty #17
V/WindowManager(  756): Layouts looping: On entry to LockedInner, mPendingLayoutChanges = 0x1
V/WindowManager(  756): Layouts looping: loop number 4, mPendingLayoutChanges = 0x0
V/WindowManager(  756): Layouts looping: after finishPostLayoutPolicyLw, mPendingLayoutChanges = 0x0
V/WindowManager(  756): Layouts looping: mLayoutNeeded, mPendingLayoutChanges = 0x1
V/WindowManager(  756): Layouts looping: On entry to LockedInner, mPendingLayoutChanges = 0x1
V/WindowManager(  756): Layouts looping: loop number 5, mPendingLayoutChanges = 0x0
V/WindowManager(  756): Layouts looping: after finishPostLayoutPolicyLw, mPendingLayoutChanges = 0x0
V/WindowManager(  756): Layouts looping: mLayoutNeeded, mPendingLayoutChanges = 0x1
E/WindowManager(  756): Performed 6 layouts in a row. Skipping
I/ActivityManager(  756): Start proc 3551:com.google.android.partnersetup/u0a16 for broadcast com.google.android.partnersetup/.RlzPingBroadcastReceiver
W/ResourcesManager( 3389): Asset path '/system/framework/com.android.media.remotedisplay.jar' does not exist or contains no resources.
W/ResourcesManager( 3389): Asset path '/system/framework/com.android.location.provider.jar' does not exist or contains no resources.
V/WindowManager(  756): Layouts looping: On entry to LockedInner, mPendingLayoutChanges = 0x1
V/WindowManager(  756): Layouts looping: loop number 4, mPendingLayoutChanges = 0x0
V/WindowManager(  756): Layouts looping: after finishPostLayoutPolicyLw, mPendingLayoutChanges = 0x0
V/WindowManager(  756): Layouts looping: mLayoutNeeded, mPendingLayoutChanges = 0x1
V/WindowManager(  756): Layouts looping: On entry to LockedInner, mPendingLayoutChanges = 0x1
V/WindowManager(  756): Layouts looping: loop number 5, mPendingLayoutChanges = 0x0
V/WindowManager(  756): Layouts looping: after finishPostLayoutPolicyLw, mPendingLayoutChanges = 0x0
V/WindowManager(  756): Layouts looping: mLayoutNeeded, mPendingLayoutChanges = 0x1
E/WindowManager(  756): Performed 6 layouts in a row. Skipping
I/WindowManager(  756): Screen frozen for +567ms due to Window{33af0092 u0 Starting com.sveder.cardboardpassthrough}
I/ActivityManager(  756): Start proc 3583:org.cyanogenmod.themes.provider/u0a25 for broadcast org.cyanogenmod.themes.provider/.AppReceiver
I/ActivityManager(  756): Killing 10592:com.google.android.apps.magazines/u0a62 (adj 15): empty #17
I/ActivityManager(  756): Killing 1004:com.google.android.apps.walletnfcrel/u0a108 (adj 15): empty #17
I/ActivityManager(  756): Start proc 3617:com.google.android.apps.cloudprint/u0a42 for broadcast com.google.android.apps.cloudprint/.printdialog.receivers.UpgradeBroadcastReceiver
I/ActivityManager(  756): Start proc 3636:com.google.android.apps.magazines/u0a62 for broadcast com.google.android.apps.magazines/com.google.apps.dots.android.app.receiver.FirstInstallNotificationReceiver
W/ActivityManager(  756): getRunningAppProcesses: caller 10062 does not hold REAL_GET_TASKS; limiting output
W/ActivityManager(  756): getRunningAppProcesses: caller 10062 does not hold REAL_GET_TASKS; limiting output
W/ActivityManager(  756): getRunningAppProcesses: caller 10062 does not hold REAL_GET_TASKS; limiting output
W/ActivityManager(  756): getRunningAppProcesses: caller 10062 does not hold REAL_GET_TASKS; limiting output
I/ActivityManager(  756): Killing 1708:com.android.providers.calendar/u0a6 (adj 15): empty #17
I/ActivityManager(  756): Killing 1851:com.boxer.calendar/u0a98 (adj 15): depends on provider com.android.providers.calendar/.CalendarProvider2 in dying proc com.android.providers.calendar
I/ActivityManager(  756): Config changes=480 {1.0 724mcc10mnc pt_BR ?layoutDir sw360dp w360dp h615dp 480dpi nrml long port finger -keyb/v/h -nav/h s.117 themeResource=null}
V/ActivityManager(  756): Display changed displayId=0
I/WindowManager(  756): Screen frozen for +266ms due to Window{19853796 u0 StatusBar}
I/ActivityManager(  756): Killing 1746:com.cyanogenmod.lockclock/u0a61 (adj 15): empty #17
I/ActivityManager(  756): START u0 {act=com.android.systemui.recents.SHOW_RECENTS flg=0x10804000 cmp=com.android.systemui/.recents.RecentsActivity} from uid 10004 on display 0
I/ActivityManager(  756): Killing 3426:com.sveder.cardboardpassthrough/u0a118 (adj 9): remove task
D/TaskPersister(  756): removeObsoleteFile: deleting file=4969_task.xml
D/TaskPersister(  756): removeObsoleteFile: deleting file=4969_task_thumbnail.png
I/ActivityManager(  756): START u0 {act=android.intent.action.MAIN cat=[android.intent.category.HOME] flg=0x10200000 cmp=com.google.android.googlequicksearchbox/com.google.android.launcher.GEL} from uid 10004 on display 0
I/ActivityManager(  756): START u0 {act=android.intent.action.MAIN cat=[android.intent.category.HOME] flg=0x10200000 cmp=com.google.android.googlequicksearchbox/com.google.android.launcher.GEL} from uid 1000 on display 0
D/BackupManagerService(  756): Received broadcast Intent { act=android.intent.action.PACKAGE_CHANGED dat=package:com.google.android.gms flg=0x4000010 (has extras) }
I/BackupManagerService(  756): Unbinding ComponentInfo{com.google.android.gms/com.google.android.gms.backup.BackupTransportService}
I/BackupManagerService(  756): Binding to transport host ComponentInfo{com.google.android.gms/com.google.android.gms.backup.BackupTransportService}
I/ActivityManager(  756): Start proc 3853:com.google.android.apps.walletnfcrel/u0a108 for broadcast com.google.android.apps.walletnfcrel/com.google.commerce.tapandpay.android.account.RefreshActiveAccountReceiver
W/ResourcesManager( 3853): Asset path '/system/framework/com.android.media.remotedisplay.jar' does not exist or contains no resources.
W/ResourcesManager( 3853): Asset path '/system/framework/com.android.location.provider.jar' does not exist or contains no resources.
V/BackupManagerService(  756): Connected to transport ComponentInfo{com.google.android.gms/com.google.android.gms.backup.BackupTransportService}
V/BackupManagerService(  756): Registering transport com.google.android.gms/.backup.BackupTransportService::com.google.android.gms/.backup.BackupTransportService = com.android.internal.backup.IBackupTransport$Stub$Proxy@1cb55506
W/ProcessCpuTracker(  756): Skipping unknown process pid 4057
D/DefContainer( 3295): Copying /data/local/tmp/com.sveder.cardboardpassthrough to base.apk
D/PackageManager(  756): Renaming /data/app/vmdl18876278.tmp to /data/app/com.sveder.cardboardpassthrough-1
I/ActivityManager(  756): Force stopping com.sveder.cardboardpassthrough appid=10118 user=-1: uninstall pkg
I/PackageManager(  756): Package com.sveder.cardboardpassthrough codePath changed from /data/app/com.sveder.cardboardpassthrough-2 to /data/app/com.sveder.cardboardpassthrough-1; Retaining data and using new
I/ActivityManager(  756): Force stopping com.sveder.cardboardpassthrough appid=10118 user=-1: update pkg
W/PackageManager(  756): Code path for pkg : com.sveder.cardboardpassthrough changing from /data/app/com.sveder.cardboardpassthrough-2 to /data/app/com.sveder.cardboardpassthrough-1
W/PackageManager(  756): Resource path for pkg : com.sveder.cardboardpassthrough changing from /data/app/com.sveder.cardboardpassthrough-2 to /data/app/com.sveder.cardboardpassthrough-1
I/ActivityManager(  756): Force stopping com.sveder.cardboardpassthrough appid=10118 user=0: pkg removed
D/BackupManagerService(  756): Received broadcast Intent { act=android.intent.action.PACKAGE_REMOVED dat=package:com.sveder.cardboardpassthrough flg=0x4000010 (has extras) }
D/JobSchedulerService(  756): Receieved: android.intent.action.PACKAGE_REMOVED
D/BackupManagerService(  756): Received broadcast Intent { act=android.intent.action.PACKAGE_ADDED dat=package:com.sveder.cardboardpassthrough flg=0x4000010 (has extras) }
W/BackupManagerService(  756): Removing schedule queue dupe of com.sveder.cardboardpassthrough
W/ContextImpl( 3351): Calling a method in the system process without a qualified user: android.app.ContextImpl.startService:1734 android.content.ContextWrapper.startService:522 android.content.ContextWrapper.startService:522 com.android.keychain.KeyChainBroadcastReceiver.onReceive:12 android.app.ActivityThread.handleReceiver:2642 
I/ActivityManager(  756): START u0 {act=android.intent.action.MAIN cat=[android.intent.category.LAUNCHER] flg=0x10000000 cmp=com.sveder.cardboardpassthrough/.MainActivity} from uid 2000 on display 0
V/WindowManager(  756): addAppToken: AppWindowToken{26669999 token=Token{f82b2e0 ActivityRecord{191bd8e3 u0 com.sveder.cardboardpassthrough/.MainActivity t4970}}} to stack=1 task=4970 at 0
V/WindowManager(  756): Adding window Window{1f741b09 u0 Starting com.sveder.cardboardpassthrough} at 11 of 15 (after Window{ee10d60 u0 com.whatsapp/com.whatsapp.Conversation})
I/ActivityManager(  756): Start proc 4645:com.sveder.cardboardpassthrough/u0a118 for activity com.sveder.cardboardpassthrough/.MainActivity
V/ActivityManager(  756): Display changed displayId=0
I/ActivityManager(  756): Config changes=480 {1.0 724mcc10mnc pt_BR ?layoutDir sw360dp w640dp h335dp 480dpi nrml long land finger -keyb/v/h -nav/h s.118 themeResource=null}
V/WindowManager(  756): Adding window Window{9c10872 u0 com.sveder.cardboardpassthrough/com.sveder.cardboardpassthrough.MainActivity} at 11 of 16 (before Window{1f741b09 u0 Starting com.sveder.cardboardpassthrough})
V/WindowManager(  756): Adding window Window{20bbaa1f u0 SurfaceView} at 11 of 17 (before Window{9c10872 u0 com.sveder.cardboardpassthrough/com.sveder.cardboardpassthrough.MainActivity})
V/WindowManager(  756): Layouts looping: On entry to LockedInner, mPendingLayoutChanges = 0x1
V/WindowManager(  756): Layouts looping: loop number 4, mPendingLayoutChanges = 0x0
V/WindowManager(  756): Layouts looping: after finishPostLayoutPolicyLw, mPendingLayoutChanges = 0x0
V/WindowManager(  756): Layouts looping: mLayoutNeeded, mPendingLayoutChanges = 0x1
V/WindowManager(  756): Layouts looping: On entry to LockedInner, mPendingLayoutChanges = 0x1
V/WindowManager(  756): Layouts looping: loop number 5, mPendingLayoutChanges = 0x0
V/WindowManager(  756): Layouts looping: after finishPostLayoutPolicyLw, mPendingLayoutChanges = 0x0
V/WindowManager(  756): Layouts looping: mLayoutNeeded, mPendingLayoutChanges = 0x1
E/WindowManager(  756): Performed 6 layouts in a row. Skipping
I/WindowManager(  756): Screen frozen for +444ms due to Window{20bbaa1f u0 SurfaceView}
V/ActivityManager(  756): Display changed displayId=0
I/ActivityManager(  756): Config changes=480 {1.0 724mcc10mnc pt_BR ?layoutDir sw360dp w360dp h615dp 480dpi nrml long port finger -keyb/v/h -nav/h s.119 themeResource=null}
I/ActivityManager(  756): Killing 2268:com.qualcomm.timeservice/1000 (adj 15): empty #17
I/WindowManager(  756): Screen frozen for +307ms due to Window{2dc3d915 u0 com.android.systemui.ImageWallpaper}
D/BackupManagerService(  756): Received broadcast Intent { act=android.intent.action.PACKAGE_CHANGED dat=package:com.google.android.gms flg=0x4000010 (has extras) }
I/BackupManagerService(  756): Unbinding ComponentInfo{com.google.android.gms/com.google.android.gms.backup.BackupTransportService}
I/BackupManagerService(  756): Binding to transport host ComponentInfo{com.google.android.gms/com.google.android.gms.backup.BackupTransportService}
V/BackupManagerService(  756): Connected to transport ComponentInfo{com.google.android.gms/com.google.android.gms.backup.BackupTransportService}
V/BackupManagerService(  756): Registering transport com.google.android.gms/.backup.BackupTransportService::com.google.android.gms/.backup.BackupTransportService = com.android.internal.backup.IBackupTransport$Stub$Proxy@d306fa2
W/ProcessCpuTracker(  756): Skipping unknown process pid 5031
I/ActivityManager(  756): START u0 {flg=0x14000000 cmp=com.whatsapp/.Conversation (has extras)} from uid 10096 on display 0
V/WindowManager(  756): addAppToken: AppWindowToken{e07d45a token=Token{16870c05 ActivityRecord{2d64fb7c u0 com.whatsapp/.Conversation t4952}}} to stack=1 task=4952 at 2
W/InputMethodManagerService(  756): Window already focused, ignoring focus gain of: com.android.internal.view.IInputMethodClient$Stub$Proxy@2716381 attribute=null, token = android.os.BinderProxy@1998c667
V/WindowManager(  756): Adding window Window{3db8067 u0 com.whatsapp/com.whatsapp.Conversation} at 10 of 14 (after Window{2f8c6bb1 u0 com.whatsapp/com.whatsapp.HomeActivity})
I/ValidateNoPeople(  756): skipping global notification
I/ValidateNoPeople(  756): skipping global notification
I/ValidateNoPeople(  756): skipping global notification
I/ValidateNoPeople(  756): skipping global notification
I/ValidateNoPeople(  756): skipping global notification
I/ValidateNoPeople(  756): skipping global notification
I/ActivityManager(  756): START u0 {act=android.intent.action.MAIN cat=[android.intent.category.HOME] flg=0x10200000 cmp=com.google.android.googlequicksearchbox/com.google.android.launcher.GEL} from uid 1000 on display 0
I/ValidateNoPeople(  756): skipping global notification
D/DefContainer( 3295): Copying /data/local/tmp/com.sveder.cardboardpassthrough to base.apk
D/PackageManager(  756): Renaming /data/app/vmdl15898978.tmp to /data/app/com.sveder.cardboardpassthrough-2
I/ActivityManager(  756): Force stopping com.sveder.cardboardpassthrough appid=10118 user=-1: uninstall pkg
I/ActivityManager(  756): Killing 4645:com.sveder.cardboardpassthrough/u0a118 (adj 11): stop com.sveder.cardboardpassthrough
W/ActivityManager(  756): Spurious death for ProcessRecord{35f9774b 0:com.sveder.cardboardpassthrough/u0a118}, curProc for 4645: null
I/PackageManager(  756): Package com.sveder.cardboardpassthrough codePath changed from /data/app/com.sveder.cardboardpassthrough-1 to /data/app/com.sveder.cardboardpassthrough-2; Retaining data and using new
W/PackageManager(  756): Code path for pkg : com.sveder.cardboardpassthrough changing from /data/app/com.sveder.cardboardpassthrough-1 to /data/app/com.sveder.cardboardpassthrough-2
I/ActivityManager(  756): Force stopping com.sveder.cardboardpassthrough appid=10118 user=-1: update pkg
W/PackageManager(  756): Resource path for pkg : com.sveder.cardboardpassthrough changing from /data/app/com.sveder.cardboardpassthrough-1 to /data/app/com.sveder.cardboardpassthrough-2
I/ActivityManager(  756): Force stopping com.sveder.cardboardpassthrough appid=10118 user=0: pkg removed
D/BackupManagerService(  756): Received broadcast Intent { act=android.intent.action.PACKAGE_REMOVED dat=package:com.sveder.cardboardpassthrough flg=0x4000010 (has extras) }
D/JobSchedulerService(  756): Receieved: android.intent.action.PACKAGE_REMOVED
D/BackupManagerService(  756): Received broadcast Intent { act=android.intent.action.PACKAGE_ADDED dat=package:com.sveder.cardboardpassthrough flg=0x4000010 (has extras) }
W/BackupManagerService(  756): Removing schedule queue dupe of com.sveder.cardboardpassthrough
W/ContextImpl( 3351): Calling a method in the system process without a qualified user: android.app.ContextImpl.startService:1734 android.content.ContextWrapper.startService:522 android.content.ContextWrapper.startService:522 com.android.keychain.KeyChainBroadcastReceiver.onReceive:12 android.app.ActivityThread.handleReceiver:2642 
W/ResourcesManager( 1617): Asset path '/system/framework/com.google.android.maps.jar' does not exist or contains no resources.
W/ResourcesManager( 1617): Asset path '/system/framework/com.google.android.maps.jar' does not exist or contains no resources.
I/ActivityManager(  756): START u0 {act=android.intent.action.MAIN cat=[android.intent.category.LAUNCHER] flg=0x10000000 cmp=com.sveder.cardboardpassthrough/.MainActivity} from uid 2000 on display 0
V/WindowManager(  756): addAppToken: AppWindowToken{20ac4056 token=Token{31a1fa71 ActivityRecord{bee3018 u0 com.sveder.cardboardpassthrough/.MainActivity t4971}}} to stack=1 task=4971 at 0
V/WindowManager(  756): Adding window Window{3a736b06 u0 Starting com.sveder.cardboardpassthrough} at 11 of 15 (after Window{3db8067 u0 com.whatsapp/com.whatsapp.Conversation})
I/ActivityManager(  756): Start proc 5801:com.sveder.cardboardpassthrough/u0a118 for activity com.sveder.cardboardpassthrough/.MainActivity
V/ActivityManager(  756): Display changed displayId=0
I/ActivityManager(  756): Config changes=480 {1.0 724mcc10mnc pt_BR ?layoutDir sw360dp w640dp h335dp 480dpi nrml long land finger -keyb/v/h -nav/h s.120 themeResource=null}
V/WindowManager(  756): Adding window Window{29a98551 u0 com.sveder.cardboardpassthrough/com.sveder.cardboardpassthrough.MainActivity} at 11 of 16 (before Window{3a736b06 u0 Starting com.sveder.cardboardpassthrough})
V/WindowManager(  756): Adding window Window{1b7f2342 u0 SurfaceView} at 11 of 17 (before Window{29a98551 u0 com.sveder.cardboardpassthrough/com.sveder.cardboardpassthrough.MainActivity})
V/WindowManager(  756): Layouts looping: On entry to LockedInner, mPendingLayoutChanges = 0x1
V/WindowManager(  756): Layouts looping: loop number 4, mPendingLayoutChanges = 0x0
V/WindowManager(  756): Layouts looping: after finishPostLayoutPolicyLw, mPendingLayoutChanges = 0x0
V/WindowManager(  756): Layouts looping: mLayoutNeeded, mPendingLayoutChanges = 0x1
V/WindowManager(  756): Layouts looping: On entry to LockedInner, mPendingLayoutChanges = 0x1
V/WindowManager(  756): Layouts looping: loop number 5, mPendingLayoutChanges = 0x0
V/WindowManager(  756): Layouts looping: after finishPostLayoutPolicyLw, mPendingLayoutChanges = 0x0
V/WindowManager(  756): Layouts looping: mLayoutNeeded, mPendingLayoutChanges = 0x1
E/WindowManager(  756): Performed 6 layouts in a row. Skipping
I/WindowManager(  756): Screen frozen for +510ms due to Window{1b7f2342 u0 SurfaceView}
D/TaskPersister(  756): removeObsoleteFile: deleting file=4970_task.xml
D/TaskPersister(  756): removeObsoleteFile: deleting file=4970_task_thumbnail.png
V/WindowManager(  756): Adding window Window{145455cb u0 AtchDlg:com.sveder.cardboardpassthrough/com.sveder.cardboardpassthrough.MainActivity} at 13 of 17 (after Window{29a98551 u0 com.sveder.cardboardpassthrough/com.sveder.cardboardpassthrough.MainActivity})
W/InputMethodManagerService(  756): Window already focused, ignoring focus gain of: com.android.internal.view.IInputMethodClient$Stub$Proxy@3cc28bfd attribute=null, token = android.os.BinderProxy@2f439a78
V/ActivityManager(  756): Display changed displayId=0
I/ActivityManager(  756): Config changes=480 {1.0 724mcc10mnc pt_BR ?layoutDir sw360dp w360dp h615dp 480dpi nrml long port finger -keyb/v/h -nav/h s.121 themeResource=null}
I/WindowManager(  756): Screen frozen for +303ms due to Window{2dc3d915 u0 com.android.systemui.ImageWallpaper}
W/ActivityManager(  756): getTasks: caller 10096 does not hold REAL_GET_TASKS; limiting output
I/ValidateNoPeople(  756): Validating: 0|com.whatsapp|1|null|10096
I/ValidateNoPeople(  756): Executing: validation for: 0|com.whatsapp|1|null|10096
I/ValidateNoPeople(  756): final affinity: 0.5
D/BackupManagerService(  756): Received broadcast Intent { act=android.intent.action.PACKAGE_CHANGED dat=package:com.google.android.gms flg=0x4000010 (has extras) }
I/BackupManagerService(  756): Unbinding ComponentInfo{com.google.android.gms/com.google.android.gms.backup.BackupTransportService}
I/BackupManagerService(  756): Binding to transport host ComponentInfo{com.google.android.gms/com.google.android.gms.backup.BackupTransportService}
V/BackupManagerService(  756): Connected to transport ComponentInfo{com.google.android.gms/com.google.android.gms.backup.BackupTransportService}
V/BackupManagerService(  756): Registering transport com.google.android.gms/.backup.BackupTransportService::com.google.android.gms/.backup.BackupTransportService = com.android.internal.backup.IBackupTransport$Stub$Proxy@25d4fe58
W/ActivityManager(  756): getTasks: caller 10096 does not hold REAL_GET_TASKS; limiting output
I/ValidateNoPeople(  756): Validating: 0|com.whatsapp|1|null|10096
I/ValidateNoPeople(  756): final affinity: 0.5
I/UsageStatsService(  756): User[0] Flushing usage stats to disk
I/ActivityManager(  756): START u0 {flg=0x14000000 cmp=com.whatsapp/.Conversation (has extras)} from uid 10096 on display 0
V/WindowManager(  756): addAppToken: AppWindowToken{1829a685 token=Token{3cdf6ffc ActivityRecord{118728ef u0 com.whatsapp/.Conversation t4952}}} to stack=1 task=4952 at 2
W/InputMethodManagerService(  756): Window already focused, ignoring focus gain of: com.android.internal.view.IInputMethodClient$Stub$Proxy@21b18fe8 attribute=null, token = android.os.BinderProxy@1998c667
V/WindowManager(  756): Adding window Window{1711aca6 u0 com.whatsapp/com.whatsapp.Conversation} at 10 of 14 (after Window{2f8c6bb1 u0 com.whatsapp/com.whatsapp.HomeActivity})
I/ValidateNoPeople(  756): skipping global notification
I/ValidateNoPeople(  756): skipping global notification
I/ValidateNoPeople(  756): skipping global notification
I/ValidateNoPeople(  756): skipping global notification
I/ActivityManager(  756): START u0 {act=android.intent.action.MAIN cat=[android.intent.category.HOME] flg=0x10200000 cmp=com.google.android.googlequicksearchbox/com.google.android.launcher.GEL} from uid 1000 on display 0
I/ValidateNoPeople(  756): skipping global notification
I/ActivityManager(  756): START u0 {act=android.intent.action.MAIN cat=[android.intent.category.HOME] flg=0x10200000 cmp=com.google.android.googlequicksearchbox/com.google.android.launcher.GEL} from uid 1000 on display 0
W/InputMethodManagerService(  756): Window already focused, ignoring focus gain of: com.android.internal.view.IInputMethodClient$Stub$Proxy@26de64b5 attribute=null, token = android.os.BinderProxy@1998c667
W/ActivityManager(  756): getTasks: caller 10096 does not hold REAL_GET_TASKS; limiting output
I/ValidateNoPeople(  756): Validating: 0|com.whatsapp|1|null|10096
I/ValidateNoPeople(  756): Executing: validation for: 0|com.whatsapp|1|null|10096
I/ValidateNoPeople(  756): final affinity: 0.5
I/ActivityManager(  756): Force stopping com.sveder.cardboardpassthrough appid=10118 user=0: from pid 6868
I/ActivityManager(  756): Killing 5801:com.sveder.cardboardpassthrough/u0a118 (adj 13): stop com.sveder.cardboardpassthrough
W/ActivityManager(  756): Spurious death for ProcessRecord{1e66d4de 0:com.sveder.cardboardpassthrough/u0a118}, curProc for 5801: null
I/ActivityManager(  756): START u0 {act=android.intent.action.MAIN cat=[android.intent.category.LAUNCHER] flg=0x10000000 cmp=com.sveder.cardboardpassthrough/.MainActivity} from uid 2000 on display 0
V/WindowManager(  756): addAppToken: AppWindowToken{21d139ee token=Token{52efb69 ActivityRecord{35ab39f0 u0 com.sveder.cardboardpassthrough/.MainActivity t4972}}} to stack=1 task=4972 at 0
V/WindowManager(  756): Adding window Window{c75fa9e u0 Starting com.sveder.cardboardpassthrough} at 11 of 15 (after Window{1711aca6 u0 com.whatsapp/com.whatsapp.Conversation})
I/ActivityManager(  756): Start proc 6930:com.sveder.cardboardpassthrough/u0a118 for activity com.sveder.cardboardpassthrough/.MainActivity
V/ActivityManager(  756): Display changed displayId=0
I/ActivityManager(  756): Config changes=480 {1.0 724mcc10mnc pt_BR ?layoutDir sw360dp w640dp h335dp 480dpi nrml long land finger -keyb/v/h -nav/h s.122 themeResource=null}
V/WindowManager(  756): Adding window Window{22cf6613 u0 com.sveder.cardboardpassthrough/com.sveder.cardboardpassthrough.MainActivity} at 11 of 16 (before Window{c75fa9e u0 Starting com.sveder.cardboardpassthrough})
V/WindowManager(  756): Adding window Window{10be417c u0 SurfaceView} at 11 of 17 (before Window{22cf6613 u0 com.sveder.cardboardpassthrough/com.sveder.cardboardpassthrough.MainActivity})
V/WindowManager(  756): Layouts looping: On entry to LockedInner, mPendingLayoutChanges = 0x1
V/WindowManager(  756): Layouts looping: loop number 4, mPendingLayoutChanges = 0x0
V/WindowManager(  756): Layouts looping: after finishPostLayoutPolicyLw, mPendingLayoutChanges = 0x0
V/WindowManager(  756): Layouts looping: mLayoutNeeded, mPendingLayoutChanges = 0x1
V/WindowManager(  756): Layouts looping: On entry to LockedInner, mPendingLayoutChanges = 0x1
V/WindowManager(  756): Layouts looping: loop number 5, mPendingLayoutChanges = 0x0
V/WindowManager(  756): Layouts looping: after finishPostLayoutPolicyLw, mPendingLayoutChanges = 0x0
V/WindowManager(  756): Layouts looping: mLayoutNeeded, mPendingLayoutChanges = 0x1
E/WindowManager(  756): Performed 6 layouts in a row. Skipping
V/WindowManager(  756): Layouts looping: On entry to LockedInner, mPendingLayoutChanges = 0x1
V/WindowManager(  756): Layouts looping: loop number 4, mPendingLayoutChanges = 0x0
V/WindowManager(  756): Layouts looping: after finishPostLayoutPolicyLw, mPendingLayoutChanges = 0x0
V/WindowManager(  756): Layouts looping: mLayoutNeeded, mPendingLayoutChanges = 0x1
V/WindowManager(  756): Layouts looping: On entry to LockedInner, mPendingLayoutChanges = 0x1
V/WindowManager(  756): Layouts looping: loop number 5, mPendingLayoutChanges = 0x0
V/WindowManager(  756): Layouts looping: after finishPostLayoutPolicyLw, mPendingLayoutChanges = 0x0
V/WindowManager(  756): Layouts looping: mLayoutNeeded, mPendingLayoutChanges = 0x1
E/WindowManager(  756): Performed 6 layouts in a row. Skipping
V/WindowManager(  756): Layouts looping: On entry to LockedInner, mPendingLayoutChanges = 0x1
V/WindowManager(  756): Layouts looping: loop number 4, mPendingLayoutChanges = 0x0
V/WindowManager(  756): Layouts looping: after finishPostLayoutPolicyLw, mPendingLayoutChanges = 0x0
V/WindowManager(  756): Layouts looping: mLayoutNeeded, mPendingLayoutChanges = 0x1
V/WindowManager(  756): Layouts looping: On entry to LockedInner, mPendingLayoutChanges = 0x1
V/WindowManager(  756): Layouts looping: loop number 5, mPendingLayoutChanges = 0x0
V/WindowManager(  756): Layouts looping: after finishPostLayoutPolicyLw, mPendingLayoutChanges = 0x0
V/WindowManager(  756): Layouts looping: mLayoutNeeded, mPendingLayoutChanges = 0x1
E/WindowManager(  756): Performed 6 layouts in a row. Skipping
V/WindowManager(  756): Layouts looping: On entry to LockedInner, mPendingLayoutChanges = 0x1
V/WindowManager(  756): Layouts looping: loop number 4, mPendingLayoutChanges = 0x0
V/WindowManager(  756): Layouts looping: after finishPostLayoutPolicyLw, mPendingLayoutChanges = 0x0
V/WindowManager(  756): Layouts looping: mLayoutNeeded, mPendingLayoutChanges = 0x1
V/WindowManager(  756): Layouts looping: On entry to LockedInner, mPendingLayoutChanges = 0x1
V/WindowManager(  756): Layouts looping: loop number 5, mPendingLayoutChanges = 0x0
V/WindowManager(  756): Layouts looping: after finishPostLayoutPolicyLw, mPendingLayoutChanges = 0x0
V/WindowManager(  756): Layouts looping: mLayoutNeeded, mPendingLayoutChanges = 0x1
E/WindowManager(  756): Performed 6 layouts in a row. Skipping
I/WindowManager(  756): Screen frozen for +492ms due to Window{10be417c u0 SurfaceView}
D/TaskPersister(  756): removeObsoleteFile: deleting file=4971_task.xml
D/TaskPersister(  756): removeObsoleteFile: deleting file=4971_task_thumbnail.png
W/ActivityManager(  756): getTasks: caller 10096 does not hold REAL_GET_TASKS; limiting output
I/ValidateNoPeople(  756): Validating: 0|com.whatsapp|1|null|10096
I/ValidateNoPeople(  756): final affinity: 0.5
I/ActivityManager(  756): Config changes=480 {1.0 724mcc10mnc pt_BR ?layoutDir sw360dp w360dp h615dp 480dpi nrml long port finger -keyb/v/h -nav/h s.123 themeResource=null}
V/ActivityManager(  756): Display changed displayId=0
I/WindowManager(  756): Screen frozen for +313ms due to Window{2dc3d915 u0 com.android.systemui.ImageWallpaper}
W/ActivityManager(  756): getTasks: caller 10096 does not hold REAL_GET_TASKS; limiting output
I/ValidateNoPeople(  756): Validating: 0|com.whatsapp|1|null|10096
I/ValidateNoPeople(  756): final affinity: 0.5
W/ActivityManager(  756): getTasks: caller 10096 does not hold REAL_GET_TASKS; limiting output
I/ValidateNoPeople(  756): Validating: 0|com.whatsapp|1|null|10096
I/ValidateNoPeople(  756): final affinity: 0.5
I/ActivityManager(  756): Start proc 7939:com.google.android.apps.photos/u0a80 for broadcast com.google.android.apps.photos/.scheduler.AlarmReceiver
I/ActivityManager(  756): Killing 1790:com.google.android.calendar/u0a37 (adj 15): empty #17
I/ActivityManager(  756): START u0 {flg=0x14000000 cmp=com.whatsapp/.Conversation (has extras)} from uid 10096 on display 0
W/ResourcesManager(  756): Asset path '/system/framework/com.google.android.maps.jar' does not exist or contains no resources.
V/WindowManager(  756): addAppToken: AppWindowToken{25e8c63b token=Token{39e904ca ActivityRecord{3ec5f835 u0 com.whatsapp/.Conversation t4952}}} to stack=1 task=4952 at 2
W/InputMethodManagerService(  756): Window already focused, ignoring focus gain of: com.android.internal.view.IInputMethodClient$Stub$Proxy@30faa396 attribute=null, token = android.os.BinderProxy@1998c667
V/WindowManager(  756): Adding window Window{21fd6b04 u0 com.whatsapp/com.whatsapp.Conversation} at 10 of 14 (after Window{2f8c6bb1 u0 com.whatsapp/com.whatsapp.HomeActivity})
I/ValidateNoPeople(  756): skipping global notification
I/ValidateNoPeople(  756): skipping global notification
I/ValidateNoPeople(  756): skipping global notification
I/ValidateNoPeople(  756): skipping global notification
W/ProcessCpuTracker(  756): Skipping unknown process pid 8438
I/ValidateNoPeople(  756): skipping global notification
I/ValidateNoPeople(  756): skipping global notification
I/ValidateNoPeople(  756): skipping global notification
I/ValidateNoPeople(  756): skipping global notification
W/ProcessCpuTracker(  756): Skipping unknown process pid 9141
W/ActivityManager(  756): getTasks: caller 10096 does not hold REAL_GET_TASKS; limiting output
I/ValidateNoPeople(  756): Validating: 0|com.whatsapp|1|null|10096
I/ValidateNoPeople(  756): Executing: validation for: 0|com.whatsapp|1|null|10096
I/ValidateNoPeople(  756): final affinity: 0.5
I/ActivityManager(  756): START u0 {flg=0x14000000 cmp=com.whatsapp/.Conversation (has extras)} from uid 10096 on display 0
V/WindowManager(  756): addAppToken: AppWindowToken{777f3c7 token=Token{38618106 ActivityRecord{db60fe1 u0 com.whatsapp/.Conversation t4973}}} to stack=1 task=4973 at 0
V/WindowManager(  756): Adding window Window{3d41aade u0 Starting com.whatsapp} at 9 of 13 (after Window{248df561 u0 com.ninegag.android.app/com.ninegag.android.app.ui.HomeActivity})
V/WindowManager(  756): Adding window Window{37f5cb7 u0 com.whatsapp/com.whatsapp.Conversation} at 9 of 14 (before Window{3d41aade u0 Starting com.whatsapp})
I/ValidateNoPeople(  756): skipping global notification
D/TaskPersister(  756): removeObsoleteFile: deleting file=4952_task.xml
D/TaskPersister(  756): removeObsoleteFile: deleting file=4952_task_thumbnail.png
I/ValidateNoPeople(  756): skipping global notification
I/ActivityManager(  756): START u0 {act=android.intent.action.MAIN cat=[android.intent.category.HOME] flg=0x10200000 cmp=com.google.android.googlequicksearchbox/com.google.android.launcher.GEL} from uid 1000 on display 0
I/ValidateNoPeople(  756): skipping global notification
W/ActivityManager(  756): getTasks: caller 10096 does not hold REAL_GET_TASKS; limiting output
I/ValidateNoPeople(  756): Validating: 0|com.whatsapp|1|null|10096
I/ValidateNoPeople(  756): Executing: validation for: 0|com.whatsapp|1|null|10096
I/ValidateNoPeople(  756): final affinity: 0.5
W/ActivityManager(  756): getTasks: caller 10096 does not hold REAL_GET_TASKS; limiting output
I/ValidateNoPeople(  756): Validating: 0|com.whatsapp|1|null|10096
I/ValidateNoPeople(  756): final affinity: 0.5
D/ConnectivityService(  756): notifyType IP_CHANGED for NetworkAgentInfo [WIFI () - 104]
D/ConnectivityService(  756): NetworkAgentInfo [WIFI () - 104] EVENT_NETWORK_INFO_CHANGED, going from CONNECTED to CONNECTING
D/ConnectivityService(  756): NetworkAgentInfo [WIFI () - 104] EVENT_NETWORK_INFO_CHANGED, going from CONNECTING to CONNECTED
I/ActivityManager(  756): START u0 {flg=0x14000000 cmp=com.whatsapp/.Conversation (has extras)} from uid 10096 on display 0
V/WindowManager(  756): addAppToken: AppWindowToken{efcd90a token=Token{25af7575 ActivityRecord{131064ac u0 com.whatsapp/.Conversation t4973}}} to stack=1 task=4973 at 1
W/InputMethodManagerService(  756): Focus gain on non-focused client com.android.internal.view.IInputMethodClient$Stub$Proxy@1194bb0b (uid=10027 pid=1617)
V/WindowManager(  756): Adding window Window{751f98 u0 com.whatsapp/com.whatsapp.Conversation} at 9 of 13 (after Window{248df561 u0 com.ninegag.android.app/com.ninegag.android.app.ui.HomeActivity})
I/ValidateNoPeople(  756): skipping global notification
I/ValidateNoPeople(  756): skipping global notification
I/ValidateNoPeople(  756): skipping global notification
I/ValidateNoPeople(  756): skipping global notification
I/ActivityManager(  756): START u0 {act=android.intent.action.MAIN cat=[android.intent.category.HOME] flg=0x10200000 cmp=com.google.android.googlequicksearchbox/com.google.android.launcher.GEL} from uid 1000 on display 0
I/ValidateNoPeople(  756): skipping global notification
I/PowerManagerService(  756): Going to sleep due to power button (uid 1000)...
I/DisplayManagerService(  756): Display device changed: DisplayDeviceInfo{"Tela integrada": uniqueId="local:0", 1080 x 1920, 63.0 fps, supportedRefreshRates [63.0], density 480, 403.411 x 403.041 dpi, appVsyncOff 7500000, presDeadline 11873016, touch INTERNAL, rotation 0, type BUILT_IN, state OFF, FLAG_DEFAULT_DISPLAY, FLAG_ROTATES_WITH_CONTENT, FLAG_SECURE, FLAG_SUPPORTS_PROTECTED_BUFFERS}
V/ActivityManager(  756): Display changed displayId=0
I/DreamManagerService(  756): Entering dreamland.
I/PowerManagerService(  756): Dozing...
I/DreamController(  756): Starting dream: name=ComponentInfo{com.android.systemui/com.android.systemui.doze.DozeService}, isTest=false, canDoze=true, userId=0
I/DisplayPowerController(  756): Blocking screen on until initial contents have been drawn.
I/DisplayManagerService(  756): Display device changed: DisplayDeviceInfo{"Tela integrada": uniqueId="local:0", 1080 x 1920, 63.0 fps, supportedRefreshRates [63.0], density 480, 403.411 x 403.041 dpi, appVsyncOff 7500000, presDeadline 11873016, touch INTERNAL, rotation 0, type BUILT_IN, state DOZE, FLAG_DEFAULT_DISPLAY, FLAG_ROTATES_WITH_CONTENT, FLAG_SECURE, FLAG_SUPPORTS_PROTECTED_BUFFERS}
V/ActivityManager(  756): Display changed displayId=0
I/DisplayPowerController(  756): Unblocked screen on after 140 ms
I/DisplayManagerService(  756): Display device changed: DisplayDeviceInfo{"Tela integrada": uniqueId="local:0", 1080 x 1920, 63.0 fps, supportedRefreshRates [63.0], density 480, 403.411 x 403.041 dpi, appVsyncOff 7500000, presDeadline 11873016, touch INTERNAL, rotation 0, type BUILT_IN, state OFF, FLAG_DEFAULT_DISPLAY, FLAG_ROTATES_WITH_CONTENT, FLAG_SECURE, FLAG_SUPPORTS_PROTECTED_BUFFERS}
V/ActivityManager(  756): Display changed displayId=0
I/ProcessStatsService(  756): Prepared write state in 10ms
I/ActivityManager(  756): Start proc 12995:com.google.android.gm/u0a51 for service com.google.android.gm/.provider.MailSyncAdapterService
I/ActivityManager(  756): Start proc 13016:com.google.android.apps.inbox/u0a65 for service com.google.android.apps.inbox/com.google.android.apps.bigtop.service.BigTopSyncService
D/ActivityThread(12995): Loading provider com.google.android.gmail.provider;com.android.mail.notifier;com.google.android.gm.email.provider;com.google.android.gm.email.notifier: com.android.email.provider.EmailProvider
D/ConnectivityService(  756): listenForNetwork for NetworkRequest [ id=47, legacyType=-1, [ Capabilities: NOT_RESTRICTED&TRUSTED&NOT_VPN] ]
D/ConnectivityService(  756): handleRegisterNetworkRequest checking NetworkAgentInfo [WIFI () - 104]
D/ConnectivityService(  756): apparently satisfied.  currentScore=60
W/ActivityManager(  756): Unable to start service Intent { act=com.google.android.gm.email.EXCHANGE_INTENT pkg=com.google.android.gm.exchange } U=0: not found
W/ActivityManager(  756): Unable to start service Intent { cmp=com.google.android.gm/com.android.email.service.AttachmentService } U=0: not found
W/ActivityManager(  756): Unable to start service Intent { act=com.google.android.gm.email.EXCHANGE_INTENT pkg=com.google.android.gm.exchange } U=0: not found
W/ResourcesManager(12995): Asset path '/system/framework/com.android.media.remotedisplay.jar' does not exist or contains no resources.
W/ResourcesManager(12995): Asset path '/system/framework/com.android.location.provider.jar' does not exist or contains no resources.
W/ResourcesManager(13016): Asset path '/system/framework/com.android.media.remotedisplay.jar' does not exist or contains no resources.
W/ResourcesManager(13016): Asset path '/system/framework/com.android.location.provider.jar' does not exist or contains no resources.
I/ActivityManager(  756): Killing 2300:com.cyngn.gallerynext/u0a50 (adj 15): empty #17
I/ActivityManager(  756): Killing 3295:com.android.defcontainer/u0a9 (adj 15): empty #17
I/DisplayPowerController(  756): Blocking screen on until initial contents have been drawn.
I/DisplayManagerService(  756): Display device changed: DisplayDeviceInfo{"Tela integrada": uniqueId="local:0", 1080 x 1920, 63.0 fps, supportedRefreshRates [63.0], density 480, 403.411 x 403.041 dpi, appVsyncOff 7500000, presDeadline 11873016, touch INTERNAL, rotation 0, type BUILT_IN, state DOZE, FLAG_DEFAULT_DISPLAY, FLAG_ROTATES_WITH_CONTENT, FLAG_SECURE, FLAG_SUPPORTS_PROTECTED_BUFFERS}
V/ActivityManager(  756): Display changed displayId=0
I/DisplayPowerController(  756): Unblocked screen on after 137 ms
I/DisplayManagerService(  756): Display device changed: DisplayDeviceInfo{"Tela integrada": uniqueId="local:0", 1080 x 1920, 63.0 fps, supportedRefreshRates [63.0], density 480, 403.411 x 403.041 dpi, appVsyncOff 7500000, presDeadline 11873016, touch INTERNAL, rotation 0, type BUILT_IN, state OFF, FLAG_DEFAULT_DISPLAY, FLAG_ROTATES_WITH_CONTENT, FLAG_SECURE, FLAG_SUPPORTS_PROTECTED_BUFFERS}
V/ActivityManager(  756): Display changed displayId=0
I/PowerManagerService(  756): Waking up from dozing (uid 1000)...
I/DisplayPowerController(  756): Blocking screen on until initial contents have been drawn.
I/DisplayManagerService(  756): Display device changed: DisplayDeviceInfo{"Tela integrada": uniqueId="local:0", 1080 x 1920, 63.0 fps, supportedRefreshRates [63.0], density 480, 403.411 x 403.041 dpi, appVsyncOff 7500000, presDeadline 11873016, touch INTERNAL, rotation 0, type BUILT_IN, state ON, FLAG_DEFAULT_DISPLAY, FLAG_ROTATES_WITH_CONTENT, FLAG_SECURE, FLAG_SUPPORTS_PROTECTED_BUFFERS}
V/ActivityManager(  756): Display changed displayId=0
I/DisplayPowerController(  756): Unblocked screen on after 371 ms
I/DreamManagerService(  756): Gently waking up from dream.
I/DreamManagerService(  756): Leaving dreamland.
I/DreamController(  756): Stopping dream: name=ComponentInfo{com.android.systemui/com.android.systemui.doze.DozeService}, isTest=false, canDoze=true, userId=0
I/PowerManagerService(  756): Going to sleep due to power button (uid 1000)...
I/DisplayManagerService(  756): Display device changed: DisplayDeviceInfo{"Tela integrada": uniqueId="local:0", 1080 x 1920, 63.0 fps, supportedRefreshRates [63.0], density 480, 403.411 x 403.041 dpi, appVsyncOff 7500000, presDeadline 11873016, touch INTERNAL, rotation 0, type BUILT_IN, state OFF, FLAG_DEFAULT_DISPLAY, FLAG_ROTATES_WITH_CONTENT, FLAG_SECURE, FLAG_SUPPORTS_PROTECTED_BUFFERS}
V/ActivityManager(  756): Display changed displayId=0
I/DreamManagerService(  756): Entering dreamland.
I/PowerManagerService(  756): Dozing...
I/DreamController(  756): Starting dream: name=ComponentInfo{com.android.systemui/com.android.systemui.doze.DozeService}, isTest=false, canDoze=true, userId=0
