E/mm-camera(  255): afd_set_parameters: param=0xb3cc007c afd_obj =0xaf88b000, type =0
E/mm-camera(  255): afd_set_parameters: param=0xb3cc00ec afd_obj =0xaf88b000, type =0
E/mm-camera(  255): afd_set_parameters: param=0xb3cc0124 afd_obj =0xaf88b000, type =0
E/mm-camera(  255): afd_set_parameters: param=0xb3cc015c afd_obj =0xaf88b000, type =0
E/mm-camera(  255): afd_set_parameters: param=0xb3cc0194 afd_obj =0xaf88b000, type =0
E/mm-camera(  255): afd_set_parameters: param=0xb3cc01cc afd_obj =0xaf88b000, type =0
E/mm-camera(  255): afd_set_parameters: param=0xb3cc0204 afd_obj =0xaf88b000, type =0
E/mm-camera(  255): afd_set_parameters: param=0xb3cc023c afd_obj =0xaf88b000, type =0
E/mm-camera(  255): afd_set_parameters: param=0xb3cc054c afd_obj =0xaf88b000, type =0
E/mm-camera(  255): afd_set_parameters: param=0xb3cc0584 afd_obj =0xaf88b000, type =0
E/mm-camera(  255): afd_set_parameters: param=0xb3cc05bc afd_obj =0xaf88b000, type =0
E/mm-camera(  255): afd_set_parameters: param=0xb3cc05f4 afd_obj =0xaf88b000, type =0
E/mm-camera(  255): afd_set_parameters: param=0xb3cc0274 afd_obj =0xaf88b000, type =0
E/mm-camera(  255): afd_set_parameters: param=0xb3cc02ac afd_obj =0xaf88b000, type =0
E/mm-camera(  255): is_port_handle_stream_event: MCT_EVENT_CONTROL_STREAMON, identity = 0x10002
E/mm-camera(  255): module_afs_port_event_func:522] AFS_STREAMON 10002
E/mm-camera-img(  255): Face Album FILE EXISTS
E/mm-camera(  255): c2d_module_handle_streamon_event:1223, identity=0x10002, stream-on done
E/AEC_PORT(  255): ddd exp 0.001778 iso 100
E/AEC_PORT(  255): #### aec_port_get_aec_data runs
E/mm-camera(  255): isp_streamon: E, session_id = 1, stream_id = 2, active_count = 0 flash=FALSE
E/mm-camera(  255): isp_proc_streamon: E, session_id = 1, stream_id = 2, stream_type = 1
E/mm-camera(  255): isp_ch_util_sync_stream_cfg_to_channel: cannot find channel, Adding new channel for stream id 2
E/mm-camera(  255): isp_add_meta_channel: no meta data, session_id = 1, stream_id = 2
E/mm-camera(  255): isp_validate_buf_request: total 8 current buffer count 8 for stream 2
E/mm-camera(  255): isp_fmt_to_pix_pattern: format 30
E/mm-camera(  255): isp_axi_stream_set_skip_pattern: cannot find stream, session_id = 0, stream_id = 0
E/mm-camera(  255): is_port_event: MCT_EVENT_MODULE_ISP_OUTPUT_DIM id = 10002, steam_type = 1, w = 1920, h = 1080
E/mm-camera(  255): module_afs_port_event_func:689] MCT_EVENT_MODULE_ISP_OUTPUT_DIM 1920x1080
E/mm-camera(  255): isp_hw_action: first start, hw thread for streamon/ack
E/mm-camera(  255): isp_ch_util_streamon: session_id = 1, vfe_mask = 0x1, async streamon, rc = 0
E/mm-camera(  255): isp_hw_action: hw_thread for ack
E/mm-camera(  255): isp_thread_proc_cmd: start/stop, thread_data = 0xb3fc2ba4, action_code = 0
E/mm-camera(  255): isp_fmt_to_pix_pattern: format 30
E/mm-camera(  255): isp_tintless_config: cfg: 10x13 mesh, 8x8 subgrid, subgrid sz 22x22
E/mm-camera(  255): isp_tintless_mesh_config: lib returned mesh config err=0
E/mm-camera(  255): color_xform_config_601_to_601 for stream Encoder
E/mm-camera(  255): color_xform_config_601_to_601 for stream Viewfinder
E/mm-camera(  255): linearization_set_params: param_id is not supported in this module
E/mm-camera(  255): mesh_rolloff_set_params: param_id is not supported in this module
E/mm-camera(  255): wb_set_params: param_id is not supported in this module
E/mm-camera(  255): demosaic_set_params: param_id 7, is not supported in this module
E/mm-camera(  255): demux_set_params: param_id 7, is not supported in this module
E/mm-camera(  255): color_correct_set_effect: saturation level = 1.000000, asd_saturae_adjust = 1.000000
E/mm-camera(  255): mce_set_params: param_id is not supported in this module
E/mm-camera(  255): sce_set_params: param_id is not supported in this module
E/mm-camera(  255): la_hist_trigger_update: luma target from AEC = 0! use default LA curve
E/mm-camera(  255): isp_tintless_stat_config: pointer okay 
E/mm-camera(  255): isp_tintless_config: cfg: camif 2104x1560, elem sz 64x64, elems 24x32
E/mm-camera(  255): isp_tintless_stat_config: lib returned config err=0
E/mm-camera(  255): isp_fmt_to_pix_pattern: format 30
E/mm-camera(  255): stats_action_buf_config: cfg = 1, stats_mask = 0x7b8
E/mm-camera(  255): isp_validate_buf_request: total 4 current buffer count 4 for stream -2147418109
E/mm-camera(  255): isp_validate_buf_request: total 4 current buffer count 4 for stream -2147418108
E/mm-camera(  255): isp_validate_buf_request: total 4 current buffer count 4 for stream -2147418107
E/mm-camera(  255): isp_validate_buf_request: total 4 current buffer count 4 for stream -2147418105
E/mm-camera(  255): isp_validate_buf_request: total 4 current buffer count 4 for stream -2147418104
E/mm-camera(  255): isp_validate_buf_request: total 4 current buffer count 4 for stream -2147418103
E/mm-camera(  255): isp_validate_buf_request: total 4 current buffer count 4 for stream -2147418102
E/mm-camera(  255): stats_action: stats mask = 0x7b8
E/mm-camera(  255): isp_axi_util_subscribe_v4l2_event: event_type = 0x8000100, is_subscribe = 1
E/mm-camera(  255): isp_ch_util_streamon: session_id = 1, sync ack done
E/mm-camera(  255): isp_thread_proc_cmd: start/stop ack done, thread_data = 0xb3fc2ba4, action_code = 1, rc = 0
E/mm-camera(  255): isp_streamon: X, session_id = 1, rc = 0
E/mm-camera(  255): port_isp_send_streamon_done_event_downstream: notify stream done downstream
E/mm-camera(  255): port_isp_mct_ctrl_cmd: X, identity = 0x10002, STREAMON, ret = 0
E/mm-camera(  255): ispif_proc_streamon: ispif_hw_reset done
E/mm-camera(  255): stream id 2, stream num_meta 0
E/mm-camera(  255): ispif_streamon: session_id = 1, active_streams = 1
E/mm-camera-sensor(  255): sensor_set_aec_init_settings:before real_gain 1.000000, linecount 86
E/mm-camera-sensor(  255): sensor_set_aec_init_settings:after real_gain 1.000000, linecount 86
E/mm-camera-sensor(  255): module_sensor_stream_on:1202 ide 10002 SENSOR_START_STREAM
E/mm-camera-sensor(  255): module_sensor_stream_on: Sending start bus message
E/mm-camera(  255): start_sof_check_thread: Starting SOF timeout thread
E/mm-camera(  255): mct_bus_sof_thread_run: thread_run = 1
D/QCamera2HWI(  241): int qcamera::QCamera2HardwareInterface::startPreview(): X
D/QCamera2HWI(  241): [KPI Perf] static int qcamera::QCamera2HardwareInterface::start_preview(camera_device*): X
W/CardboardView(29693): Surface size 1920x1005 does not match the expected screen size 1920x1080. Rendering is disabled.
I/MainActivity(29693): onSurfaceChanged
I/MainActivity(29693): onSurfaceChanged
I/ActivityManager(  756): Displayed com.sveder.cardboardpassthrough/.MainActivity: +523ms (total +15s493ms)
I/Timeline(  756): Timeline: Activity_windows_visible id: ActivityRecord{4f23063 u0 com.sveder.cardboardpassthrough/.MainActivity t4966} time:38077822
W/Adreno-ES20(29693): <core_glActiveTexture:348>: GL_INVALID_ENUM
I/WindowManager(  756): Screen frozen for +482ms due to Window{1dbdb99f u0 SurfaceView}
E/mm-camera(  255): la_hist_trigger_update: luma target from AEC = 0! use default LA curve
E/mm-camera(  255): afd_set_parameters: param=0xb3cc023c afd_obj =0xaf88b000, type =2
E/QCamera2HWI(  241): [KPI Perf] static void qcamera::QCamera2HardwareInterface::preview_stream_cb_routine(mm_camera_super_buf_t*, qcamera::QCameraStream*, void*) : PROFILE_FIRST_PREVIEW_FRAME
W/GLConsumer(29693): [unnamed-29693-0] bindTextureImage: clearing GL error: 0x500
W/Adreno-ES20(29693): <core_glActiveTexture:348>: GL_INVALID_ENUM
E/mm-camera(  255): q3a_port_send_event_downstream: AEC event handler returned failure!
D/QCameraParameters(  241): update current cct value. old:-1, now:0
W/GLConsumer(29693): [unnamed-29693-0] bindTextureImage: clearing GL error: 0x500
W/Adreno-ES20(29693): <core_glActiveTexture:348>: GL_INVALID_ENUM
E/mm-camera(  255): afd_set_parameters: param=0xb3cc0354 afd_obj =0xaf88b000, type =2
W/GLConsumer(29693): [unnamed-29693-0] bindTextureImage: clearing GL error: 0x500
W/Adreno-ES20(29693): <core_glActiveTexture:348>: GL_INVALID_ENUM
D/QCameraParameters(  241): update current cct value. old:0, now:4100
E/mm-camera(  255): afd_set_parameters: param=0xb3cc038c afd_obj =0xaf88b000, type =2
W/GLConsumer(29693): [unnamed-29693-0] bindTextureImage: clearing GL error: 0x500
W/Adreno-ES20(29693): <core_glActiveTexture:348>: GL_INVALID_ENUM
E/mm-camera(  255): afd_set_parameters: param=0xb3cc03c4 afd_obj =0xaf88b000, type =2
W/GLConsumer(29693): [unnamed-29693-0] bindTextureImage: clearing GL error: 0x500
W/Adreno-ES20(29693): <core_glActiveTexture:348>: GL_INVALID_ENUM
E/mm-camera(  255): afd_set_parameters: param=0xb3cc0194 afd_obj =0xaf88b000, type =2
W/GLConsumer(29693): [unnamed-29693-0] bindTextureImage: clearing GL error: 0x500
W/Adreno-ES20(29693): <core_glActiveTexture:348>: GL_INVALID_ENUM
W/GLConsumer(29693): [unnamed-29693-0] bindTextureImage: clearing GL error: 0x500
W/Adreno-ES20(29693): <core_glActiveTexture:348>: GL_INVALID_ENUM
E/mm-camera(  255): afd_set_parameters: param=0xb3cc023c afd_obj =0xaf88b000, type =2
W/GLConsumer(29693): [unnamed-29693-0] bindTextureImage: clearing GL error: 0x500
W/Adreno-ES20(29693): <core_glActiveTexture:348>: GL_INVALID_ENUM
E/mm-camera(  255): afd_set_parameters: param=0xb3cc031c afd_obj =0xaf88b000, type =2
W/GLConsumer(29693): [unnamed-29693-0] bindTextureImage: clearing GL error: 0x500
W/Adreno-ES20(29693): <core_glActiveTexture:348>: GL_INVALID_ENUM
E/mm-camera(  255): afd_set_parameters: param=0xb3cc03fc afd_obj =0xaf88b000, type =2
W/GLConsumer(29693): [unnamed-29693-0] bindTextureImage: clearing GL error: 0x500
W/Adreno-ES20(29693): <core_glActiveTexture:348>: GL_INVALID_ENUM
E/mm-camera(  255): afd_set_parameters: param=0xb3cc0204 afd_obj =0xaf88b000, type =2
W/GLConsumer(29693): [unnamed-29693-0] bindTextureImage: clearing GL error: 0x500
W/Adreno-ES20(29693): <core_glActiveTexture:348>: GL_INVALID_ENUM
E/mm-camera(  255): afd_set_parameters: param=0xb3cc0274 afd_obj =0xaf88b000, type =2
W/GLConsumer(29693): [unnamed-29693-0] bindTextureImage: clearing GL error: 0x500
W/Adreno-ES20(29693): <core_glActiveTexture:348>: GL_INVALID_ENUM
E/mm-camera(  255): afd_set_parameters: param=0xb3cc02ac afd_obj =0xaf88b000, type =2
W/GLConsumer(29693): [unnamed-29693-0] bindTextureImage: clearing GL error: 0x500
W/Adreno-ES20(29693): <core_glActiveTexture:348>: GL_INVALID_ENUM
E/mm-camera(  255): afd_set_parameters: param=0xb3cc03c4 afd_obj =0xaf88b000, type =2
W/GLConsumer(29693): [unnamed-29693-0] bindTextureImage: clearing GL error: 0x500
W/Adreno-ES20(29693): <core_glActiveTexture:348>: GL_INVALID_ENUM
E/mm-camera(  255): afd_set_parameters: param=0xb3cc0354 afd_obj =0xaf88b000, type =2
W/GLConsumer(29693): [unnamed-29693-0] bindTextureImage: clearing GL error: 0x500
W/Adreno-ES20(29693): <core_glActiveTexture:348>: GL_INVALID_ENUM
E/mm-camera(  255): afd_set_parameters: param=0xb3cc038c afd_obj =0xaf88b000, type =2
W/GLConsumer(29693): [unnamed-29693-0] bindTextureImage: clearing GL error: 0x500
W/Adreno-ES20(29693): <core_glActiveTexture:348>: GL_INVALID_ENUM
E/mm-camera(  255): afd_set_parameters: param=0xb3cc03fc afd_obj =0xaf88b000, type =2
W/GLConsumer(29693): [unnamed-29693-0] bindTextureImage: clearing GL error: 0x500
W/Adreno-ES20(29693): <core_glActiveTexture:348>: GL_INVALID_ENUM
E/mm-camera(  255): afd_set_parameters: param=0xb3cc04dc afd_obj =0xaf88b000, type =2
W/GLConsumer(29693): [unnamed-29693-0] bindTextureImage: clearing GL error: 0x500
W/Adreno-ES20(29693): <core_glActiveTexture:348>: GL_INVALID_ENUM
E/mm-camera(  255): afd_set_parameters: param=0xb3cc023c afd_obj =0xaf88b000, type =2
W/GLConsumer(29693): [unnamed-29693-0] bindTextureImage: clearing GL error: 0x500
W/Adreno-ES20(29693): <core_glActiveTexture:348>: GL_INVALID_ENUM
E/mm-camera(  255): afd_set_parameters: param=0xb3cc0354 afd_obj =0xaf88b000, type =2
W/GLConsumer(29693): [unnamed-29693-0] bindTextureImage: clearing GL error: 0x500
W/Adreno-ES20(29693): <core_glActiveTexture:348>: GL_INVALID_ENUM
E/mm-camera(  255): afd_set_parameters: param=0xb3cc03c4 afd_obj =0xaf88b000, type =2
W/GLConsumer(29693): [unnamed-29693-0] bindTextureImage: clearing GL error: 0x500
W/Adreno-ES20(29693): <core_glActiveTexture:348>: GL_INVALID_ENUM
E/mm-camera(  255): afd_set_parameters: param=0xb3cc0434 afd_obj =0xaf88b000, type =2
W/GLConsumer(29693): [unnamed-29693-0] bindTextureImage: clearing GL error: 0x500
W/Adreno-ES20(29693): <core_glActiveTexture:348>: GL_INVALID_ENUM
E/mm-camera(  255): afd_set_parameters: param=0xb3cc023c afd_obj =0xaf88b000, type =2
W/GLConsumer(29693): [unnamed-29693-0] bindTextureImage: clearing GL error: 0x500
W/Adreno-ES20(29693): <core_glActiveTexture:348>: GL_INVALID_ENUM
E/mm-camera(  255): afd_set_parameters: param=0xb3cc0274 afd_obj =0xaf88b000, type =2
W/GLConsumer(29693): [unnamed-29693-0] bindTextureImage: clearing GL error: 0x500
W/Adreno-ES20(29693): <core_glActiveTexture:348>: GL_INVALID_ENUM
E/mm-camera(  255): afd_set_parameters: param=0xb3cc031c afd_obj =0xaf88b000, type =2
W/GLConsumer(29693): [unnamed-29693-0] bindTextureImage: clearing GL error: 0x500
W/Adreno-ES20(29693): <core_glActiveTexture:348>: GL_INVALID_ENUM
E/mm-camera(  255): afd_set_parameters: param=0xb3cc046c afd_obj =0xaf88b000, type =2
W/GLConsumer(29693): [unnamed-29693-0] bindTextureImage: clearing GL error: 0x500
W/Adreno-ES20(29693): <core_glActiveTexture:348>: GL_INVALID_ENUM
E/mm-camera(  255): afd_set_parameters: param=0xb3cc023c afd_obj =0xaf88b000, type =2
W/GLConsumer(29693): [unnamed-29693-0] bindTextureImage: clearing GL error: 0x500
W/Adreno-ES20(29693): <core_glActiveTexture:348>: GL_INVALID_ENUM
E/mm-camera(  255): afd_set_parameters: param=0xb3cc02ac afd_obj =0xaf88b000, type =2
W/GLConsumer(29693): [unnamed-29693-0] bindTextureImage: clearing GL error: 0x500
W/Adreno-ES20(29693): <core_glActiveTexture:348>: GL_INVALID_ENUM
E/mm-camera(  255): afd_set_parameters: param=0xb3cc03fc afd_obj =0xaf88b000, type =2
W/GLConsumer(29693): [unnamed-29693-0] bindTextureImage: clearing GL error: 0x500
W/Adreno-ES20(29693): <core_glActiveTexture:348>: GL_INVALID_ENUM
E/mm-camera(  255): afd_set_parameters: param=0xb3cc0434 afd_obj =0xaf88b000, type =2
W/GLConsumer(29693): [unnamed-29693-0] bindTextureImage: clearing GL error: 0x500
W/Adreno-ES20(29693): <core_glActiveTexture:348>: GL_INVALID_ENUM
E/mm-camera(  255): afd_set_parameters: param=0xb3cc023c afd_obj =0xaf88b000, type =2
W/GLConsumer(29693): [unnamed-29693-0] bindTextureImage: clearing GL error: 0x500
W/Adreno-ES20(29693): <core_glActiveTexture:348>: GL_INVALID_ENUM
E/mm-camera(  255): afd_set_parameters: param=0xb3cc0354 afd_obj =0xaf88b000, type =2
D/QCameraParameters(  241): update current cct value. old:4100, now:4943
W/GLConsumer(29693): [unnamed-29693-0] bindTextureImage: clearing GL error: 0x500
W/Adreno-ES20(29693): <core_glActiveTexture:348>: GL_INVALID_ENUM
E/mm-camera(  255): afd_set_parameters: param=0xb3cc03c4 afd_obj =0xaf88b000, type =2
W/GLConsumer(29693): [unnamed-29693-0] bindTextureImage: clearing GL error: 0x500
W/Adreno-ES20(29693): <core_glActiveTexture:348>: GL_INVALID_ENUM
E/mm-camera(  255): afd_set_parameters: param=0xb3cc046c afd_obj =0xaf88b000, type =2
I/art     (  756): Explicit concurrent mark sweep GC freed 65145(3MB) AllocSpace objects, 9(3MB) LOS objects, 28% free, 40MB/56MB, paused 2.467ms total 141.360ms
W/GLConsumer(29693): [unnamed-29693-0] bindTextureImage: clearing GL error: 0x500
W/Adreno-ES20(29693): <core_glActiveTexture:348>: GL_INVALID_ENUM
E/mm-camera(  255): afd_set_parameters: param=0xb3cc023c afd_obj =0xaf88b000, type =2
D/QCameraParameters(  241): update current cct value. old:4943, now:4887
W/GLConsumer(29693): [unnamed-29693-0] bindTextureImage: clearing GL error: 0x500
W/Adreno-ES20(29693): <core_glActiveTexture:348>: GL_INVALID_ENUM
E/mm-camera(  255): afd_set_parameters: param=0xb3cc0274 afd_obj =0xaf88b000, type =2
W/GLConsumer(29693): [unnamed-29693-0] bindTextureImage: clearing GL error: 0x500
W/Adreno-ES20(29693): <core_glActiveTexture:348>: GL_INVALID_ENUM
E/mm-camera(  255): afd_set_parameters: param=0xb3cc038c afd_obj =0xaf88b000, type =2
W/GLConsumer(29693): [unnamed-29693-0] bindTextureImage: clearing GL error: 0x500
W/Adreno-ES20(29693): <core_glActiveTexture:348>: GL_INVALID_ENUM
E/mm-camera(  255): afd_set_parameters: param=0xb3cc0434 afd_obj =0xaf88b000, type =2
W/GLConsumer(29693): [unnamed-29693-0] bindTextureImage: clearing GL error: 0x500
W/Adreno-ES20(29693): <core_glActiveTexture:348>: GL_INVALID_ENUM
E/mm-camera(  255): afd_set_parameters: param=0xb3cc023c afd_obj =0xaf88b000, type =2
W/GLConsumer(29693): [unnamed-29693-0] bindTextureImage: clearing GL error: 0x500
W/Adreno-ES20(29693): <core_glActiveTexture:348>: GL_INVALID_ENUM
E/mm-camera(  255): afd_set_parameters: param=0xb3cc02ac afd_obj =0xaf88b000, type =2
D/QCameraParameters(  241): update current cct value. old:4887, now:4831
W/GLConsumer(29693): [unnamed-29693-0] bindTextureImage: clearing GL error: 0x500
W/Adreno-ES20(29693): <core_glActiveTexture:348>: GL_INVALID_ENUM
E/mm-camera(  255): afd_set_parameters: param=0xb3cc03fc afd_obj =0xaf88b000, type =2
D/QCameraParameters(  241): update current cct value. old:4831, now:4887
W/GLConsumer(29693): [unnamed-29693-0] bindTextureImage: clearing GL error: 0x500
W/Adreno-ES20(29693): <core_glActiveTexture:348>: GL_INVALID_ENUM
E/mm-camera(  255): afd_set_parameters: param=0xb3cc046c afd_obj =0xaf88b000, type =2
W/GLConsumer(29693): [unnamed-29693-0] bindTextureImage: clearing GL error: 0x500
W/Adreno-ES20(29693): <core_glActiveTexture:348>: GL_INVALID_ENUM
E/mm-camera(  255): afd_set_parameters: param=0xb3cc023c afd_obj =0xaf88b000, type =2
D/QCameraParameters(  241): update current cct value. old:4887, now:4943
W/GLConsumer(29693): [unnamed-29693-0] bindTextureImage: clearing GL error: 0x500
W/Adreno-ES20(29693): <core_glActiveTexture:348>: GL_INVALID_ENUM
E/mm-camera(  255): afd_set_parameters: param=0xb3cc031c afd_obj =0xaf88b000, type =2
W/GLConsumer(29693): [unnamed-29693-0] bindTextureImage: clearing GL error: 0x500
W/Adreno-ES20(29693): <core_glActiveTexture:348>: GL_INVALID_ENUM
E/mm-camera(  255): afd_set_parameters: param=0xb3cc03c4 afd_obj =0xaf88b000, type =2
W/GLConsumer(29693): [unnamed-29693-0] bindTextureImage: clearing GL error: 0x500
W/Adreno-ES20(29693): <core_glActiveTexture:348>: GL_INVALID_ENUM
E/mm-camera(  255): afd_set_parameters: param=0xb3cc0434 afd_obj =0xaf88b000, type =2
D/QCameraParameters(  241): update current cct value. old:4943, now:5000
W/GLConsumer(29693): [unnamed-29693-0] bindTextureImage: clearing GL error: 0x500
W/Adreno-ES20(29693): <core_glActiveTexture:348>: GL_INVALID_ENUM
E/mm-camera(  255): afd_set_parameters: param=0xb3cc023c afd_obj =0xaf88b000, type =2
W/GLConsumer(29693): [unnamed-29693-0] bindTextureImage: clearing GL error: 0x500
W/Adreno-ES20(29693): <core_glActiveTexture:348>: GL_INVALID_ENUM
E/mm-camera(  255): afd_set_parameters: param=0xb3cc0274 afd_obj =0xaf88b000, type =2
W/GLConsumer(29693): [unnamed-29693-0] bindTextureImage: clearing GL error: 0x500
W/Adreno-ES20(29693): <core_glActiveTexture:348>: GL_INVALID_ENUM
E/mm-camera(  255): afd_set_parameters: param=0xb3cc038c afd_obj =0xaf88b000, type =2
W/ctxmgr  ( 2159): [PowerConnectionState]Got same value as before for power connection (Plug state: 2 BatteryLevel: 0.53)
W/GLConsumer(29693): [unnamed-29693-0] bindTextureImage: clearing GL error: 0x500
W/Adreno-ES20(29693): <core_glActiveTexture:348>: GL_INVALID_ENUM
E/mm-camera(  255): afd_set_parameters: param=0xb3cc046c afd_obj =0xaf88b000, type =2
W/GLConsumer(29693): [unnamed-29693-0] bindTextureImage: clearing GL error: 0x500
W/Adreno-ES20(29693): <core_glActiveTexture:348>: GL_INVALID_ENUM
E/mm-camera(  255): afd_set_parameters: param=0xb3cc023c afd_obj =0xaf88b000, type =2
W/GLConsumer(29693): [unnamed-29693-0] bindTextureImage: clearing GL error: 0x500
W/Adreno-ES20(29693): <core_glActiveTexture:348>: GL_INVALID_ENUM
E/mm-camera(  255): afd_set_parameters: param=0xb3cc02ac afd_obj =0xaf88b000, type =2
W/GLConsumer(29693): [unnamed-29693-0] bindTextureImage: clearing GL error: 0x500
W/Adreno-ES20(29693): <core_glActiveTexture:348>: GL_INVALID_ENUM
E/mm-camera(  255): afd_set_parameters: param=0xb3cc03fc afd_obj =0xaf88b000, type =2
W/GLConsumer(29693): [unnamed-29693-0] bindTextureImage: clearing GL error: 0x500
W/Adreno-ES20(29693): <core_glActiveTexture:348>: GL_INVALID_ENUM
E/mm-camera(  255): afd_set_parameters: param=0xb3cc0434 afd_obj =0xaf88b000, type =2
W/GLConsumer(29693): [unnamed-29693-0] bindTextureImage: clearing GL error: 0x500
W/Adreno-ES20(29693): <core_glActiveTexture:348>: GL_INVALID_ENUM
E/mm-camera(  255): afd_set_parameters: param=0xb3cc023c afd_obj =0xaf88b000, type =2
W/GLConsumer(29693): [unnamed-29693-0] bindTextureImage: clearing GL error: 0x500
W/Adreno-ES20(29693): <core_glActiveTexture:348>: GL_INVALID_ENUM
E/mm-camera(  255): afd_set_parameters: param=0xb3cc031c afd_obj =0xaf88b000, type =2
W/GLConsumer(29693): [unnamed-29693-0] bindTextureImage: clearing GL error: 0x500
W/Adreno-ES20(29693): <core_glActiveTexture:348>: GL_INVALID_ENUM
E/mm-camera(  255): afd_set_parameters: param=0xb3cc03c4 afd_obj =0xaf88b000, type =2
W/GLConsumer(29693): [unnamed-29693-0] bindTextureImage: clearing GL error: 0x500
W/Adreno-ES20(29693): <core_glActiveTexture:348>: GL_INVALID_ENUM
E/mm-camera(  255): afd_set_parameters: param=0xb3cc046c afd_obj =0xaf88b000, type =2
W/GLConsumer(29693): [unnamed-29693-0] bindTextureImage: clearing GL error: 0x500
W/Adreno-ES20(29693): <core_glActiveTexture:348>: GL_INVALID_ENUM
E/mm-camera(  255): afd_set_parameters: param=0xb3cc023c afd_obj =0xaf88b000, type =2
D/QCameraParameters(  241): update current cct value. old:5000, now:5176
W/GLConsumer(29693): [unnamed-29693-0] bindTextureImage: clearing GL error: 0x500
W/Adreno-ES20(29693): <core_glActiveTexture:348>: GL_INVALID_ENUM
E/mm-camera(  255): afd_set_parameters: param=0xb3cc0274 afd_obj =0xaf88b000, type =2
W/GLConsumer(29693): [unnamed-29693-0] bindTextureImage: clearing GL error: 0x500
W/Adreno-ES20(29693): <core_glActiveTexture:348>: GL_INVALID_ENUM
E/mm-camera(  255): afd_set_parameters: param=0xb3cc038c afd_obj =0xaf88b000, type =2
W/GLConsumer(29693): [unnamed-29693-0] bindTextureImage: clearing GL error: 0x500
W/Adreno-ES20(29693): <core_glActiveTexture:348>: GL_INVALID_ENUM
E/mm-camera(  255): afd_set_parameters: param=0xb3cc0434 afd_obj =0xaf88b000, type =2
W/GLConsumer(29693): [unnamed-29693-0] bindTextureImage: clearing GL error: 0x500
W/Adreno-ES20(29693): <core_glActiveTexture:348>: GL_INVALID_ENUM
E/mm-camera(  255): afd_set_parameters: param=0xb3cc023c afd_obj =0xaf88b000, type =2
D/QCameraParameters(  241): update current cct value. old:5176, now:5352
W/GLConsumer(29693): [unnamed-29693-0] bindTextureImage: clearing GL error: 0x500
W/Adreno-ES20(29693): <core_glActiveTexture:348>: GL_INVALID_ENUM
E/mm-camera(  255): afd_set_parameters: param=0xb3cc02ac afd_obj =0xaf88b000, type =2
W/GLConsumer(29693): [unnamed-29693-0] bindTextureImage: clearing GL error: 0x500
W/Adreno-ES20(29693): <core_glActiveTexture:348>: GL_INVALID_ENUM
E/mm-camera(  255): afd_set_parameters: param=0xb3cc03fc afd_obj =0xaf88b000, type =2
W/GLConsumer(29693): [unnamed-29693-0] bindTextureImage: clearing GL error: 0x500
W/Adreno-ES20(29693): <core_glActiveTexture:348>: GL_INVALID_ENUM
E/mm-camera(  255): afd_set_parameters: param=0xb3cc046c afd_obj =0xaf88b000, type =2
W/GLConsumer(29693): [unnamed-29693-0] bindTextureImage: clearing GL error: 0x500
W/Adreno-ES20(29693): <core_glActiveTexture:348>: GL_INVALID_ENUM
E/mm-camera(  255): afd_set_parameters: param=0xb3cc023c afd_obj =0xaf88b000, type =2
W/GLConsumer(29693): [unnamed-29693-0] bindTextureImage: clearing GL error: 0x500
W/Adreno-ES20(29693): <core_glActiveTexture:348>: GL_INVALID_ENUM
E/mm-camera(  255): afd_set_parameters: param=0xb3cc031c afd_obj =0xaf88b000, type =2
W/GLConsumer(29693): [unnamed-29693-0] bindTextureImage: clearing GL error: 0x500
W/Adreno-ES20(29693): <core_glActiveTexture:348>: GL_INVALID_ENUM
E/mm-camera(  255): afd_set_parameters: param=0xb3cc03c4 afd_obj =0xaf88b000, type =2
W/GLConsumer(29693): [unnamed-29693-0] bindTextureImage: clearing GL error: 0x500
W/Adreno-ES20(29693): <core_glActiveTexture:348>: GL_INVALID_ENUM
E/mm-camera(  255): afd_set_parameters: param=0xb3cc0434 afd_obj =0xaf88b000, type =2
W/GLConsumer(29693): [unnamed-29693-0] bindTextureImage: clearing GL error: 0x500
W/Adreno-ES20(29693): <core_glActiveTexture:348>: GL_INVALID_ENUM
E/mm-camera(  255): afd_set_parameters: param=0xb3cc023c afd_obj =0xaf88b000, type =2
W/GLConsumer(29693): [unnamed-29693-0] bindTextureImage: clearing GL error: 0x500
W/Adreno-ES20(29693): <core_glActiveTexture:348>: GL_INVALID_ENUM
I/Timeline(29693): Timeline: Activity_idle id: android.os.BinderProxy@2aa6d3e7 time:38082623
W/SearchService( 5373): Abort, client detached.
E/mm-camera(  255): afd_set_parameters: param=0xb3cc0274 afd_obj =0xaf88b000, type =2
W/GLConsumer(29693): [unnamed-29693-0] bindTextureImage: clearing GL error: 0x500
W/Adreno-ES20(29693): <core_glActiveTexture:348>: GL_INVALID_ENUM
E/mm-camera(  255): afd_set_parameters: param=0xb3cc038c afd_obj =0xaf88b000, type =2
W/GLConsumer(29693): [unnamed-29693-0] bindTextureImage: clearing GL error: 0x500
W/Adreno-ES20(29693): <core_glActiveTexture:348>: GL_INVALID_ENUM
E/mm-camera(  255): afd_set_parameters: param=0xb3cc046c afd_obj =0xaf88b000, type =2
W/GLConsumer(29693): [unnamed-29693-0] bindTextureImage: clearing GL error: 0x500
W/Adreno-ES20(29693): <core_glActiveTexture:348>: GL_INVALID_ENUM
E/mm-camera(  255): afd_set_parameters: param=0xb3cc023c afd_obj =0xaf88b000, type =2
W/GLConsumer(29693): [unnamed-29693-0] bindTextureImage: clearing GL error: 0x500
W/Adreno-ES20(29693): <core_glActiveTexture:348>: GL_INVALID_ENUM
E/mm-camera(  255): afd_set_parameters: param=0xb3cc02ac afd_obj =0xaf88b000, type =2
W/GLConsumer(29693): [unnamed-29693-0] bindTextureImage: clearing GL error: 0x500
W/Adreno-ES20(29693): <core_glActiveTexture:348>: GL_INVALID_ENUM
E/mm-camera(  255): afd_set_parameters: param=0xb3cc03fc afd_obj =0xaf88b000, type =2
W/GLConsumer(29693): [unnamed-29693-0] bindTextureImage: clearing GL error: 0x500
W/Adreno-ES20(29693): <core_glActiveTexture:348>: GL_INVALID_ENUM
E/mm-camera(  255): afd_set_parameters: param=0xb3cc0434 afd_obj =0xaf88b000, type =2
W/GLConsumer(29693): [unnamed-29693-0] bindTextureImage: clearing GL error: 0x500
W/Adreno-ES20(29693): <core_glActiveTexture:348>: GL_INVALID_ENUM
E/mm-camera(  255): afd_set_parameters: param=0xb3cc023c afd_obj =0xaf88b000, type =2
W/GLConsumer(29693): [unnamed-29693-0] bindTextureImage: clearing GL error: 0x500
W/Adreno-ES20(29693): <core_glActiveTexture:348>: GL_INVALID_ENUM
E/mm-camera(  255): afd_set_parameters: param=0xb3cc031c afd_obj =0xaf88b000, type =2
W/GLConsumer(29693): [unnamed-29693-0] bindTextureImage: clearing GL error: 0x500
W/Adreno-ES20(29693): <core_glActiveTexture:348>: GL_INVALID_ENUM
E/mm-camera(  255): afd_set_parameters: param=0xb3cc03c4 afd_obj =0xaf88b000, type =2
W/GLConsumer(29693): [unnamed-29693-0] bindTextureImage: clearing GL error: 0x500
W/Adreno-ES20(29693): <core_glActiveTexture:348>: GL_INVALID_ENUM
E/mm-camera(  255): afd_set_parameters: param=0xb3cc046c afd_obj =0xaf88b000, type =2
W/GLConsumer(29693): [unnamed-29693-0] bindTextureImage: clearing GL error: 0x500
W/Adreno-ES20(29693): <core_glActiveTexture:348>: GL_INVALID_ENUM
E/mm-camera(  255): afd_set_parameters: param=0xb3cc023c afd_obj =0xaf88b000, type =2
W/GLConsumer(29693): [unnamed-29693-0] bindTextureImage: clearing GL error: 0x500
W/Adreno-ES20(29693): <core_glActiveTexture:348>: GL_INVALID_ENUM
E/mm-camera(  255): afd_set_parameters: param=0xb3cc0274 afd_obj =0xaf88b000, type =2
W/GLConsumer(29693): [unnamed-29693-0] bindTextureImage: clearing GL error: 0x500
W/Adreno-ES20(29693): <core_glActiveTexture:348>: GL_INVALID_ENUM
E/mm-camera(  255): afd_set_parameters: param=0xb3cc038c afd_obj =0xaf88b000, type =2
W/GLConsumer(29693): [unnamed-29693-0] bindTextureImage: clearing GL error: 0x500
W/Adreno-ES20(29693): <core_glActiveTexture:348>: GL_INVALID_ENUM
E/mm-camera(  255): afd_set_parameters: param=0xb3cc0434 afd_obj =0xaf88b000, type =2
W/GLConsumer(29693): [unnamed-29693-0] bindTextureImage: clearing GL error: 0x500
W/Adreno-ES20(29693): <core_glActiveTexture:348>: GL_INVALID_ENUM
E/mm-camera(  255): afd_set_parameters: param=0xb3cc023c afd_obj =0xaf88b000, type =2
W/GLConsumer(29693): [unnamed-29693-0] bindTextureImage: clearing GL error: 0x500
W/Adreno-ES20(29693): <core_glActiveTexture:348>: GL_INVALID_ENUM
E/mm-camera(  255): afd_set_parameters: param=0xb3cc02ac afd_obj =0xaf88b000, type =2
W/GLConsumer(29693): [unnamed-29693-0] bindTextureImage: clearing GL error: 0x500
W/Adreno-ES20(29693): <core_glActiveTexture:348>: GL_INVALID_ENUM
E/mm-camera(  255): afd_set_parameters: param=0xb3cc03fc afd_obj =0xaf88b000, type =2
W/GLConsumer(29693): [unnamed-29693-0] bindTextureImage: clearing GL error: 0x500
W/Adreno-ES20(29693): <core_glActiveTexture:348>: GL_INVALID_ENUM
E/mm-camera(  255): afd_set_parameters: param=0xb3cc046c afd_obj =0xaf88b000, type =2
W/GLConsumer(29693): [unnamed-29693-0] bindTextureImage: clearing GL error: 0x500
W/Adreno-ES20(29693): <core_glActiveTexture:348>: GL_INVALID_ENUM
E/mm-camera(  255): afd_set_parameters: param=0xb3cc023c afd_obj =0xaf88b000, type =2
W/GLConsumer(29693): [unnamed-29693-0] bindTextureImage: clearing GL error: 0x500
W/Adreno-ES20(29693): <core_glActiveTexture:348>: GL_INVALID_ENUM
E/mm-camera(  255): afd_set_parameters: param=0xb3cc031c afd_obj =0xaf88b000, type =2
W/GLConsumer(29693): [unnamed-29693-0] bindTextureImage: clearing GL error: 0x500
W/Adreno-ES20(29693): <core_glActiveTexture:348>: GL_INVALID_ENUM
E/mm-camera(  255): afd_set_parameters: param=0xb3cc03c4 afd_obj =0xaf88b000, type =2
W/GLConsumer(29693): [unnamed-29693-0] bindTextureImage: clearing GL error: 0x500
W/Adreno-ES20(29693): <core_glActiveTexture:348>: GL_INVALID_ENUM
E/mm-camera(  255): afd_set_parameters: param=0xb3cc0434 afd_obj =0xaf88b000, type =2
W/GLConsumer(29693): [unnamed-29693-0] bindTextureImage: clearing GL error: 0x500
W/Adreno-ES20(29693): <core_glActiveTexture:348>: GL_INVALID_ENUM
E/mm-camera(  255): afd_set_parameters: param=0xb3cc023c afd_obj =0xaf88b000, type =2
W/GLConsumer(29693): [unnamed-29693-0] bindTextureImage: clearing GL error: 0x500
W/Adreno-ES20(29693): <core_glActiveTexture:348>: GL_INVALID_ENUM
E/mm-camera(  255): afd_set_parameters: param=0xb3cc0274 afd_obj =0xaf88b000, type =2
W/GLConsumer(29693): [unnamed-29693-0] bindTextureImage: clearing GL error: 0x500
W/Adreno-ES20(29693): <core_glActiveTexture:348>: GL_INVALID_ENUM
E/mm-camera(  255): afd_set_parameters: param=0xb3cc038c afd_obj =0xaf88b000, type =2
W/GLConsumer(29693): [unnamed-29693-0] bindTextureImage: clearing GL error: 0x500
W/Adreno-ES20(29693): <core_glActiveTexture:348>: GL_INVALID_ENUM
E/mm-camera(  255): afd_set_parameters: param=0xb3cc046c afd_obj =0xaf88b000, type =2
W/GLConsumer(29693): [unnamed-29693-0] bindTextureImage: clearing GL error: 0x500
W/Adreno-ES20(29693): <core_glActiveTexture:348>: GL_INVALID_ENUM
E/mm-camera(  255): afd_set_parameters: param=0xb3cc023c afd_obj =0xaf88b000, type =2
W/GLConsumer(29693): [unnamed-29693-0] bindTextureImage: clearing GL error: 0x500
W/Adreno-ES20(29693): <core_glActiveTexture:348>: GL_INVALID_ENUM
E/mm-camera(  255): afd_set_parameters: param=0xb3cc02ac afd_obj =0xaf88b000, type =2
W/GLConsumer(29693): [unnamed-29693-0] bindTextureImage: clearing GL error: 0x500
W/Adreno-ES20(29693): <core_glActiveTexture:348>: GL_INVALID_ENUM
E/mm-camera(  255): afd_set_parameters: param=0xb3cc03fc afd_obj =0xaf88b000, type =2
W/GLConsumer(29693): [unnamed-29693-0] bindTextureImage: clearing GL error: 0x500
W/Adreno-ES20(29693): <core_glActiveTexture:348>: GL_INVALID_ENUM
E/mm-camera(  255): afd_set_parameters: param=0xb3cc0434 afd_obj =0xaf88b000, type =2
W/GLConsumer(29693): [unnamed-29693-0] bindTextureImage: clearing GL error: 0x500
W/Adreno-ES20(29693): <core_glActiveTexture:348>: GL_INVALID_ENUM
E/mm-camera(  255): afd_set_parameters: param=0xb3cc023c afd_obj =0xaf88b000, type =2
W/GLConsumer(29693): [unnamed-29693-0] bindTextureImage: clearing GL error: 0x500
W/Adreno-ES20(29693): <core_glActiveTexture:348>: GL_INVALID_ENUM
E/mm-camera(  255): afd_set_parameters: param=0xb3cc031c afd_obj =0xaf88b000, type =2
W/GLConsumer(29693): [unnamed-29693-0] bindTextureImage: clearing GL error: 0x500
W/Adreno-ES20(29693): <core_glActiveTexture:348>: GL_INVALID_ENUM
E/mm-camera(  255): afd_set_parameters: param=0xb3cc03c4 afd_obj =0xaf88b000, type =2
W/GLConsumer(29693): [unnamed-29693-0] bindTextureImage: clearing GL error: 0x500
W/Adreno-ES20(29693): <core_glActiveTexture:348>: GL_INVALID_ENUM
E/mm-camera(  255): afd_set_parameters: param=0xb3cc046c afd_obj =0xaf88b000, type =2
W/GLConsumer(29693): [unnamed-29693-0] bindTextureImage: clearing GL error: 0x500
W/Adreno-ES20(29693): <core_glActiveTexture:348>: GL_INVALID_ENUM
E/mm-camera(  255): afd_set_parameters: param=0xb3cc023c afd_obj =0xaf88b000, type =2
W/GLConsumer(29693): [unnamed-29693-0] bindTextureImage: clearing GL error: 0x500
W/Adreno-ES20(29693): <core_glActiveTexture:348>: GL_INVALID_ENUM
E/mm-camera(  255): afd_set_parameters: param=0xb3cc0274 afd_obj =0xaf88b000, type =2
W/GLConsumer(29693): [unnamed-29693-0] bindTextureImage: clearing GL error: 0x500
W/Adreno-ES20(29693): <core_glActiveTexture:348>: GL_INVALID_ENUM
E/mm-camera(  255): afd_set_parameters: param=0xb3cc038c afd_obj =0xaf88b000, type =2
W/GLConsumer(29693): [unnamed-29693-0] bindTextureImage: clearing GL error: 0x500
W/Adreno-ES20(29693): <core_glActiveTexture:348>: GL_INVALID_ENUM
E/mm-camera(  255): afd_set_parameters: param=0xb3cc0434 afd_obj =0xaf88b000, type =2
W/GLConsumer(29693): [unnamed-29693-0] bindTextureImage: clearing GL error: 0x500
W/Adreno-ES20(29693): <core_glActiveTexture:348>: GL_INVALID_ENUM
E/mm-camera(  255): afd_set_parameters: param=0xb3cc023c afd_obj =0xaf88b000, type =2
W/GLConsumer(29693): [unnamed-29693-0] bindTextureImage: clearing GL error: 0x500
W/Adreno-ES20(29693): <core_glActiveTexture:348>: GL_INVALID_ENUM
E/mm-camera(  255): afd_set_parameters: param=0xb3cc02ac afd_obj =0xaf88b000, type =2
W/GLConsumer(29693): [unnamed-29693-0] bindTextureImage: clearing GL error: 0x500
W/Adreno-ES20(29693): <core_glActiveTexture:348>: GL_INVALID_ENUM
E/mm-camera(  255): afd_set_parameters: param=0xb3cc03fc afd_obj =0xaf88b000, type =2
W/GLConsumer(29693): [unnamed-29693-0] bindTextureImage: clearing GL error: 0x500
W/Adreno-ES20(29693): <core_glActiveTexture:348>: GL_INVALID_ENUM
E/mm-camera(  255): afd_set_parameters: param=0xb3cc046c afd_obj =0xaf88b000, type =2
W/GLConsumer(29693): [unnamed-29693-0] bindTextureImage: clearing GL error: 0x500
W/Adreno-ES20(29693): <core_glActiveTexture:348>: GL_INVALID_ENUM
E/mm-camera(  255): afd_set_parameters: param=0xb3cc023c afd_obj =0xaf88b000, type =2
W/GLConsumer(29693): [unnamed-29693-0] bindTextureImage: clearing GL error: 0x500
W/Adreno-ES20(29693): <core_glActiveTexture:348>: GL_INVALID_ENUM
E/mm-camera(  255): afd_set_parameters: param=0xb3cc031c afd_obj =0xaf88b000, type =2
W/GLConsumer(29693): [unnamed-29693-0] bindTextureImage: clearing GL error: 0x500
W/Adreno-ES20(29693): <core_glActiveTexture:348>: GL_INVALID_ENUM
E/mm-camera(  255): afd_set_parameters: param=0xb3cc03c4 afd_obj =0xaf88b000, type =2
W/GLConsumer(29693): [unnamed-29693-0] bindTextureImage: clearing GL error: 0x500
W/Adreno-ES20(29693): <core_glActiveTexture:348>: GL_INVALID_ENUM
E/mm-camera(  255): afd_set_parameters: param=0xb3cc0434 afd_obj =0xaf88b000, type =2
W/GLConsumer(29693): [unnamed-29693-0] bindTextureImage: clearing GL error: 0x500
W/Adreno-ES20(29693): <core_glActiveTexture:348>: GL_INVALID_ENUM
E/mm-camera(  255): afd_set_parameters: param=0xb3cc023c afd_obj =0xaf88b000, type =2
W/GLConsumer(29693): [unnamed-29693-0] bindTextureImage: clearing GL error: 0x500
W/Adreno-ES20(29693): <core_glActiveTexture:348>: GL_INVALID_ENUM
E/mm-camera(  255): afd_set_parameters: param=0xb3cc0274 afd_obj =0xaf88b000, type =2
W/GLConsumer(29693): [unnamed-29693-0] bindTextureImage: clearing GL error: 0x500
W/Adreno-ES20(29693): <core_glActiveTexture:348>: GL_INVALID_ENUM
D/LBSSystemMonitorService(  756): handleMessage what - 4
D/Wiper_jni(  756): Send Network Location.
E/mm-camera(  255): afd_set_parameters: param=0xb3cc038c afd_obj =0xaf88b000, type =2
W/GLConsumer(29693): [unnamed-29693-0] bindTextureImage: clearing GL error: 0x500
W/Adreno-ES20(29693): <core_glActiveTexture:348>: GL_INVALID_ENUM
E/mm-camera(  255): afd_set_parameters: param=0xb3cc046c afd_obj =0xaf88b000, type =2
W/GLConsumer(29693): [unnamed-29693-0] bindTextureImage: clearing GL error: 0x500
W/Adreno-ES20(29693): <core_glActiveTexture:348>: GL_INVALID_ENUM
E/mm-camera(  255): afd_set_parameters: param=0xb3cc023c afd_obj =0xaf88b000, type =2
W/GLConsumer(29693): [unnamed-29693-0] bindTextureImage: clearing GL error: 0x500
W/Adreno-ES20(29693): <core_glActiveTexture:348>: GL_INVALID_ENUM
E/mm-camera(  255): afd_set_parameters: param=0xb3cc02ac afd_obj =0xaf88b000, type =2
W/GLConsumer(29693): [unnamed-29693-0] bindTextureImage: clearing GL error: 0x500
W/Adreno-ES20(29693): <core_glActiveTexture:348>: GL_INVALID_ENUM
E/mm-camera(  255): afd_set_parameters: param=0xb3cc03fc afd_obj =0xaf88b000, type =2
W/GLConsumer(29693): [unnamed-29693-0] bindTextureImage: clearing GL error: 0x500
W/Adreno-ES20(29693): <core_glActiveTexture:348>: GL_INVALID_ENUM
E/mm-camera(  255): afd_set_parameters: param=0xb3cc0434 afd_obj =0xaf88b000, type =2
W/GLConsumer(29693): [unnamed-29693-0] bindTextureImage: clearing GL error: 0x500
W/Adreno-ES20(29693): <core_glActiveTexture:348>: GL_INVALID_ENUM
E/mm-camera(  255): afd_set_parameters: param=0xb3cc023c afd_obj =0xaf88b000, type =2
W/GLConsumer(29693): [unnamed-29693-0] bindTextureImage: clearing GL error: 0x500
W/Adreno-ES20(29693): <core_glActiveTexture:348>: GL_INVALID_ENUM
E/mm-camera(  255): afd_set_parameters: param=0xb3cc031c afd_obj =0xaf88b000, type =2
W/GLConsumer(29693): [unnamed-29693-0] bindTextureImage: clearing GL error: 0x500
W/Adreno-ES20(29693): <core_glActiveTexture:348>: GL_INVALID_ENUM
E/mm-camera(  255): afd_set_parameters: param=0xb3cc03c4 afd_obj =0xaf88b000, type =2
W/GLConsumer(29693): [unnamed-29693-0] bindTextureImage: clearing GL error: 0x500
W/Adreno-ES20(29693): <core_glActiveTexture:348>: GL_INVALID_ENUM
E/mm-camera(  255): afd_set_parameters: param=0xb3cc046c afd_obj =0xaf88b000, type =2
W/GLConsumer(29693): [unnamed-29693-0] bindTextureImage: clearing GL error: 0x500
W/Adreno-ES20(29693): <core_glActiveTexture:348>: GL_INVALID_ENUM
E/mm-camera(  255): afd_set_parameters: param=0xb3cc023c afd_obj =0xaf88b000, type =2
W/GLConsumer(29693): [unnamed-29693-0] bindTextureImage: clearing GL error: 0x500
W/Adreno-ES20(29693): <core_glActiveTexture:348>: GL_INVALID_ENUM
E/mm-camera(  255): afd_set_parameters: param=0xb3cc0274 afd_obj =0xaf88b000, type =2
W/GLConsumer(29693): [unnamed-29693-0] bindTextureImage: clearing GL error: 0x500
W/Adreno-ES20(29693): <core_glActiveTexture:348>: GL_INVALID_ENUM
E/mm-camera(  255): afd_set_parameters: param=0xb3cc038c afd_obj =0xaf88b000, type =2
W/GLConsumer(29693): [unnamed-29693-0] bindTextureImage: clearing GL error: 0x500
W/Adreno-ES20(29693): <core_glActiveTexture:348>: GL_INVALID_ENUM
E/mm-camera(  255): afd_set_parameters: param=0xb3cc0434 afd_obj =0xaf88b000, type =2
W/GLConsumer(29693): [unnamed-29693-0] bindTextureImage: clearing GL error: 0x500
W/Adreno-ES20(29693): <core_glActiveTexture:348>: GL_INVALID_ENUM
E/mm-camera(  255): afd_set_parameters: param=0xb3cc023c afd_obj =0xaf88b000, type =2
W/ctxmgr  ( 2159): [PowerConnectionState]Got same value as before for power connection (Plug state: 2 BatteryLevel: 0.53)
W/GLConsumer(29693): [unnamed-29693-0] bindTextureImage: clearing GL error: 0x500
W/Adreno-ES20(29693): <core_glActiveTexture:348>: GL_INVALID_ENUM
E/mm-camera(  255): afd_set_parameters: param=0xb3cc02ac afd_obj =0xaf88b000, type =2
W/GLConsumer(29693): [unnamed-29693-0] bindTextureImage: clearing GL error: 0x500
W/Adreno-ES20(29693): <core_glActiveTexture:348>: GL_INVALID_ENUM
E/mm-camera(  255): afd_set_parameters: param=0xb3cc03fc afd_obj =0xaf88b000, type =2
W/GLConsumer(29693): [unnamed-29693-0] bindTextureImage: clearing GL error: 0x500
W/Adreno-ES20(29693): <core_glActiveTexture:348>: GL_INVALID_ENUM
E/mm-camera(  255): afd_set_parameters: param=0xb3cc046c afd_obj =0xaf88b000, type =2
W/GLConsumer(29693): [unnamed-29693-0] bindTextureImage: clearing GL error: 0x500
W/Adreno-ES20(29693): <core_glActiveTexture:348>: GL_INVALID_ENUM
E/mm-camera(  255): afd_set_parameters: param=0xb3cc023c afd_obj =0xaf88b000, type =2
W/GLConsumer(29693): [unnamed-29693-0] bindTextureImage: clearing GL error: 0x500
W/Adreno-ES20(29693): <core_glActiveTexture:348>: GL_INVALID_ENUM
E/mm-camera(  255): afd_set_parameters: param=0xb3cc031c afd_obj =0xaf88b000, type =2
W/GLConsumer(29693): [unnamed-29693-0] bindTextureImage: clearing GL error: 0x500
W/Adreno-ES20(29693): <core_glActiveTexture:348>: GL_INVALID_ENUM
E/mm-camera(  255): afd_set_parameters: param=0xb3cc03c4 afd_obj =0xaf88b000, type =2
W/GLConsumer(29693): [unnamed-29693-0] bindTextureImage: clearing GL error: 0x500
W/Adreno-ES20(29693): <core_glActiveTexture:348>: GL_INVALID_ENUM
E/mm-camera(  255): afd_set_parameters: param=0xb3cc0434 afd_obj =0xaf88b000, type =2
W/GLConsumer(29693): [unnamed-29693-0] bindTextureImage: clearing GL error: 0x500
W/Adreno-ES20(29693): <core_glActiveTexture:348>: GL_INVALID_ENUM
E/mm-camera(  255): afd_set_parameters: param=0xb3cc023c afd_obj =0xaf88b000, type =2
W/GLConsumer(29693): [unnamed-29693-0] bindTextureImage: clearing GL error: 0x500
W/Adreno-ES20(29693): <core_glActiveTexture:348>: GL_INVALID_ENUM
E/mm-camera(  255): afd_set_parameters: param=0xb3cc0274 afd_obj =0xaf88b000, type =2
W/GLConsumer(29693): [unnamed-29693-0] bindTextureImage: clearing GL error: 0x500
W/Adreno-ES20(29693): <core_glActiveTexture:348>: GL_INVALID_ENUM
E/mm-camera(  255): afd_set_parameters: param=0xb3cc038c afd_obj =0xaf88b000, type =2
W/GLConsumer(29693): [unnamed-29693-0] bindTextureImage: clearing GL error: 0x500
W/Adreno-ES20(29693): <core_glActiveTexture:348>: GL_INVALID_ENUM
E/mm-camera(  255): afd_set_parameters: param=0xb3cc046c afd_obj =0xaf88b000, type =2
W/GLConsumer(29693): [unnamed-29693-0] bindTextureImage: clearing GL error: 0x500
W/Adreno-ES20(29693): <core_glActiveTexture:348>: GL_INVALID_ENUM
E/mm-camera(  255): afd_set_parameters: param=0xb3cc023c afd_obj =0xaf88b000, type =2
W/GLConsumer(29693): [unnamed-29693-0] bindTextureImage: clearing GL error: 0x500
W/Adreno-ES20(29693): <core_glActiveTexture:348>: GL_INVALID_ENUM
E/mm-camera(  255): afd_set_parameters: param=0xb3cc02ac afd_obj =0xaf88b000, type =2
W/GLConsumer(29693): [unnamed-29693-0] bindTextureImage: clearing GL error: 0x500
W/Adreno-ES20(29693): <core_glActiveTexture:348>: GL_INVALID_ENUM
E/mm-camera(  255): afd_set_parameters: param=0xb3cc03fc afd_obj =0xaf88b000, type =2
W/GLConsumer(29693): [unnamed-29693-0] bindTextureImage: clearing GL error: 0x500
W/Adreno-ES20(29693): <core_glActiveTexture:348>: GL_INVALID_ENUM
E/mm-camera(  255): afd_set_parameters: param=0xb3cc0434 afd_obj =0xaf88b000, type =2
W/GLConsumer(29693): [unnamed-29693-0] bindTextureImage: clearing GL error: 0x500
W/Adreno-ES20(29693): <core_glActiveTexture:348>: GL_INVALID_ENUM
E/mm-camera(  255): afd_set_parameters: param=0xb3cc023c afd_obj =0xaf88b000, type =2
W/GLConsumer(29693): [unnamed-29693-0] bindTextureImage: clearing GL error: 0x500
W/Adreno-ES20(29693): <core_glActiveTexture:348>: GL_INVALID_ENUM
E/mm-camera(  255): afd_set_parameters: param=0xb3cc031c afd_obj =0xaf88b000, type =2
W/GLConsumer(29693): [unnamed-29693-0] bindTextureImage: clearing GL error: 0x500
W/Adreno-ES20(29693): <core_glActiveTexture:348>: GL_INVALID_ENUM
E/mm-camera(  255): afd_set_parameters: param=0xb3cc03c4 afd_obj =0xaf88b000, type =2
W/GLConsumer(29693): [unnamed-29693-0] bindTextureImage: clearing GL error: 0x500
W/Adreno-ES20(29693): <core_glActiveTexture:348>: GL_INVALID_ENUM
E/mm-camera(  255): afd_set_parameters: param=0xb3cc046c afd_obj =0xaf88b000, type =2
W/GLConsumer(29693): [unnamed-29693-0] bindTextureImage: clearing GL error: 0x500
W/Adreno-ES20(29693): <core_glActiveTexture:348>: GL_INVALID_ENUM
E/mm-camera(  255): afd_set_parameters: param=0xb3cc023c afd_obj =0xaf88b000, type =2
W/GLConsumer(29693): [unnamed-29693-0] bindTextureImage: clearing GL error: 0x500
W/Adreno-ES20(29693): <core_glActiveTexture:348>: GL_INVALID_ENUM
E/mm-camera(  255): afd_set_parameters: param=0xb3cc0274 afd_obj =0xaf88b000, type =2
W/GLConsumer(29693): [unnamed-29693-0] bindTextureImage: clearing GL error: 0x500
W/Adreno-ES20(29693): <core_glActiveTexture:348>: GL_INVALID_ENUM
E/mm-camera(  255): afd_set_parameters: param=0xb3cc038c afd_obj =0xaf88b000, type =2
W/GLConsumer(29693): [unnamed-29693-0] bindTextureImage: clearing GL error: 0x500
W/Adreno-ES20(29693): <core_glActiveTexture:348>: GL_INVALID_ENUM
E/mm-camera(  255): afd_set_parameters: param=0xb3cc0434 afd_obj =0xaf88b000, type =2
E/mm-camera(  255): afd_set_parameters: param=0xb3cc0124 afd_obj =0xaf88b000, type =2
D/AndroidRuntime(29693): Shutting down VM
E/AndroidRuntime(29693): FATAL EXCEPTION: main
E/AndroidRuntime(29693): Process: com.sveder.cardboardpassthrough, PID: 29693
E/AndroidRuntime(29693): java.lang.RuntimeException: Unable to pause activity {com.sveder.cardboardpassthrough/com.sveder.cardboardpassthrough.MainActivity}: java.lang.IllegalArgumentException: Service not registered: com.sveder.cardboardpassthrough.MainActivity$1@18bd4da6
E/AndroidRuntime(29693): 	at android.app.ActivityThread.performPauseActivity(ActivityThread.java:3293)
E/AndroidRuntime(29693): 	at android.app.ActivityThread.performPauseActivity(ActivityThread.java:3252)
E/AndroidRuntime(29693): 	at android.app.ActivityThread.handlePauseActivity(ActivityThread.java:3227)
E/AndroidRuntime(29693): 	at android.app.ActivityThread.access$1100(ActivityThread.java:154)
E/AndroidRuntime(29693): 	at android.app.ActivityThread$H.handleMessage(ActivityThread.java:1339)
E/AndroidRuntime(29693): 	at android.os.Handler.dispatchMessage(Handler.java:102)
E/AndroidRuntime(29693): 	at android.os.Looper.loop(Looper.java:135)
E/AndroidRuntime(29693): 	at android.app.ActivityThread.main(ActivityThread.java:5292)
E/AndroidRuntime(29693): 	at java.lang.reflect.Method.invoke(Native Method)
E/AndroidRuntime(29693): 	at java.lang.reflect.Method.invoke(Method.java:372)
E/AndroidRuntime(29693): 	at com.android.internal.os.ZygoteInit$MethodAndArgsCaller.run(ZygoteInit.java:904)
E/AndroidRuntime(29693): 	at com.android.internal.os.ZygoteInit.main(ZygoteInit.java:699)
E/AndroidRuntime(29693): Caused by: java.lang.IllegalArgumentException: Service not registered: com.sveder.cardboardpassthrough.MainActivity$1@18bd4da6
E/AndroidRuntime(29693): 	at android.app.LoadedApk.forgetServiceDispatcher(LoadedApk.java:1030)
E/AndroidRuntime(29693): 	at android.app.ContextImpl.unbindService(ContextImpl.java:1850)
E/AndroidRuntime(29693): 	at android.content.ContextWrapper.unbindService(ContextWrapper.java:557)
E/AndroidRuntime(29693): 	at com.sveder.cardboardpassthrough.MainActivity.onPause(MainActivity.java:232)
E/AndroidRuntime(29693): 	at android.app.Activity.performPause(Activity.java:6101)
E/AndroidRuntime(29693): 	at android.app.Instrumentation.callActivityOnPause(Instrumentation.java:1310)
E/AndroidRuntime(29693): 	at android.app.ActivityThread.performPauseActivity(ActivityThread.java:3279)
E/AndroidRuntime(29693): 	... 11 more
W/ResourceType(  756): For resource 0x010301f2, entry index(498) is beyond type entryCount(9)
D/LogFetchServiceManager( 3038): Received entry added
E/mm-camera(  255): afd_set_parameters: param=0xb3cc0194 afd_obj =0xaf88b000, type =2
I/OpenGLRenderer(  756): Initialized EGL, version 1.4
E/mm-camera(  255): afd_set_parameters: param=0xb3cc023c afd_obj =0xaf88b000, type =2
E/mm-camera(  255): afd_set_parameters: param=0xb3cc02ac afd_obj =0xaf88b000, type =2
E/mm-camera(  255): afd_set_parameters: param=0xb3cc0434 afd_obj =0xaf88b000, type =2
E/mm-camera(  255): afd_set_parameters: param=0xb3cc04a4 afd_obj =0xaf88b000, type =2
E/mm-camera(  255): afd_set_parameters: param=0xb3cc0584 afd_obj =0xaf88b000, type =2
W/ActivityManager(  756): Activity pause timeout for ActivityRecord{4f23063 u0 com.sveder.cardboardpassthrough/.MainActivity t4966 f}
E/mm-camera(  255): afd_set_parameters: param=0xb3cc062c afd_obj =0xaf88b000, type =2
V/ActivityManager(  756): Display changed displayId=0
I/ActivityManager(  756): Config changes=480 {1.0 724mcc10mnc pt_BR ?layoutDir sw360dp w360dp h615dp 480dpi nrml long port finger -keyb/v/h -nav/h s.111 themeResource=null}
I/InputReader(  756): Reconfiguring input devices.  changes=0x00000004
I/InputReader(  756): Device reconfigured: id=5, name='synaptics-rmi-ts', size 1080x1920, orientation 0, mode 1, display id 0
I/LiApplication(29477): On configuration changed in application.
