D/audio_hw_primary(  241): adev_open_input_stream: enter: sample_rate(16000) channel_mask(0x10) devices(0x80000004)        stream_handle(0xb1836660) io_handle(3035) source(6)
I/AudioFlinger(  241): AudioFlinger's thread 0xb121c000 ready to run
D/audio_hw_primary(  241): in_standby: enter: stream (0xb1836660) usecase(7: audio-record)
D/audio_hw_primary(  241): in_standby: enter: stream (0xb1836660) usecase(7: audio-record)
D/audio_hw_primary(  241): in_set_parameters: enter: kvpairs=input_source=6;routing=-2147483644
I/MicrophoneInputStream( 5373): mic_started com.google.android.apps.gsa.speech.audio.aa@3483b2a
D/audio_hw_primary(  241): start_input_stream: enter: stream(0xb1836660)usecase(7: audio-record)
D/audio_hw_primary(  241): select_devices: out_snd_device(0: ) in_snd_device(61: voice-rec-mic)
D/hardware_info(  241): hw_info_append_hw_type : device_name = voice-rec-mic
I/msm8974_platform(  241): platform_send_audio_calibration: sending audio calibration for snd_device(61) acdb_id(119)
D/ACDB-LOADER(  241): ACDB -> send_audio_cal, acdb_id = 119, path =  1
D/ACDB-LOADER(  241): ACDB -> send_adm_topology
D/ACDB-LOADER(  241): ACDB -> ACDB_CMD_GET_AUDPROC_COMMON_TOPOLOGY_ID
D/ACDB-LOADER(  241): ACDB -> send_asm_topology
D/ACDB-LOADER(  241): ACDB -> ACDB_CMD_GET_AUDPROC_STREAM_TOPOLOGY_ID
D/ACDB-LOADER(  241): ACDB -> send_audtable
D/ACDB-LOADER(  241): ACDB -> ACDB_CMD_GET_AUDPROC_COMMON_TABLE
D/ACDB-LOADER(  241): ACDB -> AUDIO_SET_AUDPROC_CAL
D/ACDB-LOADER(  241): ACDB -> send_audvoltable
D/ACDB-LOADER(  241): ACDB -> ACDB_CMD_GET_AUDPROC_GAIN_DEP_STEP_TABLE
D/        (  241): Failed to fetch the lookup information of the device 00000077 
E/ACDB-LOADER(  241): Error: ACDB AudProc vol returned = -19
D/ACDB-LOADER(  241): ACDB -> AUDIO_SET_AUDPROC_VOL_CAL
D/ACDB-LOADER(  241): ACDB -> AUDIO_SET_AFE_CAL
I/listen_hal_loader(  241): audio_extn_listen_update_status(): stop listen. current active device = voice-rec-mic. Event = 1
V/listen_hw(  241): listen_hw_notify_event: Enter
V/listen_hw(  241): handle_notify_event: Enter, event type = 1
V/listen_hw(  241): adsp_stop:[0xb587a900] Enter
V/listen_hw(  241): adsp_stop:[0xb587a900] Exit, status=0
I/ListenService(  241): eventCallback: Listen concurency event
V/listen_hw(  241): handle_notify_event: Exit
I/IListenReceiver( 1534): BnListenReceiver::onTransact received NOTIFY
D/(Native) ListenReceiver( 1534): notify: Audiolock mNotifyLock
D/(Native) ListenReceiver( 1534): notify: callback application
D/ListenReceiver-JNI( 1534): JNIListenReceiverListener::notify: lock mListenerLock
D/ListenReceiver-JNI( 1534): JNIListenReceiverListener::notify: data size fieldID is 0x74ae2930
D/ListenReceiver-JNI( 1534): JNIListenReceiverListener::notify() callMethod receiveEvent with mLRecvrObj=0x200aee, gEventCallbackId=0x74ae2868
D/Java ListenReceiver( 1534): receiveEvent type 9 calls processEvent
D/ListenReceiver-JNI( 1534): JNIListenReceiverListener::notify DeleteGlobalRef eventDataObj
D/ListenReceiver-JNI( 1534): JNIListenReceiverListener::notify DeleteLocalRef tmpEventDataObj
D/(Native) ListenReceiver( 1534): notify: back from callback
D/audio_hw_primary(  241): select_devices: done
W/MicroDetectionWorkerImp( 5373): Tag [MicroDetectionWorkerImpl] is too long; truncated to [MicroDetectionWorkerImp]
I/MicroDetectionWorkerImp( 5373): onReady
I/Timeline(  756): Timeline: Activity_windows_visible id: ActivityRecord{3dc8e5b5 u0 com.google.android.googlequicksearchbox/com.google.android.launcher.GEL t4876} time:41483770
W/OpenGLRenderer( 1617): Incorrectly called buildLayer on View: ShortcutAndWidgetContainer, destroying layer...
W/ResourceType(16676): No package identifier when getting value for resource number 0x00000000
W/PackageManager(16676): Failure retrieving resources for com.whatsapp: Resource ID #0x0
D/audio_hw_primary(  241): out_standby: enter: stream (0xb5880740) usecase(1: low-latency-playback)
D/hardware_info(  241): hw_info_append_hw_type : device_name = speaker
W/ctxmgr  ( 2159): [PowerConnectionState]Got same value as before for power connection (Plug state: 2 BatteryLevel: 0.56)
W/ActivityManager(  756): getTasks: caller 10096 does not hold REAL_GET_TASKS; limiting output
I/ValidateNoPeople(  756): Validating: 0|com.whatsapp|1|null|10096
I/ValidateNoPeople(  756): Executing: validation for: 0|com.whatsapp|1|null|10096
E/MediaPlayer-JNI(16676): QCMediaPlayer mediaplayer NOT present
I/ValidateNoPeople(  756): final affinity: 0.5
I/FFmpegExtractor(  241): android-source:0xb1071ce0
I/FFMPEG  (  241): Input #0, ogg, from 'android-source:0xb1071ce0':
I/FFMPEG  (  241):   Duration: 00:00:01.69, start: 0.000000, bitrate: 131 kb/s
I/FFMPEG  (  241):     Stream #0:0: Audio: vorbis, 44100 Hz, stereo, fltp, 160 kb/s
I/FFMPEG  (  241):     Metadata:
I/FFMPEG  (  241):       ANDROID_LOOP    : false
I/FFMPEG  (  241):       TITLE           : Antimony
D/FFmpegExtractor(  241): FFmpegExtrator, url: android-source:0xb1071ce0, format_name: ogg, format_long_name: Ogg
I/FFmpegExtractor(  241): adjust mime(application/ogg -> audio/vorbis)
D/FFmpegExtractor(  241): suppoted codec(vorbis) by official Stagefright
D/FFmpegExtractor(  241): ffmpeg detected media content as 'audio/vorbis' with confidence 0.08
D/ExtendedUtils(  241): extended extractor not needed, return default
E/MediaPlayer(16676): Should have subtitle controller already set
I/MediaFocusControl(  756):  AudioFocus  requestAudioFocus() from android.media.AudioManager@9a0d05 req=3flags=0x0
D/AudioManager( 2806): AudioManager dispatching onAudioFocusChange(-3) for android.media.AudioManager@394c143ccom.facebook.messaging.audio.record.d@35f715c5
D/NuPlayerDriver(  241): start(0xb1831e20)
I/GenericSource(  241): start
E/MediaPlayer(16676): Should have subtitle controller already set
W/Utils   (  241): bool android::canOffloadStream(const android::sp<android::MetaData>&, bool, const android::sp<android::MetaData>&, bool, audio_stream_type_t) No sample bit depth info in meta data
I/str_params(  241): key: 'SND_CARD_STATUS' value: ''
I/ExtendedUtils(  241): No channel mask, try channel count
W/ExtendedUtils(  241): No bitrate info
I/ExtendedUtils(  241): decision 0 mime audio/vorbis
I/AudioPolicyManager(  241): PCM offload property is enabled
I/NuPlayer(  241): Could not offload audio decode, pcm offload decided :0
W/Utils   (  241): bool android::canOffloadStream(const android::sp<android::MetaData>&, bool, const android::sp<android::MetaData>&, bool, audio_stream_type_t) No sample bit depth info in meta data
I/str_params(  241): key: 'SND_CARD_STATUS' value: ''
E/AudioTrack(  241): AudioTrack::set : Exit
D/audio_hw_primary(  241): out_set_parameters: enter: usecase(1: low-latency-playback) kvpairs: routing=2
V/listen_hw(  241): listen_hw_set_parameters: Enter
V/listen_hw(  241): handle_set_parameters: Enter kvpairs=routing=2 capture=1
V/listen_hw(  241): handle_set_parameters: Exit
V/listen_hw(  241): listen_hw_set_parameters: Exit, ret=0
D/audio_hw_primary(  241): start_output_stream: enter: stream(0xb5880740)usecase(1: low-latency-playback) devices(0x2)
D/audio_hw_primary(  241): start_output_stream: enter: usecase(1: low-latency-playback) devices(0x2)
D/audio_hw_primary(  241): select_devices: out_snd_device(2: speaker) in_snd_device(0: )
W/msm8974_platform(  241): Codec backend bitwidth 16, samplerate 48000
D/hardware_info(  241): hw_info_append_hw_type : device_name = speaker
I/msm8974_platform(  241): platform_send_audio_calibration: sending audio calibration for snd_device(2) acdb_id(15)
D/ACDB-LOADER(  241): ACDB -> send_audio_cal, acdb_id = 15, path =  0
D/ACDB-LOADER(  241): ACDB -> send_adm_topology
D/ACDB-LOADER(  241): ACDB -> ACDB_CMD_GET_AUDPROC_COMMON_TOPOLOGY_ID
D/ACDB-LOADER(  241): ACDB -> send_asm_topology
D/ACDB-LOADER(  241): ACDB -> ACDB_CMD_GET_AUDPROC_STREAM_TOPOLOGY_ID
D/ACDB-LOADER(  241): ACDB -> send_audtable
D/ACDB-LOADER(  241): ACDB -> ACDB_CMD_GET_AUDPROC_COMMON_TABLE
D/ACDB-LOADER(  241): ACDB -> AUDIO_SET_AUDPROC_CAL
D/ACDB-LOADER(  241): ACDB -> send_audvoltable
D/ACDB-LOADER(  241): ACDB -> ACDB_CMD_GET_AUDPROC_GAIN_DEP_STEP_TABLE
D/        (  241): Failed to fetch the lookup information of the device 0000000F 
E/ACDB-LOADER(  241): Error: ACDB AudProc vol returned = -19
D/ACDB-LOADER(  241): ACDB -> AUDIO_SET_AUDPROC_VOL_CAL
D/ACDB-LOADER(  241): ACDB -> send_afe_cal
D/ACDB-LOADER(  241): ACDB -> ACDB_CMD_GET_AFE_COMMON_TABLE
D/        (  241): Failed to fetch the lookup information of the device 0000000F 
E/ACDB-LOADER(  241): Error: ACDB AFE returned = -19
D/ACDB-LOADER(  241): ACDB -> AUDIO_SET_AFE_CAL
D/audio_hw_primary(  241): select_devices: done
D/NuPlayerDriver(  241): stop(0xb1831880)
D/NuPlayerDriver(  241): reset(0xb1831880)
D/NuPlayerDriver(  241): notifyResetComplete(0xb1831880)
I/MediaFocusControl(  756):  AudioFocus  abandonAudioFocus() from android.media.AudioManager@9a0d05
D/AudioManager( 2806): AudioManager dispatching onAudioFocusChange(1) for android.media.AudioManager@394c143ccom.facebook.messaging.audio.record.d@35f715c5
W/ctxmgr  ( 2159): [PowerConnectionState]Got same value as before for power connection (Plug state: 2 BatteryLevel: 0.56)
D/audio_hw_primary(  241): out_standby: enter: stream (0xb5880740) usecase(1: low-latency-playback)
D/hardware_info(  241): hw_info_append_hw_type : device_name = speaker
W/ctxmgr  ( 2159): [PowerConnectionState]Got same value as before for power connection (Plug state: 2 BatteryLevel: 0.56)
W/ctxmgr  ( 2159): [PowerConnectionState]Got same value as before for power connection (Plug state: 2 BatteryLevel: 0.56)
W/ctxmgr  ( 2159): [PowerConnectionState]Got same value as before for power connection (Plug state: 2 BatteryLevel: 0.56)
D/LBSSystemMonitorService(  756): handleMessage what - 4
D/Wiper_jni(  756): Send Network Location.
W/ctxmgr  ( 2159): [PowerConnectionState]Got same value as before for power connection (Plug state: 2 BatteryLevel: 0.56)
W/ctxmgr  ( 2159): [PowerConnectionState]Got same value as before for power connection (Plug state: 2 BatteryLevel: 0.56)
W/ctxmgr  ( 2159): [PowerConnectionState]Got same value as before for power connection (Plug state: 2 BatteryLevel: 0.56)
W/ctxmgr  ( 2159): [PowerConnectionState]Got same value as before for power connection (Plug state: 2 BatteryLevel: 0.56)
W/ctxmgr  ( 2159): [PowerConnectionState]Got same value as before for power connection (Plug state: 2 BatteryLevel: 0.56)
W/ProcessCpuTracker(  756): Skipping unknown process pid 26688
W/ctxmgr  ( 2159): [PowerConnectionState]Got same value as before for power connection (Plug state: 2 BatteryLevel: 0.56)
W/ctxmgr  ( 2159): [PowerConnectionState]Got same value as before for power connection (Plug state: 2 BatteryLevel: 0.56)
W/ctxmgr  ( 2159): [PowerConnectionState]Got same value as before for power connection (Plug state: 2 BatteryLevel: 0.56)
D/LBSSystemMonitorService(  756): handleMessage what - 4
D/Wiper_jni(  756): Send Network Location.
I/ClearcutLoggerApiImpl( 2159): disconnect managed GoogleApiClient
I/GrammarCompilationSvcCt( 5373): #startService for null, CONTACT_NAMES.
I/UpdateIcingCorporaServi( 5373): Updating corpora: APPS=NONE, CONTACTS=DELTA
I/UpdateIcingCorporaServi( 5373): UpdateCorporaTask done [took 178 ms] updated contacts [took 177 ms]
I/Icing   ( 1990): Indexing 79673898CF11CCEF0E32E2E162433C570A0E6352 from com.google.android.googlequicksearchbox
W/Icing   ( 1990): CLD2 bad utf8
E/SQLiteLog( 5373): (284) automatic index on contacts(contact_id)
I/Icing   ( 1990): Indexing done 79673898CF11CCEF0E32E2E162433C570A0E6352
W/ctxmgr  ( 2159): [PowerConnectionState]Got same value as before for power connection (Plug state: 2 BatteryLevel: 0.56)
W/ctxmgr  ( 2159): [PowerConnectionState]Got same value as before for power connection (Plug state: 2 BatteryLevel: 0.56)
I/GCM     ( 1802): GCM message GSYNC_TICKLE 0:1448765321655590%e7a7135305759aa8
I/SubscribedFeeds( 1802): Received message
I/GCM     ( 1802): GCM message GSYNC_TICKLE 0:1448765321658954%e7a71353318775ce
I/SubscribedFeeds( 1802): Received message
D/ConnectivityService(  756): listenForNetwork for NetworkRequest [ id=49, legacyType=-1, [ Capabilities: NOT_RESTRICTED&TRUSTED&NOT_VPN] ]
D/ConnectivityService(  756): handleRegisterNetworkRequest checking NetworkAgentInfo [WIFI () - 104]
D/ConnectivityService(  756): apparently satisfied.  currentScore=60
D/ConnectivityManager.CallbackHandler(13016): CM callback handler got msg 524290
W/Gmail   (12995): Sync started for account: account:384322135
I/Gmail   (12995): notifyAccountChanged
I/Gmail   (12995): getAccountsCursor
V/GLSActivity( 1802): AuthDelegateWrapperCreated with selected intent: Intent { cmp=com.google.android.gms/.auth.DefaultAuthDelegateService }
I/Gmail   (12995): MainSyncRequestProto: lowestBkwdConvoId: 0, highestHandledServerOp: 4076928, normalSync: true
W/ResourcesManager(12995): Asset path '/system/framework/com.android.media.remotedisplay.jar' does not exist or contains no resources.
W/ResourcesManager(12995): Asset path '/system/framework/com.android.location.provider.jar' does not exist or contains no resources.
V/GLSActivity( 1802): AuthDelegateWrapperCreated with selected intent: Intent { cmp=com.google.android.gms/.auth.DefaultAuthDelegateService }
V/GLSActivity( 1802): AuthDelegateWrapperCreated with selected intent: Intent { cmp=com.google.android.gms/.auth.DefaultAuthDelegateService }
V/GLSActivity( 1802): AuthDelegateWrapperCreated with selected intent: Intent { cmp=com.google.android.gms/.auth.DefaultAuthDelegateService }
D/IDB IDB_HISTOGRAM(13016): third_party/indexeddb/src/jni/../other_webkit_deps/HistogramSupport.h(14): WebCore.IndexedDB.BackingStore.OpenStatus: 1/7
W/ksd     (13016): Flushing events without any listeners
V/GLSActivity( 1802): AuthDelegateWrapperCreated with selected intent: Intent { cmp=com.google.android.gms/.auth.DefaultAuthDelegateService }
V/GLSActivity( 1802): AuthDelegateWrapperCreated with selected intent: Intent { cmp=com.google.android.gms/.auth.DefaultAuthDelegateService }
I/Gmail   (12995): MainSyncRequestProto: lowestBkwdConvoId: 0, highestHandledServerOp: 4076932, normalSync: true
I/Gmail   (12995): lowestBackward conversation id 0
I/Gmail   (12995): notifyAccountChanged
I/Gmail   (12995): getAccountsCursor
W/Gmail   (12995): Sync complete for account: account:384322135
V/GLSActivity( 1802): AuthDelegateWrapperCreated with selected intent: Intent { cmp=com.google.android.gms/.auth.DefaultAuthDelegateService }
W/jzs     (13016): No metrics helper associate with query version 1 for SAPI_LL_TYPE_SETTINGS
W/jzs     (13016): No metrics helper associate with query version 1 for SAPI_LL_TYPE_SETTINGS
W/jzs     (13016): No metrics helper associate with query version 1 for SAPI_LL_TYPE_SETTINGS
W/jzs     (13016): No metrics helper associate with query version 1 for SAPI_LL_TYPE_SETTINGS
I/Icing   ( 1990): Indexing 8E15C87E90E49548D04F6AE29E37B712D16EEB72 from com.google.android.gm
I/Icing   ( 1990): Indexing done 8E15C87E90E49548D04F6AE29E37B712D16EEB72
W/jzs     (13016): No metrics helper associate with query version 1 for SAPI_LL_TYPE_SETTINGS
W/khk     (13016): sections == null.  missed changes on list jsf{type=SAPI_LL_TYPE_UPCOMING_NOTIFICATIONS, priority=DEFAULT, isPaused=false, #elements=0}
W/bta     (13016): cwz Fetched unseen inbox items successfully. Size: 1
W/bta     (13016): cwz No supported items to notify for. Cancelling current notifications.
W/khk     (13016): sections == null.  missed changes on list jsf{type=SAPI_LL_TYPE_THROTTLED_INBOX, priority=DEFAULT, isPaused=false, #elements=0}
W/ctxmgr  ( 2159): [PowerConnectionState]Got same value as before for power connection (Plug state: 2 BatteryLevel: 0.56)
W/ctxmgr  ( 2159): [PowerConnectionState]Got same value as before for power connection (Plug state: 2 BatteryLevel: 0.56)
W/ctxmgr  ( 2159): [PowerConnectionState]Got same value as before for power connection (Plug state: 2 BatteryLevel: 0.56)
W/ctxmgr  ( 2159): [PowerConnectionState]Got same value as before for power connection (Plug state: 2 BatteryLevel: 0.56)
I/ProcessStatsService(  756): Prepared write state in 5ms
W/ctxmgr  ( 2159): [PowerConnectionState]Got same value as before for power connection (Plug state: 2 BatteryLevel: 0.56)
W/ctxmgr  ( 2159): [PowerConnectionState]Got same value as before for power connection (Plug state: 2 BatteryLevel: 0.56)
W/ctxmgr  ( 2159): [AclManager]checkPermissionTypeStatus: no inject permission for AppMetadata{mUid=10013, mPackageName='com.google.android.gms'}. Returned permission was: PACKAGE_NOT_WHITELISTED for context name: POWER_CONNECTION
W/ctxmgr  ( 2159): [AclManager]checkPermissionTypeStatus: no inject permission for AppMetadata{mUid=10013, mPackageName='com.google.android.gms'}. Returned permission was: PACKAGE_NOT_WHITELISTED for context name: POWER_CONNECTION
E/ctxmgr  ( 2159): [PowerConnectionState]Could not write powerInfo=Plug state: 2 BatteryLevel: 0.57, status=Status{statusCode=unknown status code: 7503, resolution=null}
W/ctxmgr  ( 2159): [PowerConnectionState]Got same value as before for power connection (Plug state: 2 BatteryLevel: 0.57)
D/LBSSystemMonitorService(  756): handleMessage what - 4
D/Wiper_jni(  756): Send Network Location.
W/ctxmgr  ( 2159): [PowerConnectionState]Got same value as before for power connection (Plug state: 2 BatteryLevel: 0.57)
V/GLSActivity( 1802): AuthDelegateWrapperCreated with selected intent: Intent { cmp=com.google.android.gms/.auth.DefaultAuthDelegateService }
V/GLSActivity( 1802): AuthDelegateWrapperCreated with selected intent: Intent { cmp=com.google.android.gms/.auth.DefaultAuthDelegateService }
W/kvs     (13016): Received a Remove for an alias we are not  tracking. Ignoring.
W/cumulus (13016): oju: Channel closed.
W/cumulus (13016): ouy: CW: Worker shutting down.
W/cumulus (13016): qjm: Ignoring createTransaction call after store is closed.
W/cumulus (13016): qjm: Ignoring createTransaction call after store is closed.
W/cumulus (13016): qjm: Ignoring createTransaction call after store is closed.
W/cumulus (13016): qjm: Ignoring createTransaction call after store is closed.
W/cumulus (13016): qjm: Ignoring createTransaction call after store is closed.
W/cumulus (13016): qjm: Ignoring createTransaction call after store is closed.
W/cumulus (13016): qjm: Ignoring createTransaction call after store is closed.
W/cumulus (13016): qjm: Ignoring createTransaction call after store is closed.
W/cumulus (13016): ouy: CW: Worker shutdown complete.
W/cumulus (13016): qjm: Ignoring createTransaction call after store is closed.
W/cumulus (13016): qjm: Ignoring createTransaction call after store is closed.
W/cumulus (13016): qjm: Ignoring createTransaction call after store is closed.
W/cumulus (13016): qjm: Ignoring createTransaction call after store is closed.
W/cumulus (13016): qjm: Ignoring createTransaction call after store is closed.
W/cumulus (13016): qjm: Ignoring createTransaction call after store is closed.
W/cumulus (13016): qjm: Ignoring createTransaction call after store is closed.
D/ConnectivityService(  756): releasing NetworkRequest NetworkRequest [ id=49, legacyType=-1, [ Capabilities: NOT_RESTRICTED&TRUSTED&NOT_VPN] ]
D/ConnectivityManager.CallbackHandler(13016): CM callback handler got msg 524296
W/ctxmgr  ( 2159): [PowerConnectionState]Got same value as before for power connection (Plug state: 2 BatteryLevel: 0.57)
W/ctxmgr  ( 2159): [PowerConnectionState]Got same value as before for power connection (Plug state: 2 BatteryLevel: 0.57)
W/ctxmgr  ( 2159): [PowerConnectionState]Got same value as before for power connection (Plug state: 2 BatteryLevel: 0.57)
D/NuPlayerDriver(  241): stop(0xb1831e20)
D/PhoneStatusBar(16676): disable: < expand ICONS* alerts SYSTEM_INFO* back home recent clock search >
D/NuPlayerDriver(  241): reset(0xb1831e20)
D/NuPlayerDriver(  241): notifyResetComplete(0xb1831e20)
I/MicroDetector( 5373): Keeping mic open: false
I/MicrophoneInputStream( 5373): mic_close com.google.android.apps.gsa.speech.audio.aa@3483b2a
W/SearchService( 5373): Abort, client detached.
D/audio_hw_primary(  241): in_standby: enter: stream (0xb1836660) usecase(7: audio-record)
D/hardware_info(  241): hw_info_append_hw_type : device_name = voice-rec-mic
I/listen_hal_loader(  241): audio_extn_listen_update_status(): start listen. current active device = voice-rec-mic. Event = 0
V/listen_hw(  241): listen_hw_notify_event: Enter
V/listen_hw(  241): handle_notify_event: Enter, event type = 0
V/listen_hw(  241): adsp_start:[0xb587a900] Enter
V/listen_hw(  241): adsp_start:[0xb587a900] Exit, status=0
I/ListenService(  241): eventCallback: Listen concurency event
V/listen_hw(  241): handle_notify_event: Exit
I/IListenReceiver( 1534): BnListenReceiver::onTransact received NOTIFY
D/(Native) ListenReceiver( 1534): notify: Audiolock mNotifyLock
D/(Native) ListenReceiver( 1534): notify: callback application
D/ListenReceiver-JNI( 1534): JNIListenReceiverListener::notify: lock mListenerLock
D/ListenReceiver-JNI( 1534): JNIListenReceiverListener::notify: data size fieldID is 0x74ae2930
D/ListenReceiver-JNI( 1534): JNIListenReceiverListener::notify() callMethod receiveEvent with mLRecvrObj=0x200aee, gEventCallbackId=0x74ae2868
D/Java ListenReceiver( 1534): receiveEvent type 8 calls processEvent
D/ListenReceiver-JNI( 1534): JNIListenReceiverListener::notify DeleteGlobalRef eventDataObj
D/ListenReceiver-JNI( 1534): JNIListenReceiverListener::notify DeleteLocalRef tmpEventDataObj
D/(Native) ListenReceiver( 1534): notify: back from callback
I/MicroRecognitionRnrImpl( 5373): Detection finished
D/audio_hw_primary(  241): adev_close_input_stream: enter:stream_handle(0xb1836660)
D/audio_hw_primary(  241): in_standby: enter: stream (0xb1836660) usecase(7: audio-record)
I/MicroRecognitionRnrImpl( 5373): Stopping hotword detection.
D/BluetoothAdapter(16676): 112618713: getState() :  mService = null. Returning STATE_OFF
D/BluetoothAdapter(16676): 112618713: getState() :  mService = null. Returning STATE_OFF
D/BluetoothAdapter(16676): 112618713: getState() :  mService = null. Returning STATE_OFF
D/BluetoothAdapter(16676): 112618713: getState() :  mService = null. Returning STATE_OFF
D/BluetoothAdapter(16676): 112618713: getState() :  mService = null. Returning STATE_OFF
D/BluetoothAdapter(16676): 112618713: getState() :  mService = null. Returning STATE_OFF
D/StatusBar(16676): Clicked on content of 0|com.whatsapp|1|null|10096
I/ActivityManager(  756): START u0 {flg=0x14000000 cmp=com.whatsapp/.Conversation (has extras)} from uid 10096 on display 0
V/WindowManager(  756): addAppToken: AppWindowToken{ceefaf7 token=Token{35a066f6 ActivityRecord{3f0a1791 u0 com.whatsapp/.Conversation t4974}}} to stack=1 task=4974 at 1
W/InputMethodManagerService(  756): Focus gain on non-focused client com.android.internal.view.IInputMethodClient$Stub$Proxy@1194bb0b (uid=10027 pid=1617)
W/ResourceType(29521): For resource 0x01030224, entry index(548) is beyond type entryCount(9)
W/ResourceType(29521): For resource 0x01030224, entry index(548) is beyond type entryCount(9)
I/AppCompatViewInflater(29521): app:theme is now deprecated. Please move to using android:theme instead.
V/WindowManager(  756): Adding window Window{23279bcd u0 com.whatsapp/com.whatsapp.Conversation} at 9 of 13 (after Window{2e8f07bc u0 com.facebook.katana/com.facebook.katana.activity.FbMainTabActivity})
D/PhoneStatusBar(16676): disable: < expand icons* alerts system_info* back home recent clock search >
I/ActivityManager(  756): Displayed com.whatsapp/.Conversation: +463ms
I/Timeline(29521): Timeline: Activity_idle id: android.os.BinderProxy@14215d43 time:41678977
I/Timeline(  756): Timeline: Activity_windows_visible id: ActivityRecord{3f0a1791 u0 com.whatsapp/.Conversation t4974} time:41679696
I/LatinIME( 1430): Starting input. Cursor position = 0,0
I/ValidateNoPeople(  756): skipping global notification
W/ctxmgr  ( 2159): [PowerConnectionState]Got same value as before for power connection (Plug state: 2 BatteryLevel: 0.57)
I/LatinIME( 1430): Starting input. Cursor position = 13,13
I/ValidateNoPeople(  756): skipping global notification
E/MediaPlayer-JNI(29521): QCMediaPlayer mediaplayer NOT present
D/ExtendedUtils(  241): Try creating ExtendedExtractor
E/MM_OSAL (  241): FileSource::FileSource
E/MM_OSAL (  241): FileSource::FileSource m_bEveryThingOK 1
E/MM_OSAL (  241): MM_File_Create File Name /data/mmosal_logmask.cfg , Mode 0
E/MM_OSAL (  241): MM_File_Create failed .Efs Error No -1 , File Name /data/mmosal_logmask.cfg , Mode 0
E/MM_OSAL (  241): Open or read fail on /data/mmosal_logmask.cfg. Possible permission denied issue. Looking for /data/misc/media/mmosal_logmask.cfg
E/MM_OSAL (  241): MM_File_Create File Name /data/misc/media/mmosal_logmask.cfg , Mode 0
E/MM_OSAL (  241): MM_File_Create failed .Efs Error No -1 , File Name /data/misc/media/mmosal_logmask.cfg , Mode 0
D/ExtendedUtils(  241): Discarding default extractor and using the extended one
I/FFmpegExtractor(  241): android-source:0xb1010150
I/FFMPEG  (  241): Input #0, mov,mp4,m4a,3gp,3g2,mj2, from 'android-source:0xb1010150':
I/FFMPEG  (  241):   Metadata:
I/FFMPEG  (  241):     major_brand     : M4A 
I/FFMPEG  (  241):     minor_version   : 0
I/FFMPEG  (  241):     compatible_brands: M4A mp42isom
I/FFMPEG  (  241):     creation_time   : 2012-03-07 02:05:10
I/FFMPEG  (  241):     title           : send_message
I/FFMPEG  (  241):     compilation     : 0
I/FFMPEG  (  241):     gapless_playback: 0
I/FFMPEG  (  241):     encoder         : iTunes 10.5.2.11
I/FFMPEG  (  241):     iTunSMPB        :  00000000 00000840 000000C6 00000000000006FA 00000000 00000000 00000000 00000000 00000000 00000000 00000000 00000000
I/FFMPEG  (  241):     Encoding Params : vers
I/FFMPEG  (  241):     iTunNORM        :  0000010B 00000000 0000010B 00000000 00000000 00000000 00002EE7 00000000 00000000 00000000
I/FFMPEG  (  241):   Duration: 00:00:00.09, start: 0.000000, bitrate: 393 kb/s
I/FFMPEG  (  241):     Stream #0:0(und): Audio: aac (LC) (mp4a / 0x6134706D), 44100 Hz, mono, fltp, 40 kb/s (default)
I/FFMPEG  (  241):     Metadata:
I/FFMPEG  (  241):       creation_time   : 2012-03-07 02:05:10
D/FFmpegExtractor(  241): FFmpegExtrator, url: android-source:0xb1010150, format_name: mov,mp4,m4a,3gp,3g2,mj2, format_long_name: QuickTime / MOV
I/FFmpegExtractor(  241): adjust mime(video/mp4 -> audio/mp4a-latm)
D/FFmpegExtractor(  241): suppoted codec(aac) by official Stagefright
D/FFmpegExtractor(  241): ffmpeg detected media content as 'audio/mp4a-latm' with confidence 0.08
D/ExtendedUtils(  241): Try creating ExtendedExtractor
E/MM_OSAL (  241): FileSource::FileSource
E/MM_OSAL (  241): FileSource::FileSource m_bEveryThingOK 1
E/MM_OSAL (  241): MM_File_Create File Name /data/mmosal_logmask.cfg , Mode 0
E/MM_OSAL (  241): MM_File_Create failed .Efs Error No -1 , File Name /data/mmosal_logmask.cfg , Mode 0
E/MM_OSAL (  241): Open or read fail on /data/mmosal_logmask.cfg. Possible permission denied issue. Looking for /data/misc/media/mmosal_logmask.cfg
E/MM_OSAL (  241): MM_File_Create File Name /data/misc/media/mmosal_logmask.cfg , Mode 0
E/MM_OSAL (  241): MM_File_Create failed .Efs Error No -1 , File Name /data/misc/media/mmosal_logmask.cfg , Mode 0
D/ExtendedUtils(  241): Discarding default extractor and using the extended one
E/MediaPlayer(29521): Should have subtitle controller already set
E/MediaPlayer(29521): Should have subtitle controller already set
D/NuPlayerDriver(  241): start(0xb1831880)
I/GenericSource(  241): start
E/MMParserExtractor(  241): FileSource::FILE_SOURCE_DATA_END 
W/Utils   (  241): bool android::canOffloadStream(const android::sp<android::MetaData>&, bool, const android::sp<android::MetaData>&, bool, audio_stream_type_t) No sample bit depth info in meta data
E/AudioPolicyManager(  241): isOffloadSupported: stream_type != MUSIC, returning false
I/ExtendedUtils(  241): No channel mask, try channel count
I/ExtendedUtils(  241): decision 0 mime audio/mp4a-latm
E/AudioPolicyManager(  241): isOffloadSupported: stream_type != MUSIC, returning false
I/NuPlayer(  241): Could not offload audio decode, pcm offload decided :0
W/Utils   (  241): bool android::canOffloadStream(const android::sp<android::MetaData>&, bool, const android::sp<android::MetaData>&, bool, audio_stream_type_t) No sample bit depth info in meta data
E/AudioPolicyManager(  241): isOffloadSupported: stream_type != MUSIC, returning false
I/ACodec  (  241): sampleRate=44100 channels=1 bits=16
I/SoftAAC2(  241): Reconfiguring decoder: 0->44100 Hz, 0->1 channels
E/MMParserExtractor(  241): FileSource::FILE_SOURCE_DATA_END 
E/AudioTrack(  241): AudioTrack::set : Exit
D/audio_hw_primary(  241): out_set_parameters: enter: usecase(1: low-latency-playback) kvpairs: routing=2
V/listen_hw(  241): listen_hw_set_parameters: Enter
V/listen_hw(  241): handle_set_parameters: Enter kvpairs=routing=2 capture=0
V/listen_hw(  241): handle_set_parameters: Exit
V/listen_hw(  241): listen_hw_set_parameters: Exit, ret=0
D/audio_hw_primary(  241): start_output_stream: enter: stream(0xb5880740)usecase(1: low-latency-playback) devices(0x2)
D/audio_hw_primary(  241): start_output_stream: enter: usecase(1: low-latency-playback) devices(0x2)
D/audio_hw_primary(  241): select_devices: out_snd_device(2: speaker) in_snd_device(0: )
W/msm8974_platform(  241): Codec backend bitwidth 16, samplerate 48000
D/hardware_info(  241): hw_info_append_hw_type : device_name = speaker
I/msm8974_platform(  241): platform_send_audio_calibration: sending audio calibration for snd_device(2) acdb_id(15)
D/ACDB-LOADER(  241): ACDB -> send_audio_cal, acdb_id = 15, path =  0
D/ACDB-LOADER(  241): ACDB -> send_adm_topology
D/ACDB-LOADER(  241): ACDB -> ACDB_CMD_GET_AUDPROC_COMMON_TOPOLOGY_ID
D/ACDB-LOADER(  241): ACDB -> send_asm_topology
D/ACDB-LOADER(  241): ACDB -> ACDB_CMD_GET_AUDPROC_STREAM_TOPOLOGY_ID
D/ACDB-LOADER(  241): ACDB -> send_audtable
D/ACDB-LOADER(  241): ACDB -> ACDB_CMD_GET_AUDPROC_COMMON_TABLE
D/ACDB-LOADER(  241): ACDB -> AUDIO_SET_AUDPROC_CAL
D/ACDB-LOADER(  241): ACDB -> send_audvoltable
D/ACDB-LOADER(  241): ACDB -> ACDB_CMD_GET_AUDPROC_GAIN_DEP_STEP_TABLE
D/        (  241): Failed to fetch the lookup information of the device 0000000F 
E/ACDB-LOADER(  241): Error: ACDB AudProc vol returned = -19
D/ACDB-LOADER(  241): ACDB -> AUDIO_SET_AUDPROC_VOL_CAL
D/ACDB-LOADER(  241): ACDB -> send_afe_cal
D/ACDB-LOADER(  241): ACDB -> ACDB_CMD_GET_AFE_COMMON_TABLE
D/        (  241): Failed to fetch the lookup information of the device 0000000F 
E/ACDB-LOADER(  241): Error: ACDB AFE returned = -19
D/ACDB-LOADER(  241): ACDB -> AUDIO_SET_AFE_CAL
D/audio_hw_primary(  241): select_devices: done
W/ctxmgr  ( 2159): [PowerConnectionState]Got same value as before for power connection (Plug state: 2 BatteryLevel: 0.57)
I/LatinIME( 1430): Starting input. Cursor position = 11,11
I/ValidateNoPeople(  756): skipping global notification
D/NuPlayerDriver(  241): stop(0xb1831880)
D/NuPlayerDriver(  241): reset(0xb1831880)
W/ALooperRoster(  241): failed to deliver message. Target handler 6676 registered, but object gone.
D/NuPlayerDriver(  241): notifyResetComplete(0xb1831880)
E/MediaPlayer-JNI(29521): QCMediaPlayer mediaplayer NOT present
W/MediaPlayer(29521): mediaplayer went away with unhandled events
D/ExtendedUtils(  241): Try creating ExtendedExtractor
E/MM_OSAL (  241): FileSource::FileSource
E/MM_OSAL (  241): FileSource::FileSource m_bEveryThingOK 1
E/MM_OSAL (  241): MM_File_Create File Name /data/mmosal_logmask.cfg , Mode 0
E/MM_OSAL (  241): MM_File_Create failed .Efs Error No -1 , File Name /data/mmosal_logmask.cfg , Mode 0
E/MM_OSAL (  241): Open or read fail on /data/mmosal_logmask.cfg. Possible permission denied issue. Looking for /data/misc/media/mmosal_logmask.cfg
E/MM_OSAL (  241): MM_File_Create File Name /data/misc/media/mmosal_logmask.cfg , Mode 0
E/MM_OSAL (  241): MM_File_Create failed .Efs Error No -1 , File Name /data/misc/media/mmosal_logmask.cfg , Mode 0
D/ExtendedUtils(  241): Discarding default extractor and using the extended one
I/FFmpegExtractor(  241): android-source:0xb1010150
I/FFMPEG  (  241): Input #0, mov,mp4,m4a,3gp,3g2,mj2, from 'android-source:0xb1010150':
I/FFMPEG  (  241):   Metadata:
I/FFMPEG  (  241):     major_brand     : M4A 
I/FFMPEG  (  241):     minor_version   : 0
I/FFMPEG  (  241):     compatible_brands: M4A mp42isom
I/FFMPEG  (  241):     creation_time   : 2012-03-07 02:05:10
I/FFMPEG  (  241):     title           : send_message
I/FFMPEG  (  241):     compilation     : 0
I/FFMPEG  (  241):     gapless_playback: 0
I/FFMPEG  (  241):     encoder         : iTunes 10.5.2.11
I/FFMPEG  (  241):     iTunSMPB        :  00000000 00000840 000000C6 00000000000006FA 00000000 00000000 00000000 00000000 00000000 00000000 00000000 00000000
I/FFMPEG  (  241):     Encoding Params : vers
I/FFMPEG  (  241):     iTunNORM        :  0000010B 00000000 0000010B 00000000 00000000 00000000 00002EE7 00000000 00000000 00000000
I/FFMPEG  (  241):   Duration: 00:00:00.09, start: 0.000000, bitrate: 393 kb/s
I/FFMPEG  (  241):     Stream #0:0(und): Audio: aac (LC) (mp4a / 0x6134706D), 44100 Hz, mono, fltp, 40 kb/s (default)
I/FFMPEG  (  241):     Metadata:
I/FFMPEG  (  241):       creation_time   : 2012-03-07 02:05:10
D/FFmpegExtractor(  241): FFmpegExtrator, url: android-source:0xb1010150, format_name: mov,mp4,m4a,3gp,3g2,mj2, format_long_name: QuickTime / MOV
I/FFmpegExtractor(  241): adjust mime(video/mp4 -> audio/mp4a-latm)
D/FFmpegExtractor(  241): suppoted codec(aac) by official Stagefright
D/FFmpegExtractor(  241): ffmpeg detected media content as 'audio/mp4a-latm' with confidence 0.08
D/ExtendedUtils(  241): Try creating ExtendedExtractor
E/MM_OSAL (  241): FileSource::FileSource
E/MM_OSAL (  241): FileSource::FileSource m_bEveryThingOK 1
E/MM_OSAL (  241): MM_File_Create File Name /data/mmosal_logmask.cfg , Mode 0
E/MM_OSAL (  241): MM_File_Create failed .Efs Error No -1 , File Name /data/mmosal_logmask.cfg , Mode 0
E/MM_OSAL (  241): Open or read fail on /data/mmosal_logmask.cfg. Possible permission denied issue. Looking for /data/misc/media/mmosal_logmask.cfg
E/MM_OSAL (  241): MM_File_Create File Name /data/misc/media/mmosal_logmask.cfg , Mode 0
E/MM_OSAL (  241): MM_File_Create failed .Efs Error No -1 , File Name /data/misc/media/mmosal_logmask.cfg , Mode 0
D/ExtendedUtils(  241): Discarding default extractor and using the extended one
E/MediaPlayer(29521): Should have subtitle controller already set
E/MediaPlayer(29521): Should have subtitle controller already set
D/NuPlayerDriver(  241): start(0xb1831880)
I/GenericSource(  241): start
E/MMParserExtractor(  241): FileSource::FILE_SOURCE_DATA_END 
W/Utils   (  241): bool android::canOffloadStream(const android::sp<android::MetaData>&, bool, const android::sp<android::MetaData>&, bool, audio_stream_type_t) No sample bit depth info in meta data
E/AudioPolicyManager(  241): isOffloadSupported: stream_type != MUSIC, returning false
I/ExtendedUtils(  241): No channel mask, try channel count
I/ExtendedUtils(  241): decision 0 mime audio/mp4a-latm
E/AudioPolicyManager(  241): isOffloadSupported: stream_type != MUSIC, returning false
I/NuPlayer(  241): Could not offload audio decode, pcm offload decided :0
W/Utils   (  241): bool android::canOffloadStream(const android::sp<android::MetaData>&, bool, const android::sp<android::MetaData>&, bool, audio_stream_type_t) No sample bit depth info in meta data
E/AudioPolicyManager(  241): isOffloadSupported: stream_type != MUSIC, returning false
I/ACodec  (  241): sampleRate=44100 channels=1 bits=16
I/SoftAAC2(  241): Reconfiguring decoder: 0->44100 Hz, 0->1 channels
E/MMParserExtractor(  241): FileSource::FILE_SOURCE_DATA_END 
E/AudioTrack(  241): AudioTrack::set : Exit
D/audio_hw_primary(  241): out_set_parameters: enter: usecase(1: low-latency-playback) kvpairs: routing=2
V/listen_hw(  241): listen_hw_set_parameters: Enter
V/listen_hw(  241): handle_set_parameters: Enter kvpairs=routing=2 capture=0
V/listen_hw(  241): handle_set_parameters: Exit
V/listen_hw(  241): listen_hw_set_parameters: Exit, ret=0
D/audio_hw_primary(  241): out_standby: enter: stream (0xb5880740) usecase(1: low-latency-playback)
D/hardware_info(  241): hw_info_append_hw_type : device_name = speaker
W/ctxmgr  ( 2159): [PowerConnectionState]Got same value as before for power connection (Plug state: 2 BatteryLevel: 0.57)
D/NuPlayerDriver(  241): stop(0xb1831880)
D/NuPlayerDriver(  241): reset(0xb1831880)
D/NuPlayerDriver(  241): notifyResetComplete(0xb1831880)
W/ctxmgr  ( 2159): [PowerConnectionState]Got same value as before for power connection (Plug state: 2 BatteryLevel: 0.57)
I/LatinIME( 1430): Starting input. Cursor position = 39,39
I/ValidateNoPeople(  756): skipping global notification
E/MediaPlayer-JNI(29521): QCMediaPlayer mediaplayer NOT present
D/ExtendedUtils(  241): Try creating ExtendedExtractor
E/MM_OSAL (  241): FileSource::FileSource
E/MM_OSAL (  241): FileSource::FileSource m_bEveryThingOK 1
E/MM_OSAL (  241): MM_File_Create File Name /data/mmosal_logmask.cfg , Mode 0
E/MM_OSAL (  241): MM_File_Create failed .Efs Error No -1 , File Name /data/mmosal_logmask.cfg , Mode 0
E/MM_OSAL (  241): Open or read fail on /data/mmosal_logmask.cfg. Possible permission denied issue. Looking for /data/misc/media/mmosal_logmask.cfg
E/MM_OSAL (  241): MM_File_Create File Name /data/misc/media/mmosal_logmask.cfg , Mode 0
E/MM_OSAL (  241): MM_File_Create failed .Efs Error No -1 , File Name /data/misc/media/mmosal_logmask.cfg , Mode 0
D/ExtendedUtils(  241): Discarding default extractor and using the extended one
I/FFmpegExtractor(  241): android-source:0xb1010150
I/FFMPEG  (  241): Input #0, mov,mp4,m4a,3gp,3g2,mj2, from 'android-source:0xb1010150':
I/FFMPEG  (  241):   Metadata:
I/FFMPEG  (  241):     major_brand     : M4A 
I/FFMPEG  (  241):     minor_version   : 0
I/FFMPEG  (  241):     compatible_brands: M4A mp42isom
I/FFMPEG  (  241):     creation_time   : 2012-03-07 02:05:10
I/FFMPEG  (  241):     title           : send_message
I/FFMPEG  (  241):     compilation     : 0
I/FFMPEG  (  241):     gapless_playback: 0
I/FFMPEG  (  241):     encoder         : iTunes 10.5.2.11
I/FFMPEG  (  241):     iTunSMPB        :  00000000 00000840 000000C6 00000000000006FA 00000000 00000000 00000000 00000000 00000000 00000000 00000000 00000000
I/FFMPEG  (  241):     Encoding Params : vers
I/FFMPEG  (  241):     iTunNORM        :  0000010B 00000000 0000010B 00000000 00000000 00000000 00002EE7 00000000 00000000 00000000
I/FFMPEG  (  241):   Duration: 00:00:00.09, start: 0.000000, bitrate: 393 kb/s
I/FFMPEG  (  241):     Stream #0:0(und): Audio: aac (LC) (mp4a / 0x6134706D), 44100 Hz, mono, fltp, 40 kb/s (default)
I/FFMPEG  (  241):     Metadata:
I/FFMPEG  (  241):       creation_time   : 2012-03-07 02:05:10
D/FFmpegExtractor(  241): FFmpegExtrator, url: android-source:0xb1010150, format_name: mov,mp4,m4a,3gp,3g2,mj2, format_long_name: QuickTime / MOV
I/FFmpegExtractor(  241): adjust mime(video/mp4 -> audio/mp4a-latm)
D/FFmpegExtractor(  241): suppoted codec(aac) by official Stagefright
D/FFmpegExtractor(  241): ffmpeg detected media content as 'audio/mp4a-latm' with confidence 0.08
D/ExtendedUtils(  241): Try creating ExtendedExtractor
E/MM_OSAL (  241): FileSource::FileSource
E/MM_OSAL (  241): FileSource::FileSource m_bEveryThingOK 1
E/MM_OSAL (  241): MM_File_Create File Name /data/mmosal_logmask.cfg , Mode 0
E/MM_OSAL (  241): MM_File_Create failed .Efs Error No -1 , File Name /data/mmosal_logmask.cfg , Mode 0
E/MM_OSAL (  241): Open or read fail on /data/mmosal_logmask.cfg. Possible permission denied issue. Looking for /data/misc/media/mmosal_logmask.cfg
E/MM_OSAL (  241): MM_File_Create File Name /data/misc/media/mmosal_logmask.cfg , Mode 0
E/MM_OSAL (  241): MM_File_Create failed .Efs Error No -1 , File Name /data/misc/media/mmosal_logmask.cfg , Mode 0
D/ExtendedUtils(  241): Discarding default extractor and using the extended one
E/MediaPlayer(29521): Should have subtitle controller already set
E/MediaPlayer(29521): Should have subtitle controller already set
D/NuPlayerDriver(  241): start(0xb1831880)
I/GenericSource(  241): start
E/MMParserExtractor(  241): FileSource::FILE_SOURCE_DATA_END 
W/Utils   (  241): bool android::canOffloadStream(const android::sp<android::MetaData>&, bool, const android::sp<android::MetaData>&, bool, audio_stream_type_t) No sample bit depth info in meta data
E/AudioPolicyManager(  241): isOffloadSupported: stream_type != MUSIC, returning false
I/ExtendedUtils(  241): No channel mask, try channel count
I/ExtendedUtils(  241): decision 0 mime audio/mp4a-latm
E/AudioPolicyManager(  241): isOffloadSupported: stream_type != MUSIC, returning false
I/NuPlayer(  241): Could not offload audio decode, pcm offload decided :0
W/Utils   (  241): bool android::canOffloadStream(const android::sp<android::MetaData>&, bool, const android::sp<android::MetaData>&, bool, audio_stream_type_t) No sample bit depth info in meta data
E/AudioPolicyManager(  241): isOffloadSupported: stream_type != MUSIC, returning false
I/ACodec  (  241): sampleRate=44100 channels=1 bits=16
I/SoftAAC2(  241): Reconfiguring decoder: 0->44100 Hz, 0->1 channels
E/MMParserExtractor(  241): FileSource::FILE_SOURCE_DATA_END 
E/AudioTrack(  241): AudioTrack::set : Exit
D/audio_hw_primary(  241): out_set_parameters: enter: usecase(1: low-latency-playback) kvpairs: routing=2
V/listen_hw(  241): listen_hw_set_parameters: Enter
V/listen_hw(  241): handle_set_parameters: Enter kvpairs=routing=2 capture=0
V/listen_hw(  241): handle_set_parameters: Exit
V/listen_hw(  241): listen_hw_set_parameters: Exit, ret=0
D/audio_hw_primary(  241): start_output_stream: enter: stream(0xb5880740)usecase(1: low-latency-playback) devices(0x2)
D/audio_hw_primary(  241): start_output_stream: enter: usecase(1: low-latency-playback) devices(0x2)
D/audio_hw_primary(  241): select_devices: out_snd_device(2: speaker) in_snd_device(0: )
W/msm8974_platform(  241): Codec backend bitwidth 16, samplerate 48000
D/hardware_info(  241): hw_info_append_hw_type : device_name = speaker
I/msm8974_platform(  241): platform_send_audio_calibration: sending audio calibration for snd_device(2) acdb_id(15)
D/ACDB-LOADER(  241): ACDB -> send_audio_cal, acdb_id = 15, path =  0
D/ACDB-LOADER(  241): ACDB -> send_adm_topology
D/ACDB-LOADER(  241): ACDB -> ACDB_CMD_GET_AUDPROC_COMMON_TOPOLOGY_ID
D/ACDB-LOADER(  241): ACDB -> send_asm_topology
D/ACDB-LOADER(  241): ACDB -> ACDB_CMD_GET_AUDPROC_STREAM_TOPOLOGY_ID
D/ACDB-LOADER(  241): ACDB -> send_audtable
D/ACDB-LOADER(  241): ACDB -> ACDB_CMD_GET_AUDPROC_COMMON_TABLE
D/ACDB-LOADER(  241): ACDB -> AUDIO_SET_AUDPROC_CAL
D/ACDB-LOADER(  241): ACDB -> send_audvoltable
D/ACDB-LOADER(  241): ACDB -> ACDB_CMD_GET_AUDPROC_GAIN_DEP_STEP_TABLE
D/        (  241): Failed to fetch the lookup information of the device 0000000F 
E/ACDB-LOADER(  241): Error: ACDB AudProc vol returned = -19
D/ACDB-LOADER(  241): ACDB -> AUDIO_SET_AUDPROC_VOL_CAL
D/ACDB-LOADER(  241): ACDB -> send_afe_cal
D/ACDB-LOADER(  241): ACDB -> ACDB_CMD_GET_AFE_COMMON_TABLE
D/        (  241): Failed to fetch the lookup information of the device 0000000F 
E/ACDB-LOADER(  241): Error: ACDB AFE returned = -19
D/ACDB-LOADER(  241): ACDB -> AUDIO_SET_AFE_CAL
D/audio_hw_primary(  241): select_devices: done
W/ctxmgr  ( 2159): [PowerConnectionState]Got same value as before for power connection (Plug state: 2 BatteryLevel: 0.57)
D/audio_hw_primary(  241): out_standby: enter: stream (0xb5880740) usecase(1: low-latency-playback)
D/hardware_info(  241): hw_info_append_hw_type : device_name = speaker
I/LatinIME( 1430): Starting input. Cursor position = 24,24
I/ValidateNoPeople(  756): skipping global notification
D/NuPlayerDriver(  241): stop(0xb1831880)
D/NuPlayerDriver(  241): reset(0xb1831880)
W/ALooperRoster(  241): failed to deliver message. Target handler 6690 registered, but object gone.
D/NuPlayerDriver(  241): notifyResetComplete(0xb1831880)
E/MediaPlayer-JNI(29521): QCMediaPlayer mediaplayer NOT present
W/MediaPlayer(29521): mediaplayer went away with unhandled events
D/ExtendedUtils(  241): Try creating ExtendedExtractor
E/MM_OSAL (  241): FileSource::FileSource
E/MM_OSAL (  241): FileSource::FileSource m_bEveryThingOK 1
E/MM_OSAL (  241): MM_File_Create File Name /data/mmosal_logmask.cfg , Mode 0
E/MM_OSAL (  241): MM_File_Create failed .Efs Error No -1 , File Name /data/mmosal_logmask.cfg , Mode 0
E/MM_OSAL (  241): Open or read fail on /data/mmosal_logmask.cfg. Possible permission denied issue. Looking for /data/misc/media/mmosal_logmask.cfg
E/MM_OSAL (  241): MM_File_Create File Name /data/misc/media/mmosal_logmask.cfg , Mode 0
E/MM_OSAL (  241): MM_File_Create failed .Efs Error No -1 , File Name /data/misc/media/mmosal_logmask.cfg , Mode 0
D/ExtendedUtils(  241): Discarding default extractor and using the extended one
I/FFmpegExtractor(  241): android-source:0xb1010150
I/FFMPEG  (  241): Input #0, mov,mp4,m4a,3gp,3g2,mj2, from 'android-source:0xb1010150':
I/FFMPEG  (  241):   Metadata:
I/FFMPEG  (  241):     major_brand     : M4A 
I/FFMPEG  (  241):     minor_version   : 0
I/FFMPEG  (  241):     compatible_brands: M4A mp42isom
I/FFMPEG  (  241):     creation_time   : 2012-03-07 02:05:10
I/FFMPEG  (  241):     title           : send_message
I/FFMPEG  (  241):     compilation     : 0
I/FFMPEG  (  241):     gapless_playback: 0
I/FFMPEG  (  241):     encoder         : iTunes 10.5.2.11
I/FFMPEG  (  241):     iTunSMPB        :  00000000 00000840 000000C6 00000000000006FA 00000000 00000000 00000000 00000000 00000000 00000000 00000000 00000000
I/FFMPEG  (  241):     Encoding Params : vers
I/FFMPEG  (  241):     iTunNORM        :  0000010B 00000000 0000010B 00000000 00000000 00000000 00002EE7 00000000 00000000 00000000
I/FFMPEG  (  241):   Duration: 00:00:00.09, start: 0.000000, bitrate: 393 kb/s
I/FFMPEG  (  241):     Stream #0:0(und): Audio: aac (LC) (mp4a / 0x6134706D), 44100 Hz, mono, fltp, 40 kb/s (default)
I/FFMPEG  (  241):     Metadata:
I/FFMPEG  (  241):       creation_time   : 2012-03-07 02:05:10
D/FFmpegExtractor(  241): FFmpegExtrator, url: android-source:0xb1010150, format_name: mov,mp4,m4a,3gp,3g2,mj2, format_long_name: QuickTime / MOV
I/FFmpegExtractor(  241): adjust mime(video/mp4 -> audio/mp4a-latm)
D/FFmpegExtractor(  241): suppoted codec(aac) by official Stagefright
D/FFmpegExtractor(  241): ffmpeg detected media content as 'audio/mp4a-latm' with confidence 0.08
D/ExtendedUtils(  241): Try creating ExtendedExtractor
E/MM_OSAL (  241): FileSource::FileSource
E/MM_OSAL (  241): FileSource::FileSource m_bEveryThingOK 1
E/MM_OSAL (  241): MM_File_Create File Name /data/mmosal_logmask.cfg , Mode 0
E/MM_OSAL (  241): MM_File_Create failed .Efs Error No -1 , File Name /data/mmosal_logmask.cfg , Mode 0
E/MM_OSAL (  241): Open or read fail on /data/mmosal_logmask.cfg. Possible permission denied issue. Looking for /data/misc/media/mmosal_logmask.cfg
E/MM_OSAL (  241): MM_File_Create File Name /data/misc/media/mmosal_logmask.cfg , Mode 0
E/MM_OSAL (  241): MM_File_Create failed .Efs Error No -1 , File Name /data/misc/media/mmosal_logmask.cfg , Mode 0
D/ExtendedUtils(  241): Discarding default extractor and using the extended one
E/MediaPlayer(29521): Should have subtitle controller already set
D/NuPlayerDriver(  241): start(0xb1831880)
I/GenericSource(  241): start
E/MMParserExtractor(  241): FileSource::FILE_SOURCE_DATA_END 
W/Utils   (  241): bool android::canOffloadStream(const android::sp<android::MetaData>&, bool, const android::sp<android::MetaData>&, bool, audio_stream_type_t) No sample bit depth info in meta data
E/AudioPolicyManager(  241): isOffloadSupported: stream_type != MUSIC, returning false
I/ExtendedUtils(  241): No channel mask, try channel count
I/ExtendedUtils(  241): decision 0 mime audio/mp4a-latm
E/AudioPolicyManager(  241): isOffloadSupported: stream_type != MUSIC, returning false
I/NuPlayer(  241): Could not offload audio decode, pcm offload decided :0
W/Utils   (  241): bool android::canOffloadStream(const android::sp<android::MetaData>&, bool, const android::sp<android::MetaData>&, bool, audio_stream_type_t) No sample bit depth info in meta data
E/AudioPolicyManager(  241): isOffloadSupported: stream_type != MUSIC, returning false
E/MediaPlayer(29521): Should have subtitle controller already set
I/ACodec  (  241): sampleRate=44100 channels=1 bits=16
I/SoftAAC2(  241): Reconfiguring decoder: 0->44100 Hz, 0->1 channels
E/MMParserExtractor(  241): FileSource::FILE_SOURCE_DATA_END 
E/AudioTrack(  241): AudioTrack::set : Exit
D/audio_hw_primary(  241): out_set_parameters: enter: usecase(1: low-latency-playback) kvpairs: routing=2
V/listen_hw(  241): listen_hw_set_parameters: Enter
V/listen_hw(  241): handle_set_parameters: Enter kvpairs=routing=2 capture=0
V/listen_hw(  241): handle_set_parameters: Exit
V/listen_hw(  241): listen_hw_set_parameters: Exit, ret=0
D/audio_hw_primary(  241): start_output_stream: enter: stream(0xb5880740)usecase(1: low-latency-playback) devices(0x2)
D/audio_hw_primary(  241): start_output_stream: enter: usecase(1: low-latency-playback) devices(0x2)
D/audio_hw_primary(  241): select_devices: out_snd_device(2: speaker) in_snd_device(0: )
W/msm8974_platform(  241): Codec backend bitwidth 16, samplerate 48000
D/hardware_info(  241): hw_info_append_hw_type : device_name = speaker
