E/MM_OSAL (  241): Open or read fail on /data/mmosal_logmask.cfg. Possible permission denied issue. Looking for /data/misc/media/mmosal_logmask.cfg
E/MM_OSAL (  241): MM_File_Create File Name /data/misc/media/mmosal_logmask.cfg , Mode 0
E/MM_OSAL (  241): MM_File_Create failed .Efs Error No -1 , File Name /data/misc/media/mmosal_logmask.cfg , Mode 0
D/ExtendedUtils(  241): Discarding default extractor and using the extended one
W/MediaPlayer(29521): mediaplayer went away with unhandled events
I/FFmpegExtractor(  241): android-source:0xb1010240
I/FFMPEG  (  241): Input #0, mov,mp4,m4a,3gp,3g2,mj2, from 'android-source:0xb1010240':
I/FFMPEG  (  241):   Metadata:
I/FFMPEG  (  241):     major_brand     : M4A 
I/FFMPEG  (  241):     minor_version   : 0
I/FFMPEG  (  241):     compatible_brands: M4A mp42isom
I/FFMPEG  (  241):     creation_time   : 2012-03-07 02:05:10
I/FFMPEG  (  241):     title           : send_message
I/FFMPEG  (  241):     compilation     : 0
I/FFMPEG  (  241):     gapless_playback: 0
I/FFMPEG  (  241):     encoder         : iTunes 10.5.2.11
I/FFMPEG  (  241):     iTunSMPB        :  00000000 00000840 000000C6 00000000000006FA 00000000 00000000 00000000 00000000 00000000 00000000 00000000 00000000
I/FFMPEG  (  241):     Encoding Params : vers
I/FFMPEG  (  241):     iTunNORM        :  0000010B 00000000 0000010B 00000000 00000000 00000000 00002EE7 00000000 00000000 00000000
I/FFMPEG  (  241):   Duration: 00:00:00.09, start: 0.000000, bitrate: 393 kb/s
I/FFMPEG  (  241):     Stream #0:0(und): Audio: aac (LC) (mp4a / 0x6134706D), 44100 Hz, mono, fltp, 40 kb/s (default)
I/FFMPEG  (  241):     Metadata:
I/FFMPEG  (  241):       creation_time   : 2012-03-07 02:05:10
D/FFmpegExtractor(  241): FFmpegExtrator, url: android-source:0xb1010240, format_name: mov,mp4,m4a,3gp,3g2,mj2, format_long_name: QuickTime / MOV
I/FFmpegExtractor(  241): adjust mime(video/mp4 -> audio/mp4a-latm)
D/FFmpegExtractor(  241): suppoted codec(aac) by official Stagefright
D/FFmpegExtractor(  241): ffmpeg detected media content as 'audio/mp4a-latm' with confidence 0.08
D/ExtendedUtils(  241): Try creating ExtendedExtractor
E/MM_OSAL (  241): FileSource::FileSource
E/MM_OSAL (  241): FileSource::FileSource m_bEveryThingOK 1
E/MM_OSAL (  241): MM_File_Create File Name /data/mmosal_logmask.cfg , Mode 0
E/MM_OSAL (  241): MM_File_Create failed .Efs Error No -1 , File Name /data/mmosal_logmask.cfg , Mode 0
E/MM_OSAL (  241): Open or read fail on /data/mmosal_logmask.cfg. Possible permission denied issue. Looking for /data/misc/media/mmosal_logmask.cfg
E/MM_OSAL (  241): MM_File_Create File Name /data/misc/media/mmosal_logmask.cfg , Mode 0
E/MM_OSAL (  241): MM_File_Create failed .Efs Error No -1 , File Name /data/misc/media/mmosal_logmask.cfg , Mode 0
D/ExtendedUtils(  241): Discarding default extractor and using the extended one
E/MediaPlayer(29521): Should have subtitle controller already set
E/MediaPlayer(29521): Should have subtitle controller already set
D/NuPlayerDriver(  241): start(0xb1a75820)
I/GenericSource(  241): start
E/MMParserExtractor(  241): FileSource::FILE_SOURCE_DATA_END 
W/Utils   (  241): bool android::canOffloadStream(const android::sp<android::MetaData>&, bool, const android::sp<android::MetaData>&, bool, audio_stream_type_t) No sample bit depth info in meta data
E/AudioPolicyManager(  241): isOffloadSupported: stream_type != MUSIC, returning false
I/ExtendedUtils(  241): No channel mask, try channel count
I/ExtendedUtils(  241): decision 0 mime audio/mp4a-latm
E/AudioPolicyManager(  241): isOffloadSupported: stream_type != MUSIC, returning false
I/NuPlayer(  241): Could not offload audio decode, pcm offload decided :0
W/Utils   (  241): bool android::canOffloadStream(const android::sp<android::MetaData>&, bool, const android::sp<android::MetaData>&, bool, audio_stream_type_t) No sample bit depth info in meta data
E/AudioPolicyManager(  241): isOffloadSupported: stream_type != MUSIC, returning false
I/ACodec  (  241): sampleRate=44100 channels=1 bits=16
E/MMParserExtractor(  241): FileSource::FILE_SOURCE_DATA_END 
I/SoftAAC2(  241): Reconfiguring decoder: 0->44100 Hz, 0->1 channels
E/AudioTrack(  241): AudioTrack::set : Exit
D/audio_hw_primary(  241): out_set_parameters: enter: usecase(1: low-latency-playback) kvpairs: routing=2
V/listen_hw(  241): listen_hw_set_parameters: Enter
V/listen_hw(  241): handle_set_parameters: Enter kvpairs=routing=2 capture=0
V/listen_hw(  241): handle_set_parameters: Exit
V/listen_hw(  241): listen_hw_set_parameters: Exit, ret=0
D/audio_hw_primary(  241): start_output_stream: enter: stream(0xb5880740)usecase(1: low-latency-playback) devices(0x2)
D/audio_hw_primary(  241): start_output_stream: enter: usecase(1: low-latency-playback) devices(0x2)
D/audio_hw_primary(  241): select_devices: out_snd_device(2: speaker) in_snd_device(0: )
W/msm8974_platform(  241): Codec backend bitwidth 16, samplerate 48000
D/hardware_info(  241): hw_info_append_hw_type : device_name = speaker
I/msm8974_platform(  241): platform_send_audio_calibration: sending audio calibration for snd_device(2) acdb_id(15)
D/ACDB-LOADER(  241): ACDB -> send_audio_cal, acdb_id = 15, path =  0
D/ACDB-LOADER(  241): ACDB -> send_adm_topology
D/ACDB-LOADER(  241): ACDB -> ACDB_CMD_GET_AUDPROC_COMMON_TOPOLOGY_ID
D/ACDB-LOADER(  241): ACDB -> send_asm_topology
D/ACDB-LOADER(  241): ACDB -> ACDB_CMD_GET_AUDPROC_STREAM_TOPOLOGY_ID
D/ACDB-LOADER(  241): ACDB -> send_audtable
D/ACDB-LOADER(  241): ACDB -> ACDB_CMD_GET_AUDPROC_COMMON_TABLE
D/ACDB-LOADER(  241): ACDB -> AUDIO_SET_AUDPROC_CAL
D/ACDB-LOADER(  241): ACDB -> send_audvoltable
D/ACDB-LOADER(  241): ACDB -> ACDB_CMD_GET_AUDPROC_GAIN_DEP_STEP_TABLE
D/        (  241): Failed to fetch the lookup information of the device 0000000F 
E/ACDB-LOADER(  241): Error: ACDB AudProc vol returned = -19
D/ACDB-LOADER(  241): ACDB -> AUDIO_SET_AUDPROC_VOL_CAL
D/ACDB-LOADER(  241): ACDB -> send_afe_cal
D/ACDB-LOADER(  241): ACDB -> ACDB_CMD_GET_AFE_COMMON_TABLE
D/        (  241): Failed to fetch the lookup information of the device 0000000F 
E/ACDB-LOADER(  241): Error: ACDB AFE returned = -19
D/ACDB-LOADER(  241): ACDB -> AUDIO_SET_AFE_CAL
D/audio_hw_primary(  241): select_devices: done
W/ctxmgr  ( 2159): [PowerConnectionState]Got same value as before for power connection (Plug state: 2 BatteryLevel: 0.53)
D/audio_hw_primary(  241): out_standby: enter: stream (0xb5880740) usecase(1: low-latency-playback)
D/hardware_info(  241): hw_info_append_hw_type : device_name = speaker
I/LatinIME( 1430): Starting input. Cursor position = 13,13
I/ValidateNoPeople(  756): skipping global notification
D/NuPlayerDriver(  241): stop(0xb1a75820)
D/NuPlayerDriver(  241): reset(0xb1a75820)
D/NuPlayerDriver(  241): notifyResetComplete(0xb1a75820)
E/MediaPlayer-JNI(29521): QCMediaPlayer mediaplayer NOT present
W/MediaPlayer(29521): mediaplayer went away with unhandled events
D/ExtendedUtils(  241): Try creating ExtendedExtractor
E/MM_OSAL (  241): FileSource::FileSource
E/MM_OSAL (  241): FileSource::FileSource m_bEveryThingOK 1
E/MM_OSAL (  241): MM_File_Create File Name /data/mmosal_logmask.cfg , Mode 0
E/MM_OSAL (  241): MM_File_Create failed .Efs Error No -1 , File Name /data/mmosal_logmask.cfg , Mode 0
E/MM_OSAL (  241): Open or read fail on /data/mmosal_logmask.cfg. Possible permission denied issue. Looking for /data/misc/media/mmosal_logmask.cfg
E/MM_OSAL (  241): MM_File_Create File Name /data/misc/media/mmosal_logmask.cfg , Mode 0
E/MM_OSAL (  241): MM_File_Create failed .Efs Error No -1 , File Name /data/misc/media/mmosal_logmask.cfg , Mode 0
D/ExtendedUtils(  241): Discarding default extractor and using the extended one
I/FFmpegExtractor(  241): android-source:0xb1010240
I/FFMPEG  (  241): Input #0, mov,mp4,m4a,3gp,3g2,mj2, from 'android-source:0xb1010240':
I/FFMPEG  (  241):   Metadata:
I/FFMPEG  (  241):     major_brand     : M4A 
I/FFMPEG  (  241):     minor_version   : 0
I/FFMPEG  (  241):     compatible_brands: M4A mp42isom
I/FFMPEG  (  241):     creation_time   : 2012-03-07 02:05:10
I/FFMPEG  (  241):     title           : send_message
I/FFMPEG  (  241):     compilation     : 0
I/FFMPEG  (  241):     gapless_playback: 0
I/FFMPEG  (  241):     encoder         : iTunes 10.5.2.11
I/FFMPEG  (  241):     iTunSMPB        :  00000000 00000840 000000C6 00000000000006FA 00000000 00000000 00000000 00000000 00000000 00000000 00000000 00000000
I/FFMPEG  (  241):     Encoding Params : vers
I/FFMPEG  (  241):     iTunNORM        :  0000010B 00000000 0000010B 00000000 00000000 00000000 00002EE7 00000000 00000000 00000000
I/FFMPEG  (  241):   Duration: 00:00:00.09, start: 0.000000, bitrate: 393 kb/s
I/FFMPEG  (  241):     Stream #0:0(und): Audio: aac (LC) (mp4a / 0x6134706D), 44100 Hz, mono, fltp, 40 kb/s (default)
I/FFMPEG  (  241):     Metadata:
I/FFMPEG  (  241):       creation_time   : 2012-03-07 02:05:10
D/FFmpegExtractor(  241): FFmpegExtrator, url: android-source:0xb1010240, format_name: mov,mp4,m4a,3gp,3g2,mj2, format_long_name: QuickTime / MOV
I/FFmpegExtractor(  241): adjust mime(video/mp4 -> audio/mp4a-latm)
D/FFmpegExtractor(  241): suppoted codec(aac) by official Stagefright
D/FFmpegExtractor(  241): ffmpeg detected media content as 'audio/mp4a-latm' with confidence 0.08
D/ExtendedUtils(  241): Try creating ExtendedExtractor
E/MM_OSAL (  241): FileSource::FileSource
E/MM_OSAL (  241): FileSource::FileSource m_bEveryThingOK 1
E/MM_OSAL (  241): MM_File_Create File Name /data/mmosal_logmask.cfg , Mode 0
E/MM_OSAL (  241): MM_File_Create failed .Efs Error No -1 , File Name /data/mmosal_logmask.cfg , Mode 0
E/MM_OSAL (  241): Open or read fail on /data/mmosal_logmask.cfg. Possible permission denied issue. Looking for /data/misc/media/mmosal_logmask.cfg
E/MM_OSAL (  241): MM_File_Create File Name /data/misc/media/mmosal_logmask.cfg , Mode 0
E/MM_OSAL (  241): MM_File_Create failed .Efs Error No -1 , File Name /data/misc/media/mmosal_logmask.cfg , Mode 0
D/ExtendedUtils(  241): Discarding default extractor and using the extended one
E/MediaPlayer(29521): Should have subtitle controller already set
E/MediaPlayer(29521): Should have subtitle controller already set
D/NuPlayerDriver(  241): start(0xb1a75820)
I/GenericSource(  241): start
E/MMParserExtractor(  241): FileSource::FILE_SOURCE_DATA_END 
W/Utils   (  241): bool android::canOffloadStream(const android::sp<android::MetaData>&, bool, const android::sp<android::MetaData>&, bool, audio_stream_type_t) No sample bit depth info in meta data
E/AudioPolicyManager(  241): isOffloadSupported: stream_type != MUSIC, returning false
I/ExtendedUtils(  241): No channel mask, try channel count
I/ExtendedUtils(  241): decision 0 mime audio/mp4a-latm
E/AudioPolicyManager(  241): isOffloadSupported: stream_type != MUSIC, returning false
I/NuPlayer(  241): Could not offload audio decode, pcm offload decided :0
W/Utils   (  241): bool android::canOffloadStream(const android::sp<android::MetaData>&, bool, const android::sp<android::MetaData>&, bool, audio_stream_type_t) No sample bit depth info in meta data
E/AudioPolicyManager(  241): isOffloadSupported: stream_type != MUSIC, returning false
I/ACodec  (  241): sampleRate=44100 channels=1 bits=16
I/SoftAAC2(  241): Reconfiguring decoder: 0->44100 Hz, 0->1 channels
E/MMParserExtractor(  241): FileSource::FILE_SOURCE_DATA_END 
E/AudioTrack(  241): AudioTrack::set : Exit
D/audio_hw_primary(  241): out_set_parameters: enter: usecase(1: low-latency-playback) kvpairs: routing=2
V/listen_hw(  241): listen_hw_set_parameters: Enter
V/listen_hw(  241): handle_set_parameters: Enter kvpairs=routing=2 capture=0
V/listen_hw(  241): handle_set_parameters: Exit
V/listen_hw(  241): listen_hw_set_parameters: Exit, ret=0
D/audio_hw_primary(  241): start_output_stream: enter: stream(0xb5880740)usecase(1: low-latency-playback) devices(0x2)
D/audio_hw_primary(  241): start_output_stream: enter: usecase(1: low-latency-playback) devices(0x2)
D/audio_hw_primary(  241): select_devices: out_snd_device(2: speaker) in_snd_device(0: )
W/msm8974_platform(  241): Codec backend bitwidth 16, samplerate 48000
D/hardware_info(  241): hw_info_append_hw_type : device_name = speaker
I/msm8974_platform(  241): platform_send_audio_calibration: sending audio calibration for snd_device(2) acdb_id(15)
D/ACDB-LOADER(  241): ACDB -> send_audio_cal, acdb_id = 15, path =  0
D/ACDB-LOADER(  241): ACDB -> send_adm_topology
D/ACDB-LOADER(  241): ACDB -> ACDB_CMD_GET_AUDPROC_COMMON_TOPOLOGY_ID
D/ACDB-LOADER(  241): ACDB -> send_asm_topology
D/ACDB-LOADER(  241): ACDB -> ACDB_CMD_GET_AUDPROC_STREAM_TOPOLOGY_ID
D/ACDB-LOADER(  241): ACDB -> send_audtable
D/ACDB-LOADER(  241): ACDB -> ACDB_CMD_GET_AUDPROC_COMMON_TABLE
D/ACDB-LOADER(  241): ACDB -> AUDIO_SET_AUDPROC_CAL
D/ACDB-LOADER(  241): ACDB -> send_audvoltable
D/ACDB-LOADER(  241): ACDB -> ACDB_CMD_GET_AUDPROC_GAIN_DEP_STEP_TABLE
D/        (  241): Failed to fetch the lookup information of the device 0000000F 
E/ACDB-LOADER(  241): Error: ACDB AudProc vol returned = -19
D/ACDB-LOADER(  241): ACDB -> AUDIO_SET_AUDPROC_VOL_CAL
D/ACDB-LOADER(  241): ACDB -> send_afe_cal
D/ACDB-LOADER(  241): ACDB -> ACDB_CMD_GET_AFE_COMMON_TABLE
D/        (  241): Failed to fetch the lookup information of the device 0000000F 
E/ACDB-LOADER(  241): Error: ACDB AFE returned = -19
D/ACDB-LOADER(  241): ACDB -> AUDIO_SET_AFE_CAL
D/audio_hw_primary(  241): select_devices: done
W/ctxmgr  ( 2159): [PowerConnectionState]Got same value as before for power connection (Plug state: 2 BatteryLevel: 0.53)
I/PhenotypeFlagCommitter( 1802): Experiment Configs successfully retrieved for com.google.android.gms.playlog.uploader
I/GoogleURLConnFactory( 1802): Using platform SSLCertificateSocketFactory
D/audio_hw_primary(  241): out_standby: enter: stream (0xb5880740) usecase(1: low-latency-playback)
D/hardware_info(  241): hw_info_append_hw_type : device_name = speaker
V/GLSActivity( 1802): AuthDelegateWrapperCreated with selected intent: Intent { cmp=com.google.android.gms/.auth.DefaultAuthDelegateService }
V/GLSActivity( 1802): AuthDelegateWrapperCreated with selected intent: Intent { cmp=com.google.android.gms/.auth.DefaultAuthDelegateService }
W/ctxmgr  ( 2159): [PowerConnectionState]Got same value as before for power connection (Plug state: 2 BatteryLevel: 0.53)
D/NuPlayerDriver(  241): stop(0xb1a75820)
D/NuPlayerDriver(  241): reset(0xb1a75820)
W/MediaPlayer(29521): mediaplayer went away with unhandled events
D/NuPlayerDriver(  241): notifyResetComplete(0xb1a75820)
I/LatinIME( 1430): Starting input. Cursor position = 37,37
I/ValidateNoPeople(  756): skipping global notification
W/ctxmgr  ( 2159): [PowerConnectionState]Got same value as before for power connection (Plug state: 2 BatteryLevel: 0.53)
E/MediaPlayer-JNI(29521): QCMediaPlayer mediaplayer NOT present
D/ExtendedUtils(  241): Try creating ExtendedExtractor
E/MM_OSAL (  241): FileSource::FileSource
E/MM_OSAL (  241): FileSource::FileSource m_bEveryThingOK 1
E/MM_OSAL (  241): MM_File_Create File Name /data/mmosal_logmask.cfg , Mode 0
E/MM_OSAL (  241): MM_File_Create failed .Efs Error No -1 , File Name /data/mmosal_logmask.cfg , Mode 0
E/MM_OSAL (  241): Open or read fail on /data/mmosal_logmask.cfg. Possible permission denied issue. Looking for /data/misc/media/mmosal_logmask.cfg
E/MM_OSAL (  241): MM_File_Create File Name /data/misc/media/mmosal_logmask.cfg , Mode 0
E/MM_OSAL (  241): MM_File_Create failed .Efs Error No -1 , File Name /data/misc/media/mmosal_logmask.cfg , Mode 0
D/ExtendedUtils(  241): Discarding default extractor and using the extended one
I/FFmpegExtractor(  241): android-source:0xb1010240
I/FFMPEG  (  241): Input #0, mov,mp4,m4a,3gp,3g2,mj2, from 'android-source:0xb1010240':
I/FFMPEG  (  241):   Metadata:
I/FFMPEG  (  241):     major_brand     : M4A 
I/FFMPEG  (  241):     minor_version   : 0
I/FFMPEG  (  241):     compatible_brands: M4A mp42isom
I/FFMPEG  (  241):     creation_time   : 2012-03-07 02:05:10
I/FFMPEG  (  241):     title           : send_message
I/FFMPEG  (  241):     compilation     : 0
I/FFMPEG  (  241):     gapless_playback: 0
I/FFMPEG  (  241):     encoder         : iTunes 10.5.2.11
I/FFMPEG  (  241):     iTunSMPB        :  00000000 00000840 000000C6 00000000000006FA 00000000 00000000 00000000 00000000 00000000 00000000 00000000 00000000
I/FFMPEG  (  241):     Encoding Params : vers
I/FFMPEG  (  241):     iTunNORM        :  0000010B 00000000 0000010B 00000000 00000000 00000000 00002EE7 00000000 00000000 00000000
I/FFMPEG  (  241):   Duration: 00:00:00.09, start: 0.000000, bitrate: 393 kb/s
I/FFMPEG  (  241):     Stream #0:0(und): Audio: aac (LC) (mp4a / 0x6134706D), 44100 Hz, mono, fltp, 40 kb/s (default)
I/FFMPEG  (  241):     Metadata:
I/FFMPEG  (  241):       creation_time   : 2012-03-07 02:05:10
D/FFmpegExtractor(  241): FFmpegExtrator, url: android-source:0xb1010240, format_name: mov,mp4,m4a,3gp,3g2,mj2, format_long_name: QuickTime / MOV
I/FFmpegExtractor(  241): adjust mime(video/mp4 -> audio/mp4a-latm)
D/FFmpegExtractor(  241): suppoted codec(aac) by official Stagefright
D/FFmpegExtractor(  241): ffmpeg detected media content as 'audio/mp4a-latm' with confidence 0.08
D/ExtendedUtils(  241): Try creating ExtendedExtractor
E/MM_OSAL (  241): FileSource::FileSource
E/MM_OSAL (  241): FileSource::FileSource m_bEveryThingOK 1
E/MM_OSAL (  241): MM_File_Create File Name /data/mmosal_logmask.cfg , Mode 0
E/MM_OSAL (  241): MM_File_Create failed .Efs Error No -1 , File Name /data/mmosal_logmask.cfg , Mode 0
E/MM_OSAL (  241): Open or read fail on /data/mmosal_logmask.cfg. Possible permission denied issue. Looking for /data/misc/media/mmosal_logmask.cfg
E/MM_OSAL (  241): MM_File_Create File Name /data/misc/media/mmosal_logmask.cfg , Mode 0
E/MM_OSAL (  241): MM_File_Create failed .Efs Error No -1 , File Name /data/misc/media/mmosal_logmask.cfg , Mode 0
D/ExtendedUtils(  241): Discarding default extractor and using the extended one
E/MediaPlayer(29521): Should have subtitle controller already set
E/MediaPlayer(29521): Should have subtitle controller already set
D/NuPlayerDriver(  241): start(0xb1a75820)
I/GenericSource(  241): start
E/MMParserExtractor(  241): FileSource::FILE_SOURCE_DATA_END 
W/Utils   (  241): bool android::canOffloadStream(const android::sp<android::MetaData>&, bool, const android::sp<android::MetaData>&, bool, audio_stream_type_t) No sample bit depth info in meta data
E/AudioPolicyManager(  241): isOffloadSupported: stream_type != MUSIC, returning false
I/ExtendedUtils(  241): No channel mask, try channel count
I/ExtendedUtils(  241): decision 0 mime audio/mp4a-latm
E/AudioPolicyManager(  241): isOffloadSupported: stream_type != MUSIC, returning false
I/NuPlayer(  241): Could not offload audio decode, pcm offload decided :0
W/Utils   (  241): bool android::canOffloadStream(const android::sp<android::MetaData>&, bool, const android::sp<android::MetaData>&, bool, audio_stream_type_t) No sample bit depth info in meta data
E/AudioPolicyManager(  241): isOffloadSupported: stream_type != MUSIC, returning false
I/ACodec  (  241): sampleRate=44100 channels=1 bits=16
I/SoftAAC2(  241): Reconfiguring decoder: 0->44100 Hz, 0->1 channels
E/MMParserExtractor(  241): FileSource::FILE_SOURCE_DATA_END 
E/AudioTrack(  241): AudioTrack::set : Exit
D/audio_hw_primary(  241): out_set_parameters: enter: usecase(1: low-latency-playback) kvpairs: routing=2
V/listen_hw(  241): listen_hw_set_parameters: Enter
V/listen_hw(  241): handle_set_parameters: Enter kvpairs=routing=2 capture=0
V/listen_hw(  241): handle_set_parameters: Exit
V/listen_hw(  241): listen_hw_set_parameters: Exit, ret=0
D/audio_hw_primary(  241): start_output_stream: enter: stream(0xb5880740)usecase(1: low-latency-playback) devices(0x2)
D/audio_hw_primary(  241): start_output_stream: enter: usecase(1: low-latency-playback) devices(0x2)
D/audio_hw_primary(  241): select_devices: out_snd_device(2: speaker) in_snd_device(0: )
W/msm8974_platform(  241): Codec backend bitwidth 16, samplerate 48000
D/hardware_info(  241): hw_info_append_hw_type : device_name = speaker
I/msm8974_platform(  241): platform_send_audio_calibration: sending audio calibration for snd_device(2) acdb_id(15)
D/ACDB-LOADER(  241): ACDB -> send_audio_cal, acdb_id = 15, path =  0
D/ACDB-LOADER(  241): ACDB -> send_adm_topology
D/ACDB-LOADER(  241): ACDB -> ACDB_CMD_GET_AUDPROC_COMMON_TOPOLOGY_ID
D/ACDB-LOADER(  241): ACDB -> send_asm_topology
D/ACDB-LOADER(  241): ACDB -> ACDB_CMD_GET_AUDPROC_STREAM_TOPOLOGY_ID
D/ACDB-LOADER(  241): ACDB -> send_audtable
D/ACDB-LOADER(  241): ACDB -> ACDB_CMD_GET_AUDPROC_COMMON_TABLE
D/ACDB-LOADER(  241): ACDB -> AUDIO_SET_AUDPROC_CAL
D/ACDB-LOADER(  241): ACDB -> send_audvoltable
D/ACDB-LOADER(  241): ACDB -> ACDB_CMD_GET_AUDPROC_GAIN_DEP_STEP_TABLE
D/        (  241): Failed to fetch the lookup information of the device 0000000F 
E/ACDB-LOADER(  241): Error: ACDB AudProc vol returned = -19
D/ACDB-LOADER(  241): ACDB -> AUDIO_SET_AUDPROC_VOL_CAL
D/ACDB-LOADER(  241): ACDB -> send_afe_cal
D/ACDB-LOADER(  241): ACDB -> ACDB_CMD_GET_AFE_COMMON_TABLE
D/        (  241): Failed to fetch the lookup information of the device 0000000F 
E/ACDB-LOADER(  241): Error: ACDB AFE returned = -19
D/ACDB-LOADER(  241): ACDB -> AUDIO_SET_AFE_CAL
D/audio_hw_primary(  241): select_devices: done
I/LatinIME( 1430): Starting input. Cursor position = 2,2
I/ValidateNoPeople(  756): skipping global notification
I/ValidateNoPeople(  756): skipping global notification
I/ActivityManager(  756): START u0 {act=android.intent.action.MAIN cat=[android.intent.category.HOME] flg=0x10200000 cmp=com.google.android.googlequicksearchbox/com.google.android.launcher.GEL} from uid 1000 on display 0
D/NuPlayerDriver(  241): stop(0xb1a75820)
D/NuPlayerDriver(  241): reset(0xb1a75820)
D/NuPlayerDriver(  241): notifyResetComplete(0xb1a75820)
E/MediaPlayer-JNI(29521): QCMediaPlayer mediaplayer NOT present
D/ExtendedUtils(  241): Try creating ExtendedExtractor
E/MM_OSAL (  241): FileSource::FileSource
E/MM_OSAL (  241): FileSource::FileSource m_bEveryThingOK 1
E/MM_OSAL (  241): MM_File_Create File Name /data/mmosal_logmask.cfg , Mode 0
E/MM_OSAL (  241): MM_File_Create failed .Efs Error No -1 , File Name /data/mmosal_logmask.cfg , Mode 0
E/MM_OSAL (  241): Open or read fail on /data/mmosal_logmask.cfg. Possible permission denied issue. Looking for /data/misc/media/mmosal_logmask.cfg
E/MM_OSAL (  241): MM_File_Create File Name /data/misc/media/mmosal_logmask.cfg , Mode 0
E/MM_OSAL (  241): MM_File_Create failed .Efs Error No -1 , File Name /data/misc/media/mmosal_logmask.cfg , Mode 0
D/ExtendedUtils(  241): Discarding default extractor and using the extended one
W/MediaPlayer(29521): mediaplayer went away with unhandled events
I/GEL     ( 1617): handleIntent(Intent { act=android.intent.action.MAIN cat=[android.intent.category.HOME] flg=0x10600000 cmp=com.google.android.googlequicksearchbox/com.google.android.launcher.GEL })
I/FFmpegExtractor(  241): android-source:0xb1010240
I/FFMPEG  (  241): Input #0, mov,mp4,m4a,3gp,3g2,mj2, from 'android-source:0xb1010240':
I/FFMPEG  (  241):   Metadata:
I/FFMPEG  (  241):     major_brand     : M4A 
I/FFMPEG  (  241):     minor_version   : 0
I/FFMPEG  (  241):     compatible_brands: M4A mp42isom
I/FFMPEG  (  241):     creation_time   : 2012-03-07 02:05:10
I/FFMPEG  (  241):     title           : send_message
I/FFMPEG  (  241):     compilation     : 0
I/FFMPEG  (  241):     gapless_playback: 0
I/FFMPEG  (  241):     encoder         : iTunes 10.5.2.11
I/FFMPEG  (  241):     iTunSMPB        :  00000000 00000840 000000C6 00000000000006FA 00000000 00000000 00000000 00000000 00000000 00000000 00000000 00000000
I/FFMPEG  (  241):     Encoding Params : vers
I/FFMPEG  (  241):     iTunNORM        :  0000010B 00000000 0000010B 00000000 00000000 00000000 00002EE7 00000000 00000000 00000000
I/FFMPEG  (  241):   Duration: 00:00:00.09, start: 0.000000, bitrate: 393 kb/s
I/FFMPEG  (  241):     Stream #0:0(und): Audio: aac (LC) (mp4a / 0x6134706D), 44100 Hz, mono, fltp, 40 kb/s (default)
I/FFMPEG  (  241):     Metadata:
I/FFMPEG  (  241):       creation_time   : 2012-03-07 02:05:10
D/FFmpegExtractor(  241): FFmpegExtrator, url: android-source:0xb1010240, format_name: mov,mp4,m4a,3gp,3g2,mj2, format_long_name: QuickTime / MOV
I/FFmpegExtractor(  241): adjust mime(video/mp4 -> audio/mp4a-latm)
D/FFmpegExtractor(  241): suppoted codec(aac) by official Stagefright
D/FFmpegExtractor(  241): ffmpeg detected media content as 'audio/mp4a-latm' with confidence 0.08
D/ExtendedUtils(  241): Try creating ExtendedExtractor
E/MM_OSAL (  241): FileSource::FileSource
E/MM_OSAL (  241): FileSource::FileSource m_bEveryThingOK 1
E/MM_OSAL (  241): MM_File_Create File Name /data/mmosal_logmask.cfg , Mode 0
E/MM_OSAL (  241): MM_File_Create failed .Efs Error No -1 , File Name /data/mmosal_logmask.cfg , Mode 0
E/MM_OSAL (  241): Open or read fail on /data/mmosal_logmask.cfg. Possible permission denied issue. Looking for /data/misc/media/mmosal_logmask.cfg
E/MM_OSAL (  241): MM_File_Create File Name /data/misc/media/mmosal_logmask.cfg , Mode 0
E/MM_OSAL (  241): MM_File_Create failed .Efs Error No -1 , File Name /data/misc/media/mmosal_logmask.cfg , Mode 0
D/ExtendedUtils(  241): Discarding default extractor and using the extended one
E/MediaPlayer(29521): Should have subtitle controller already set
E/MediaPlayer(29521): Should have subtitle controller already set
D/NuPlayerDriver(  241): start(0xb1a75820)
I/GenericSource(  241): start
E/MMParserExtractor(  241): FileSource::FILE_SOURCE_DATA_END 
W/Utils   (  241): bool android::canOffloadStream(const android::sp<android::MetaData>&, bool, const android::sp<android::MetaData>&, bool, audio_stream_type_t) No sample bit depth info in meta data
E/AudioPolicyManager(  241): isOffloadSupported: stream_type != MUSIC, returning false
I/ExtendedUtils(  241): No channel mask, try channel count
I/ExtendedUtils(  241): decision 0 mime audio/mp4a-latm
E/AudioPolicyManager(  241): isOffloadSupported: stream_type != MUSIC, returning false
I/NuPlayer(  241): Could not offload audio decode, pcm offload decided :0
W/Utils   (  241): bool android::canOffloadStream(const android::sp<android::MetaData>&, bool, const android::sp<android::MetaData>&, bool, audio_stream_type_t) No sample bit depth info in meta data
E/AudioPolicyManager(  241): isOffloadSupported: stream_type != MUSIC, returning false
I/ACodec  (  241): sampleRate=44100 channels=1 bits=16
W/IInputConnectionWrapper(29521): showStatusIcon on inactive InputConnection
I/SoftAAC2(  241): Reconfiguring decoder: 0->44100 Hz, 0->1 channels
E/MMParserExtractor(  241): FileSource::FILE_SOURCE_DATA_END 
E/AudioTrack(  241): AudioTrack::set : Exit
D/audio_hw_primary(  241): out_set_parameters: enter: usecase(1: low-latency-playback) kvpairs: routing=2
V/listen_hw(  241): listen_hw_set_parameters: Enter
V/listen_hw(  241): handle_set_parameters: Enter kvpairs=routing=2 capture=0
V/listen_hw(  241): handle_set_parameters: Exit
V/listen_hw(  241): listen_hw_set_parameters: Exit, ret=0
I/Timeline( 1617): Timeline: Activity_idle id: android.os.BinderProxy@34fe4749 time:37921052
I/MicroRecognitionRnrImpl( 5373): Starting detection.
I/MicrophoneInputStream( 5373): mic_starting com.google.android.apps.gsa.speech.audio.aa@cd3e1b7
D/audio_hw_primary(  241): adev_open_input_stream: enter: sample_rate(16000) channel_mask(0x10) devices(0x80000004)        stream_handle(0xb13b0a20) io_handle(2737) source(6)
I/AudioFlinger(  241): AudioFlinger's thread 0xb1b4f000 ready to run
D/audio_hw_primary(  241): in_standby: enter: stream (0xb13b0a20) usecase(7: audio-record)
D/audio_hw_primary(  241): in_standby: enter: stream (0xb13b0a20) usecase(7: audio-record)
D/audio_hw_primary(  241): in_set_parameters: enter: kvpairs=input_source=6;routing=-2147483644
I/MicrophoneInputStream( 5373): mic_started com.google.android.apps.gsa.speech.audio.aa@cd3e1b7
W/LocationOracle( 5373): Best location was null
D/audio_hw_primary(  241): start_input_stream: enter: stream(0xb13b0a20)usecase(7: audio-record)
D/audio_hw_primary(  241): select_devices: out_snd_device(0: ) in_snd_device(61: voice-rec-mic)
D/hardware_info(  241): hw_info_append_hw_type : device_name = voice-rec-mic
I/msm8974_platform(  241): platform_send_audio_calibration: sending audio calibration for snd_device(61) acdb_id(119)
D/ACDB-LOADER(  241): ACDB -> send_audio_cal, acdb_id = 119, path =  1
D/ACDB-LOADER(  241): ACDB -> send_adm_topology
D/ACDB-LOADER(  241): ACDB -> ACDB_CMD_GET_AUDPROC_COMMON_TOPOLOGY_ID
D/ACDB-LOADER(  241): ACDB -> send_asm_topology
D/ACDB-LOADER(  241): ACDB -> ACDB_CMD_GET_AUDPROC_STREAM_TOPOLOGY_ID
D/ACDB-LOADER(  241): ACDB -> send_audtable
D/ACDB-LOADER(  241): ACDB -> ACDB_CMD_GET_AUDPROC_COMMON_TABLE
D/ACDB-LOADER(  241): ACDB -> AUDIO_SET_AUDPROC_CAL
D/ACDB-LOADER(  241): ACDB -> send_audvoltable
D/ACDB-LOADER(  241): ACDB -> ACDB_CMD_GET_AUDPROC_GAIN_DEP_STEP_TABLE
D/        (  241): Failed to fetch the lookup information of the device 00000077 
E/ACDB-LOADER(  241): Error: ACDB AudProc vol returned = -19
D/ACDB-LOADER(  241): ACDB -> AUDIO_SET_AUDPROC_VOL_CAL
D/ACDB-LOADER(  241): ACDB -> AUDIO_SET_AFE_CAL
I/listen_hal_loader(  241): audio_extn_listen_update_status(): stop listen. current active device = voice-rec-mic. Event = 1
V/listen_hw(  241): listen_hw_notify_event: Enter
V/listen_hw(  241): handle_notify_event: Enter, event type = 1
V/listen_hw(  241): adsp_stop:[0xb587a900] Enter
V/listen_hw(  241): adsp_stop:[0xb587a900] Exit, status=0
I/ListenService(  241): eventCallback: Listen concurency event
V/listen_hw(  241): handle_notify_event: Exit
I/IListenReceiver( 1534): BnListenReceiver::onTransact received NOTIFY
D/(Native) ListenReceiver( 1534): notify: Audiolock mNotifyLock
D/(Native) ListenReceiver( 1534): notify: callback application
D/ListenReceiver-JNI( 1534): JNIListenReceiverListener::notify: lock mListenerLock
D/ListenReceiver-JNI( 1534): JNIListenReceiverListener::notify: data size fieldID is 0x74ae2930
D/ListenReceiver-JNI( 1534): JNIListenReceiverListener::notify() callMethod receiveEvent with mLRecvrObj=0x200aee, gEventCallbackId=0x74ae2868
D/Java ListenReceiver( 1534): receiveEvent type 9 calls processEvent
D/ListenReceiver-JNI( 1534): JNIListenReceiverListener::notify DeleteGlobalRef eventDataObj
D/ListenReceiver-JNI( 1534): JNIListenReceiverListener::notify DeleteLocalRef tmpEventDataObj
D/(Native) ListenReceiver( 1534): notify: back from callback
D/audio_hw_primary(  241): select_devices: done
W/MicroDetectionWorkerImp( 5373): Tag [MicroDetectionWorkerImpl] is too long; truncated to [MicroDetectionWorkerImp]
I/MicroDetectionWorkerImp( 5373): onReady
I/Timeline(  756): Timeline: Activity_windows_visible id: ActivityRecord{3dc8e5b5 u0 com.google.android.googlequicksearchbox/com.google.android.launcher.GEL t4876} time:37921307
W/OpenGLRenderer( 1617): Incorrectly called buildLayer on View: ShortcutAndWidgetContainer, destroying layer...
D/PhoneStatusBar(16676): disable: < expand ICONS* alerts SYSTEM_INFO* back home recent clock search >
I/MicroDetector( 5373): Keeping mic open: false
I/MicrophoneInputStream( 5373): mic_close com.google.android.apps.gsa.speech.audio.aa@cd3e1b7
W/SearchService( 5373): Abort, client detached.
D/audio_hw_primary(  241): in_standby: enter: stream (0xb13b0a20) usecase(7: audio-record)
D/hardware_info(  241): hw_info_append_hw_type : device_name = voice-rec-mic
I/listen_hal_loader(  241): audio_extn_listen_update_status(): start listen. current active device = voice-rec-mic. Event = 0
V/listen_hw(  241): listen_hw_notify_event: Enter
V/listen_hw(  241): handle_notify_event: Enter, event type = 0
V/listen_hw(  241): adsp_start:[0xb587a900] Enter
V/listen_hw(  241): adsp_start:[0xb587a900] Exit, status=0
I/ListenService(  241): eventCallback: Listen concurency event
V/listen_hw(  241): handle_notify_event: Exit
I/IListenReceiver( 1534): BnListenReceiver::onTransact received NOTIFY
D/(Native) ListenReceiver( 1534): notify: Audiolock mNotifyLock
D/(Native) ListenReceiver( 1534): notify: callback application
D/ListenReceiver-JNI( 1534): JNIListenReceiverListener::notify: lock mListenerLock
D/ListenReceiver-JNI( 1534): JNIListenReceiverListener::notify: data size fieldID is 0x74ae2930
D/ListenReceiver-JNI( 1534): JNIListenReceiverListener::notify() callMethod receiveEvent with mLRecvrObj=0x200aee, gEventCallbackId=0x74ae2868
D/Java ListenReceiver( 1534): receiveEvent type 8 calls processEvent
D/ListenReceiver-JNI( 1534): JNIListenReceiverListener::notify DeleteGlobalRef eventDataObj
D/ListenReceiver-JNI( 1534): JNIListenReceiverListener::notify DeleteLocalRef tmpEventDataObj
D/(Native) ListenReceiver( 1534): notify: back from callback
I/MicroRecognitionRnrImpl( 5373): Detection finished
D/audio_hw_primary(  241): adev_close_input_stream: enter:stream_handle(0xb13b0a20)
D/audio_hw_primary(  241): in_standby: enter: stream (0xb13b0a20) usecase(7: audio-record)
I/MicroRecognitionRnrImpl( 5373): Stopping hotword detection.
D/StatusBarWindowView(16676): Gesture!!
I/PowerManagerService(  756): Going to sleep by application request (uid 10004)...
D/BluetoothAdapter(16676): 112618713: getState() :  mService = null. Returning STATE_OFF
D/BluetoothAdapter(16676): 112618713: getState() :  mService = null. Returning STATE_OFF
D/BluetoothAdapter(16676): 112618713: getState() :  mService = null. Returning STATE_OFF
D/BluetoothAdapter(16676): 112618713: getState() :  mService = null. Returning STATE_OFF
D/BluetoothAdapter(16676): 112618713: getState() :  mService = null. Returning STATE_OFF
D/BluetoothAdapter(16676): 112618713: getState() :  mService = null. Returning STATE_OFF
W/ResourceType(16676): No package identifier when getting value for resource number 0x00000000
W/PackageManager(16676): Failure retrieving resources for com.whatsapp: Resource ID #0x0
D/SurfaceFlinger(  230): Set power mode=0, type=0 flinger=0xb6082000
I/DisplayManagerService(  756): Display device changed: DisplayDeviceInfo{"Tela integrada": uniqueId="local:0", 1080 x 1920, 63.0 fps, supportedRefreshRates [63.0], density 480, 403.411 x 403.041 dpi, appVsyncOff 7500000, presDeadline 11873016, touch INTERNAL, rotation 0, type BUILT_IN, state OFF, FLAG_DEFAULT_DISPLAY, FLAG_ROTATES_WITH_CONTENT, FLAG_SECURE, FLAG_SUPPORTS_PROTECTED_BUFFERS}
D/qdhwcomposer(  230): hwc_setPowerMode: Setting mode 0 on display: 0
V/ActivityManager(  756): Display changed displayId=0
I/qdhwcomposer(  230): handle_blank_event: dpy:0 panel power state: 0
D/qdhwcomposer(  230): hwc_setPowerMode: Done setting mode 0 on display 0
D/SurfaceControl(  756): Excessive delay in setPowerMode(): 218ms
I/QCOM PowerHAL(  756): Got set_interactive hint
I/DreamManagerService(  756): Entering dreamland.
I/PowerManagerService(  756): Dozing...
I/DreamController(  756): Starting dream: name=ComponentInfo{com.android.systemui/com.android.systemui.doze.DozeService}, isTest=false, canDoze=true, userId=0
D/PhoneStatusBar(16676): disable: < expand ICONS alerts SYSTEM_INFO back home recent clock search >
W/Settings(16676): Setting airplane_mode_on has moved from android.provider.Settings.System to android.provider.Settings.Global, returning read-only value.
W/Settings(16676): Setting airplane_mode_on has moved from android.provider.Settings.System to android.provider.Settings.Global, returning read-only value.
W/Settings(16676): Setting airplane_mode_on has moved from android.provider.Settings.System to android.provider.Settings.Global, returning read-only value.
D/audio_hw_primary(  241): adev_set_parameters: enter: screen_state=off
V/listen_hw(  241): listen_hw_set_parameters: Enter
V/listen_hw(  241): handle_set_parameters: Enter kvpairs=screen_state=off capture=0
V/listen_hw(  241): handle_set_parameters: Exit
V/listen_hw(  241): listen_hw_set_parameters: Exit, ret=0
W/Settings(16676): Setting airplane_mode_on has moved from android.provider.Settings.System to android.provider.Settings.Global, returning read-only value.
E/WifiStateMachine(  756): cancelDelayedScan -> 1555
W/Settings(16676): Setting airplane_mode_on has moved from android.provider.Settings.System to android.provider.Settings.Global, returning read-only value.
W/AudioTrack(16676): AUDIO_OUTPUT_FLAG_FAST denied by client
E/AudioTrack(16676): AudioTrack::set : Exit
D/audio_hw_primary(  241): out_set_parameters: enter: usecase(1: low-latency-playback) kvpairs: routing=2
V/listen_hw(  241): listen_hw_set_parameters: Enter
V/listen_hw(  241): handle_set_parameters: Enter kvpairs=routing=2 capture=0
V/listen_hw(  241): handle_set_parameters: Exit
V/listen_hw(  241): listen_hw_set_parameters: Exit, ret=0
D/PhoneStatusBar(16676): disable: < expand ICONS alerts SYSTEM_INFO back HOME* RECENT* clock SEARCH* >
W/ctxmgr  ( 2159): [PowerConnectionState]Got same value as before for power connection (Plug state: 2 BatteryLevel: 0.53)
E/WifiStateMachine(  756): WifiStateMachine L2Connected CMD_START_SCAN source -2 1554, 1555 -> obsolete
D/audio_hw_primary(  241): out_standby: enter: stream (0xb5880740) usecase(1: low-latency-playback)
D/hardware_info(  241): hw_info_append_hw_type : device_name = speaker
D/NuPlayerDriver(  241): stop(0xb1a75820)
D/NuPlayerDriver(  241): reset(0xb1a75820)
D/NuPlayerDriver(  241): notifyResetComplete(0xb1a75820)
W/ctxmgr  ( 2159): [PowerConnectionState]Got same value as before for power connection (Plug state: 2 BatteryLevel: 0.53)
W/ctxmgr  ( 2159): [PowerConnectionState]Got same value as before for power connection (Plug state: 2 BatteryLevel: 0.53)
W/ctxmgr  ( 2159): [PowerConnectionState]Got same value as before for power connection (Plug state: 2 BatteryLevel: 0.53)
W/ctxmgr  ( 2159): [PowerConnectionState]Got same value as before for power connection (Plug state: 2 BatteryLevel: 0.53)
W/ctxmgr  ( 2159): [PowerConnectionState]Got same value as before for power connection (Plug state: 2 BatteryLevel: 0.53)
W/ctxmgr  ( 2159): [PowerConnectionState]Got same value as before for power connection (Plug state: 2 BatteryLevel: 0.53)
W/ctxmgr  ( 2159): [PowerConnectionState]Got same value as before for power connection (Plug state: 2 BatteryLevel: 0.53)
W/ctxmgr  ( 2159): [PowerConnectionState]Got same value as before for power connection (Plug state: 2 BatteryLevel: 0.53)
W/ctxmgr  ( 2159): [PowerConnectionState]Got same value as before for power connection (Plug state: 2 BatteryLevel: 0.53)
W/ctxmgr  ( 2159): [PowerConnectionState]Got same value as before for power connection (Plug state: 2 BatteryLevel: 0.53)
W/ctxmgr  ( 2159): [PowerConnectionState]Got same value as before for power connection (Plug state: 2 BatteryLevel: 0.53)
I/GrammarCompilationSvcCt( 5373): #startService for null, CONTACT_NAMES.
I/UpdateIcingCorporaServi( 5373): Updating corpora: APPS=NONE, CONTACTS=DELTA
I/UpdateIcingCorporaServi( 5373): UpdateCorporaTask done [took 125 ms] updated contacts [took 125 ms]
I/Icing   ( 1990): Indexing 79673898CF11CCEF0E32E2E162433C570A0E6352 from com.google.android.googlequicksearchbox
E/SQLiteLog( 5373): (284) automatic index on contacts(contact_id)
W/Icing   ( 1990): CLD2 bad utf8
E/SQLiteLog( 5373): (284) automatic index on contacts(contact_id)
I/Icing   ( 1990): Indexing done 79673898CF11CCEF0E32E2E162433C570A0E6352
W/ctxmgr  ( 2159): [PowerConnectionState]Got same value as before for power connection (Plug state: 2 BatteryLevel: 0.53)
I/ProcessStatsService(  756): Prepared write state in 17ms
I/ProcessStatsService(  756): Pruning old procstats: /data/system/procstats/state-2015-11-26-17-29-28.bin
W/ctxmgr  ( 2159): [PowerConnectionState]Got same value as before for power connection (Plug state: 2 BatteryLevel: 0.53)
W/ctxmgr  ( 2159): [PowerConnectionState]Got same value as before for power connection (Plug state: 2 BatteryLevel: 0.53)
W/ctxmgr  ( 2159): [PowerConnectionState]Got same value as before for power connection (Plug state: 2 BatteryLevel: 0.53)
W/ctxmgr  ( 2159): [PowerConnectionState]Got same value as before for power connection (Plug state: 2 BatteryLevel: 0.53)
D/AndroidRuntime(29276): >>>>>> START com.android.internal.os.RuntimeInit uid 2000 <<<<<<
D/AndroidRuntime(29276): CheckJNI is OFF
D/AndroidRuntime(29276): Calling main entry com.android.commands.pm.Pm
D/Finsky  (15181): [1] PackageVerificationReceiver.onReceive: Verification requested, id = 29
D/Finsky  (15181): [1] WorkerTask.onPreExecute: Verification Requested for id = 29, data=file:///data/local/tmp/com.sveder.cardboardpassthrough flags=114 fromVerificationActivity=false
I/qtaguid (15181): Failed write_ctrl(u 43) res=-1 errno=22
I/qtaguid (15181): Untagging socket 43 failed errno=-22
W/NetworkManagementSocketTagger(15181): untagSocket(43) failed with errno -22
D/Finsky  (15181): [1] PackageVerificationService$1.onResponse: Verification id=29 response=0
D/Finsky  (15181): [1] PackageVerificationReceiver.onReceive: Verification requested, id = 29
D/DefContainer(27567): Copying /data/local/tmp/com.sveder.cardboardpassthrough to base.apk
D/PackageManager(  756): Renaming /data/app/vmdl2036463842.tmp to /data/app/com.sveder.cardboardpassthrough-1
I/ActivityManager(  756): Force stopping com.sveder.cardboardpassthrough appid=10118 user=-1: uninstall pkg
I/PackageManager(  756): Package com.sveder.cardboardpassthrough codePath changed from /data/app/com.sveder.cardboardpassthrough-2 to /data/app/com.sveder.cardboardpassthrough-1; Retaining data and using new
I/PackageManager(  756): Running dexopt on: /data/app/com.sveder.cardboardpassthrough-1/base.apk pkg=com.sveder.cardboardpassthrough isa=arm vmSafeMode=false
I/dex2oat (29299): /system/bin/dex2oat --zip-fd=6 --zip-location=/data/app/com.sveder.cardboardpassthrough-1/base.apk --oat-fd=7 --oat-location=/data/dalvik-cache/arm/data@app@com.sveder.cardboardpassthrough-1@base.apk@classes.dex --instruction-set=arm --instruction-set-features=div --runtime-arg -Xms64m --runtime-arg -Xmx512m --swap-fd=8
I/dex2oat (29299): Decided to run without swap.
I/dex2oat (29299): dex2oat took 696.286ms (threads: 4) arena alloc=73KB java alloc=977KB native alloc=2MB free=5MB
I/ActivityManager(  756): Force stopping com.sveder.cardboardpassthrough appid=10118 user=-1: update pkg
W/PackageManager(  756): Code path for pkg : com.sveder.cardboardpassthrough changing from /data/app/com.sveder.cardboardpassthrough-2 to /data/app/com.sveder.cardboardpassthrough-1
W/PackageManager(  756): Resource path for pkg : com.sveder.cardboardpassthrough changing from /data/app/com.sveder.cardboardpassthrough-2 to /data/app/com.sveder.cardboardpassthrough-1
I/ActivityManager(  756): Force stopping com.sveder.cardboardpassthrough appid=10118 user=0: pkg removed
I/InputReader(  756): Reconfiguring input devices.  changes=0x00000020
I/InputReader(  756): Reconfiguring input devices.  changes=0x00000020
D/BackupManagerService(  756): Received broadcast Intent { act=android.intent.action.PACKAGE_REMOVED dat=package:com.sveder.cardboardpassthrough flg=0x4000010 (has extras) }
D/JobSchedulerService(  756): Receieved: android.intent.action.PACKAGE_REMOVED
W/Launcher(10392): setApplicationContext called twice! old=com.android.launcher3.LauncherApplication@12cdb85 new=com.android.launcher3.LauncherApplication@12cdb85
D/BackupManagerService(  756): Received broadcast Intent { act=android.intent.action.PACKAGE_ADDED dat=package:com.sveder.cardboardpassthrough flg=0x4000010 (has extras) }
W/BackupManagerService(  756): Removing schedule queue dupe of com.sveder.cardboardpassthrough
I/InputReader(  756): Reconfiguring input devices.  changes=0x00000020
W/ContextImpl(27609): Calling a method in the system process without a qualified user: android.app.ContextImpl.startService:1734 android.content.ContextWrapper.startService:522 android.content.ContextWrapper.startService:522 com.android.keychain.KeyChainBroadcastReceiver.onReceive:12 android.app.ActivityThread.handleReceiver:2642 
I/art     (16676): Explicit concurrent mark sweep GC freed 36221(1938KB) AllocSpace objects, 26(8MB) LOS objects, 16% free, 78MB/94MB, paused 7.136ms total 79.907ms
W/Launcher.Model(10392): Nobody to tell about the new app.  Launcher is probably loading.
W/Settings(  756): Setting install_non_market_apps has moved from android.provider.Settings.Global to android.provider.Settings.Secure, returning read-only value.
I/art     (15181): Explicit concurrent mark sweep GC freed 22429(1504KB) AllocSpace objects, 17(272KB) LOS objects, 25% free, 23MB/31MB, paused 956us total 131.068ms
D/PackageBroadcastService( 1990): Received broadcast action=android.intent.action.PACKAGE_REMOVED and uri=com.sveder.cardboardpassthrough
D/ChimeraCfgMgr( 1990): Loading module com.google.android.gms.games from APK com.google.android.play.games
D/ChimeraModuleLdr( 1990): Module APK com.google.android.play.games already loaded
E/NetworkScheduler.SchedulerReceiver( 1802): Invalid parameter app
E/NetworkScheduler.SchedulerReceiver( 1802): Invalid package name : Perhaps you didn't include a PendingIntent in the extras?
W/ResourcesManager( 1617): Asset path '/system/framework/com.google.android.maps.jar' does not exist or contains no resources.
D/Finsky  (15181): [1] ExternalReferrer.access$200: Package state data is missing for com.sveder.cardboardpassthrough
D/ChimeraCfgMgr( 1990): Loading module com.google.android.gms.games from APK com.google.android.play.games
D/ChimeraModuleLdr( 1990): Module APK com.google.android.play.games already loaded
D/PackageBroadcastService( 1990): Received broadcast action=android.intent.action.PACKAGE_ADDED and uri=com.sveder.cardboardpassthrough
D/ChimeraCfgMgr( 1990): Loading module com.google.android.gms.games from APK com.google.android.play.games
D/ChimeraModuleLdr( 1990): Module APK com.google.android.play.games already loaded
D/ChimeraCfgMgr( 1990): Loading module com.google.android.gms.gass from APK com.google.android.gms
D/AsyncTaskServiceImpl( 1990): Submit a task: h
I/art     (  756): Explicit concurrent mark sweep GC freed 174492(8MB) AllocSpace objects, 16(319KB) LOS objects, 27% free, 43MB/59MB, paused 1.719ms total 166.735ms
D/ChimeraCfgMgr( 1990): Loading module com.google.android.gms.gass from APK com.google.android.gms
D/ChimeraCfgMgr( 1990): Loading module com.google.android.gms.vision from APK com.google.android.gms
D/h       ( 1990): Processing package: com.sveder.cardboardpassthrough
D/GassUtils( 1990): Found app info for package com.sveder.cardboardpassthrough:1. Hash: 1b85a2850606af2bded80ca938b6aa69938a016cc6d06063db6df77ae0940f36
D/h       ( 1990): Found info for package com.sveder.cardboardpassthrough in db.
I/art     (29276): System.exit called, status: 0
I/AndroidRuntime(29276): VM exiting with result code 0.
W/ResourcesManager( 1617): Asset path '/system/framework/com.google.android.maps.jar' does not exist or contains no resources.
I/AppIncrementalLogger( 5373): logEvent(): Logged 130 bytes in 46 ms
I/UpdateIcingCorporaServi( 5373): Updating corpora: APPS=com.sveder.cardboardpassthrough, CONTACTS=MAYBE
I/UpdateIcingCorporaServi( 5373): UpdateCorporaTask done [took 56 ms] updated apps [took 55 ms] 
D/AndroidRuntime(29339): >>>>>> START com.android.internal.os.RuntimeInit uid 2000 <<<<<<
D/AndroidRuntime(29339): CheckJNI is OFF
D/AndroidRuntime(29339): Calling main entry com.android.commands.am.Am
I/ActivityManager(  756): START u0 {act=android.intent.action.MAIN cat=[android.intent.category.LAUNCHER] flg=0x10000000 cmp=com.sveder.cardboardpassthrough/.MainActivity} from uid 2000 on display 0
W/ResourceType(  756): For resource 0x01030224, entry index(548) is beyond type entryCount(9)
W/ResourceType(  756): For resource 0x01030224, entry index(548) is beyond type entryCount(9)
V/WindowManager(  756): addAppToken: AppWindowToken{81b9ca2 token=Token{1537286d ActivityRecord{a1ba884 u0 com.sveder.cardboardpassthrough/.MainActivity t4965}}} to stack=1 task=4965 at 0
I/art     (29358): Late-enabling -Xcheck:jni
I/ActivityManager(  756): Start proc 29358:com.sveder.cardboardpassthrough/u0a118 for activity com.sveder.cardboardpassthrough/.MainActivity
D/AndroidRuntime(29339): Shutting down VM
W/Launcher(10392): setApplicationContext called twice! old=com.android.launcher3.LauncherApplication@12cdb85 new=com.android.launcher3.LauncherApplication@12cdb85
D/ChimeraCfgMgr( 1990): Loading module com.google.android.gms.gass from APK com.google.android.gms
D/AsyncTaskServiceImpl( 1990): Submit a task: h
D/PackageBroadcastService( 1990): Received broadcast action=android.intent.action.PACKAGE_REPLACED and uri=com.sveder.cardboardpassthrough
I/ActivityManager(  756): Delay finish: com.google.android.gms/.gass.chimera.PackageChangeBroadcastReceiver
D/h       ( 1990): Processing package: com.sveder.cardboardpassthrough
D/GassUtils( 1990): Found app info for package com.sveder.cardboardpassthrough:1. Hash: 1b85a2850606af2bded80ca938b6aa69938a016cc6d06063db6df77ae0940f36
D/h       ( 1990): Found info for package com.sveder.cardboardpassthrough in db.
V/ActivityManager(  756): Display changed displayId=0
I/DisplayPowerController(  756): Blocking screen on until initial contents have been drawn.
D/SurfaceFlinger(  230): Set power mode=1, type=0 flinger=0xb6082000
D/qdhwcomposer(  230): hwc_setPowerMode: Setting mode 1 on display: 0
