W/ResourceType(  756): For resource 0x01030224, entry index(548) is beyond type entryCount(9)
I/UpdateIcingCorporaServi( 5373): UpdateCorporaTask done [took 48 ms] updated apps [took 48 ms] 
W/ResourceType(  756): For resource 0x01030224, entry index(548) is beyond type entryCount(9)
W/ResourceType(  756): For resource 0x01030224, entry index(548) is beyond type entryCount(9)
W/ResourceType(  756): For resource 0x01030224, entry index(548) is beyond type entryCount(9)
W/ResourceType(  756): For resource 0x01030224, entry index(548) is beyond type entryCount(9)
W/ResourceType(  756): For resource 0x01030224, entry index(548) is beyond type entryCount(9)
W/ResourceType(  756): For resource 0x01030224, entry index(548) is beyond type entryCount(9)
D/AndroidRuntime(27653): >>>>>> START com.android.internal.os.RuntimeInit uid 2000 <<<<<<
D/AndroidRuntime(27653): CheckJNI is OFF
D/AndroidRuntime(27653): Calling main entry com.android.commands.am.Am
I/ActivityManager(  756): START u0 {act=android.intent.action.MAIN cat=[android.intent.category.LAUNCHER] flg=0x10000000 cmp=com.sveder.cardboardpassthrough/.MainActivity} from uid 2000 on display 0
W/ResourceType(  756): For resource 0x01030224, entry index(548) is beyond type entryCount(9)
W/ResourceType(  756): For resource 0x01030224, entry index(548) is beyond type entryCount(9)
V/WindowManager(  756): addAppToken: AppWindowToken{7fa0677 token=Token{340a7076 ActivityRecord{13185711 u0 com.sveder.cardboardpassthrough/.MainActivity t4964}}} to stack=1 task=4964 at 0
I/MicroDetector( 5373): Keeping mic open: false
I/MicrophoneInputStream( 5373): mic_close com.google.android.apps.gsa.speech.audio.aa@248c9dae
W/SearchService( 5373): Abort, client detached.
D/AndroidRuntime(27653): Shutting down VM
V/WindowManager(  756): Adding window Window{39c37b67 u0 Starting com.sveder.cardboardpassthrough} at 11 of 15 (after Window{25222911 u0 com.whatsapp/com.whatsapp.Conversation})
D/audio_hw_primary(  241): in_standby: enter: stream (0xb13b17e0) usecase(7: audio-record)
D/hardware_info(  241): hw_info_append_hw_type : device_name = voice-rec-mic
I/listen_hal_loader(  241): audio_extn_listen_update_status(): start listen. current active device = voice-rec-mic. Event = 0
V/listen_hw(  241): listen_hw_notify_event: Enter
V/listen_hw(  241): handle_notify_event: Enter, event type = 0
V/listen_hw(  241): adsp_start:[0xb587a900] Enter
I/art     (27671): Late-enabling -Xcheck:jni
V/listen_hw(  241): adsp_start:[0xb587a900] Exit, status=0
I/ListenService(  241): eventCallback: Listen concurency event
V/listen_hw(  241): handle_notify_event: Exit
I/IListenReceiver( 1534): BnListenReceiver::onTransact received NOTIFY
D/(Native) ListenReceiver( 1534): notify: Audiolock mNotifyLock
D/(Native) ListenReceiver( 1534): notify: callback application
D/ListenReceiver-JNI( 1534): JNIListenReceiverListener::notify: lock mListenerLock
D/ListenReceiver-JNI( 1534): JNIListenReceiverListener::notify: data size fieldID is 0x74ae2930
D/ListenReceiver-JNI( 1534): JNIListenReceiverListener::notify() callMethod receiveEvent with mLRecvrObj=0x200aee, gEventCallbackId=0x74ae2868
D/Java ListenReceiver( 1534): receiveEvent type 8 calls processEvent
D/ListenReceiver-JNI( 1534): JNIListenReceiverListener::notify DeleteGlobalRef eventDataObj
D/ListenReceiver-JNI( 1534): JNIListenReceiverListener::notify DeleteLocalRef tmpEventDataObj
D/(Native) ListenReceiver( 1534): notify: back from callback
I/ActivityManager(  756): Start proc 27671:com.sveder.cardboardpassthrough/u0a118 for activity com.sveder.cardboardpassthrough/.MainActivity
D/audio_hw_primary(  241): adev_close_input_stream: enter:stream_handle(0xb13b17e0)
D/audio_hw_primary(  241): in_standby: enter: stream (0xb13b17e0) usecase(7: audio-record)
I/MicroRecognitionRnrImpl( 5373): Detection finished
I/MicroRecognitionRnrImpl( 5373): Stopping hotword detection.
W/Launcher(10392): setApplicationContext called twice! old=com.android.launcher3.LauncherApplication@12cdb85 new=com.android.launcher3.LauncherApplication@12cdb85
D/PackageBroadcastService( 1990): Received broadcast action=android.intent.action.PACKAGE_REPLACED and uri=com.sveder.cardboardpassthrough
D/ChimeraCfgMgr( 1990): Loading module com.google.android.gms.gass from APK com.google.android.gms
D/AsyncTaskServiceImpl( 1990): Submit a task: h
E/art     (27671): Failed sending reply to debugger: Broken pipe
I/art     (27671): Debugger is no longer active
V/ActivityManager(  756): Display changed displayId=0
I/ActivityManager(  756): Config changes=480 {1.0 724mcc10mnc pt_BR ?layoutDir sw360dp w640dp h335dp 480dpi nrml long land finger -keyb/v/h -nav/h s.108 themeResource=null}
I/InputReader(  756): Reconfiguring input devices.  changes=0x00000004
I/InputReader(  756): Device reconfigured: id=5, name='synaptics-rmi-ts', size 1080x1920, orientation 1, mode 1, display id 0
D/h       ( 1990): Processing package: com.sveder.cardboardpassthrough
D/ChimeraCfgMgr( 1990): Loading module com.google.android.gms.vision from APK com.google.android.gms
E/NetworkScheduler.SchedulerReceiver( 1802): Invalid parameter app
E/NetworkScheduler.SchedulerReceiver( 1802): Invalid package name : Perhaps you didn't include a PendingIntent in the extras?
D/GassUtils( 1990): Found app info for package com.sveder.cardboardpassthrough:1. Hash: 1b85a2850606af2bded80ca938b6aa69938a016cc6d06063db6df77ae0940f36
D/h       ( 1990): Found info for package com.sveder.cardboardpassthrough in db.
I/LoadedApk(27671): No resource references to update in package common
I/LoadedApk(27671): No resource references to update in package com.cyngn.hexo
I/ActivityManager(  756): Start proc 27693:com.google.android.apps.cloudprint/u0a42 for broadcast com.google.android.apps.cloudprint/.printdialog.receivers.UpgradeBroadcastReceiver
W/ResourceType(27671): For resource 0x01030224, entry index(548) is beyond type entryCount(9)
W/ResourceType(27671): For resource 0x01030224, entry index(548) is beyond type entryCount(9)
D/OpenGLRenderer(27671): Use EGL_SWAP_BEHAVIOR_PRESERVED: true
D/Atlas   (27671): Validating map...
I/LoadedApk(27693): No resource references to update in package common
I/LoadedApk(27693): No resource references to update in package com.cyngn.hexo
V/WindowManager(  756): Adding window Window{356b61d6 u0 com.sveder.cardboardpassthrough/com.sveder.cardboardpassthrough.MainActivity} at 11 of 16 (before Window{39c37b67 u0 Starting com.sveder.cardboardpassthrough})
D/CameraService(27671): onBind
D/CameraService(27671): pointer to bindercom.sveder.cardboardpassthrough.CameraService$CameraBinder@344b0d00
I/Adreno-EGL(27671): <qeglDrvAPI_eglInitialize:410>: EGL 1.4 QUALCOMM build: AU_LINUX_ANDROID_LA.BF.1.1.1_RB1.05.01.00.042.030_msm8974_LA.BF.1.1.1_RB1__release_AU ()
I/Adreno-EGL(27671): OpenGL ES Shader Compiler Version: E031.25.03.06
I/Adreno-EGL(27671): Build Date: 04/15/15 Wed
I/Adreno-EGL(27671): Local Branch: mybranch9068252
I/Adreno-EGL(27671): Remote Branch: quic/LA.BF.1.1.1_rb1.19
I/Adreno-EGL(27671): Local Patches: NONE
I/Adreno-EGL(27671): Reconstruct Branch: AU_LINUX_ANDROID_LA.BF.1.1.1_RB1.05.01.00.042.030 +  NOTHING
I/OpenGLRenderer(27671): Initialized EGL, version 1.4
D/OpenGLRenderer(27671): Enabling debug mode 0
V/WindowManager(  756): Adding window Window{d477c2d u0 SurfaceView} at 11 of 17 (before Window{356b61d6 u0 com.sveder.cardboardpassthrough/com.sveder.cardboardpassthrough.MainActivity})
D/MainActivity(27671): Service connected.
D/CameraService(27671): Begin called.
I/MainActivity(27671): onSurfaceCreated
D/CameraService(27671): Listener set.
W/AudioFlinger(  241): acquireAudioSessionId() unknown client 27671 for session 2721
I/FFmpegExtractor(  241): android-source:0xaebacf60
W/ResourceType(16676): For resource 0x01030224, entry index(548) is beyond type entryCount(9)
W/ResourceType(16676): For resource 0x01030224, entry index(548) is beyond type entryCount(9)
I/FFMPEG  (  241): Input #0, ogg, from 'android-source:0xaebacf60':
I/FFMPEG  (  241):   Duration: 00:00:00.42, start: 0.000000, bitrate: 113 kb/s
I/FFMPEG  (  241):     Stream #0:0: Audio: vorbis, 48000 Hz, mono, fltp, 48 kb/s
I/FFMPEG  (  241):     Metadata:
I/FFMPEG  (  241):       TITLE           : Camera Shutter
I/FFMPEG  (  241):       ARTIST          : (c) 2012 Android Open Source Project
D/FFmpegExtractor(  241): FFmpegExtrator, url: android-source:0xaebacf60, format_name: ogg, format_long_name: Ogg
I/FFmpegExtractor(  241): adjust mime(application/ogg -> audio/vorbis)
D/FFmpegExtractor(  241): suppoted codec(vorbis) by official Stagefright
D/FFmpegExtractor(  241): ffmpeg detected media content as 'audio/vorbis' with confidence 0.08
V/RenderScript(27671): Application requested CPU execution
D/ExtendedUtils(  241): extended extractor not needed, return default
W/AudioFlinger(  241): acquireAudioSessionId() unknown client 27671 for session 2722
V/RenderScript(27671): 0xaec0e600 Launching thread(s), CPUs 4
I/FFmpegExtractor(  241): android-source:0xb1990060
I/FFMPEG  (  241): Input #0, ogg, from 'android-source:0xb1990060':
I/FFMPEG  (  241):   Duration: 00:00:00.54, start: 0.000000, bitrate: 95 kb/s
I/FFMPEG  (  241):     Stream #0:0: Audio: vorbis, 48000 Hz, mono, fltp, 48 kb/s
I/FFMPEG  (  241):     Metadata:
I/FFMPEG  (  241):       TITLE           : Video Record
I/FFMPEG  (  241):       ARTIST          : (c) 2012 Android Open Source Project
D/FFmpegExtractor(  241): FFmpegExtrator, url: android-source:0xb1990060, format_name: ogg, format_long_name: Ogg
I/FFmpegExtractor(  241): adjust mime(application/ogg -> audio/vorbis)
D/FFmpegExtractor(  241): suppoted codec(vorbis) by official Stagefright
D/FFmpegExtractor(  241): ffmpeg detected media content as 'audio/vorbis' with confidence 0.08
V/WindowManager(  756): Layouts looping: On entry to LockedInner, mPendingLayoutChanges = 0x1
V/WindowManager(  756): Layouts looping: loop number 4, mPendingLayoutChanges = 0x0
V/WindowManager(  756): Layouts looping: after finishPostLayoutPolicyLw, mPendingLayoutChanges = 0x0
V/WindowManager(  756): Layouts looping: mLayoutNeeded, mPendingLayoutChanges = 0x1
D/ExtendedUtils(  241): extended extractor not needed, return default
I/CameraClient(  241): Opening camera 0
D/QCameraStateMachine(  241): static void* qcamera::QCameraStateMachine::smEvtProcRoutine(void*): E
E/QCamera2HWI(  241): [KPI Perf] int qcamera::QCamera2HardwareInterface::openCamera(hw_device_t**): E PROFILE_OPEN_CAMERA camera id 0
E/mm-camera-intf(  241): mm_camera_open: dev name = /dev/video1, cam_idx = 1
V/WindowManager(  756): Layouts looping: On entry to LockedInner, mPendingLayoutChanges = 0x1
V/WindowManager(  756): Layouts looping: loop number 5, mPendingLayoutChanges = 0x0
V/WindowManager(  756): Layouts looping: after finishPostLayoutPolicyLw, mPendingLayoutChanges = 0x0
V/WindowManager(  756): Layouts looping: mLayoutNeeded, mPendingLayoutChanges = 0x1
E/WindowManager(  756): Performed 6 layouts in a row. Skipping
W/IInputConnectionWrapper( 1617): showStatusIcon on inactive InputConnection
I/ActivityManager(  756): Displayed com.sveder.cardboardpassthrough/.MainActivity: +349ms
I/Timeline(  756): Timeline: Activity_windows_visible id: ActivityRecord{13185711 u0 com.sveder.cardboardpassthrough/.MainActivity t4964} time:37865973
E/mm-camera-sensor(  255): module_sensor_start_session:532 session 1
E/mm-camera(  255): [mct_pipeline_start_session_thread], start(iface) module. started mod_number=1, pid=27735
E/mm-camera(  255): isp_tintless_open: E: b6ef08e9
E/mm-camera-sensor(  255): module_sensor_init_session:219 module_sensor_init_session: open qcom_flash failed
E/mm-camera(  255): isp_tintless_get_version: lib returned version 3.61 err=0
E/mm-camera(  255): [mct_pipeline_start_session_thread], start(imglib) module. started mod_number=2, pid=27739
E/mm-camera(  255): [mct_pipeline_start_session_thread], start(isp) module. started mod_number=3, pid=27736
E/mm-camera(  255): is_module_start_session: Enter
E/mm-camera(  255): is_port_set_caps: Enter
E/mm-camera(  255): is_port_init: is mode is 3
E/mm-camera(  255): is_module_start_session: Exit successful
E/mm-camera(  255): gyro_module_start_session: Enter
E/mm-camera(  255): gyro_port_init: Init DSPS
E/mm-camera(  255): gyro_port_init: DSPS inited
E/mm-camera(  255): gyro_module_start_session: Exit successful
E/mm-camera(  255): is_module_get_port: Exit successful
E/mm-camera(  255): gyro_module_get_port: Exit successful
E/mm-camera(  255): [mct_pipeline_start_session_thread], start(stats) module. started mod_number=4, pid=27737
E/mm-camera-sensor(  255): eeprom_load_library:505 e_ctrl->eeprom_lib.func_tbl =0xb68a9004
E/mm-camera-sensor(  255): module_sensor_start_session:573 failed
E/mm-camera-sensor(  255): module_sensor_start_session:579 failed
E/mm-camera(  255): [mct_pipeline_start_session_thread], start(sensor) module. started mod_number=5, pid=27734
E/mm-camera(  255): c2d_module_start_session:227, info: starting session 1
E/mm-camera(  255): c2d_thread_func:41: c2d_thread entering the polling loop...
E/mm-camera(  255): c2d_module_start_session:274, info: c2d_thread created.
E/mm-camera(  255): c2d_module_start_session:296, info: session 1 started.
E/mm-camera(  255): [mct_pipeline_start_session_thread], start(pproc) module. started mod_number=6, pid=27738
E/mm-camera-intf(  241): mm_camera_open:  opened, break out while loop
D/QCamera2HWI(  241): int qcamera::QCamera2HardwareInterface::openCamera(): persist.oppo.ctsversion is 0
D/QCamera2HWI(  241): int qcamera::QCamera2HardwareInterface::openCamera(): enable_4k2k is 1
E/mm-jpeg-intf(  241): mm_jpeg_init:1739] Launch jobmgr thread rc 0
E/mm-jpeg-intf(  241): Max picture size 4208 x 3120, WorkBufSize = 19869696
E/qomx_image_core(  241): OMX_Init:94] Complete 2
E/QCameraPostProc(  241): static void* qcamera::QCameraPostProcessor::supZoomRoutine(void*): E
D/QCameraParameters(  241): int32_t qcamera::QCameraParameters::initDefaultParameters(): i 0 removePreviewSize  1, 4096 x 2160
D/QCameraParameters(  241): int32_t qcamera::QCameraParameters::initDefaultParameters(): i 1 removePreviewSize  2, 3840 x 2160
D/QCameraParameters(  241): int32_t qcamera::QCameraParameters::initDefaultParameters(): supported preview sizes: 1920x1080,1440x1080,1280x960,1280x720,768x432,720x480,640x480,576x432,384x288,352x288,320x240
D/QCameraParameters(  241): int32_t qcamera::QCameraParameters::initDefaultParameters(): set default_preview_size to 5, 1280 x 720
D/QCameraParameters(  241): int32_t qcamera::QCameraParameters::initDefaultParameters(): i 0 removeVideoSize  1, 4096 x 2160
D/QCameraParameters(  241): int32_t qcamera::QCameraParameters::initDefaultParameters(): i 1 removeVideoSize  2, 3840 x 2160
D/QCameraParameters(  241): int32_t qcamera::QCameraParameters::initDefaultParameters(): supported video sizes: 1920x1080,1440x1080,1280x720,864x480,800x480,720x480,640x480,480x320,384x288,352x288,320x240,176x144
D/QCameraParameters(  241): int32_t qcamera::QCameraParameters::initDefaultParameters(): supported pic sizes: 4208x3120,4160x3120,4160x2340,4000x3000,4096x2160,3200x2400,3200x1800,2592x1944,2048x1536,1920x1080,1600x1200,1280x768,1280x720,1024x768,800x600,800x480,720x480,640x480,352x288,320x240,176x144
D/QCameraParameters(  241): int32_t qcamera::QCameraParameters::initDefaultParameters(): supported fps ranges: (7500,30000),(8000,30000)
E/QCameraParameters(  241): int32_t qcamera::QCameraParameters::setPreviewFpsRange(int, int): Setting preview fps range 7500,30000
D/QCameraParameters(  241): int32_t qcamera::QCameraParameters::initDefaultParameters(): supported fps rates: 8,9,10,11,12,13,14,15,16,17,18,19,20,21,22,23,24,25,26,27,28,29,30
D/QCameraParameters(  241): int32_t qcamera::QCameraParameters::setFocusMode(const char*): Setting focus mode auto
E/mm-camera(  255): mct_pipeline_process_set:command=800000e
D/QCameraParameters(  241): int32_t qcamera::QCameraParameters::setSceneMode(const char*): Setting SceneMode auto m_nSceneMode 0
E/QCameraParameters(  241): int32_t qcamera::QCameraParameters::setInitExpIndex(int): set init aec luma 150
D/QCameraParameters(  241): int32_t qcamera::QCameraParameters::setAEBracket(const char*), EXP_BRACKETING_OFF
D/QCameraParameters(  241): int32_t qcamera::QCameraParameters::setDISValue(const char*): Setting DIS value disable
E/mm-camera(  255): mct_pipeline_process_set:command=800000e
D/QCameraParameters(  241): int32_t qcamera::QCameraParameters::setNumOfSnapshot(): nBurstNum = 1, nExpnum = 1
E/Thermal-Lib(  241): Thermal-Lib-Client: thermal_client_register_callback: Client Registration failed
E/Thermal-Lib(  241): Thermal-Lib-Client: thermal_client_register_callback: Client Registration failed
E/Thermal-Lib(  241): Thermal-Lib-Client: thermal_client_register_callback: Client Registration failed
E/Thermal-Lib(  241): Thermal-Lib-Client: thermal_client_register_callback: Client Registration failed
E/QCamera2HWI(  241): [KPI Perf] static int qcamera::QCamera2HardwareInterface::start_preview(camera_device*): E PROFILE_START_PREVIEW
D/MirrorProcess(  241): MirrorContext constructor (0x0)
D/QCamera2HWI(  241): uint8_t qcamera::QCamera2HardwareInterface::getBufNumRequired(cam_stream_type_t): Allocating 7 buffers for streamtype 7
D/QCamera2HWI(  241): uint8_t qcamera::QCamera2HardwareInterface::getBufNumRequired(cam_stream_type_t): Allocating 7 buffers for streamtype 7
E/mm-camera(  255): mct_pipeline_process_set:command=800000a
E/mm-camera(  255): mct_pipeline_process_set:command=8000012
E/mm-camera(  255): mct_pipeline_add_stream_to_linked_streams: linked streams: 0x80
E/mm-camera(  255): mct_stream_start_link: Starting meta stream linking: do nothing 
E/mm-camera-intf(  241): mm_stream_get_v4l2_fmt: Unknown fmt=78
E/mm-camera(  255): mct_pipeline_process_set:command=8000004
D/QCamera2HWI(  241): uint8_t qcamera::QCamera2HardwareInterface::getBufNumRequired(cam_stream_type_t): Allocating 8 buffers for streamtype 1
D/QCamera2HWI(  241): virtual qcamera::QCameraHeapMemory* qcamera::QCamera2HardwareInterface::allocateStreamInfoBuf(cam_stream_type_t): EIS type=0
D/QCamera2HWI(  241): uint8_t qcamera::QCamera2HardwareInterface::getBufNumRequired(cam_stream_type_t): Allocating 8 buffers for streamtype 1
E/mm-camera(  255): mct_pipeline_process_set:command=800000a
E/mm-camera(  255): mct_pipeline_process_set:command=8000012
E/mm-camera(  255): mct_pipeline_add_stream_to_linked_streams: linked streams: 0x82
E/mm-camera(  255): mct_stream_start_link: Starting preview/postview stream linking 
E/mm-camera-sensor(  255): port_sensor_caps_reserve:134 ide 10002 stream type 1 w*h 1920*1080
E/mm-camera-sensor(  255): port_sensor_ext_link_func:208 ide 10002
E/mm-camera(  255): isp_util_find_matched_existing_src_port#171: X
E/mm-camera(  255): c2d_port_check_caps_reserve:77, identity=0x10002
E/mm-camera(  255): c2d_port_check_caps_reserve:143, identity=0x10002, reserved
E/mm-camera(  255): c2d_module_notify_add_stream:1174, info: success, identity=0x10002
E/mm-camera(  255): c2d_port_check_caps_reserve:77, identity=0x10002
E/mm-camera(  255): c2d_port_check_caps_reserve:143, identity=0x10002, reserved
E/mm-camera(  255): module_afs_client_create:202]
E/mm-camera(  255): module_faceproc_client_create:972] Face proc feature mask e 0
E/mm-camera(  255): is_port_check_caps_reserve: Enter
E/mm-camera(  255): is_port_check_caps_reserve: port state = 1, identity = 0x10002, stream_type = 1
E/mm-camera(  255): is_port_ext_link: Enter
E/mm-camera(  255): is_port_ext_link: IS_PORT_STATE_CREATED
E/mm-camera(  255): is_port_ext_link: rc=1
E/mm-camera-sensor(  255): module_sensor_event_control_set_parm:1824 CAM_INTF_PARM_LED_MODE 0 
E/mm-camera-sensor(  255): 
E/mm-camera(  255): mct_pipeline_process_set:command=8000004
D/QCamera2HWI(  241): int qcamera::QCamera2HardwareInterface::startPreview(): E
E/mm-camera-intf(  241): mm_stream_request_buf: buf_num = 7, stream type = 7
E/mm-camera(  255): mct_pipeline_process_set:command=8000008
E/mm-camera(  255): mct_pipeline_process_set: stream_type = 7
E/QCameraParameters(  241): int qcamera::QCameraParameters::getPreviewHalPixelFormat() const: format 17
D/QCameraHWI_Mem(  241): virtual int qcamera::QCameraGrallocMemory::allocate(int, int): usage = 1073872896, geometry: 0xb1831890, 1920, 1080, 1920, 1080, 17
E/mm-camera-intf(  241): mm_stream_request_buf: buf_num = 8, stream type = 1
E/mm-camera(  255): mct_pipeline_process_set:command=8000008
E/mm-camera(  255): mct_pipeline_process_set: stream_type = 1
E/mm-camera-sensor(  255): module_sensor_stream_on:985 ide 10002 SENSOR_START_STREAM
E/mm-camera-sensor(  255): module_sensor_is_ready_for_stream_on:680 any bundle started 0
E/mm-camera-sensor(  255): module_sensor_is_ready_for_stream_on:698 s_bundle->stream_on_count 0
E/mm-camera-sensor(  255): module_sensor_is_ready_for_stream_on:699 is_bundle_started 0
E/mm-camera-sensor(  255): modules_sensor_set_new_resolution:874 SENSOR_SET_RESOLUTION 1920*1080 mask 2
E/mm-camera-sensor(  255): sensor_set_resolution:1420 width 1920, height 1080
E/mm-camera-sensor(  255): sensor_set_resolution:1422 stream mask 2 hfr mode 0 fps 30.000000
E/mm-camera-sensor(  255): sensor_pick_resolution:1185 requested aspect ratio 177
E/mm-camera-sensor(  255): sensor_pick_resolution:1187 req_asp_ratio 177
E/mm-camera-sensor(  255): sensor_pick_resolution:1303 req_asp_ratio 177 sup_asp_ratio 134
E/mm-camera-sensor(  255): sensor_pick_resolution:1307 fabs 43
E/mm-camera-sensor(  255): sensor_pick_resolution:1320 pick res 0
E/mm-camera-sensor(  255): sensor_pick_resolution:1303 req_asp_ratio 177 sup_asp_ratio 134
E/mm-camera-sensor(  255): sensor_pick_resolution:1307 fabs 43
E/mm-camera-sensor(  255): sensor_pick_resolution:1320 pick res 1
E/mm-camera-sensor(  255): sensor_set_resolution:1485 cur res 8 new res 1
E/mm-camera(  255): decide_isp_nums_camif: num_isp = 1
E/mm-camera(  255): port_isp_module_event: E, identity = 0x10002, IFACE_SET_STREAM_CONFIG
E/mm-camera(  255): isp_sink_port_stream_config: E, session_id = 1, stream_id = 2, stream_type = 1
E/mm-camera(  255): isp_sink_port_stream_config: session_id = 1, stream_id = 2, is_split = 0
E/mm-camera(  255): isp_sink_port_stream_config: old vfe_id_mask = 0x0, new vfe_id_mask = 0x1
E/mm-camera(  255): afd_set_parameters: param=0xb3dfc07c afd_obj =0xaf888000, type =3
E/mm-camera-sensor(  255): module_sensor_stream_on:1310 chromatix name libchromatix_imx214_preview_binning.so
E/mm-camera-sensor(  255): eeprom_process:819 e_ctrl->eeprom_lib.func_tbl =0xb68a9004
E/mm-camera-sensor(  255): sony_imx214_eeprom_read_wbdata_groups:126 Total bytes in OTP buffer: 279
E/mm-camera-sensor(  255): sony_imx214_eeprom_read_wbdata_groups:145 OTP AWB data not present for LightType[3].
E/mm-camera-sensor(  255): sony_imx214_eeprom_read_wbdata_groups:126 Total bytes in OTP buffer: 279
E/mm-camera-sensor(  255): sony_imx214_eeprom_read_wbdata_groups:145 OTP AWB data not present for LightType[2].
E/mm-camera-sensor(  255): sony_imx214_eeprom_read_wbdata_groups:126 Total bytes in OTP buffer: 279
E/mm-camera(  255): afd_set_parameters: param=0xb3dfc0b4 afd_obj =0xaf888000, type =1
E/mm-camera(  255): afd_set_parameters: param=0xb3dfc0ec afd_obj =0xaf888000, type =5
E/mm-camera-CORE(  255): afd_process_pack_output: afd_enable 0, monitor 0, flicker 0, freq 50, afd_state 0, afd_atb 2
E/mm-camera(  255): afd_set_parameters: param=0xb3dfc124 afd_obj =0xaf888000, type =0
E/mm-camera(  255): afd_set_parameters: param=0xb3dfc07c afd_obj =0xaf888000, type =0
E/mm-camera(  255): afd_set_parameters: param=0xb3dfc15c afd_obj =0xaf888000, type =0
E/mm-camera(  255): afd_set_parameters: param=0xb3dfc194 afd_obj =0xaf888000, type =0
E/mm-camera(  255): afd_set_parameters: param=0xb3dfc1cc afd_obj =0xaf888000, type =0
E/mm-camera(  255): afd_set_parameters: param=0xb3dfc0b4 afd_obj =0xaf888000, type =0
E/mm-camera(  255): afd_set_parameters: param=0xb3dfc204 afd_obj =0xaf888000, type =0
E/mm-camera(  255): afd_set_parameters: param=0xb3dfc23c afd_obj =0xaf888000, type =0
E/mm-camera(  255): isp_tintless_config: tint_correction_strength updated to 4
E/mm-camera(  255): afd_set_parameters: param=0xb3dfc274 afd_obj =0xaf888000, type =0
E/mm-camera(  255): isp_tintless_update_chromatix_params: lib returned config err=0
E/mm-camera(  255): afd_set_parameters: param=0xb3dfc2ac afd_obj =0xaf888000, type =0
E/mm-camera(  255): afd_set_parameters: param=0xb3dfc2e4 afd_obj =0xaf888000, type =0
E/mm-camera(  255): afd_set_parameters: param=0xb3dfc31c afd_obj =0xaf888000, type =0
E/mm-camera(  255): afd_set_parameters: param=0xb3dfc354 afd_obj =0xaf888000, type =0
E/mm-camera(  255): afd_set_parameters: param=0xb3dfc38c afd_obj =0xaf888000, type =0
E/mm-camera(  255): afd_set_parameters: param=0xb3dfc3c4 afd_obj =0xaf888000, type =0
E/mm-camera(  255): afd_set_parameters: param=0xb3dfc3fc afd_obj =0xaf888000, type =0
E/mm-camera(  255): afd_set_parameters: param=0xb3dfc434 afd_obj =0xaf888000, type =0
E/mm-camera(  255): afd_set_parameters: param=0xb3dfc07c afd_obj =0xaf888000, type =5
E/mm-camera-CORE(  255): afd_process_pack_output: afd_enable 0, monitor 0, flicker 0, freq 50, afd_state 0, afd_atb 2
E/mm-camera(  255): afd_set_parameters: param=0xb3dfc0b4 afd_obj =0xaf888000, type =0
E/mm-camera(  255): afd_set_parameters: param=0xb3dfc0ec afd_obj =0xaf888000, type =0
E/mm-camera(  255): afd_set_parameters: param=0xb3dfc124 afd_obj =0xaf888000, type =0
E/mm-camera(  255): afd_set_parameters: param=0xb3dfc15c afd_obj =0xaf888000, type =0
E/mm-camera(  255): afd_set_parameters: param=0xb3dfc194 afd_obj =0xaf888000, type =0
E/mm-camera(  255): afd_set_parameters: param=0xb3dfc1cc afd_obj =0xaf888000, type =0
E/mm-camera(  255): afd_set_parameters: param=0xb3dfc204 afd_obj =0xaf888000, type =0
E/mm-camera(  255): afd_set_parameters: param=0xb3dfc07c afd_obj =0xaf888000, type =0
E/mm-camera(  255): afd_set_parameters: param=0xb3dfc0b4 afd_obj =0xaf888000, type =0
E/mm-camera(  255): afd_set_parameters: param=0xb3dfc23c afd_obj =0xaf888000, type =0
E/mm-camera(  255): afd_set_parameters: param=0xb3dfc274 afd_obj =0xaf888000, type =0
E/mm-camera(  255): afd_set_parameters: param=0xb3dfc0ec afd_obj =0xaf888000, type =0
E/mm-camera(  255): afd_set_parameters: param=0xb3dfc124 afd_obj =0xaf888000, type =0
E/mm-camera(  255): afd_set_parameters: param=0xb3dfc15c afd_obj =0xaf888000, type =0
E/mm-camera(  255): afd_set_parameters: param=0xb3dfc194 afd_obj =0xaf888000, type =0
E/mm-camera(  255): afd_set_parameters: param=0xb3dfc07c afd_obj =0xaf888000, type =0
E/mm-camera(  255): afd_set_parameters: param=0xb3dfc0b4 afd_obj =0xaf888000, type =0
E/mm-camera(  255): port_isp_mct_ctrl_cmd: E, identity = 0x10002, STREAMON
E/mm-camera(  255): is_port_handle_stream_event: MCT_EVENT_CONTROL_STREAMON, identity = 0x10002
E/mm-camera(  255): module_afs_port_event_func:522] AFS_STREAMON 10002
E/mm-camera-img(  255): Face Album FILE EXISTS
E/mm-camera(  255): c2d_module_handle_streamon_event:1223, identity=0x10002, stream-on done
E/AEC_PORT(  255): ddd exp 0.001778 iso 100
E/AEC_PORT(  255): #### aec_port_get_aec_data runs
E/mm-camera(  255): isp_streamon: E, session_id = 1, stream_id = 2, active_count = 0 flash=FALSE
E/mm-camera(  255): isp_proc_streamon: E, session_id = 1, stream_id = 2, stream_type = 1
E/mm-camera(  255): isp_ch_util_sync_stream_cfg_to_channel: cannot find channel, Adding new channel for stream id 2
E/mm-camera(  255): isp_add_meta_channel: no meta data, session_id = 1, stream_id = 2
E/mm-camera(  255): isp_validate_buf_request: total 8 current buffer count 8 for stream 2
E/mm-camera(  255): isp_fmt_to_pix_pattern: format 30
E/mm-camera(  255): isp_axi_stream_set_skip_pattern: cannot find stream, session_id = 0, stream_id = 0
E/mm-camera(  255): is_port_event: MCT_EVENT_MODULE_ISP_OUTPUT_DIM id = 10002, steam_type = 1, w = 1920, h = 1080
E/mm-camera(  255): module_afs_port_event_func:689] MCT_EVENT_MODULE_ISP_OUTPUT_DIM 1920x1080
E/mm-camera(  255): isp_hw_action: first start, hw thread for streamon/ack
E/mm-camera(  255): isp_ch_util_streamon: session_id = 1, vfe_mask = 0x1, async streamon, rc = 0
E/mm-camera(  255): isp_hw_action: hw_thread for ack
E/mm-camera(  255): isp_thread_proc_cmd: start/stop, thread_data = 0xb3d77ba4, action_code = 0
E/mm-camera(  255): isp_fmt_to_pix_pattern: format 30
E/mm-camera(  255): isp_tintless_config: cfg: 10x13 mesh, 8x8 subgrid, subgrid sz 22x22
E/mm-camera(  255): isp_tintless_mesh_config: lib returned mesh config err=0
E/mm-camera(  255): color_xform_config_601_to_601 for stream Encoder
E/mm-camera(  255): color_xform_config_601_to_601 for stream Viewfinder
E/mm-camera(  255): linearization_set_params: param_id is not supported in this module
E/mm-camera(  255): mesh_rolloff_set_params: param_id is not supported in this module
E/mm-camera(  255): wb_set_params: param_id is not supported in this module
E/mm-camera(  255): demosaic_set_params: param_id 7, is not supported in this module
E/mm-camera(  255): demux_set_params: param_id 7, is not supported in this module
E/mm-camera(  255): color_correct_set_effect: saturation level = 1.000000, asd_saturae_adjust = 1.000000
E/mm-camera(  255): mce_set_params: param_id is not supported in this module
E/mm-camera(  255): sce_set_params: param_id is not supported in this module
E/mm-camera(  255): la_hist_trigger_update: luma target from AEC = 0! use default LA curve
E/mm-camera(  255): isp_tintless_stat_config: pointer okay 
E/mm-camera(  255): isp_tintless_config: cfg: camif 2104x1560, elem sz 64x64, elems 24x32
E/mm-camera(  255): isp_tintless_stat_config: lib returned config err=0
E/mm-camera(  255): isp_fmt_to_pix_pattern: format 30
E/mm-camera(  255): stats_action_buf_config: cfg = 1, stats_mask = 0x7b8
E/mm-camera(  255): isp_validate_buf_request: total 4 current buffer count 4 for stream -2147418109
E/mm-camera(  255): isp_validate_buf_request: total 4 current buffer count 4 for stream -2147418108
E/mm-camera(  255): isp_validate_buf_request: total 4 current buffer count 4 for stream -2147418107
E/mm-camera(  255): isp_validate_buf_request: total 4 current buffer count 4 for stream -2147418105
E/mm-camera(  255): isp_validate_buf_request: total 4 current buffer count 4 for stream -2147418104
E/mm-camera(  255): isp_validate_buf_request: total 4 current buffer count 4 for stream -2147418103
E/mm-camera(  255): isp_validate_buf_request: total 4 current buffer count 4 for stream -2147418102
E/mm-camera(  255): stats_action: stats mask = 0x7b8
E/mm-camera(  255): isp_axi_util_subscribe_v4l2_event: event_type = 0x8000100, is_subscribe = 1
E/mm-camera(  255): isp_ch_util_streamon: session_id = 1, sync ack done
E/mm-camera(  255): isp_thread_proc_cmd: start/stop ack done, thread_data = 0xb3d77ba4, action_code = 1, rc = 0
E/mm-camera(  255): isp_streamon: X, session_id = 1, rc = 0
E/mm-camera(  255): port_isp_send_streamon_done_event_downstream: notify stream done downstream
E/mm-camera(  255): port_isp_mct_ctrl_cmd: X, identity = 0x10002, STREAMON, ret = 0
E/mm-camera(  255): ispif_proc_streamon: ispif_hw_reset done
E/mm-camera(  255): stream id 2, stream num_meta 0
E/mm-camera(  255): ispif_streamon: session_id = 1, active_streams = 1
E/mm-camera-sensor(  255): sensor_set_aec_init_settings:before real_gain 1.000000, linecount 86
E/mm-camera-sensor(  255): sensor_set_aec_init_settings:after real_gain 1.000000, linecount 86
E/mm-camera-sensor(  255): module_sensor_stream_on:1202 ide 10002 SENSOR_START_STREAM
E/mm-camera-sensor(  255): module_sensor_stream_on: Sending start bus message
E/mm-camera(  255): start_sof_check_thread: Starting SOF timeout thread
E/mm-camera(  255): mct_bus_sof_thread_run: thread_run = 1
D/QCamera2HWI(  241): int qcamera::QCamera2HardwareInterface::startPreview(): X
D/QCamera2HWI(  241): [KPI Perf] static int qcamera::QCamera2HardwareInterface::start_preview(camera_device*): X
W/CardboardView(27671): Surface size 1920x1005 does not match the expected screen size 1920x1080. Rendering is disabled.
I/MainActivity(27671): onSurfaceChanged
I/MainActivity(27671): onSurfaceChanged
I/WindowManager(  756): Screen frozen for +485ms due to Window{d477c2d u0 SurfaceView}
W/Adreno-ES20(27671): <core_glActiveTexture:348>: GL_INVALID_ENUM
E/mm-camera(  255): la_hist_trigger_update: luma target from AEC = 0! use default LA curve
E/mm-camera(  255): la_hist_trigger_update: luma target from AEC = 0! use default LA curve
E/mm-camera(  255): afd_set_parameters: param=0xb3dfc38c afd_obj =0xaf888000, type =2
E/QCamera2HWI(  241): [KPI Perf] static void qcamera::QCamera2HardwareInterface::preview_stream_cb_routine(mm_camera_super_buf_t*, qcamera::QCameraStream*, void*) : PROFILE_FIRST_PREVIEW_FRAME
W/GLConsumer(27671): [unnamed-27671-0] bindTextureImage: clearing GL error: 0x500
W/Adreno-ES20(27671): <core_glActiveTexture:348>: GL_INVALID_ENUM
E/mm-camera(  255): q3a_port_send_event_downstream: AEC event handler returned failure!
D/QCameraParameters(  241): update current cct value. old:-1, now:0
W/GLConsumer(27671): [unnamed-27671-0] bindTextureImage: clearing GL error: 0x500
W/Adreno-ES20(27671): <core_glActiveTexture:348>: GL_INVALID_ENUM
E/mm-camera(  255): afd_set_parameters: param=0xb3dfc3c4 afd_obj =0xaf888000, type =2
W/GLConsumer(27671): [unnamed-27671-0] bindTextureImage: clearing GL error: 0x500
W/Adreno-ES20(27671): <core_glActiveTexture:348>: GL_INVALID_ENUM
E/mm-camera(  255): afd_set_parameters: param=0xb3dfc3fc afd_obj =0xaf888000, type =2
D/QCameraParameters(  241): update current cct value. old:0, now:4100
W/GLConsumer(27671): [unnamed-27671-0] bindTextureImage: clearing GL error: 0x500
W/Adreno-ES20(27671): <core_glActiveTexture:348>: GL_INVALID_ENUM
E/mm-camera(  255): afd_set_parameters: param=0xb3dfc434 afd_obj =0xaf888000, type =2
W/GLConsumer(27671): [unnamed-27671-0] bindTextureImage: clearing GL error: 0x500
W/Adreno-ES20(27671): <core_glActiveTexture:348>: GL_INVALID_ENUM
E/mm-camera(  255): afd_set_parameters: param=0xb3dfc31c afd_obj =0xaf888000, type =2
I/Icing   ( 1990): Indexing 8DDAAE78A3C6487CC479C1BECEB6447E196CF7FE from com.google.android.googlequicksearchbox
W/GLConsumer(27671): [unnamed-27671-0] bindTextureImage: clearing GL error: 0x500
W/Adreno-ES20(27671): <core_glActiveTexture:348>: GL_INVALID_ENUM
W/GLConsumer(27671): [unnamed-27671-0] bindTextureImage: clearing GL error: 0x500
W/Adreno-ES20(27671): <core_glActiveTexture:348>: GL_INVALID_ENUM
I/Icing   ( 1990): Indexing done 8DDAAE78A3C6487CC479C1BECEB6447E196CF7FE
E/mm-camera(  255): afd_set_parameters: param=0xb3dfc354 afd_obj =0xaf888000, type =2
D/QCameraParameters(  241): update current cct value. old:4100, now:5970
W/GLConsumer(27671): [unnamed-27671-0] bindTextureImage: clearing GL error: 0x500
W/Adreno-ES20(27671): <core_glActiveTexture:348>: GL_INVALID_ENUM
E/mm-camera(  255): afd_set_parameters: param=0xb3dfc38c afd_obj =0xaf888000, type =2
W/GLConsumer(27671): [unnamed-27671-0] bindTextureImage: clearing GL error: 0x500
W/Adreno-ES20(27671): <core_glActiveTexture:348>: GL_INVALID_ENUM
E/mm-camera(  255): afd_set_parameters: param=0xb3dfc46c afd_obj =0xaf888000, type =2
D/QCameraParameters(  241): update current cct value. old:5970, now:5794
W/GLConsumer(27671): [unnamed-27671-0] bindTextureImage: clearing GL error: 0x500
W/Adreno-ES20(27671): <core_glActiveTexture:348>: GL_INVALID_ENUM
E/mm-camera(  255): afd_set_parameters: param=0xb3dfc194 afd_obj =0xaf888000, type =2
D/QCameraParameters(  241): update current cct value. old:5794, now:5617
W/GLConsumer(27671): [unnamed-27671-0] bindTextureImage: clearing GL error: 0x500
W/Adreno-ES20(27671): <core_glActiveTexture:348>: GL_INVALID_ENUM
E/mm-camera(  255): afd_set_parameters: param=0xb3dfc23c afd_obj =0xaf888000, type =2
W/GLConsumer(27671): [unnamed-27671-0] bindTextureImage: clearing GL error: 0x500
W/Adreno-ES20(27671): <core_glActiveTexture:348>: GL_INVALID_ENUM
E/mm-camera(  255): afd_set_parameters: param=0xb3dfc274 afd_obj =0xaf888000, type =2
W/GLConsumer(27671): [unnamed-27671-0] bindTextureImage: clearing GL error: 0x500
W/Adreno-ES20(27671): <core_glActiveTexture:348>: GL_INVALID_ENUM
E/mm-camera(  255): afd_set_parameters: param=0xb3dfc31c afd_obj =0xaf888000, type =2
D/QCameraParameters(  241): update current cct value. old:5617, now:5794
W/GLConsumer(27671): [unnamed-27671-0] bindTextureImage: clearing GL error: 0x500
W/Adreno-ES20(27671): <core_glActiveTexture:348>: GL_INVALID_ENUM
E/mm-camera(  255): afd_set_parameters: param=0xb3dfc2ac afd_obj =0xaf888000, type =2
W/GLConsumer(27671): [unnamed-27671-0] bindTextureImage: clearing GL error: 0x500
W/Adreno-ES20(27671): <core_glActiveTexture:348>: GL_INVALID_ENUM
E/mm-camera(  255): afd_set_parameters: param=0xb3dfc3c4 afd_obj =0xaf888000, type =2
D/QCameraParameters(  241): update current cct value. old:5794, now:5617
W/GLConsumer(27671): [unnamed-27671-0] bindTextureImage: clearing GL error: 0x500
W/Adreno-ES20(27671): <core_glActiveTexture:348>: GL_INVALID_ENUM
E/mm-camera(  255): afd_set_parameters: param=0xb3dfc46c afd_obj =0xaf888000, type =2
W/GLConsumer(27671): [unnamed-27671-0] bindTextureImage: clearing GL error: 0x500
W/Adreno-ES20(27671): <core_glActiveTexture:348>: GL_INVALID_ENUM
E/mm-camera(  255): afd_set_parameters: param=0xb3dfc514 afd_obj =0xaf888000, type =2
W/GLConsumer(27671): [unnamed-27671-0] bindTextureImage: clearing GL error: 0x500
W/Adreno-ES20(27671): <core_glActiveTexture:348>: GL_INVALID_ENUM
E/mm-camera(  255): afd_set_parameters: param=0xb3dfc2e4 afd_obj =0xaf888000, type =2
W/GLConsumer(27671): [unnamed-27671-0] bindTextureImage: clearing GL error: 0x500
W/Adreno-ES20(27671): <core_glActiveTexture:348>: GL_INVALID_ENUM
E/mm-camera(  255): afd_set_parameters: param=0xb3dfc31c afd_obj =0xaf888000, type =2
W/GLConsumer(27671): [unnamed-27671-0] bindTextureImage: clearing GL error: 0x500
W/Adreno-ES20(27671): <core_glActiveTexture:348>: GL_INVALID_ENUM
E/mm-camera(  255): afd_set_parameters: param=0xb3dfc354 afd_obj =0xaf888000, type =2
W/GLConsumer(27671): [unnamed-27671-0] bindTextureImage: clearing GL error: 0x500
W/Adreno-ES20(27671): <core_glActiveTexture:348>: GL_INVALID_ENUM
E/mm-camera(  255): afd_set_parameters: param=0xb3dfc3fc afd_obj =0xaf888000, type =2
W/GLConsumer(27671): [unnamed-27671-0] bindTextureImage: clearing GL error: 0x500
W/Adreno-ES20(27671): <core_glActiveTexture:348>: GL_INVALID_ENUM
E/mm-camera(  255): afd_set_parameters: param=0xb3dfc23c afd_obj =0xaf888000, type =2
W/GLConsumer(27671): [unnamed-27671-0] bindTextureImage: clearing GL error: 0x500
W/Adreno-ES20(27671): <core_glActiveTexture:348>: GL_INVALID_ENUM
E/mm-camera(  255): afd_set_parameters: param=0xb3dfc2e4 afd_obj =0xaf888000, type =2
W/GLConsumer(27671): [unnamed-27671-0] bindTextureImage: clearing GL error: 0x500
W/Adreno-ES20(27671): <core_glActiveTexture:348>: GL_INVALID_ENUM
E/mm-camera(  255): afd_set_parameters: param=0xb3dfc38c afd_obj =0xaf888000, type =2
W/GLConsumer(27671): [unnamed-27671-0] bindTextureImage: clearing GL error: 0x500
W/Adreno-ES20(27671): <core_glActiveTexture:348>: GL_INVALID_ENUM
E/mm-camera(  255): afd_set_parameters: param=0xb3dfc434 afd_obj =0xaf888000, type =2
W/GLConsumer(27671): [unnamed-27671-0] bindTextureImage: clearing GL error: 0x500
W/Adreno-ES20(27671): <core_glActiveTexture:348>: GL_INVALID_ENUM
E/mm-camera(  255): afd_set_parameters: param=0xb3dfc23c afd_obj =0xaf888000, type =2
W/GLConsumer(27671): [unnamed-27671-0] bindTextureImage: clearing GL error: 0x500
W/Adreno-ES20(27671): <core_glActiveTexture:348>: GL_INVALID_ENUM
E/mm-camera(  255): afd_set_parameters: param=0xb3dfc274 afd_obj =0xaf888000, type =2
W/GLConsumer(27671): [unnamed-27671-0] bindTextureImage: clearing GL error: 0x500
W/Adreno-ES20(27671): <core_glActiveTexture:348>: GL_INVALID_ENUM
E/mm-camera(  255): afd_set_parameters: param=0xb3dfc3fc afd_obj =0xaf888000, type =2
W/GLConsumer(27671): [unnamed-27671-0] bindTextureImage: clearing GL error: 0x500
W/Adreno-ES20(27671): <core_glActiveTexture:348>: GL_INVALID_ENUM
E/mm-camera(  255): afd_set_parameters: param=0xb3dfc46c afd_obj =0xaf888000, type =2
W/GLConsumer(27671): [unnamed-27671-0] bindTextureImage: clearing GL error: 0x500
W/Adreno-ES20(27671): <core_glActiveTexture:348>: GL_INVALID_ENUM
E/mm-camera(  255): afd_set_parameters: param=0xb3dfc2ac afd_obj =0xaf888000, type =2
W/GLConsumer(27671): [unnamed-27671-0] bindTextureImage: clearing GL error: 0x500
W/Adreno-ES20(27671): <core_glActiveTexture:348>: GL_INVALID_ENUM
E/mm-camera(  255): afd_set_parameters: param=0xb3dfc31c afd_obj =0xaf888000, type =2
W/GLConsumer(27671): [unnamed-27671-0] bindTextureImage: clearing GL error: 0x500
W/Adreno-ES20(27671): <core_glActiveTexture:348>: GL_INVALID_ENUM
E/mm-camera(  255): afd_set_parameters: param=0xb3dfc3c4 afd_obj =0xaf888000, type =2
W/GLConsumer(27671): [unnamed-27671-0] bindTextureImage: clearing GL error: 0x500
W/Adreno-ES20(27671): <core_glActiveTexture:348>: GL_INVALID_ENUM
I/art     (  756): Explicit concurrent mark sweep GC freed 28175(1535KB) AllocSpace objects, 5(1357KB) LOS objects, 28% free, 39MB/55MB, paused 1.524ms total 124.886ms
E/mm-camera(  255): afd_set_parameters: param=0xb3dfc434 afd_obj =0xaf888000, type =2
W/GLConsumer(27671): [unnamed-27671-0] bindTextureImage: clearing GL error: 0x500
W/Adreno-ES20(27671): <core_glActiveTexture:348>: GL_INVALID_ENUM
E/mm-camera(  255): afd_set_parameters: param=0xb3dfc2ac afd_obj =0xaf888000, type =2
W/GLConsumer(27671): [unnamed-27671-0] bindTextureImage: clearing GL error: 0x500
W/Adreno-ES20(27671): <core_glActiveTexture:348>: GL_INVALID_ENUM
E/mm-camera(  255): afd_set_parameters: param=0xb3dfc2e4 afd_obj =0xaf888000, type =2
W/GLConsumer(27671): [unnamed-27671-0] bindTextureImage: clearing GL error: 0x500
W/Adreno-ES20(27671): <core_glActiveTexture:348>: GL_INVALID_ENUM
E/mm-camera(  255): afd_set_parameters: param=0xb3dfc38c afd_obj =0xaf888000, type =2
W/GLConsumer(27671): [unnamed-27671-0] bindTextureImage: clearing GL error: 0x500
W/Adreno-ES20(27671): <core_glActiveTexture:348>: GL_INVALID_ENUM
E/mm-camera(  255): afd_set_parameters: param=0xb3dfc46c afd_obj =0xaf888000, type =2
W/GLConsumer(27671): [unnamed-27671-0] bindTextureImage: clearing GL error: 0x500
W/Adreno-ES20(27671): <core_glActiveTexture:348>: GL_INVALID_ENUM
E/mm-camera(  255): afd_set_parameters: param=0xb3dfc274 afd_obj =0xaf888000, type =2
W/GLConsumer(27671): [unnamed-27671-0] bindTextureImage: clearing GL error: 0x500
W/Adreno-ES20(27671): <core_glActiveTexture:348>: GL_INVALID_ENUM
E/mm-camera(  255): afd_set_parameters: param=0xb3dfc2ac afd_obj =0xaf888000, type =2
D/QCameraParameters(  241): update current cct value. old:5617, now:5352
W/GLConsumer(27671): [unnamed-27671-0] bindTextureImage: clearing GL error: 0x500
W/Adreno-ES20(27671): <core_glActiveTexture:348>: GL_INVALID_ENUM
E/mm-camera(  255): afd_set_parameters: param=0xb3dfc3fc afd_obj =0xaf888000, type =2
W/GLConsumer(27671): [unnamed-27671-0] bindTextureImage: clearing GL error: 0x500
W/Adreno-ES20(27671): <core_glActiveTexture:348>: GL_INVALID_ENUM
E/mm-camera(  255): afd_set_parameters: param=0xb3dfc434 afd_obj =0xaf888000, type =2
W/GLConsumer(27671): [unnamed-27671-0] bindTextureImage: clearing GL error: 0x500
W/Adreno-ES20(27671): <core_glActiveTexture:348>: GL_INVALID_ENUM
E/mm-camera(  255): afd_set_parameters: param=0xb3dfc274 afd_obj =0xaf888000, type =2
W/GLConsumer(27671): [unnamed-27671-0] bindTextureImage: clearing GL error: 0x500
W/Adreno-ES20(27671): <core_glActiveTexture:348>: GL_INVALID_ENUM
E/mm-camera(  255): afd_set_parameters: param=0xb3dfc31c afd_obj =0xaf888000, type =2
W/GLConsumer(27671): [unnamed-27671-0] bindTextureImage: clearing GL error: 0x500
W/Adreno-ES20(27671): <core_glActiveTexture:348>: GL_INVALID_ENUM
E/mm-camera(  255): afd_set_parameters: param=0xb3dfc3c4 afd_obj =0xaf888000, type =2
W/GLConsumer(27671): [unnamed-27671-0] bindTextureImage: clearing GL error: 0x500
W/Adreno-ES20(27671): <core_glActiveTexture:348>: GL_INVALID_ENUM
E/mm-camera(  255): afd_set_parameters: param=0xb3dfc46c afd_obj =0xaf888000, type =2
W/GLConsumer(27671): [unnamed-27671-0] bindTextureImage: clearing GL error: 0x500
W/Adreno-ES20(27671): <core_glActiveTexture:348>: GL_INVALID_ENUM
E/mm-camera(  255): afd_set_parameters: param=0xb3dfc274 afd_obj =0xaf888000, type =2
W/GLConsumer(27671): [unnamed-27671-0] bindTextureImage: clearing GL error: 0x500
W/Adreno-ES20(27671): <core_glActiveTexture:348>: GL_INVALID_ENUM
E/mm-camera(  255): afd_set_parameters: param=0xb3dfc2e4 afd_obj =0xaf888000, type =2
W/GLConsumer(27671): [unnamed-27671-0] bindTextureImage: clearing GL error: 0x500
W/Adreno-ES20(27671): <core_glActiveTexture:348>: GL_INVALID_ENUM
E/mm-camera(  255): afd_set_parameters: param=0xb3dfc38c afd_obj =0xaf888000, type =2
W/GLConsumer(27671): [unnamed-27671-0] bindTextureImage: clearing GL error: 0x500
W/Adreno-ES20(27671): <core_glActiveTexture:348>: GL_INVALID_ENUM
E/mm-camera(  255): afd_set_parameters: param=0xb3dfc434 afd_obj =0xaf888000, type =2
W/GLConsumer(27671): [unnamed-27671-0] bindTextureImage: clearing GL error: 0x500
W/Adreno-ES20(27671): <core_glActiveTexture:348>: GL_INVALID_ENUM
E/mm-camera(  255): afd_set_parameters: param=0xb3dfc274 afd_obj =0xaf888000, type =2
W/GLConsumer(27671): [unnamed-27671-0] bindTextureImage: clearing GL error: 0x500
W/Adreno-ES20(27671): <core_glActiveTexture:348>: GL_INVALID_ENUM
E/mm-camera(  255): afd_set_parameters: param=0xb3dfc2ac afd_obj =0xaf888000, type =2
W/GLConsumer(27671): [unnamed-27671-0] bindTextureImage: clearing GL error: 0x500
W/Adreno-ES20(27671): <core_glActiveTexture:348>: GL_INVALID_ENUM
E/mm-camera(  255): afd_set_parameters: param=0xb3dfc3fc afd_obj =0xaf888000, type =2
W/GLConsumer(27671): [unnamed-27671-0] bindTextureImage: clearing GL error: 0x500
W/Adreno-ES20(27671): <core_glActiveTexture:348>: GL_INVALID_ENUM
E/mm-camera(  255): afd_set_parameters: param=0xb3dfc46c afd_obj =0xaf888000, type =2
W/GLConsumer(27671): [unnamed-27671-0] bindTextureImage: clearing GL error: 0x500
W/Adreno-ES20(27671): <core_glActiveTexture:348>: GL_INVALID_ENUM
E/mm-camera(  255): afd_set_parameters: param=0xb3dfc274 afd_obj =0xaf888000, type =2
W/GLConsumer(27671): [unnamed-27671-0] bindTextureImage: clearing GL error: 0x500
W/Adreno-ES20(27671): <core_glActiveTexture:348>: GL_INVALID_ENUM
E/mm-camera(  255): afd_set_parameters: param=0xb3dfc31c afd_obj =0xaf888000, type =2
W/GLConsumer(27671): [unnamed-27671-0] bindTextureImage: clearing GL error: 0x500
W/Adreno-ES20(27671): <core_glActiveTexture:348>: GL_INVALID_ENUM
E/mm-camera(  255): afd_set_parameters: param=0xb3dfc3c4 afd_obj =0xaf888000, type =2
W/GLConsumer(27671): [unnamed-27671-0] bindTextureImage: clearing GL error: 0x500
W/Adreno-ES20(27671): <core_glActiveTexture:348>: GL_INVALID_ENUM
E/mm-camera(  255): afd_set_parameters: param=0xb3dfc434 afd_obj =0xaf888000, type =2
W/GLConsumer(27671): [unnamed-27671-0] bindTextureImage: clearing GL error: 0x500
W/Adreno-ES20(27671): <core_glActiveTexture:348>: GL_INVALID_ENUM
E/mm-camera(  255): afd_set_parameters: param=0xb3dfc274 afd_obj =0xaf888000, type =2
W/GLConsumer(27671): [unnamed-27671-0] bindTextureImage: clearing GL error: 0x500
W/Adreno-ES20(27671): <core_glActiveTexture:348>: GL_INVALID_ENUM
E/mm-camera(  255): afd_set_parameters: param=0xb3dfc2e4 afd_obj =0xaf888000, type =2
W/GLConsumer(27671): [unnamed-27671-0] bindTextureImage: clearing GL error: 0x500
W/Adreno-ES20(27671): <core_glActiveTexture:348>: GL_INVALID_ENUM
E/mm-camera(  255): afd_set_parameters: param=0xb3dfc38c afd_obj =0xaf888000, type =2
W/GLConsumer(27671): [unnamed-27671-0] bindTextureImage: clearing GL error: 0x500
W/Adreno-ES20(27671): <core_glActiveTexture:348>: GL_INVALID_ENUM
E/mm-camera(  255): afd_set_parameters: param=0xb3dfc46c afd_obj =0xaf888000, type =2
W/GLConsumer(27671): [unnamed-27671-0] bindTextureImage: clearing GL error: 0x500
W/Adreno-ES20(27671): <core_glActiveTexture:348>: GL_INVALID_ENUM
E/mm-camera(  255): afd_set_parameters: param=0xb3dfc274 afd_obj =0xaf888000, type =2
I/ActivityManager(  756): Killing 12341:com.google.android.apps.walletnfcrel/u0a108 (adj 15): empty #17
W/GLConsumer(27671): [unnamed-27671-0] bindTextureImage: clearing GL error: 0x500
W/Adreno-ES20(27671): <core_glActiveTexture:348>: GL_INVALID_ENUM
E/mm-camera(  255): afd_set_parameters: param=0xb3dfc2ac afd_obj =0xaf888000, type =2
W/GLConsumer(27671): [unnamed-27671-0] bindTextureImage: clearing GL error: 0x500
W/Adreno-ES20(27671): <core_glActiveTexture:348>: GL_INVALID_ENUM
E/mm-camera(  255): afd_set_parameters: param=0xb3dfc3fc afd_obj =0xaf888000, type =2
W/GLConsumer(27671): [unnamed-27671-0] bindTextureImage: clearing GL error: 0x500
W/Adreno-ES20(27671): <core_glActiveTexture:348>: GL_INVALID_ENUM
E/mm-camera(  255): afd_set_parameters: param=0xb3dfc434 afd_obj =0xaf888000, type =2
W/GLConsumer(27671): [unnamed-27671-0] bindTextureImage: clearing GL error: 0x500
W/Adreno-ES20(27671): <core_glActiveTexture:348>: GL_INVALID_ENUM
E/mm-camera(  255): afd_set_parameters: param=0xb3dfc274 afd_obj =0xaf888000, type =2
W/GLConsumer(27671): [unnamed-27671-0] bindTextureImage: clearing GL error: 0x500
W/Adreno-ES20(27671): <core_glActiveTexture:348>: GL_INVALID_ENUM
E/mm-camera(  255): afd_set_parameters: param=0xb3dfc31c afd_obj =0xaf888000, type =2
W/GLConsumer(27671): [unnamed-27671-0] bindTextureImage: clearing GL error: 0x500
