E/mm-camera(  255): gyro_module_start_session: Exit successful
E/mm-camera(  255): is_module_get_port: Exit successful
E/mm-camera(  255): gyro_module_get_port: Exit successful
E/mm-camera(  255): [mct_pipeline_start_session_thread], start(stats) module. started mod_number=4, pid=19564
E/mm-camera-sensor(  255): module_sensor_start_session:573 failed
E/mm-camera-sensor(  255): module_sensor_start_session:579 failed
E/mm-camera(  255): [mct_pipeline_start_session_thread], start(sensor) module. started mod_number=5, pid=19561
E/mm-camera(  255): c2d_module_start_session:227, info: starting session 1
E/mm-camera(  255): c2d_thread_func:41: c2d_thread entering the polling loop...
E/mm-camera(  255): c2d_module_start_session:274, info: c2d_thread created.
E/mm-camera(  255): c2d_module_start_session:296, info: session 1 started.
E/mm-camera(  255): [mct_pipeline_start_session_thread], start(pproc) module. started mod_number=6, pid=19565
E/mm-camera-intf(  241): mm_camera_open:  opened, break out while loop
D/QCamera2HWI(  241): int qcamera::QCamera2HardwareInterface::openCamera(): persist.oppo.ctsversion is 0
D/QCamera2HWI(  241): int qcamera::QCamera2HardwareInterface::openCamera(): enable_4k2k is 1
E/mm-jpeg-intf(  241): mm_jpeg_init:1739] Launch jobmgr thread rc 0
E/mm-jpeg-intf(  241): Max picture size 4208 x 3120, WorkBufSize = 19869696
E/qomx_image_core(  241): OMX_Init:94] Complete 2
E/QCameraPostProc(  241): static void* qcamera::QCameraPostProcessor::supZoomRoutine(void*): E
D/QCameraParameters(  241): int32_t qcamera::QCameraParameters::initDefaultParameters(): i 0 removePreviewSize  1, 4096 x 2160
D/QCameraParameters(  241): int32_t qcamera::QCameraParameters::initDefaultParameters(): i 1 removePreviewSize  2, 3840 x 2160
D/QCameraParameters(  241): int32_t qcamera::QCameraParameters::initDefaultParameters(): supported preview sizes: 1920x1080,1440x1080,1280x960,1280x720,768x432,720x480,640x480,576x432,384x288,352x288,320x240
D/QCameraParameters(  241): int32_t qcamera::QCameraParameters::initDefaultParameters(): set default_preview_size to 5, 1280 x 720
D/QCameraParameters(  241): int32_t qcamera::QCameraParameters::initDefaultParameters(): i 0 removeVideoSize  1, 4096 x 2160
D/QCameraParameters(  241): int32_t qcamera::QCameraParameters::initDefaultParameters(): i 1 removeVideoSize  2, 3840 x 2160
D/QCameraParameters(  241): int32_t qcamera::QCameraParameters::initDefaultParameters(): supported video sizes: 1920x1080,1440x1080,1280x720,864x480,800x480,720x480,640x480,480x320,384x288,352x288,320x240,176x144
D/QCameraParameters(  241): int32_t qcamera::QCameraParameters::initDefaultParameters(): supported pic sizes: 4208x3120,4160x3120,4160x2340,4000x3000,4096x2160,3200x2400,3200x1800,2592x1944,2048x1536,1920x1080,1600x1200,1280x768,1280x720,1024x768,800x600,800x480,720x480,640x480,352x288,320x240,176x144
D/QCameraParameters(  241): int32_t qcamera::QCameraParameters::initDefaultParameters(): supported fps ranges: (7500,30000),(8000,30000)
E/QCameraParameters(  241): int32_t qcamera::QCameraParameters::setPreviewFpsRange(int, int): Setting preview fps range 7500,30000
D/QCameraParameters(  241): int32_t qcamera::QCameraParameters::initDefaultParameters(): supported fps rates: 8,9,10,11,12,13,14,15,16,17,18,19,20,21,22,23,24,25,26,27,28,29,30
D/QCameraParameters(  241): int32_t qcamera::QCameraParameters::setFocusMode(const char*): Setting focus mode auto
E/mm-camera(  255): mct_pipeline_process_set:command=800000e
D/QCameraParameters(  241): int32_t qcamera::QCameraParameters::setSceneMode(const char*): Setting SceneMode auto m_nSceneMode 0
E/QCameraParameters(  241): int32_t qcamera::QCameraParameters::setInitExpIndex(int): set init aec luma 150
D/QCameraParameters(  241): int32_t qcamera::QCameraParameters::setAEBracket(const char*), EXP_BRACKETING_OFF
D/QCameraParameters(  241): int32_t qcamera::QCameraParameters::setDISValue(const char*): Setting DIS value disable
E/mm-camera(  255): mct_pipeline_process_set:command=800000e
D/QCameraParameters(  241): int32_t qcamera::QCameraParameters::setNumOfSnapshot(): nBurstNum = 1, nExpnum = 1
E/Thermal-Lib(  241): Thermal-Lib-Client: thermal_client_register_callback: Client Registration failed
E/Thermal-Lib(  241): Thermal-Lib-Client: thermal_client_register_callback: Client Registration failed
E/Thermal-Lib(  241): Thermal-Lib-Client: thermal_client_register_callback: Client Registration failed
E/Thermal-Lib(  241): Thermal-Lib-Client: thermal_client_register_callback: Client Registration failed
E/QCamera2HWI(  241): [KPI Perf] static int qcamera::QCamera2HardwareInterface::start_preview(camera_device*): E PROFILE_START_PREVIEW
D/MirrorProcess(  241): MirrorContext constructor (0x0)
D/QCamera2HWI(  241): uint8_t qcamera::QCamera2HardwareInterface::getBufNumRequired(cam_stream_type_t): Allocating 7 buffers for streamtype 7
D/QCamera2HWI(  241): uint8_t qcamera::QCamera2HardwareInterface::getBufNumRequired(cam_stream_type_t): Allocating 7 buffers for streamtype 7
E/mm-camera(  255): mct_pipeline_process_set:command=800000a
E/mm-camera(  255): mct_pipeline_process_set:command=8000012
E/mm-camera(  255): mct_pipeline_add_stream_to_linked_streams: linked streams: 0x80
E/mm-camera(  255): mct_stream_start_link: Starting meta stream linking: do nothing 
E/mm-camera-intf(  241): mm_stream_get_v4l2_fmt: Unknown fmt=78
E/mm-camera(  255): mct_pipeline_process_set:command=8000004
D/QCamera2HWI(  241): uint8_t qcamera::QCamera2HardwareInterface::getBufNumRequired(cam_stream_type_t): Allocating 8 buffers for streamtype 1
D/QCamera2HWI(  241): virtual qcamera::QCameraHeapMemory* qcamera::QCamera2HardwareInterface::allocateStreamInfoBuf(cam_stream_type_t): EIS type=0
D/QCamera2HWI(  241): uint8_t qcamera::QCamera2HardwareInterface::getBufNumRequired(cam_stream_type_t): Allocating 8 buffers for streamtype 1
E/mm-camera(  255): mct_pipeline_process_set:command=800000a
E/mm-camera(  255): mct_pipeline_process_set:command=8000012
E/mm-camera(  255): mct_pipeline_add_stream_to_linked_streams: linked streams: 0x82
E/mm-camera(  255): mct_stream_start_link: Starting preview/postview stream linking 
E/mm-camera-sensor(  255): port_sensor_caps_reserve:134 ide 10002 stream type 1 w*h 1920*1080
E/mm-camera-sensor(  255): port_sensor_ext_link_func:208 ide 10002
E/mm-camera(  255): isp_util_find_matched_existing_src_port#171: X
E/mm-camera(  255): c2d_port_check_caps_reserve:77, identity=0x10002
E/mm-camera(  255): c2d_port_check_caps_reserve:143, identity=0x10002, reserved
E/mm-camera(  255): c2d_module_notify_add_stream:1174, info: success, identity=0x10002
E/mm-camera(  255): c2d_port_check_caps_reserve:77, identity=0x10002
E/mm-camera(  255): c2d_port_check_caps_reserve:143, identity=0x10002, reserved
E/mm-camera(  255): module_afs_client_create:202]
E/mm-camera(  255): module_faceproc_client_create:972] Face proc feature mask e 0
E/mm-camera(  255): is_port_check_caps_reserve: Enter
E/mm-camera(  255): is_port_check_caps_reserve: port state = 1, identity = 0x10002, stream_type = 1
E/mm-camera(  255): is_port_ext_link: Enter
E/mm-camera(  255): is_port_ext_link: IS_PORT_STATE_CREATED
E/mm-camera(  255): is_port_ext_link: rc=1
E/mm-camera-sensor(  255): module_sensor_event_control_set_parm:1824 CAM_INTF_PARM_LED_MODE 0 
E/mm-camera-sensor(  255): 
E/mm-camera(  255): mct_pipeline_process_set:command=8000004
D/QCamera2HWI(  241): int qcamera::QCamera2HardwareInterface::startPreview(): E
E/mm-camera-intf(  241): mm_stream_request_buf: buf_num = 7, stream type = 7
E/mm-camera(  255): mct_pipeline_process_set:command=8000008
E/mm-camera(  255): mct_pipeline_process_set: stream_type = 7
E/QCameraParameters(  241): int qcamera::QCameraParameters::getPreviewHalPixelFormat() const: format 17
D/QCameraHWI_Mem(  241): virtual int qcamera::QCameraGrallocMemory::allocate(int, int): usage = 1073872896, geometry: 0xb1a75ad0, 1920, 1080, 1920, 1080, 17
E/mm-camera-intf(  241): mm_stream_request_buf: buf_num = 8, stream type = 1
E/mm-camera(  255): mct_pipeline_process_set:command=8000008
E/mm-camera(  255): mct_pipeline_process_set: stream_type = 1
E/mm-camera-sensor(  255): module_sensor_stream_on:985 ide 10002 SENSOR_START_STREAM
E/mm-camera-sensor(  255): module_sensor_is_ready_for_stream_on:680 any bundle started 0
E/mm-camera-sensor(  255): module_sensor_is_ready_for_stream_on:698 s_bundle->stream_on_count 0
E/mm-camera-sensor(  255): module_sensor_is_ready_for_stream_on:699 is_bundle_started 0
E/mm-camera-sensor(  255): modules_sensor_set_new_resolution:874 SENSOR_SET_RESOLUTION 1920*1080 mask 2
E/mm-camera-sensor(  255): sensor_set_resolution:1420 width 1920, height 1080
E/mm-camera-sensor(  255): sensor_set_resolution:1422 stream mask 2 hfr mode 0 fps 30.000000
E/mm-camera-sensor(  255): sensor_pick_resolution:1185 requested aspect ratio 177
E/mm-camera-sensor(  255): sensor_pick_resolution:1187 req_asp_ratio 177
E/mm-camera-sensor(  255): sensor_pick_resolution:1303 req_asp_ratio 177 sup_asp_ratio 134
E/mm-camera-sensor(  255): sensor_pick_resolution:1307 fabs 43
E/mm-camera-sensor(  255): sensor_pick_resolution:1320 pick res 0
E/mm-camera-sensor(  255): sensor_pick_resolution:1303 req_asp_ratio 177 sup_asp_ratio 134
E/mm-camera-sensor(  255): sensor_pick_resolution:1307 fabs 43
E/mm-camera-sensor(  255): sensor_pick_resolution:1320 pick res 1
E/mm-camera-sensor(  255): sensor_set_resolution:1485 cur res 8 new res 1
E/mm-camera(  255): decide_isp_nums_camif: num_isp = 1
E/mm-camera(  255): port_isp_module_event: E, identity = 0x10002, IFACE_SET_STREAM_CONFIG
E/mm-camera(  255): isp_sink_port_stream_config: E, session_id = 1, stream_id = 2, stream_type = 1
E/mm-camera(  255): isp_sink_port_stream_config: session_id = 1, stream_id = 2, is_split = 0
E/mm-camera(  255): isp_sink_port_stream_config: old vfe_id_mask = 0x0, new vfe_id_mask = 0x1
E/mm-camera(  255): afd_set_parameters: param=0xb3cc007c afd_obj =0xb6366000, type =3
E/mm-camera-sensor(  255): module_sensor_stream_on:1310 chromatix name libchromatix_imx214_preview_binning.so
E/mm-camera-sensor(  255): eeprom_process:819 e_ctrl->eeprom_lib.func_tbl =0xb68a9004
E/mm-camera-sensor(  255): sony_imx214_eeprom_read_wbdata_groups:126 Total bytes in OTP buffer: 279
E/mm-camera-sensor(  255): sony_imx214_eeprom_read_wbdata_groups:145 OTP AWB data not present for LightType[3].
E/mm-camera-sensor(  255): sony_imx214_eeprom_read_wbdata_groups:126 Total bytes in OTP buffer: 279
E/mm-camera-sensor(  255): sony_imx214_eeprom_read_wbdata_groups:145 OTP AWB data not present for LightType[2].
E/mm-camera-sensor(  255): sony_imx214_eeprom_read_wbdata_groups:126 Total bytes in OTP buffer: 279
E/mm-camera(  255): afd_set_parameters: param=0xb3cc00b4 afd_obj =0xb6366000, type =1
E/mm-camera(  255): afd_set_parameters: param=0xb3cc00ec afd_obj =0xb6366000, type =5
E/mm-camera-CORE(  255): afd_process_pack_output: afd_enable 0, monitor 0, flicker 0, freq 50, afd_state 0, afd_atb 2
E/mm-camera(  255): isp_tintless_config: tint_correction_strength updated to 4
E/mm-camera(  255): isp_tintless_update_chromatix_params: lib returned config err=0
E/mm-camera(  255): afd_set_parameters: param=0xb3cc0124 afd_obj =0xb6366000, type =0
E/mm-camera(  255): afd_set_parameters: param=0xb3cc007c afd_obj =0xb6366000, type =0
E/mm-camera(  255): afd_set_parameters: param=0xb3cc015c afd_obj =0xb6366000, type =0
E/mm-camera(  255): afd_set_parameters: param=0xb3cc0194 afd_obj =0xb6366000, type =0
E/mm-camera(  255): afd_set_parameters: param=0xb3cc01cc afd_obj =0xb6366000, type =0
E/mm-camera(  255): afd_set_parameters: param=0xb3cc0204 afd_obj =0xb6366000, type =0
E/mm-camera(  255): afd_set_parameters: param=0xb3cc023c afd_obj =0xb6366000, type =0
E/mm-camera(  255): afd_set_parameters: param=0xb3cc0274 afd_obj =0xb6366000, type =0
E/mm-camera(  255): afd_set_parameters: param=0xb3cc02ac afd_obj =0xb6366000, type =0
E/mm-camera(  255): afd_set_parameters: param=0xb3cc02e4 afd_obj =0xb6366000, type =0
E/mm-camera(  255): afd_set_parameters: param=0xb3cc031c afd_obj =0xb6366000, type =0
E/mm-camera(  255): afd_set_parameters: param=0xb3cc0354 afd_obj =0xb6366000, type =0
E/mm-camera(  255): afd_set_parameters: param=0xb3cc038c afd_obj =0xb6366000, type =0
E/mm-camera(  255): port_isp_mct_ctrl_cmd: E, identity = 0x10002, STREAMON
E/mm-camera(  255): afd_set_parameters: param=0xb3cc03c4 afd_obj =0xb6366000, type =0
E/mm-camera(  255): afd_set_parameters: param=0xb3cc03fc afd_obj =0xb6366000, type =0
E/mm-camera(  255): afd_set_parameters: param=0xb3cc0434 afd_obj =0xb6366000, type =0
E/mm-camera(  255): afd_set_parameters: param=0xb3cc046c afd_obj =0xb6366000, type =0
E/mm-camera(  255): afd_set_parameters: param=0xb3cc00b4 afd_obj =0xb6366000, type =5
E/mm-camera-CORE(  255): afd_process_pack_output: afd_enable 0, monitor 0, flicker 0, freq 50, afd_state 0, afd_atb 2
E/mm-camera(  255): afd_set_parameters: param=0xb3cc04a4 afd_obj =0xb6366000, type =0
E/mm-camera(  255): afd_set_parameters: param=0xb3cc04dc afd_obj =0xb6366000, type =0
E/mm-camera(  255): afd_set_parameters: param=0xb3cc0514 afd_obj =0xb6366000, type =0
E/mm-camera(  255): afd_set_parameters: param=0xb3cc054c afd_obj =0xb6366000, type =0
E/mm-camera(  255): afd_set_parameters: param=0xb3cc0584 afd_obj =0xb6366000, type =0
E/mm-camera(  255): afd_set_parameters: param=0xb3cc05bc afd_obj =0xb6366000, type =0
E/mm-camera(  255): afd_set_parameters: param=0xb3cc05f4 afd_obj =0xb6366000, type =0
E/mm-camera(  255): afd_set_parameters: param=0xb3cc062c afd_obj =0xb6366000, type =0
E/mm-camera(  255): afd_set_parameters: param=0xb3cc0664 afd_obj =0xb6366000, type =0
E/mm-camera(  255): afd_set_parameters: param=0xb3cc069c afd_obj =0xb6366000, type =0
E/mm-camera(  255): afd_set_parameters: param=0xb3cc06d4 afd_obj =0xb6366000, type =0
E/mm-camera(  255): afd_set_parameters: param=0xb3cc007c afd_obj =0xb6366000, type =0
E/mm-camera(  255): afd_set_parameters: param=0xb3cc00ec afd_obj =0xb6366000, type =0
E/mm-camera(  255): afd_set_parameters: param=0xb3cc0124 afd_obj =0xb6366000, type =0
E/mm-camera(  255): afd_set_parameters: param=0xb3cc015c afd_obj =0xb6366000, type =0
E/mm-camera(  255): afd_set_parameters: param=0xb3cc070c afd_obj =0xb6366000, type =0
E/mm-camera(  255): afd_set_parameters: param=0xb3cc0744 afd_obj =0xb6366000, type =0
E/mm-camera(  255): is_port_handle_stream_event: MCT_EVENT_CONTROL_STREAMON, identity = 0x10002
E/mm-camera(  255): module_afs_port_event_func:522] AFS_STREAMON 10002
E/mm-camera-img(  255): Face Album FILE EXISTS
E/mm-camera(  255): c2d_module_handle_streamon_event:1223, identity=0x10002, stream-on done
E/AEC_PORT(  255): ddd exp 0.001778 iso 100
E/AEC_PORT(  255): #### aec_port_get_aec_data runs
E/mm-camera(  255): isp_streamon: E, session_id = 1, stream_id = 2, active_count = 0 flash=FALSE
E/mm-camera(  255): isp_proc_streamon: E, session_id = 1, stream_id = 2, stream_type = 1
E/mm-camera(  255): isp_ch_util_sync_stream_cfg_to_channel: cannot find channel, Adding new channel for stream id 2
E/mm-camera(  255): isp_add_meta_channel: no meta data, session_id = 1, stream_id = 2
E/mm-camera(  255): isp_validate_buf_request: total 8 current buffer count 8 for stream 2
E/mm-camera(  255): isp_fmt_to_pix_pattern: format 30
E/mm-camera(  255): isp_axi_stream_set_skip_pattern: cannot find stream, session_id = 0, stream_id = 0
E/mm-camera(  255): is_port_event: MCT_EVENT_MODULE_ISP_OUTPUT_DIM id = 10002, steam_type = 1, w = 1920, h = 1080
E/mm-camera(  255): module_afs_port_event_func:689] MCT_EVENT_MODULE_ISP_OUTPUT_DIM 1920x1080
E/mm-camera(  255): isp_hw_action: first start, hw thread for streamon/ack
E/mm-camera(  255): isp_thread_proc_cmd: start/stop, thread_data = 0xb3dbcba4, action_code = 0
E/mm-camera(  255): isp_fmt_to_pix_pattern: format 30
E/mm-camera(  255): isp_tintless_config: cfg: 10x13 mesh, 8x8 subgrid, subgrid sz 22x22
E/mm-camera(  255): isp_tintless_mesh_config: lib returned mesh config err=0
E/mm-camera(  255): color_xform_config_601_to_601 for stream Encoder
E/mm-camera(  255): color_xform_config_601_to_601 for stream Viewfinder
E/mm-camera(  255): linearization_set_params: param_id is not supported in this module
E/mm-camera(  255): mesh_rolloff_set_params: param_id is not supported in this module
E/mm-camera(  255): wb_set_params: param_id is not supported in this module
E/mm-camera(  255): demosaic_set_params: param_id 7, is not supported in this module
E/mm-camera(  255): demux_set_params: param_id 7, is not supported in this module
E/mm-camera(  255): color_correct_set_effect: saturation level = 1.000000, asd_saturae_adjust = 1.000000
E/mm-camera(  255): isp_ch_util_streamon: session_id = 1, vfe_mask = 0x1, async streamon, rc = 0
E/mm-camera(  255): isp_hw_action: hw_thread for ack
E/mm-camera(  255): mce_set_params: param_id is not supported in this module
E/mm-camera(  255): sce_set_params: param_id is not supported in this module
E/mm-camera(  255): la_hist_trigger_update: luma target from AEC = 0! use default LA curve
E/mm-camera(  255): isp_tintless_stat_config: pointer okay 
E/mm-camera(  255): isp_tintless_config: cfg: camif 2104x1560, elem sz 64x64, elems 24x32
E/mm-camera(  255): isp_tintless_stat_config: lib returned config err=0
E/mm-camera(  255): isp_fmt_to_pix_pattern: format 30
E/mm-camera(  255): stats_action_buf_config: cfg = 1, stats_mask = 0x7b8
E/mm-camera(  255): isp_validate_buf_request: total 4 current buffer count 4 for stream -2147418109
E/mm-camera(  255): isp_validate_buf_request: total 4 current buffer count 4 for stream -2147418108
E/mm-camera(  255): isp_validate_buf_request: total 4 current buffer count 4 for stream -2147418107
E/mm-camera(  255): isp_validate_buf_request: total 4 current buffer count 4 for stream -2147418105
E/mm-camera(  255): isp_validate_buf_request: total 4 current buffer count 4 for stream -2147418104
E/mm-camera(  255): isp_validate_buf_request: total 4 current buffer count 4 for stream -2147418103
E/mm-camera(  255): isp_validate_buf_request: total 4 current buffer count 4 for stream -2147418102
E/mm-camera(  255): stats_action: stats mask = 0x7b8
E/mm-camera(  255): isp_axi_util_subscribe_v4l2_event: event_type = 0x8000100, is_subscribe = 1
E/mm-camera(  255): isp_thread_proc_cmd: start/stop ack done, thread_data = 0xb3dbcba4, action_code = 1, rc = 0
E/mm-camera(  255): isp_ch_util_streamon: session_id = 1, sync ack done
E/mm-camera(  255): isp_streamon: X, session_id = 1, rc = 0
E/mm-camera(  255): port_isp_send_streamon_done_event_downstream: notify stream done downstream
E/mm-camera(  255): port_isp_mct_ctrl_cmd: X, identity = 0x10002, STREAMON, ret = 0
E/mm-camera(  255): ispif_proc_streamon: ispif_hw_reset done
E/mm-camera(  255): stream id 2, stream num_meta 0
E/mm-camera(  255): ispif_streamon: session_id = 1, active_streams = 1
E/mm-camera-sensor(  255): sensor_set_aec_init_settings:before real_gain 1.000000, linecount 86
E/mm-camera-sensor(  255): sensor_set_aec_init_settings:after real_gain 1.000000, linecount 86
E/mm-camera-sensor(  255): module_sensor_stream_on:1202 ide 10002 SENSOR_START_STREAM
E/mm-camera-sensor(  255): module_sensor_stream_on: Sending start bus message
E/mm-camera(  255): start_sof_check_thread: Starting SOF timeout thread
E/mm-camera(  255): mct_bus_sof_thread_run: thread_run = 1
D/QCamera2HWI(  241): int qcamera::QCamera2HardwareInterface::startPreview(): X
D/QCamera2HWI(  241): [KPI Perf] static int qcamera::QCamera2HardwareInterface::start_preview(camera_device*): X
W/CardboardView(19522): Surface size 1920x1005 does not match the expected screen size 1920x1080. Rendering is disabled.
I/MainActivity(19522): onSurfaceChanged
I/MainActivity(19522): onSurfaceChanged
I/WindowManager(  756): Screen frozen for +604ms due to Window{503cb52 u0 SurfaceView}
W/Adreno-ES20(19522): <core_glActiveTexture:348>: GL_INVALID_ENUM
I/Icing   ( 1990): Indexing 8DDAAE78A3C6487CC479C1BECEB6447E196CF7FE from com.google.android.googlequicksearchbox
E/mm-camera(  255): la_hist_trigger_update: luma target from AEC = 0! use default LA curve
E/mm-camera(  255): la_hist_trigger_update: luma target from AEC = 0! use default LA curve
E/mm-camera(  255): afd_set_parameters: param=0xb3cc02ac afd_obj =0xb6366000, type =2
E/QCamera2HWI(  241): [KPI Perf] static void qcamera::QCamera2HardwareInterface::preview_stream_cb_routine(mm_camera_super_buf_t*, qcamera::QCameraStream*, void*) : PROFILE_FIRST_PREVIEW_FRAME
I/Icing   ( 1990): Indexing done 8DDAAE78A3C6487CC479C1BECEB6447E196CF7FE
W/GLConsumer(19522): [unnamed-19522-0] bindTextureImage: clearing GL error: 0x500
W/Adreno-ES20(19522): <core_glActiveTexture:348>: GL_INVALID_ENUM
E/mm-camera(  255): q3a_port_send_event_downstream: AEC event handler returned failure!
D/QCameraParameters(  241): update current cct value. old:-1, now:0
W/GLConsumer(19522): [unnamed-19522-0] bindTextureImage: clearing GL error: 0x500
W/Adreno-ES20(19522): <core_glActiveTexture:348>: GL_INVALID_ENUM
E/mm-camera(  255): afd_set_parameters: param=0xb3cc02e4 afd_obj =0xb6366000, type =2
W/GLConsumer(19522): [unnamed-19522-0] bindTextureImage: clearing GL error: 0x500
W/Adreno-ES20(19522): <core_glActiveTexture:348>: GL_INVALID_ENUM
D/QCameraParameters(  241): update current cct value. old:0, now:4100
E/mm-camera(  255): afd_set_parameters: param=0xb3cc031c afd_obj =0xb6366000, type =2
W/GLConsumer(19522): [unnamed-19522-0] bindTextureImage: clearing GL error: 0x500
W/Adreno-ES20(19522): <core_glActiveTexture:348>: GL_INVALID_ENUM
E/mm-camera(  255): afd_set_parameters: param=0xb3cc0354 afd_obj =0xb6366000, type =2
W/GLConsumer(19522): [unnamed-19522-0] bindTextureImage: clearing GL error: 0x500
W/Adreno-ES20(19522): <core_glActiveTexture:348>: GL_INVALID_ENUM
D/QCameraParameters(  241): update current cct value. old:4100, now:5617
E/mm-camera(  255): afd_set_parameters: param=0xb3cc0204 afd_obj =0xb6366000, type =2
W/GLConsumer(19522): [unnamed-19522-0] bindTextureImage: clearing GL error: 0x500
W/Adreno-ES20(19522): <core_glActiveTexture:348>: GL_INVALID_ENUM
E/mm-camera(  255): afd_set_parameters: param=0xb3cc02ac afd_obj =0xb6366000, type =2
D/QCameraParameters(  241): update current cct value. old:5617, now:5176
W/GLConsumer(19522): [unnamed-19522-0] bindTextureImage: clearing GL error: 0x500
W/Adreno-ES20(19522): <core_glActiveTexture:348>: GL_INVALID_ENUM
E/mm-camera(  255): afd_set_parameters: param=0xb3cc038c afd_obj =0xb6366000, type =2
W/GLConsumer(19522): [unnamed-19522-0] bindTextureImage: clearing GL error: 0x500
W/Adreno-ES20(19522): <core_glActiveTexture:348>: GL_INVALID_ENUM
D/QCameraParameters(  241): update current cct value. old:5176, now:5000
E/mm-camera(  255): afd_set_parameters: param=0xb3cc05bc afd_obj =0xb6366000, type =2
W/GLConsumer(19522): [unnamed-19522-0] bindTextureImage: clearing GL error: 0x500
W/Adreno-ES20(19522): <core_glActiveTexture:348>: GL_INVALID_ENUM
W/GLConsumer(19522): [unnamed-19522-0] bindTextureImage: clearing GL error: 0x500
W/Adreno-ES20(19522): <core_glActiveTexture:348>: GL_INVALID_ENUM
E/mm-camera(  255): afd_set_parameters: param=0xb3cc023c afd_obj =0xb6366000, type =2
W/GLConsumer(19522): [unnamed-19522-0] bindTextureImage: clearing GL error: 0x500
W/Adreno-ES20(19522): <core_glActiveTexture:348>: GL_INVALID_ENUM
E/mm-camera(  255): afd_set_parameters: param=0xb3cc0274 afd_obj =0xb6366000, type =2
E/mm-camera(  255): afd_set_parameters: param=0xb3cc0354 afd_obj =0xb6366000, type =2
W/GLConsumer(19522): [unnamed-19522-0] bindTextureImage: clearing GL error: 0x500
W/Adreno-ES20(19522): <core_glActiveTexture:348>: GL_INVALID_ENUM
W/GLConsumer(19522): [unnamed-19522-0] bindTextureImage: clearing GL error: 0x500
W/Adreno-ES20(19522): <core_glActiveTexture:348>: GL_INVALID_ENUM
E/mm-camera(  255): afd_set_parameters: param=0xb3cc03c4 afd_obj =0xb6366000, type =2
W/GLConsumer(19522): [unnamed-19522-0] bindTextureImage: clearing GL error: 0x500
W/Adreno-ES20(19522): <core_glActiveTexture:348>: GL_INVALID_ENUM
E/mm-camera(  255): afd_set_parameters: param=0xb3cc023c afd_obj =0xb6366000, type =2
W/GLConsumer(19522): [unnamed-19522-0] bindTextureImage: clearing GL error: 0x500
W/Adreno-ES20(19522): <core_glActiveTexture:348>: GL_INVALID_ENUM
E/mm-camera(  255): afd_set_parameters: param=0xb3cc02e4 afd_obj =0xb6366000, type =2
W/GLConsumer(19522): [unnamed-19522-0] bindTextureImage: clearing GL error: 0x500
W/Adreno-ES20(19522): <core_glActiveTexture:348>: GL_INVALID_ENUM
E/mm-camera(  255): afd_set_parameters: param=0xb3cc031c afd_obj =0xb6366000, type =2
W/GLConsumer(19522): [unnamed-19522-0] bindTextureImage: clearing GL error: 0x500
W/Adreno-ES20(19522): <core_glActiveTexture:348>: GL_INVALID_ENUM
E/mm-camera(  255): afd_set_parameters: param=0xb3cc04dc afd_obj =0xb6366000, type =2
W/GLConsumer(19522): [unnamed-19522-0] bindTextureImage: clearing GL error: 0x500
W/Adreno-ES20(19522): <core_glActiveTexture:348>: GL_INVALID_ENUM
E/mm-camera(  255): afd_set_parameters: param=0xb3cc023c afd_obj =0xb6366000, type =2
W/GLConsumer(19522): [unnamed-19522-0] bindTextureImage: clearing GL error: 0x500
E/mm-camera(  255): afd_set_parameters: param=0xb3cc02ac afd_obj =0xb6366000, type =2
W/Adreno-ES20(19522): <core_glActiveTexture:348>: GL_INVALID_ENUM
E/mm-camera(  255): afd_set_parameters: param=0xb3cc03c4 afd_obj =0xb6366000, type =2
W/GLConsumer(19522): [unnamed-19522-0] bindTextureImage: clearing GL error: 0x500
W/Adreno-ES20(19522): <core_glActiveTexture:348>: GL_INVALID_ENUM
W/GLConsumer(19522): [unnamed-19522-0] bindTextureImage: clearing GL error: 0x500
W/Adreno-ES20(19522): <core_glActiveTexture:348>: GL_INVALID_ENUM
E/mm-camera(  255): afd_set_parameters: param=0xb3cc03fc afd_obj =0xb6366000, type =2
E/mm-camera(  255): afd_set_parameters: param=0xb3cc023c afd_obj =0xb6366000, type =2
W/GLConsumer(19522): [unnamed-19522-0] bindTextureImage: clearing GL error: 0x500
W/Adreno-ES20(19522): <core_glActiveTexture:348>: GL_INVALID_ENUM
W/GLConsumer(19522): [unnamed-19522-0] bindTextureImage: clearing GL error: 0x500
E/mm-camera(  255): afd_set_parameters: param=0xb3cc0274 afd_obj =0xb6366000, type =2
W/Adreno-ES20(19522): <core_glActiveTexture:348>: GL_INVALID_ENUM
E/mm-camera(  255): afd_set_parameters: param=0xb3cc038c afd_obj =0xb6366000, type =2
W/GLConsumer(19522): [unnamed-19522-0] bindTextureImage: clearing GL error: 0x500
W/Adreno-ES20(19522): <core_glActiveTexture:348>: GL_INVALID_ENUM
W/GLConsumer(19522): [unnamed-19522-0] bindTextureImage: clearing GL error: 0x500
E/mm-camera(  255): afd_set_parameters: param=0xb3cc0434 afd_obj =0xb6366000, type =2
W/Adreno-ES20(19522): <core_glActiveTexture:348>: GL_INVALID_ENUM
E/mm-camera(  255): afd_set_parameters: param=0xb3cc023c afd_obj =0xb6366000, type =2
W/GLConsumer(19522): [unnamed-19522-0] bindTextureImage: clearing GL error: 0x500
W/Adreno-ES20(19522): <core_glActiveTexture:348>: GL_INVALID_ENUM
E/mm-camera(  255): afd_set_parameters: param=0xb3cc02e4 afd_obj =0xb6366000, type =2
W/GLConsumer(19522): [unnamed-19522-0] bindTextureImage: clearing GL error: 0x500
W/Adreno-ES20(19522): <core_glActiveTexture:348>: GL_INVALID_ENUM
E/mm-camera(  255): afd_set_parameters: param=0xb3cc0354 afd_obj =0xb6366000, type =2
W/GLConsumer(19522): [unnamed-19522-0] bindTextureImage: clearing GL error: 0x500
W/Adreno-ES20(19522): <core_glActiveTexture:348>: GL_INVALID_ENUM
E/mm-camera(  255): afd_set_parameters: param=0xb3cc03fc afd_obj =0xb6366000, type =2
W/GLConsumer(19522): [unnamed-19522-0] bindTextureImage: clearing GL error: 0x500
W/Adreno-ES20(19522): <core_glActiveTexture:348>: GL_INVALID_ENUM
E/mm-camera(  255): afd_set_parameters: param=0xb3cc023c afd_obj =0xb6366000, type =2
W/GLConsumer(19522): [unnamed-19522-0] bindTextureImage: clearing GL error: 0x500
W/Adreno-ES20(19522): <core_glActiveTexture:348>: GL_INVALID_ENUM
E/mm-camera(  255): afd_set_parameters: param=0xb3cc02ac afd_obj =0xb6366000, type =2
W/GLConsumer(19522): [unnamed-19522-0] bindTextureImage: clearing GL error: 0x500
W/Adreno-ES20(19522): <core_glActiveTexture:348>: GL_INVALID_ENUM
W/GLConsumer(19522): [unnamed-19522-0] bindTextureImage: clearing GL error: 0x500
W/Adreno-ES20(19522): <core_glActiveTexture:348>: GL_INVALID_ENUM
E/mm-camera(  255): afd_set_parameters: param=0xb3cc03c4 afd_obj =0xb6366000, type =2
E/mm-camera(  255): afd_set_parameters: param=0xb3cc0434 afd_obj =0xb6366000, type =2
W/GLConsumer(19522): [unnamed-19522-0] bindTextureImage: clearing GL error: 0x500
W/Adreno-ES20(19522): <core_glActiveTexture:348>: GL_INVALID_ENUM
E/mm-camera(  255): afd_set_parameters: param=0xb3cc023c afd_obj =0xb6366000, type =2
W/GLConsumer(19522): [unnamed-19522-0] bindTextureImage: clearing GL error: 0x500
W/Adreno-ES20(19522): <core_glActiveTexture:348>: GL_INVALID_ENUM
E/mm-camera(  255): afd_set_parameters: param=0xb3cc0274 afd_obj =0xb6366000, type =2
W/GLConsumer(19522): [unnamed-19522-0] bindTextureImage: clearing GL error: 0x500
W/Adreno-ES20(19522): <core_glActiveTexture:348>: GL_INVALID_ENUM
W/GLConsumer(19522): [unnamed-19522-0] bindTextureImage: clearing GL error: 0x500
W/Adreno-ES20(19522): <core_glActiveTexture:348>: GL_INVALID_ENUM
W/ctxmgr  ( 2159): [PowerConnectionState]Got same value as before for power connection (Plug state: 2 BatteryLevel: 0.5)
E/mm-camera(  255): afd_set_parameters: param=0xb3cc038c afd_obj =0xb6366000, type =2
E/mm-camera(  255): afd_set_parameters: param=0xb3cc03fc afd_obj =0xb6366000, type =2
W/GLConsumer(19522): [unnamed-19522-0] bindTextureImage: clearing GL error: 0x500
W/Adreno-ES20(19522): <core_glActiveTexture:348>: GL_INVALID_ENUM
W/GLConsumer(19522): [unnamed-19522-0] bindTextureImage: clearing GL error: 0x500
W/Adreno-ES20(19522): <core_glActiveTexture:348>: GL_INVALID_ENUM
E/mm-camera(  255): afd_set_parameters: param=0xb3cc023c afd_obj =0xb6366000, type =2
E/mm-camera(  255): afd_set_parameters: param=0xb3cc02e4 afd_obj =0xb6366000, type =2
W/GLConsumer(19522): [unnamed-19522-0] bindTextureImage: clearing GL error: 0x500
W/Adreno-ES20(19522): <core_glActiveTexture:348>: GL_INVALID_ENUM
W/GLConsumer(19522): [unnamed-19522-0] bindTextureImage: clearing GL error: 0x500
W/Adreno-ES20(19522): <core_glActiveTexture:348>: GL_INVALID_ENUM
E/mm-camera(  255): afd_set_parameters: param=0xb3cc0354 afd_obj =0xb6366000, type =2
E/mm-camera(  255): afd_set_parameters: param=0xb3cc0434 afd_obj =0xb6366000, type =2
W/GLConsumer(19522): [unnamed-19522-0] bindTextureImage: clearing GL error: 0x500
W/Adreno-ES20(19522): <core_glActiveTexture:348>: GL_INVALID_ENUM
W/GLConsumer(19522): [unnamed-19522-0] bindTextureImage: clearing GL error: 0x500
W/Adreno-ES20(19522): <core_glActiveTexture:348>: GL_INVALID_ENUM
E/mm-camera(  255): afd_set_parameters: param=0xb3cc023c afd_obj =0xb6366000, type =2
E/mm-camera(  255): afd_set_parameters: param=0xb3cc02ac afd_obj =0xb6366000, type =2
W/GLConsumer(19522): [unnamed-19522-0] bindTextureImage: clearing GL error: 0x500
W/Adreno-ES20(19522): <core_glActiveTexture:348>: GL_INVALID_ENUM
W/GLConsumer(19522): [unnamed-19522-0] bindTextureImage: clearing GL error: 0x500
E/mm-camera(  255): afd_set_parameters: param=0xb3cc03c4 afd_obj =0xb6366000, type =2
W/Adreno-ES20(19522): <core_glActiveTexture:348>: GL_INVALID_ENUM
E/mm-camera(  255): afd_set_parameters: param=0xb3cc03fc afd_obj =0xb6366000, type =2
W/GLConsumer(19522): [unnamed-19522-0] bindTextureImage: clearing GL error: 0x500
W/Adreno-ES20(19522): <core_glActiveTexture:348>: GL_INVALID_ENUM
W/GLConsumer(19522): [unnamed-19522-0] bindTextureImage: clearing GL error: 0x500
W/Adreno-ES20(19522): <core_glActiveTexture:348>: GL_INVALID_ENUM
E/mm-camera(  255): afd_set_parameters: param=0xb3cc023c afd_obj =0xb6366000, type =2
E/mm-camera(  255): afd_set_parameters: param=0xb3cc0274 afd_obj =0xb6366000, type =2
W/GLConsumer(19522): [unnamed-19522-0] bindTextureImage: clearing GL error: 0x500
W/Adreno-ES20(19522): <core_glActiveTexture:348>: GL_INVALID_ENUM
E/mm-camera(  255): afd_set_parameters: param=0xb3cc038c afd_obj =0xb6366000, type =2
W/GLConsumer(19522): [unnamed-19522-0] bindTextureImage: clearing GL error: 0x500
W/Adreno-ES20(19522): <core_glActiveTexture:348>: GL_INVALID_ENUM
E/mm-camera(  255): afd_set_parameters: param=0xb3cc0434 afd_obj =0xb6366000, type =2
W/GLConsumer(19522): [unnamed-19522-0] bindTextureImage: clearing GL error: 0x500
W/Adreno-ES20(19522): <core_glActiveTexture:348>: GL_INVALID_ENUM
W/GLConsumer(19522): [unnamed-19522-0] bindTextureImage: clearing GL error: 0x500
W/Adreno-ES20(19522): <core_glActiveTexture:348>: GL_INVALID_ENUM
E/mm-camera(  255): afd_set_parameters: param=0xb3cc023c afd_obj =0xb6366000, type =2
I/art     (  756): Explicit concurrent mark sweep GC freed 35088(1999KB) AllocSpace objects, 4(61KB) LOS objects, 28% free, 39MB/55MB, paused 3.871ms total 130.456ms
E/mm-camera(  255): afd_set_parameters: param=0xb3cc02e4 afd_obj =0xb6366000, type =2
W/GLConsumer(19522): [unnamed-19522-0] bindTextureImage: clearing GL error: 0x500
W/Adreno-ES20(19522): <core_glActiveTexture:348>: GL_INVALID_ENUM
W/GLConsumer(19522): [unnamed-19522-0] bindTextureImage: clearing GL error: 0x500
W/Adreno-ES20(19522): <core_glActiveTexture:348>: GL_INVALID_ENUM
E/mm-camera(  255): afd_set_parameters: param=0xb3cc0354 afd_obj =0xb6366000, type =2
E/mm-camera(  255): afd_set_parameters: param=0xb3cc03fc afd_obj =0xb6366000, type =2
W/GLConsumer(19522): [unnamed-19522-0] bindTextureImage: clearing GL error: 0x500
W/Adreno-ES20(19522): <core_glActiveTexture:348>: GL_INVALID_ENUM
W/GLConsumer(19522): [unnamed-19522-0] bindTextureImage: clearing GL error: 0x500
W/Adreno-ES20(19522): <core_glActiveTexture:348>: GL_INVALID_ENUM
E/mm-camera(  255): afd_set_parameters: param=0xb3cc023c afd_obj =0xb6366000, type =2
E/mm-camera(  255): afd_set_parameters: param=0xb3cc02ac afd_obj =0xb6366000, type =2
W/GLConsumer(19522): [unnamed-19522-0] bindTextureImage: clearing GL error: 0x500
W/Adreno-ES20(19522): <core_glActiveTexture:348>: GL_INVALID_ENUM
W/GLConsumer(19522): [unnamed-19522-0] bindTextureImage: clearing GL error: 0x500
W/Adreno-ES20(19522): <core_glActiveTexture:348>: GL_INVALID_ENUM
E/mm-camera(  255): afd_set_parameters: param=0xb3cc03c4 afd_obj =0xb6366000, type =2
W/GLConsumer(19522): [unnamed-19522-0] bindTextureImage: clearing GL error: 0x500
E/mm-camera(  255): afd_set_parameters: param=0xb3cc0434 afd_obj =0xb6366000, type =2
W/Adreno-ES20(19522): <core_glActiveTexture:348>: GL_INVALID_ENUM
E/mm-camera(  255): afd_set_parameters: param=0xb3cc023c afd_obj =0xb6366000, type =2
W/GLConsumer(19522): [unnamed-19522-0] bindTextureImage: clearing GL error: 0x500
W/Adreno-ES20(19522): <core_glActiveTexture:348>: GL_INVALID_ENUM
E/mm-camera(  255): afd_set_parameters: param=0xb3cc0274 afd_obj =0xb6366000, type =2
W/GLConsumer(19522): [unnamed-19522-0] bindTextureImage: clearing GL error: 0x500
W/Adreno-ES20(19522): <core_glActiveTexture:348>: GL_INVALID_ENUM
W/GLConsumer(19522): [unnamed-19522-0] bindTextureImage: clearing GL error: 0x500
W/Adreno-ES20(19522): <core_glActiveTexture:348>: GL_INVALID_ENUM
E/mm-camera(  255): afd_set_parameters: param=0xb3cc038c afd_obj =0xb6366000, type =2
W/GLConsumer(19522): [unnamed-19522-0] bindTextureImage: clearing GL error: 0x500
W/Adreno-ES20(19522): <core_glActiveTexture:348>: GL_INVALID_ENUM
E/mm-camera(  255): afd_set_parameters: param=0xb3cc03fc afd_obj =0xb6366000, type =2
W/GLConsumer(19522): [unnamed-19522-0] bindTextureImage: clearing GL error: 0x500
W/Adreno-ES20(19522): <core_glActiveTexture:348>: GL_INVALID_ENUM
E/mm-camera(  255): afd_set_parameters: param=0xb3cc023c afd_obj =0xb6366000, type =2
E/mm-camera(  255): afd_set_parameters: param=0xb3cc02e4 afd_obj =0xb6366000, type =2
W/GLConsumer(19522): [unnamed-19522-0] bindTextureImage: clearing GL error: 0x500
W/Adreno-ES20(19522): <core_glActiveTexture:348>: GL_INVALID_ENUM
W/GLConsumer(19522): [unnamed-19522-0] bindTextureImage: clearing GL error: 0x500
E/mm-camera(  255): afd_set_parameters: param=0xb3cc0354 afd_obj =0xb6366000, type =2
W/Adreno-ES20(19522): <core_glActiveTexture:348>: GL_INVALID_ENUM
E/mm-camera(  255): afd_set_parameters: param=0xb3cc0434 afd_obj =0xb6366000, type =2
W/GLConsumer(19522): [unnamed-19522-0] bindTextureImage: clearing GL error: 0x500
W/Adreno-ES20(19522): <core_glActiveTexture:348>: GL_INVALID_ENUM
W/GLConsumer(19522): [unnamed-19522-0] bindTextureImage: clearing GL error: 0x500
W/Adreno-ES20(19522): <core_glActiveTexture:348>: GL_INVALID_ENUM
E/mm-camera(  255): afd_set_parameters: param=0xb3cc023c afd_obj =0xb6366000, type =2
E/mm-camera(  255): afd_set_parameters: param=0xb3cc02ac afd_obj =0xb6366000, type =2
W/GLConsumer(19522): [unnamed-19522-0] bindTextureImage: clearing GL error: 0x500
W/Adreno-ES20(19522): <core_glActiveTexture:348>: GL_INVALID_ENUM
W/GLConsumer(19522): [unnamed-19522-0] bindTextureImage: clearing GL error: 0x500
E/mm-camera(  255): afd_set_parameters: param=0xb3cc03c4 afd_obj =0xb6366000, type =2
W/Adreno-ES20(19522): <core_glActiveTexture:348>: GL_INVALID_ENUM
E/mm-camera(  255): afd_set_parameters: param=0xb3cc03fc afd_obj =0xb6366000, type =2
W/GLConsumer(19522): [unnamed-19522-0] bindTextureImage: clearing GL error: 0x500
W/Adreno-ES20(19522): <core_glActiveTexture:348>: GL_INVALID_ENUM
W/GLConsumer(19522): [unnamed-19522-0] bindTextureImage: clearing GL error: 0x500
W/Adreno-ES20(19522): <core_glActiveTexture:348>: GL_INVALID_ENUM
E/mm-camera(  255): afd_set_parameters: param=0xb3cc023c afd_obj =0xb6366000, type =2
E/mm-camera(  255): afd_set_parameters: param=0xb3cc0274 afd_obj =0xb6366000, type =2
W/GLConsumer(19522): [unnamed-19522-0] bindTextureImage: clearing GL error: 0x500
W/Adreno-ES20(19522): <core_glActiveTexture:348>: GL_INVALID_ENUM
W/GLConsumer(19522): [unnamed-19522-0] bindTextureImage: clearing GL error: 0x500
W/Adreno-ES20(19522): <core_glActiveTexture:348>: GL_INVALID_ENUM
E/mm-camera(  255): afd_set_parameters: param=0xb3cc038c afd_obj =0xb6366000, type =2
E/mm-camera(  255): afd_set_parameters: param=0xb3cc0434 afd_obj =0xb6366000, type =2
W/GLConsumer(19522): [unnamed-19522-0] bindTextureImage: clearing GL error: 0x500
W/Adreno-ES20(19522): <core_glActiveTexture:348>: GL_INVALID_ENUM
E/mm-camera(  255): afd_set_parameters: param=0xb3cc023c afd_obj =0xb6366000, type =2
W/GLConsumer(19522): [unnamed-19522-0] bindTextureImage: clearing GL error: 0x500
W/Adreno-ES20(19522): <core_glActiveTexture:348>: GL_INVALID_ENUM
E/mm-camera(  255): afd_set_parameters: param=0xb3cc02e4 afd_obj =0xb6366000, type =2
W/GLConsumer(19522): [unnamed-19522-0] bindTextureImage: clearing GL error: 0x500
W/Adreno-ES20(19522): <core_glActiveTexture:348>: GL_INVALID_ENUM
W/GLConsumer(19522): [unnamed-19522-0] bindTextureImage: clearing GL error: 0x500
W/Adreno-ES20(19522): <core_glActiveTexture:348>: GL_INVALID_ENUM
E/mm-camera(  255): afd_set_parameters: param=0xb3cc0354 afd_obj =0xb6366000, type =2
W/GLConsumer(19522): [unnamed-19522-0] bindTextureImage: clearing GL error: 0x500
E/mm-camera(  255): afd_set_parameters: param=0xb3cc03fc afd_obj =0xb6366000, type =2
W/Adreno-ES20(19522): <core_glActiveTexture:348>: GL_INVALID_ENUM
W/GLConsumer(19522): [unnamed-19522-0] bindTextureImage: clearing GL error: 0x500
W/Adreno-ES20(19522): <core_glActiveTexture:348>: GL_INVALID_ENUM
E/mm-camera(  255): afd_set_parameters: param=0xb3cc023c afd_obj =0xb6366000, type =2
W/GLConsumer(19522): [unnamed-19522-0] bindTextureImage: clearing GL error: 0x500
W/Adreno-ES20(19522): <core_glActiveTexture:348>: GL_INVALID_ENUM
E/mm-camera(  255): afd_set_parameters: param=0xb3cc02ac afd_obj =0xb6366000, type =2
W/GLConsumer(19522): [unnamed-19522-0] bindTextureImage: clearing GL error: 0x500
W/Adreno-ES20(19522): <core_glActiveTexture:348>: GL_INVALID_ENUM
E/mm-camera(  255): afd_set_parameters: param=0xb3cc03c4 afd_obj =0xb6366000, type =2
W/GLConsumer(19522): [unnamed-19522-0] bindTextureImage: clearing GL error: 0x500
W/Adreno-ES20(19522): <core_glActiveTexture:348>: GL_INVALID_ENUM
E/mm-camera(  255): afd_set_parameters: param=0xb3cc0434 afd_obj =0xb6366000, type =2
W/GLConsumer(19522): [unnamed-19522-0] bindTextureImage: clearing GL error: 0x500
E/mm-camera(  255): afd_set_parameters: param=0xb3cc023c afd_obj =0xb6366000, type =2
W/Adreno-ES20(19522): <core_glActiveTexture:348>: GL_INVALID_ENUM
W/GLConsumer(19522): [unnamed-19522-0] bindTextureImage: clearing GL error: 0x500
W/Adreno-ES20(19522): <core_glActiveTexture:348>: GL_INVALID_ENUM
E/mm-camera(  255): afd_set_parameters: param=0xb3cc0274 afd_obj =0xb6366000, type =2
W/GLConsumer(19522): [unnamed-19522-0] bindTextureImage: clearing GL error: 0x500
W/Adreno-ES20(19522): <core_glActiveTexture:348>: GL_INVALID_ENUM
E/mm-camera(  255): afd_set_parameters: param=0xb3cc038c afd_obj =0xb6366000, type =2
E/mm-camera(  255): afd_set_parameters: param=0xb3cc03fc afd_obj =0xb6366000, type =2
W/GLConsumer(19522): [unnamed-19522-0] bindTextureImage: clearing GL error: 0x500
W/Adreno-ES20(19522): <core_glActiveTexture:348>: GL_INVALID_ENUM
W/GLConsumer(19522): [unnamed-19522-0] bindTextureImage: clearing GL error: 0x500
W/Adreno-ES20(19522): <core_glActiveTexture:348>: GL_INVALID_ENUM
E/mm-camera(  255): afd_set_parameters: param=0xb3cc023c afd_obj =0xb6366000, type =2
E/mm-camera(  255): afd_set_parameters: param=0xb3cc02e4 afd_obj =0xb6366000, type =2
W/GLConsumer(19522): [unnamed-19522-0] bindTextureImage: clearing GL error: 0x500
W/Adreno-ES20(19522): <core_glActiveTexture:348>: GL_INVALID_ENUM
W/GLConsumer(19522): [unnamed-19522-0] bindTextureImage: clearing GL error: 0x500
W/Adreno-ES20(19522): <core_glActiveTexture:348>: GL_INVALID_ENUM
E/mm-camera(  255): afd_set_parameters: param=0xb3cc0354 afd_obj =0xb6366000, type =2
E/mm-camera(  255): afd_set_parameters: param=0xb3cc0434 afd_obj =0xb6366000, type =2
E/mm-camera(  255): afd_set_parameters: param=0xb3cc023c afd_obj =0xb6366000, type =2
D/AndroidRuntime(19522): Shutting down VM
E/AndroidRuntime(19522): FATAL EXCEPTION: main
E/AndroidRuntime(19522): Process: com.sveder.cardboardpassthrough, PID: 19522
E/AndroidRuntime(19522): java.lang.RuntimeException: Unable to pause activity {com.sveder.cardboardpassthrough/com.sveder.cardboardpassthrough.MainActivity}: java.lang.IllegalArgumentException: Service not registered: com.sveder.cardboardpassthrough.MainActivity$1@2aa6d3e7
E/AndroidRuntime(19522): 	at android.app.ActivityThread.performPauseActivity(ActivityThread.java:3293)
E/AndroidRuntime(19522): 	at android.app.ActivityThread.performPauseActivity(ActivityThread.java:3252)
E/AndroidRuntime(19522): 	at android.app.ActivityThread.handlePauseActivity(ActivityThread.java:3227)
E/AndroidRuntime(19522): 	at android.app.ActivityThread.access$1100(ActivityThread.java:154)
E/AndroidRuntime(19522): 	at android.app.ActivityThread$H.handleMessage(ActivityThread.java:1339)
E/AndroidRuntime(19522): 	at android.os.Handler.dispatchMessage(Handler.java:102)
E/AndroidRuntime(19522): 	at android.os.Looper.loop(Looper.java:135)
E/AndroidRuntime(19522): 	at android.app.ActivityThread.main(ActivityThread.java:5292)
E/AndroidRuntime(19522): 	at java.lang.reflect.Method.invoke(Native Method)
E/AndroidRuntime(19522): 	at java.lang.reflect.Method.invoke(Method.java:372)
E/AndroidRuntime(19522): 	at com.android.internal.os.ZygoteInit$MethodAndArgsCaller.run(ZygoteInit.java:904)
E/AndroidRuntime(19522): 	at com.android.internal.os.ZygoteInit.main(ZygoteInit.java:699)
E/AndroidRuntime(19522): Caused by: java.lang.IllegalArgumentException: Service not registered: com.sveder.cardboardpassthrough.MainActivity$1@2aa6d3e7
E/AndroidRuntime(19522): 	at android.app.LoadedApk.forgetServiceDispatcher(LoadedApk.java:1030)
E/AndroidRuntime(19522): 	at android.app.ContextImpl.unbindService(ContextImpl.java:1850)
E/AndroidRuntime(19522): 	at android.content.ContextWrapper.unbindService(ContextWrapper.java:557)
E/AndroidRuntime(19522): 	at com.sveder.cardboardpassthrough.MainActivity.onPause(MainActivity.java:232)
E/AndroidRuntime(19522): 	at android.app.Activity.performPause(Activity.java:6101)
E/AndroidRuntime(19522): 	at android.app.Instrumentation.callActivityOnPause(Instrumentation.java:1310)
E/AndroidRuntime(19522): 	at android.app.ActivityThread.performPauseActivity(ActivityThread.java:3279)
E/AndroidRuntime(19522): 	... 11 more
W/ProcessCpuTracker(  756): Skipping unknown process pid 19624
E/mm-camera(  255): afd_set_parameters: param=0xb3cc02ac afd_obj =0xb6366000, type =2
W/ResourceType(  756): For resource 0x010301f2, entry index(498) is beyond type entryCount(9)
D/LogFetchServiceManager( 3038): Received entry added
I/OpenGLRenderer(  756): Initialized EGL, version 1.4
E/mm-camera(  255): afd_set_parameters: param=0xb3cc03c4 afd_obj =0xb6366000, type =2
E/mm-camera(  255): afd_set_parameters: param=0xb3cc03fc afd_obj =0xb6366000, type =2
E/mm-camera(  255): afd_set_parameters: param=0xb3cc023c afd_obj =0xb6366000, type =2
E/mm-camera(  255): afd_set_parameters: param=0xb3cc0274 afd_obj =0xb6366000, type =2
E/mm-camera(  255): afd_set_parameters: param=0xb3cc038c afd_obj =0xb6366000, type =2
E/mm-camera(  255): afd_set_parameters: param=0xb3cc0434 afd_obj =0xb6366000, type =2
E/mm-camera(  255): afd_set_parameters: param=0xb3cc023c afd_obj =0xb6366000, type =2
E/mm-camera(  255): afd_set_parameters: param=0xb3cc02e4 afd_obj =0xb6366000, type =2
E/mm-camera(  255): afd_set_parameters: param=0xb3cc0354 afd_obj =0xb6366000, type =2
E/mm-camera(  255): afd_set_parameters: param=0xb3cc03fc afd_obj =0xb6366000, type =2
W/ActivityManager(  756): Activity pause timeout for ActivityRecord{94e62fd u0 com.sveder.cardboardpassthrough/.MainActivity t4963 f}
E/mm-camera(  255): afd_set_parameters: param=0xb3cc023c afd_obj =0xb6366000, type =2
E/mm-camera(  255): afd_set_parameters: param=0xb3cc02ac afd_obj =0xb6366000, type =2
I/ActivityManager(  756): Config changes=480 {1.0 724mcc10mnc pt_BR ?layoutDir sw360dp w360dp h615dp 480dpi nrml long port finger -keyb/v/h -nav/h s.105 themeResource=null}
V/ActivityManager(  756): Display changed displayId=0
I/InputReader(  756): Reconfiguring input devices.  changes=0x00000004
I/InputReader(  756): Device reconfigured: id=5, name='synaptics-rmi-ts', size 1080x1920, orientation 0, mode 1, display id 0
E/mm-camera(  255): afd_set_parameters: param=0xb3cc03c4 afd_obj =0xb6366000, type =2
I/Timeline(  756): Timeline: Activity_windows_visible id: ActivityRecord{3dc8e5b5 u0 com.google.android.googlequicksearchbox/com.google.android.launcher.GEL t4876} time:36793888
E/mm-camera(  255): afd_set_parameters: param=0xb3cc0434 afd_obj =0xb6366000, type =2
W/SearchService( 5373): Abort, client detached.
I/Timeline( 1617): Timeline: Activity_idle id: android.os.BinderProxy@34fe4749 time:36793912
I/ActivityManager(  756): Killing 10078:com.google.android.gm/u0a51 (adj 15): empty #17
E/mm-camera(  255): afd_set_parameters: param=0xb3cc023c afd_obj =0xb6366000, type =2
W/LocationOracle( 5373): Best location was null
E/mm-camera(  255): afd_set_parameters: param=0xb3cc0274 afd_obj =0xb6366000, type =2
E/mm-camera(  255): afd_set_parameters: param=0xb3cc038c afd_obj =0xb6366000, type =2
E/mm-camera(  255): afd_set_parameters: param=0xb3cc03fc afd_obj =0xb6366000, type =2
I/WindowManager(  756): Screen frozen for +297ms due to Window{19853796 u0 StatusBar}
E/mm-camera(  255): afd_set_parameters: param=0xb3cc023c afd_obj =0xb6366000, type =2
E/mm-camera(  255): afd_set_parameters: param=0xb3cc02e4 afd_obj =0xb6366000, type =2
E/mm-camera(  255): afd_set_parameters: param=0xb3cc0354 afd_obj =0xb6366000, type =2
E/mm-camera(  255): afd_set_parameters: param=0xb3cc0434 afd_obj =0xb6366000, type =2
E/mm-camera(  255): afd_set_parameters: param=0xb3cc023c afd_obj =0xb6366000, type =2
E/mm-camera(  255): afd_set_parameters: param=0xb3cc02ac afd_obj =0xb6366000, type =2
E/mm-camera(  255): afd_set_parameters: param=0xb3cc03c4 afd_obj =0xb6366000, type =2
W/OpenGLRenderer( 1617): Incorrectly called buildLayer on View: ShortcutAndWidgetContainer, destroying layer...
E/mm-camera(  255): afd_set_parameters: param=0xb3cc03fc afd_obj =0xb6366000, type =2
E/mm-camera(  255): afd_set_parameters: param=0xb3cc023c afd_obj =0xb6366000, type =2
E/mm-camera(  255): afd_set_parameters: param=0xb3cc0274 afd_obj =0xb6366000, type =2
E/mm-camera(  255): afd_set_parameters: param=0xb3cc038c afd_obj =0xb6366000, type =2
E/mm-camera(  255): afd_set_parameters: param=0xb3cc0434 afd_obj =0xb6366000, type =2
E/mm-camera(  255): afd_set_parameters: param=0xb3cc023c afd_obj =0xb6366000, type =2
E/mm-camera(  255): afd_set_parameters: param=0xb3cc02e4 afd_obj =0xb6366000, type =2
E/mm-camera(  255): afd_set_parameters: param=0xb3cc0354 afd_obj =0xb6366000, type =2
E/mm-camera(  255): afd_set_parameters: param=0xb3cc03fc afd_obj =0xb6366000, type =2
E/mm-camera(  255): afd_set_parameters: param=0xb3cc023c afd_obj =0xb6366000, type =2
E/mm-camera(  255): afd_set_parameters: param=0xb3cc02ac afd_obj =0xb6366000, type =2
W/ResourceType(16676): No package identifier when getting value for resource number 0x00000000
W/PackageManager(16676): Failure retrieving resources for com.sveder.cardboardpassthrough: Resource ID #0x0
E/mm-camera(  255): afd_set_parameters: param=0xb3cc03c4 afd_obj =0xb6366000, type =2
E/mm-camera(  255): afd_set_parameters: param=0xb3cc0434 afd_obj =0xb6366000, type =2
E/mm-camera(  255): afd_set_parameters: param=0xb3cc023c afd_obj =0xb6366000, type =2
