I/msm8974_platform(  241): platform_send_audio_calibration: sending audio calibration for snd_device(2) acdb_id(15)
D/ACDB-LOADER(  241): ACDB -> send_audio_cal, acdb_id = 15, path =  0
D/ACDB-LOADER(  241): ACDB -> send_adm_topology
D/ACDB-LOADER(  241): ACDB -> ACDB_CMD_GET_AUDPROC_COMMON_TOPOLOGY_ID
D/ACDB-LOADER(  241): ACDB -> send_asm_topology
D/ACDB-LOADER(  241): ACDB -> ACDB_CMD_GET_AUDPROC_STREAM_TOPOLOGY_ID
D/ACDB-LOADER(  241): ACDB -> send_audtable
D/ACDB-LOADER(  241): ACDB -> ACDB_CMD_GET_AUDPROC_COMMON_TABLE
D/ACDB-LOADER(  241): ACDB -> AUDIO_SET_AUDPROC_CAL
D/ACDB-LOADER(  241): ACDB -> send_audvoltable
D/ACDB-LOADER(  241): ACDB -> ACDB_CMD_GET_AUDPROC_GAIN_DEP_STEP_TABLE
D/        (  241): Failed to fetch the lookup information of the device 0000000F 
E/ACDB-LOADER(  241): Error: ACDB AudProc vol returned = -19
D/ACDB-LOADER(  241): ACDB -> AUDIO_SET_AUDPROC_VOL_CAL
D/ACDB-LOADER(  241): ACDB -> send_afe_cal
D/ACDB-LOADER(  241): ACDB -> ACDB_CMD_GET_AFE_COMMON_TABLE
D/        (  241): Failed to fetch the lookup information of the device 0000000F 
E/ACDB-LOADER(  241): Error: ACDB AFE returned = -19
D/ACDB-LOADER(  241): ACDB -> AUDIO_SET_AFE_CAL
D/audio_hw_primary(  241): select_devices: done
W/ctxmgr  ( 2159): [PowerConnectionState]Got same value as before for power connection (Plug state: 2 BatteryLevel: 0.57)
I/art     (  756): Background sticky concurrent mark sweep GC freed 168052(7MB) AllocSpace objects, 6(327KB) LOS objects, 12% free, 50MB/58MB, paused 2.663ms total 102.522ms
D/audio_hw_primary(  241): out_standby: enter: stream (0xb5880740) usecase(1: low-latency-playback)
D/hardware_info(  241): hw_info_append_hw_type : device_name = speaker
I/LatinIME( 1430): Starting input. Cursor position = 15,15
I/ValidateNoPeople(  756): skipping global notification
W/ctxmgr  ( 2159): [PowerConnectionState]Got same value as before for power connection (Plug state: 2 BatteryLevel: 0.57)
I/ActivityManager(  756): START u0 {act=android.intent.action.MAIN cat=[android.intent.category.HOME] flg=0x10200000 cmp=com.google.android.googlequicksearchbox/com.google.android.launcher.GEL} from uid 1000 on display 0
I/ValidateNoPeople(  756): skipping global notification
D/NuPlayerDriver(  241): stop(0xb1831880)
D/NuPlayerDriver(  241): reset(0xb1831880)
D/NuPlayerDriver(  241): notifyResetComplete(0xb1831880)
E/MediaPlayer-JNI(29521): QCMediaPlayer mediaplayer NOT present
W/MediaPlayer(29521): mediaplayer went away with unhandled events
I/GEL     ( 1617): handleIntent(Intent { act=android.intent.action.MAIN cat=[android.intent.category.HOME] flg=0x10600000 cmp=com.google.android.googlequicksearchbox/com.google.android.launcher.GEL })
D/ExtendedUtils(  241): Try creating ExtendedExtractor
E/MM_OSAL (  241): FileSource::FileSource
E/MM_OSAL (  241): FileSource::FileSource m_bEveryThingOK 1
E/MM_OSAL (  241): MM_File_Create File Name /data/mmosal_logmask.cfg , Mode 0
E/MM_OSAL (  241): MM_File_Create failed .Efs Error No -1 , File Name /data/mmosal_logmask.cfg , Mode 0
E/MM_OSAL (  241): Open or read fail on /data/mmosal_logmask.cfg. Possible permission denied issue. Looking for /data/misc/media/mmosal_logmask.cfg
E/MM_OSAL (  241): MM_File_Create File Name /data/misc/media/mmosal_logmask.cfg , Mode 0
E/MM_OSAL (  241): MM_File_Create failed .Efs Error No -1 , File Name /data/misc/media/mmosal_logmask.cfg , Mode 0
D/ExtendedUtils(  241): Discarding default extractor and using the extended one
I/FFmpegExtractor(  241): android-source:0xb1010150
I/FFMPEG  (  241): Input #0, mov,mp4,m4a,3gp,3g2,mj2, from 'android-source:0xb1010150':
I/FFMPEG  (  241):   Metadata:
I/FFMPEG  (  241):     major_brand     : M4A 
I/FFMPEG  (  241):     minor_version   : 0
I/FFMPEG  (  241):     compatible_brands: M4A mp42isom
I/FFMPEG  (  241):     creation_time   : 2012-03-07 02:05:10
I/FFMPEG  (  241):     title           : send_message
I/FFMPEG  (  241):     compilation     : 0
I/FFMPEG  (  241):     gapless_playback: 0
I/FFMPEG  (  241):     encoder         : iTunes 10.5.2.11
I/FFMPEG  (  241):     iTunSMPB        :  00000000 00000840 000000C6 00000000000006FA 00000000 00000000 00000000 00000000 00000000 00000000 00000000 00000000
I/FFMPEG  (  241):     Encoding Params : vers
I/FFMPEG  (  241):     iTunNORM        :  0000010B 00000000 0000010B 00000000 00000000 00000000 00002EE7 00000000 00000000 00000000
I/FFMPEG  (  241):   Duration: 00:00:00.09, start: 0.000000, bitrate: 393 kb/s
I/FFMPEG  (  241):     Stream #0:0(und): Audio: aac (LC) (mp4a / 0x6134706D), 44100 Hz, mono, fltp, 40 kb/s (default)
I/FFMPEG  (  241):     Metadata:
I/FFMPEG  (  241):       creation_time   : 2012-03-07 02:05:10
D/FFmpegExtractor(  241): FFmpegExtrator, url: android-source:0xb1010150, format_name: mov,mp4,m4a,3gp,3g2,mj2, format_long_name: QuickTime / MOV
I/FFmpegExtractor(  241): adjust mime(video/mp4 -> audio/mp4a-latm)
D/FFmpegExtractor(  241): suppoted codec(aac) by official Stagefright
D/FFmpegExtractor(  241): ffmpeg detected media content as 'audio/mp4a-latm' with confidence 0.08
D/ExtendedUtils(  241): Try creating ExtendedExtractor
E/MM_OSAL (  241): FileSource::FileSource
E/MM_OSAL (  241): FileSource::FileSource m_bEveryThingOK 1
E/MM_OSAL (  241): MM_File_Create File Name /data/mmosal_logmask.cfg , Mode 0
E/MM_OSAL (  241): MM_File_Create failed .Efs Error No -1 , File Name /data/mmosal_logmask.cfg , Mode 0
E/MM_OSAL (  241): Open or read fail on /data/mmosal_logmask.cfg. Possible permission denied issue. Looking for /data/misc/media/mmosal_logmask.cfg
E/MM_OSAL (  241): MM_File_Create File Name /data/misc/media/mmosal_logmask.cfg , Mode 0
E/MM_OSAL (  241): MM_File_Create failed .Efs Error No -1 , File Name /data/misc/media/mmosal_logmask.cfg , Mode 0
D/ExtendedUtils(  241): Discarding default extractor and using the extended one
E/MediaPlayer(29521): Should have subtitle controller already set
E/MediaPlayer(29521): Should have subtitle controller already set
D/NuPlayerDriver(  241): start(0xb1831880)
I/GenericSource(  241): start
E/MMParserExtractor(  241): FileSource::FILE_SOURCE_DATA_END 
W/Utils   (  241): bool android::canOffloadStream(const android::sp<android::MetaData>&, bool, const android::sp<android::MetaData>&, bool, audio_stream_type_t) No sample bit depth info in meta data
E/AudioPolicyManager(  241): isOffloadSupported: stream_type != MUSIC, returning false
I/ExtendedUtils(  241): No channel mask, try channel count
I/ExtendedUtils(  241): decision 0 mime audio/mp4a-latm
E/AudioPolicyManager(  241): isOffloadSupported: stream_type != MUSIC, returning false
I/NuPlayer(  241): Could not offload audio decode, pcm offload decided :0
W/IInputConnectionWrapper(29521): showStatusIcon on inactive InputConnection
W/Utils   (  241): bool android::canOffloadStream(const android::sp<android::MetaData>&, bool, const android::sp<android::MetaData>&, bool, audio_stream_type_t) No sample bit depth info in meta data
E/AudioPolicyManager(  241): isOffloadSupported: stream_type != MUSIC, returning false
I/ACodec  (  241): sampleRate=44100 channels=1 bits=16
I/SoftAAC2(  241): Reconfiguring decoder: 0->44100 Hz, 0->1 channels
E/MMParserExtractor(  241): FileSource::FILE_SOURCE_DATA_END 
E/AudioTrack(  241): AudioTrack::set : Exit
D/audio_hw_primary(  241): out_set_parameters: enter: usecase(1: low-latency-playback) kvpairs: routing=2
V/listen_hw(  241): listen_hw_set_parameters: Enter
V/listen_hw(  241): handle_set_parameters: Enter kvpairs=routing=2 capture=0
V/listen_hw(  241): handle_set_parameters: Exit
V/listen_hw(  241): listen_hw_set_parameters: Exit, ret=0
D/audio_hw_primary(  241): start_output_stream: enter: stream(0xb5880740)usecase(1: low-latency-playback) devices(0x2)
D/audio_hw_primary(  241): start_output_stream: enter: usecase(1: low-latency-playback) devices(0x2)
D/audio_hw_primary(  241): select_devices: out_snd_device(2: speaker) in_snd_device(0: )
W/msm8974_platform(  241): Codec backend bitwidth 16, samplerate 48000
D/hardware_info(  241): hw_info_append_hw_type : device_name = speaker
I/msm8974_platform(  241): platform_send_audio_calibration: sending audio calibration for snd_device(2) acdb_id(15)
D/ACDB-LOADER(  241): ACDB -> send_audio_cal, acdb_id = 15, path =  0
D/ACDB-LOADER(  241): ACDB -> send_adm_topology
D/ACDB-LOADER(  241): ACDB -> ACDB_CMD_GET_AUDPROC_COMMON_TOPOLOGY_ID
D/ACDB-LOADER(  241): ACDB -> send_asm_topology
D/ACDB-LOADER(  241): ACDB -> ACDB_CMD_GET_AUDPROC_STREAM_TOPOLOGY_ID
D/ACDB-LOADER(  241): ACDB -> send_audtable
D/ACDB-LOADER(  241): ACDB -> ACDB_CMD_GET_AUDPROC_COMMON_TABLE
D/ACDB-LOADER(  241): ACDB -> AUDIO_SET_AUDPROC_CAL
D/ACDB-LOADER(  241): ACDB -> send_audvoltable
D/ACDB-LOADER(  241): ACDB -> ACDB_CMD_GET_AUDPROC_GAIN_DEP_STEP_TABLE
D/        (  241): Failed to fetch the lookup information of the device 0000000F 
E/ACDB-LOADER(  241): Error: ACDB AudProc vol returned = -19
D/ACDB-LOADER(  241): ACDB -> AUDIO_SET_AUDPROC_VOL_CAL
D/ACDB-LOADER(  241): ACDB -> send_afe_cal
D/ACDB-LOADER(  241): ACDB -> ACDB_CMD_GET_AFE_COMMON_TABLE
D/        (  241): Failed to fetch the lookup information of the device 0000000F 
E/ACDB-LOADER(  241): Error: ACDB AFE returned = -19
D/ACDB-LOADER(  241): ACDB -> AUDIO_SET_AFE_CAL
D/audio_hw_primary(  241): select_devices: done
I/Timeline( 1617): Timeline: Activity_idle id: android.os.BinderProxy@34fe4749 time:41717403
I/MicroRecognitionRnrImpl( 5373): Starting detection.
I/MicrophoneInputStream( 5373): mic_starting com.google.android.apps.gsa.speech.audio.aa@e0d10f4
D/audio_hw_primary(  241): adev_open_input_stream: enter: sample_rate(16000) channel_mask(0x10) devices(0x80000004)        stream_handle(0xb13b07a0) io_handle(3050) source(6)
I/AudioFlinger(  241): AudioFlinger's thread 0xb121c000 ready to run
D/audio_hw_primary(  241): in_standby: enter: stream (0xb13b07a0) usecase(7: audio-record)
D/audio_hw_primary(  241): in_standby: enter: stream (0xb13b07a0) usecase(7: audio-record)
D/audio_hw_primary(  241): in_set_parameters: enter: kvpairs=input_source=6;routing=-2147483644
W/LocationOracle( 5373): Best location was null
I/MicrophoneInputStream( 5373): mic_started com.google.android.apps.gsa.speech.audio.aa@e0d10f4
D/audio_hw_primary(  241): start_input_stream: enter: stream(0xb13b07a0)usecase(7: audio-record)
D/audio_hw_primary(  241): select_devices: out_snd_device(0: ) in_snd_device(61: voice-rec-mic)
D/hardware_info(  241): hw_info_append_hw_type : device_name = voice-rec-mic
I/msm8974_platform(  241): platform_send_audio_calibration: sending audio calibration for snd_device(61) acdb_id(119)
D/ACDB-LOADER(  241): ACDB -> send_audio_cal, acdb_id = 119, path =  1
D/ACDB-LOADER(  241): ACDB -> send_adm_topology
D/ACDB-LOADER(  241): ACDB -> ACDB_CMD_GET_AUDPROC_COMMON_TOPOLOGY_ID
D/ACDB-LOADER(  241): ACDB -> send_asm_topology
D/ACDB-LOADER(  241): ACDB -> ACDB_CMD_GET_AUDPROC_STREAM_TOPOLOGY_ID
D/ACDB-LOADER(  241): ACDB -> send_audtable
D/ACDB-LOADER(  241): ACDB -> ACDB_CMD_GET_AUDPROC_COMMON_TABLE
D/ACDB-LOADER(  241): ACDB -> AUDIO_SET_AUDPROC_CAL
D/ACDB-LOADER(  241): ACDB -> send_audvoltable
D/ACDB-LOADER(  241): ACDB -> ACDB_CMD_GET_AUDPROC_GAIN_DEP_STEP_TABLE
D/        (  241): Failed to fetch the lookup information of the device 00000077 
E/ACDB-LOADER(  241): Error: ACDB AudProc vol returned = -19
D/ACDB-LOADER(  241): ACDB -> AUDIO_SET_AUDPROC_VOL_CAL
D/ACDB-LOADER(  241): ACDB -> AUDIO_SET_AFE_CAL
I/listen_hal_loader(  241): audio_extn_listen_update_status(): stop listen. current active device = voice-rec-mic. Event = 1
V/listen_hw(  241): listen_hw_notify_event: Enter
V/listen_hw(  241): handle_notify_event: Enter, event type = 1
V/listen_hw(  241): adsp_stop:[0xb587a900] Enter
V/listen_hw(  241): adsp_stop:[0xb587a900] Exit, status=0
I/ListenService(  241): eventCallback: Listen concurency event
V/listen_hw(  241): handle_notify_event: Exit
I/IListenReceiver( 1534): BnListenReceiver::onTransact received NOTIFY
D/(Native) ListenReceiver( 1534): notify: Audiolock mNotifyLock
D/(Native) ListenReceiver( 1534): notify: callback application
D/ListenReceiver-JNI( 1534): JNIListenReceiverListener::notify: lock mListenerLock
D/ListenReceiver-JNI( 1534): JNIListenReceiverListener::notify: data size fieldID is 0x74ae2930
D/ListenReceiver-JNI( 1534): JNIListenReceiverListener::notify() callMethod receiveEvent with mLRecvrObj=0x200aee, gEventCallbackId=0x74ae2868
D/Java ListenReceiver( 1534): receiveEvent type 9 calls processEvent
D/ListenReceiver-JNI( 1534): JNIListenReceiverListener::notify DeleteGlobalRef eventDataObj
D/ListenReceiver-JNI( 1534): JNIListenReceiverListener::notify DeleteLocalRef tmpEventDataObj
D/(Native) ListenReceiver( 1534): notify: back from callback
D/audio_hw_primary(  241): select_devices: done
W/MicroDetectionWorkerImp( 5373): Tag [MicroDetectionWorkerImpl] is too long; truncated to [MicroDetectionWorkerImp]
I/MicroDetectionWorkerImp( 5373): onReady
I/Timeline(  756): Timeline: Activity_windows_visible id: ActivityRecord{3dc8e5b5 u0 com.google.android.googlequicksearchbox/com.google.android.launcher.GEL t4876} time:41717671
W/OpenGLRenderer( 1617): Incorrectly called buildLayer on View: ShortcutAndWidgetContainer, destroying layer...
W/ResourceType(16676): No package identifier when getting value for resource number 0x00000000
W/PackageManager(16676): Failure retrieving resources for com.whatsapp: Resource ID #0x0
D/audio_hw_primary(  241): out_standby: enter: stream (0xb5880740) usecase(1: low-latency-playback)
D/hardware_info(  241): hw_info_append_hw_type : device_name = speaker
W/ctxmgr  ( 2159): [PowerConnectionState]Got same value as before for power connection (Plug state: 2 BatteryLevel: 0.57)
W/ActivityManager(  756): getTasks: caller 10096 does not hold REAL_GET_TASKS; limiting output
I/ValidateNoPeople(  756): Validating: 0|com.whatsapp|1|null|10096
I/ValidateNoPeople(  756): Executing: validation for: 0|com.whatsapp|1|null|10096
E/MediaPlayer-JNI(16676): QCMediaPlayer mediaplayer NOT present
I/ValidateNoPeople(  756): final affinity: 0.5
I/FFmpegExtractor(  241): android-source:0xb1071ce0
I/FFMPEG  (  241): Input #0, ogg, from 'android-source:0xb1071ce0':
I/FFMPEG  (  241):   Duration: 00:00:01.69, start: 0.000000, bitrate: 131 kb/s
I/FFMPEG  (  241):     Stream #0:0: Audio: vorbis, 44100 Hz, stereo, fltp, 160 kb/s
I/FFMPEG  (  241):     Metadata:
I/FFMPEG  (  241):       ANDROID_LOOP    : false
I/FFMPEG  (  241):       TITLE           : Antimony
D/FFmpegExtractor(  241): FFmpegExtrator, url: android-source:0xb1071ce0, format_name: ogg, format_long_name: Ogg
I/FFmpegExtractor(  241): adjust mime(application/ogg -> audio/vorbis)
D/FFmpegExtractor(  241): suppoted codec(vorbis) by official Stagefright
D/FFmpegExtractor(  241): ffmpeg detected media content as 'audio/vorbis' with confidence 0.08
D/ExtendedUtils(  241): extended extractor not needed, return default
E/MediaPlayer(16676): Should have subtitle controller already set
I/MediaFocusControl(  756):  AudioFocus  requestAudioFocus() from android.media.AudioManager@a7105b1 req=3flags=0x0
D/AudioManager( 2806): AudioManager dispatching onAudioFocusChange(-3) for android.media.AudioManager@394c143ccom.facebook.messaging.audio.record.d@35f715c5
D/NuPlayerDriver(  241): start(0xb18310a0)
I/GenericSource(  241): start
E/MediaPlayer(16676): Should have subtitle controller already set
W/Utils   (  241): bool android::canOffloadStream(const android::sp<android::MetaData>&, bool, const android::sp<android::MetaData>&, bool, audio_stream_type_t) No sample bit depth info in meta data
I/str_params(  241): key: 'SND_CARD_STATUS' value: ''
I/ExtendedUtils(  241): No channel mask, try channel count
W/ExtendedUtils(  241): No bitrate info
I/ExtendedUtils(  241): decision 0 mime audio/vorbis
I/AudioPolicyManager(  241): PCM offload property is enabled
I/NuPlayer(  241): Could not offload audio decode, pcm offload decided :0
W/Utils   (  241): bool android::canOffloadStream(const android::sp<android::MetaData>&, bool, const android::sp<android::MetaData>&, bool, audio_stream_type_t) No sample bit depth info in meta data
I/str_params(  241): key: 'SND_CARD_STATUS' value: ''
E/AudioTrack(  241): AudioTrack::set : Exit
D/audio_hw_primary(  241): out_set_parameters: enter: usecase(1: low-latency-playback) kvpairs: routing=2
V/listen_hw(  241): listen_hw_set_parameters: Enter
V/listen_hw(  241): handle_set_parameters: Enter kvpairs=routing=2 capture=1
V/listen_hw(  241): handle_set_parameters: Exit
V/listen_hw(  241): listen_hw_set_parameters: Exit, ret=0
D/audio_hw_primary(  241): start_output_stream: enter: stream(0xb5880740)usecase(1: low-latency-playback) devices(0x2)
D/audio_hw_primary(  241): start_output_stream: enter: usecase(1: low-latency-playback) devices(0x2)
D/audio_hw_primary(  241): select_devices: out_snd_device(2: speaker) in_snd_device(0: )
W/msm8974_platform(  241): Codec backend bitwidth 16, samplerate 48000
D/hardware_info(  241): hw_info_append_hw_type : device_name = speaker
I/msm8974_platform(  241): platform_send_audio_calibration: sending audio calibration for snd_device(2) acdb_id(15)
D/ACDB-LOADER(  241): ACDB -> send_audio_cal, acdb_id = 15, path =  0
D/ACDB-LOADER(  241): ACDB -> send_adm_topology
D/ACDB-LOADER(  241): ACDB -> ACDB_CMD_GET_AUDPROC_COMMON_TOPOLOGY_ID
D/ACDB-LOADER(  241): ACDB -> send_asm_topology
D/ACDB-LOADER(  241): ACDB -> ACDB_CMD_GET_AUDPROC_STREAM_TOPOLOGY_ID
D/ACDB-LOADER(  241): ACDB -> send_audtable
D/ACDB-LOADER(  241): ACDB -> ACDB_CMD_GET_AUDPROC_COMMON_TABLE
D/ACDB-LOADER(  241): ACDB -> AUDIO_SET_AUDPROC_CAL
D/ACDB-LOADER(  241): ACDB -> send_audvoltable
D/ACDB-LOADER(  241): ACDB -> ACDB_CMD_GET_AUDPROC_GAIN_DEP_STEP_TABLE
D/        (  241): Failed to fetch the lookup information of the device 0000000F 
E/ACDB-LOADER(  241): Error: ACDB AudProc vol returned = -19
D/ACDB-LOADER(  241): ACDB -> AUDIO_SET_AUDPROC_VOL_CAL
D/ACDB-LOADER(  241): ACDB -> send_afe_cal
D/ACDB-LOADER(  241): ACDB -> ACDB_CMD_GET_AFE_COMMON_TABLE
D/        (  241): Failed to fetch the lookup information of the device 0000000F 
E/ACDB-LOADER(  241): Error: ACDB AFE returned = -19
D/ACDB-LOADER(  241): ACDB -> AUDIO_SET_AFE_CAL
D/audio_hw_primary(  241): select_devices: done
I/MediaFocusControl(  756):  AudioFocus  abandonAudioFocus() from android.media.AudioManager@a7105b1
D/AudioManager( 2806): AudioManager dispatching onAudioFocusChange(1) for android.media.AudioManager@394c143ccom.facebook.messaging.audio.record.d@35f715c5
D/NuPlayerDriver(  241): stop(0xb1831880)
D/NuPlayerDriver(  241): reset(0xb1831880)
D/NuPlayerDriver(  241): notifyResetComplete(0xb1831880)
W/ActivityManager(  756): getTasks: caller 10096 does not hold REAL_GET_TASKS; limiting output
I/ValidateNoPeople(  756): Validating: 0|com.whatsapp|1|null|10096
I/ValidateNoPeople(  756): final affinity: 0.5
E/MediaPlayer-JNI(16676): QCMediaPlayer mediaplayer NOT present
I/FFmpegExtractor(  241): android-source:0xb1010150
I/FFMPEG  (  241): Input #0, ogg, from 'android-source:0xb1010150':
I/FFMPEG  (  241):   Duration: 00:00:01.69, start: 0.000000, bitrate: 131 kb/s
I/FFMPEG  (  241):     Stream #0:0: Audio: vorbis, 44100 Hz, stereo, fltp, 160 kb/s
I/FFMPEG  (  241):     Metadata:
I/FFMPEG  (  241):       ANDROID_LOOP    : false
I/FFMPEG  (  241):       TITLE           : Antimony
D/FFmpegExtractor(  241): FFmpegExtrator, url: android-source:0xb1010150, format_name: ogg, format_long_name: Ogg
I/FFmpegExtractor(  241): adjust mime(application/ogg -> audio/vorbis)
D/FFmpegExtractor(  241): suppoted codec(vorbis) by official Stagefright
D/FFmpegExtractor(  241): ffmpeg detected media content as 'audio/vorbis' with confidence 0.08
D/ExtendedUtils(  241): extended extractor not needed, return default
E/MediaPlayer(16676): Should have subtitle controller already set
I/MediaFocusControl(  756):  AudioFocus  requestAudioFocus() from android.media.AudioManager@17e03bf7 req=3flags=0x0
D/NuPlayerDriver(  241): start(0xb1a75d60)
I/GenericSource(  241): start
D/NuPlayerDriver(  241): reset(0xb18310a0)
W/Utils   (  241): bool android::canOffloadStream(const android::sp<android::MetaData>&, bool, const android::sp<android::MetaData>&, bool, audio_stream_type_t) No sample bit depth info in meta data
I/str_params(  241): key: 'SND_CARD_STATUS' value: ''
I/ExtendedUtils(  241): No channel mask, try channel count
W/ExtendedUtils(  241): No bitrate info
I/ExtendedUtils(  241): decision 0 mime audio/vorbis
I/AudioPolicyManager(  241): PCM offload property is enabled
I/NuPlayer(  241): Could not offload audio decode, pcm offload decided :0
D/AudioManager( 2806): AudioManager dispatching onAudioFocusChange(-3) for android.media.AudioManager@394c143ccom.facebook.messaging.audio.record.d@35f715c5
W/Utils   (  241): bool android::canOffloadStream(const android::sp<android::MetaData>&, bool, const android::sp<android::MetaData>&, bool, audio_stream_type_t) No sample bit depth info in meta data
I/str_params(  241): key: 'SND_CARD_STATUS' value: ''
D/NuPlayerDriver(  241): notifyResetComplete(0xb18310a0)
E/MediaPlayer(16676): Should have subtitle controller already set
E/AudioTrack(  241): AudioTrack::set : Exit
D/audio_hw_primary(  241): out_set_parameters: enter: usecase(1: low-latency-playback) kvpairs: routing=2
V/listen_hw(  241): listen_hw_set_parameters: Enter
V/listen_hw(  241): handle_set_parameters: Enter kvpairs=routing=2 capture=1
V/listen_hw(  241): handle_set_parameters: Exit
V/listen_hw(  241): listen_hw_set_parameters: Exit, ret=0
W/ctxmgr  ( 2159): [PowerConnectionState]Got same value as before for power connection (Plug state: 2 BatteryLevel: 0.57)
I/MediaFocusControl(  756):  AudioFocus  abandonAudioFocus() from android.media.AudioManager@17e03bf7
D/AudioManager( 2806): AudioManager dispatching onAudioFocusChange(1) for android.media.AudioManager@394c143ccom.facebook.messaging.audio.record.d@35f715c5
D/audio_hw_primary(  241): out_standby: enter: stream (0xb5880740) usecase(1: low-latency-playback)
D/hardware_info(  241): hw_info_append_hw_type : device_name = speaker
W/ActivityManager(  756): getTasks: caller 10096 does not hold REAL_GET_TASKS; limiting output
I/ValidateNoPeople(  756): Validating: 0|com.whatsapp|1|null|10096
I/ValidateNoPeople(  756): final affinity: 0.5
E/MediaPlayer-JNI(16676): QCMediaPlayer mediaplayer NOT present
I/FFmpegExtractor(  241): android-source:0xb1071150
I/FFMPEG  (  241): Input #0, ogg, from 'android-source:0xb1071150':
I/FFMPEG  (  241):   Duration: 00:00:01.69, start: 0.000000, bitrate: 131 kb/s
I/FFMPEG  (  241):     Stream #0:0: Audio: vorbis, 44100 Hz, stereo, fltp, 160 kb/s
I/FFMPEG  (  241):     Metadata:
I/FFMPEG  (  241):       ANDROID_LOOP    : false
I/FFMPEG  (  241):       TITLE           : Antimony
D/FFmpegExtractor(  241): FFmpegExtrator, url: android-source:0xb1071150, format_name: ogg, format_long_name: Ogg
I/FFmpegExtractor(  241): adjust mime(application/ogg -> audio/vorbis)
D/FFmpegExtractor(  241): suppoted codec(vorbis) by official Stagefright
D/FFmpegExtractor(  241): ffmpeg detected media content as 'audio/vorbis' with confidence 0.08
D/ExtendedUtils(  241): extended extractor not needed, return default
E/MediaPlayer(16676): Should have subtitle controller already set
I/MediaFocusControl(  756):  AudioFocus  requestAudioFocus() from android.media.AudioManager@8c40e39 req=3flags=0x0
D/NuPlayerDriver(  241): start(0xb11456a0)
I/GenericSource(  241): start
D/AudioManager( 2806): AudioManager dispatching onAudioFocusChange(-3) for android.media.AudioManager@394c143ccom.facebook.messaging.audio.record.d@35f715c5
W/Utils   (  241): bool android::canOffloadStream(const android::sp<android::MetaData>&, bool, const android::sp<android::MetaData>&, bool, audio_stream_type_t) No sample bit depth info in meta data
I/str_params(  241): key: 'SND_CARD_STATUS' value: ''
I/ExtendedUtils(  241): No channel mask, try channel count
W/ExtendedUtils(  241): No bitrate info
I/ExtendedUtils(  241): decision 0 mime audio/vorbis
I/AudioPolicyManager(  241): PCM offload property is enabled
I/NuPlayer(  241): Could not offload audio decode, pcm offload decided :0
W/Utils   (  241): bool android::canOffloadStream(const android::sp<android::MetaData>&, bool, const android::sp<android::MetaData>&, bool, audio_stream_type_t) No sample bit depth info in meta data
I/str_params(  241): key: 'SND_CARD_STATUS' value: ''
D/NuPlayerDriver(  241): reset(0xb1a75d60)
D/NuPlayerDriver(  241): notifyResetComplete(0xb1a75d60)
E/MediaPlayer(16676): Should have subtitle controller already set
E/AudioTrack(  241): AudioTrack::set : Exit
D/audio_hw_primary(  241): out_set_parameters: enter: usecase(1: low-latency-playback) kvpairs: routing=2
V/listen_hw(  241): listen_hw_set_parameters: Enter
V/listen_hw(  241): handle_set_parameters: Enter kvpairs=routing=2 capture=1
V/listen_hw(  241): handle_set_parameters: Exit
V/listen_hw(  241): listen_hw_set_parameters: Exit, ret=0
D/audio_hw_primary(  241): start_output_stream: enter: stream(0xb5880740)usecase(1: low-latency-playback) devices(0x2)
D/audio_hw_primary(  241): start_output_stream: enter: usecase(1: low-latency-playback) devices(0x2)
D/audio_hw_primary(  241): select_devices: out_snd_device(2: speaker) in_snd_device(0: )
W/msm8974_platform(  241): Codec backend bitwidth 16, samplerate 48000
D/hardware_info(  241): hw_info_append_hw_type : device_name = speaker
I/msm8974_platform(  241): platform_send_audio_calibration: sending audio calibration for snd_device(2) acdb_id(15)
D/ACDB-LOADER(  241): ACDB -> send_audio_cal, acdb_id = 15, path =  0
D/ACDB-LOADER(  241): ACDB -> send_adm_topology
D/ACDB-LOADER(  241): ACDB -> ACDB_CMD_GET_AUDPROC_COMMON_TOPOLOGY_ID
D/ACDB-LOADER(  241): ACDB -> send_asm_topology
D/ACDB-LOADER(  241): ACDB -> ACDB_CMD_GET_AUDPROC_STREAM_TOPOLOGY_ID
D/ACDB-LOADER(  241): ACDB -> send_audtable
D/ACDB-LOADER(  241): ACDB -> ACDB_CMD_GET_AUDPROC_COMMON_TABLE
D/ACDB-LOADER(  241): ACDB -> AUDIO_SET_AUDPROC_CAL
D/ACDB-LOADER(  241): ACDB -> send_audvoltable
D/ACDB-LOADER(  241): ACDB -> ACDB_CMD_GET_AUDPROC_GAIN_DEP_STEP_TABLE
D/        (  241): Failed to fetch the lookup information of the device 0000000F 
E/ACDB-LOADER(  241): Error: ACDB AudProc vol returned = -19
D/ACDB-LOADER(  241): ACDB -> AUDIO_SET_AUDPROC_VOL_CAL
D/ACDB-LOADER(  241): ACDB -> send_afe_cal
D/ACDB-LOADER(  241): ACDB -> ACDB_CMD_GET_AFE_COMMON_TABLE
D/        (  241): Failed to fetch the lookup information of the device 0000000F 
E/ACDB-LOADER(  241): Error: ACDB AFE returned = -19
D/ACDB-LOADER(  241): ACDB -> AUDIO_SET_AFE_CAL
D/audio_hw_primary(  241): select_devices: done
W/ctxmgr  ( 2159): [PowerConnectionState]Got same value as before for power connection (Plug state: 2 BatteryLevel: 0.57)
I/MediaFocusControl(  756):  AudioFocus  abandonAudioFocus() from android.media.AudioManager@8c40e39
D/AudioManager( 2806): AudioManager dispatching onAudioFocusChange(1) for android.media.AudioManager@394c143ccom.facebook.messaging.audio.record.d@35f715c5
D/audio_hw_primary(  241): out_standby: enter: stream (0xb5880740) usecase(1: low-latency-playback)
D/hardware_info(  241): hw_info_append_hw_type : device_name = speaker
W/ActivityManager(  756): getTasks: caller 10096 does not hold REAL_GET_TASKS; limiting output
I/ValidateNoPeople(  756): Validating: 0|com.whatsapp|1|null|10096
I/ValidateNoPeople(  756): final affinity: 0.5
E/MediaPlayer-JNI(16676): QCMediaPlayer mediaplayer NOT present
I/FFmpegExtractor(  241): android-source:0xb1010560
I/FFMPEG  (  241): Input #0, ogg, from 'android-source:0xb1010560':
I/FFMPEG  (  241):   Duration: 00:00:01.69, start: 0.000000, bitrate: 131 kb/s
I/FFMPEG  (  241):     Stream #0:0: Audio: vorbis, 44100 Hz, stereo, fltp, 160 kb/s
I/FFMPEG  (  241):     Metadata:
I/FFMPEG  (  241):       ANDROID_LOOP    : false
I/FFMPEG  (  241):       TITLE           : Antimony
D/FFmpegExtractor(  241): FFmpegExtrator, url: android-source:0xb1010560, format_name: ogg, format_long_name: Ogg
I/FFmpegExtractor(  241): adjust mime(application/ogg -> audio/vorbis)
D/FFmpegExtractor(  241): suppoted codec(vorbis) by official Stagefright
D/FFmpegExtractor(  241): ffmpeg detected media content as 'audio/vorbis' with confidence 0.08
D/ExtendedUtils(  241): extended extractor not needed, return default
E/MediaPlayer(16676): Should have subtitle controller already set
I/MediaFocusControl(  756):  AudioFocus  requestAudioFocus() from android.media.AudioManager@2f256eeb req=3flags=0x0
D/NuPlayerDriver(  241): start(0xb1a75d60)
I/GenericSource(  241): start
D/NuPlayerDriver(  241): reset(0xb11456a0)
D/AudioManager( 2806): AudioManager dispatching onAudioFocusChange(-3) for android.media.AudioManager@394c143ccom.facebook.messaging.audio.record.d@35f715c5
D/NuPlayerDriver(  241): notifyResetComplete(0xb11456a0)
E/MediaPlayer(16676): Should have subtitle controller already set
W/Utils   (  241): bool android::canOffloadStream(const android::sp<android::MetaData>&, bool, const android::sp<android::MetaData>&, bool, audio_stream_type_t) No sample bit depth info in meta data
I/str_params(  241): key: 'SND_CARD_STATUS' value: ''
I/ExtendedUtils(  241): No channel mask, try channel count
W/ExtendedUtils(  241): No bitrate info
I/ExtendedUtils(  241): decision 0 mime audio/vorbis
I/AudioPolicyManager(  241): PCM offload property is enabled
I/NuPlayer(  241): Could not offload audio decode, pcm offload decided :0
W/Utils   (  241): bool android::canOffloadStream(const android::sp<android::MetaData>&, bool, const android::sp<android::MetaData>&, bool, audio_stream_type_t) No sample bit depth info in meta data
I/str_params(  241): key: 'SND_CARD_STATUS' value: ''
E/AudioTrack(  241): AudioTrack::set : Exit
D/audio_hw_primary(  241): out_set_parameters: enter: usecase(1: low-latency-playback) kvpairs: routing=2
V/listen_hw(  241): listen_hw_set_parameters: Enter
V/listen_hw(  241): handle_set_parameters: Enter kvpairs=routing=2 capture=1
V/listen_hw(  241): handle_set_parameters: Exit
V/listen_hw(  241): listen_hw_set_parameters: Exit, ret=0
D/audio_hw_primary(  241): start_output_stream: enter: stream(0xb5880740)usecase(1: low-latency-playback) devices(0x2)
D/audio_hw_primary(  241): start_output_stream: enter: usecase(1: low-latency-playback) devices(0x2)
D/audio_hw_primary(  241): select_devices: out_snd_device(2: speaker) in_snd_device(0: )
W/msm8974_platform(  241): Codec backend bitwidth 16, samplerate 48000
D/hardware_info(  241): hw_info_append_hw_type : device_name = speaker
I/msm8974_platform(  241): platform_send_audio_calibration: sending audio calibration for snd_device(2) acdb_id(15)
D/ACDB-LOADER(  241): ACDB -> send_audio_cal, acdb_id = 15, path =  0
D/ACDB-LOADER(  241): ACDB -> send_adm_topology
D/ACDB-LOADER(  241): ACDB -> ACDB_CMD_GET_AUDPROC_COMMON_TOPOLOGY_ID
D/ACDB-LOADER(  241): ACDB -> send_asm_topology
D/ACDB-LOADER(  241): ACDB -> ACDB_CMD_GET_AUDPROC_STREAM_TOPOLOGY_ID
D/ACDB-LOADER(  241): ACDB -> send_audtable
D/ACDB-LOADER(  241): ACDB -> ACDB_CMD_GET_AUDPROC_COMMON_TABLE
D/ACDB-LOADER(  241): ACDB -> AUDIO_SET_AUDPROC_CAL
D/ACDB-LOADER(  241): ACDB -> send_audvoltable
D/ACDB-LOADER(  241): ACDB -> ACDB_CMD_GET_AUDPROC_GAIN_DEP_STEP_TABLE
D/        (  241): Failed to fetch the lookup information of the device 0000000F 
E/ACDB-LOADER(  241): Error: ACDB AudProc vol returned = -19
D/ACDB-LOADER(  241): ACDB -> AUDIO_SET_AUDPROC_VOL_CAL
D/ACDB-LOADER(  241): ACDB -> send_afe_cal
D/ACDB-LOADER(  241): ACDB -> ACDB_CMD_GET_AFE_COMMON_TABLE
D/        (  241): Failed to fetch the lookup information of the device 0000000F 
E/ACDB-LOADER(  241): Error: ACDB AFE returned = -19
D/ACDB-LOADER(  241): ACDB -> AUDIO_SET_AFE_CAL
D/audio_hw_primary(  241): select_devices: done
I/MediaFocusControl(  756):  AudioFocus  abandonAudioFocus() from android.media.AudioManager@2f256eeb
D/AudioManager( 2806): AudioManager dispatching onAudioFocusChange(1) for android.media.AudioManager@394c143ccom.facebook.messaging.audio.record.d@35f715c5
W/ctxmgr  ( 2159): [PowerConnectionState]Got same value as before for power connection (Plug state: 2 BatteryLevel: 0.57)
D/audio_hw_primary(  241): out_standby: enter: stream (0xb5880740) usecase(1: low-latency-playback)
D/hardware_info(  241): hw_info_append_hw_type : device_name = speaker
W/ctxmgr  ( 2159): [PowerConnectionState]Got same value as before for power connection (Plug state: 2 BatteryLevel: 0.57)
W/ctxmgr  ( 2159): [PowerConnectionState]Got same value as before for power connection (Plug state: 2 BatteryLevel: 0.57)
W/ctxmgr  ( 2159): [PowerConnectionState]Got same value as before for power connection (Plug state: 2 BatteryLevel: 0.57)
W/ctxmgr  ( 2159): [PowerConnectionState]Got same value as before for power connection (Plug state: 2 BatteryLevel: 0.57)
W/ctxmgr  ( 2159): [PowerConnectionState]Got same value as before for power connection (Plug state: 2 BatteryLevel: 0.57)
D/LBSSystemMonitorService(  756): handleMessage what - 4
D/Wiper_jni(  756): Send Network Location.
W/ctxmgr  ( 2159): [PowerConnectionState]Got same value as before for power connection (Plug state: 2 BatteryLevel: 0.57)
D/AndroidRuntime(28349): >>>>>> START com.android.internal.os.RuntimeInit uid 2000 <<<<<<
D/AndroidRuntime(28349): CheckJNI is OFF
D/AndroidRuntime(28349): Calling main entry com.android.commands.pm.Pm
I/ActivityManager(  756): Start proc 28365:com.android.defcontainer/u0a9 for service com.android.defcontainer/.DefaultContainerService
I/LoadedApk(28365): No resource references to update in package common
I/LoadedApk(28365): No resource references to update in package com.cyngn.hexo
D/Finsky  (15181): [1] PackageVerificationReceiver.onReceive: Verification requested, id = 35
D/Finsky  (15181): [1] WorkerTask.onPreExecute: Verification Requested for id = 35, data=file:///data/local/tmp/com.sveder.cardboardpassthrough flags=114 fromVerificationActivity=false
I/qtaguid (15181): Failed write_ctrl(u 43) res=-1 errno=22
I/qtaguid (15181): Untagging socket 43 failed errno=-22
W/NetworkManagementSocketTagger(15181): untagSocket(43) failed with errno -22
D/Finsky  (15181): [1] PackageVerificationService$1.onResponse: Verification id=35 response=0
D/Finsky  (15181): [1] PackageVerificationReceiver.onReceive: Verification requested, id = 35
D/DefContainer(28365): Copying /data/local/tmp/com.sveder.cardboardpassthrough to base.apk
D/PackageManager(  756): Renaming /data/app/vmdl935257337.tmp to /data/app/com.sveder.cardboardpassthrough-1
I/ActivityManager(  756): Force stopping com.sveder.cardboardpassthrough appid=10118 user=-1: uninstall pkg
I/PackageManager(  756): Package com.sveder.cardboardpassthrough codePath changed from /data/app/com.sveder.cardboardpassthrough-2 to /data/app/com.sveder.cardboardpassthrough-1; Retaining data and using new
I/PackageManager(  756): Running dexopt on: /data/app/com.sveder.cardboardpassthrough-1/base.apk pkg=com.sveder.cardboardpassthrough isa=arm vmSafeMode=false
I/dex2oat (28389): /system/bin/dex2oat --zip-fd=6 --zip-location=/data/app/com.sveder.cardboardpassthrough-1/base.apk --oat-fd=7 --oat-location=/data/dalvik-cache/arm/data@app@com.sveder.cardboardpassthrough-1@base.apk@classes.dex --instruction-set=arm --instruction-set-features=div --runtime-arg -Xms64m --runtime-arg -Xmx512m --swap-fd=8
I/dex2oat (28389): Decided to run without swap.
I/dex2oat (28389): dex2oat took 667.394ms (threads: 4) arena alloc=73KB java alloc=979KB native alloc=2MB free=5MB
W/PackageManager(  756): Code path for pkg : com.sveder.cardboardpassthrough changing from /data/app/com.sveder.cardboardpassthrough-2 to /data/app/com.sveder.cardboardpassthrough-1
I/ActivityManager(  756): Force stopping com.sveder.cardboardpassthrough appid=10118 user=-1: update pkg
W/PackageManager(  756): Resource path for pkg : com.sveder.cardboardpassthrough changing from /data/app/com.sveder.cardboardpassthrough-2 to /data/app/com.sveder.cardboardpassthrough-1
I/ActivityManager(  756): Force stopping com.sveder.cardboardpassthrough appid=10118 user=0: pkg removed
I/InputReader(  756): Reconfiguring input devices.  changes=0x00000020
D/BackupManagerService(  756): Received broadcast Intent { act=android.intent.action.PACKAGE_REMOVED dat=package:com.sveder.cardboardpassthrough flg=0x4000010 (has extras) }
D/JobSchedulerService(  756): Receieved: android.intent.action.PACKAGE_REMOVED
I/InputReader(  756): Reconfiguring input devices.  changes=0x00000020
D/BackupManagerService(  756): Received broadcast Intent { act=android.intent.action.PACKAGE_ADDED dat=package:com.sveder.cardboardpassthrough flg=0x4000010 (has extras) }
W/BackupManagerService(  756): Removing schedule queue dupe of com.sveder.cardboardpassthrough
W/ResourcesManager( 1586): Asset path '/system/framework/com.google.android.media.effects.jar' does not exist or contains no resources.
I/art     (16676): Explicit concurrent mark sweep GC freed 27002(1581KB) AllocSpace objects, 18(7MB) LOS objects, 17% free, 77MB/93MB, paused 1.011ms total 53.302ms
I/InputReader(  756): Reconfiguring input devices.  changes=0x00000020
W/ResourceType(  756): For resource 0x01030224, entry index(548) is beyond type entryCount(9)
W/ResourceType(  756): For resource 0x01030224, entry index(548) is beyond type entryCount(9)
W/ResourceType(  756): For resource 0x01030224, entry index(548) is beyond type entryCount(9)
W/ResourceType(  756): For resource 0x01030224, entry index(548) is beyond type entryCount(9)
I/ActivityManager(  756): Start proc 28403:com.cyanogenmod.trebuchet/u0a26 for broadcast com.cyanogenmod.trebuchet/com.android.launcher3.PackageChangedReceiver
W/Settings(  756): Setting install_non_market_apps has moved from android.provider.Settings.Global to android.provider.Settings.Secure, returning read-only value.
I/art     (  251): Explicit concurrent mark sweep GC freed 704(30KB) AllocSpace objects, 0(0B) LOS objects, 40% free, 16MB/26MB, paused 188us total 12.924ms
I/art     (  251): Explicit concurrent mark sweep GC freed 7(240B) AllocSpace objects, 0(0B) LOS objects, 40% free, 16MB/26MB, paused 187us total 10.567ms
I/art     (  251): Explicit concurrent mark sweep GC freed 5(160B) AllocSpace objects, 0(0B) LOS objects, 40% free, 16MB/26MB, paused 183us total 12.078ms
I/art     (15181): Explicit concurrent mark sweep GC freed 22514(1503KB) AllocSpace objects, 17(272KB) LOS objects, 24% free, 23MB/31MB, paused 646us total 98.679ms
I/LoadedApk(28403): No resource references to update in package common
I/LoadedApk(28403): No resource references to update in package com.cyngn.hexo
I/LoadedApk(28403): No resource references to update in package com.cyngn.hexo
W/ResourceType(  756): For resource 0x01030224, entry index(548) is beyond type entryCount(9)
W/ResourceType(  756): For resource 0x01030224, entry index(548) is beyond type entryCount(9)
W/ResourceType(  756): For resource 0x01030224, entry index(548) is beyond type entryCount(9)
W/ResourceType(  756): For resource 0x01030224, entry index(548) is beyond type entryCount(9)
W/ResourceType(  756): For resource 0x01030224, entry index(548) is beyond type entryCount(9)
W/ResourceType(  756): For resource 0x01030224, entry index(548) is beyond type entryCount(9)
W/ResourceType(  756): For resource 0x01030224, entry index(548) is beyond type entryCount(9)
W/ResourceType(  756): For resource 0x01030224, entry index(548) is beyond type entryCount(9)
W/ResourceType(  756): For resource 0x01030224, entry index(548) is beyond type entryCount(9)
W/ResourceType(  756): For resource 0x01030224, entry index(548) is beyond type entryCount(9)
W/ResourceType(  756): For resource 0x01030224, entry index(548) is beyond type entryCount(9)
W/ResourceType(  756): For resource 0x01030224, entry index(548) is beyond type entryCount(9)
D/Launcher.LauncherProvider(28403): 11683562 - initializeMaxScreenId(): 3
V/Launcher(28403): LauncherAppState inited
W/ResourcesManager( 1617): Asset path '/system/framework/com.google.android.maps.jar' does not exist or contains no resources.
D/Launcher.Model(28403): Old launcher provider: content://com.android.launcher2.settings/favorites?notify=true
D/Launcher.Model(28403): Old launcher provider does not exist.
W/Launcher(28403): setApplicationContext called twice! old=com.android.launcher3.LauncherApplication@12cdb85 new=com.android.launcher3.LauncherApplication@12cdb85
I/ActivityManager(  756): Start proc 28424:com.android.gallery3d/u0a79 for broadcast com.android.gallery3d/.app.PackagesMonitor
W/ResourcesManager(28424): Asset path '/system/framework/com.google.android.media.effects.jar' does not exist or contains no resources.
I/art     (  756): Explicit concurrent mark sweep GC freed 111502(6MB) AllocSpace objects, 13(2MB) LOS objects, 24% free, 48MB/64MB, paused 1.857ms total 181.640ms
W/ResourcesManager( 1617): Asset path '/system/framework/com.google.android.maps.jar' does not exist or contains no resources.
I/LoadedApk(28424): No resource references to update in package common
I/LoadedApk(28424): No resource references to update in package com.cyngn.hexo
W/ResourceType(  756): For resource 0x01030224, entry index(548) is beyond type entryCount(9)
W/ResourceType(  756): For resource 0x01030224, entry index(548) is beyond type entryCount(9)
W/ResourceType(  756): For resource 0x01030224, entry index(548) is beyond type entryCount(9)
W/ResourceType(  756): For resource 0x01030224, entry index(548) is beyond type entryCount(9)
I/art     (28349): System.exit called, status: 0
I/AndroidRuntime(28349): VM exiting with result code 0.
I/ActivityManager(  756): Start proc 28445:com.android.keychain/1000 for broadcast com.android.keychain/.KeyChainBroadcastReceiver
W/ResourceType(  756): For resource 0x01030224, entry index(548) is beyond type entryCount(9)
W/ResourceType(  756): For resource 0x01030224, entry index(548) is beyond type entryCount(9)
W/ResourceType(  756): For resource 0x01030224, entry index(548) is beyond type entryCount(9)
W/ResourceType(  756): For resource 0x01030224, entry index(548) is beyond type entryCount(9)
W/ResourceType(  756): For resource 0x01030224, entry index(548) is beyond type entryCount(9)
W/ResourceType(  756): For resource 0x01030224, entry index(548) is beyond type entryCount(9)
W/ResourceType(  756): For resource 0x01030224, entry index(548) is beyond type entryCount(9)
W/ResourceType(  756): For resource 0x01030224, entry index(548) is beyond type entryCount(9)
W/ResourceType(  756): For resource 0x01030224, entry index(548) is beyond type entryCount(9)
W/ResourceType(  756): For resource 0x01030224, entry index(548) is beyond type entryCount(9)
W/ResourceType(  756): For resource 0x01030224, entry index(548) is beyond type entryCount(9)
W/ResourceType(  756): For resource 0x01030224, entry index(548) is beyond type entryCount(9)
W/ResourceType(  756): For resource 0x01030224, entry index(548) is beyond type entryCount(9)
W/ResourceType(  756): For resource 0x01030224, entry index(548) is beyond type entryCount(9)
W/ResourceType(  756): For resource 0x01030224, entry index(548) is beyond type entryCount(9)
W/ResourceType(  756): For resource 0x01030224, entry index(548) is beyond type entryCount(9)
W/ResourceType(  756): For resource 0x01030224, entry index(548) is beyond type entryCount(9)
W/ResourceType(  756): For resource 0x01030224, entry index(548) is beyond type entryCount(9)
W/ResourceType(  756): For resource 0x01030224, entry index(548) is beyond type entryCount(9)
W/ResourceType(  756): For resource 0x01030224, entry index(548) is beyond type entryCount(9)
W/ResourceType(  756): For resource 0x01030224, entry index(548) is beyond type entryCount(9)
W/ResourceType(  756): For resource 0x01030224, entry index(548) is beyond type entryCount(9)
W/ResourceType(  756): For resource 0x01030224, entry index(548) is beyond type entryCount(9)
W/ResourceType(  756): For resource 0x01030224, entry index(548) is beyond type entryCount(9)
W/ResourceType(  756): For resource 0x01030224, entry index(548) is beyond type entryCount(9)
W/ResourceType(  756): For resource 0x01030224, entry index(548) is beyond type entryCount(9)
I/LoadedApk(28445): No resource references to update in package common
I/LoadedApk(28445): No resource references to update in package com.cyngn.hexo
W/ContextImpl(28445): Calling a method in the system process without a qualified user: android.app.ContextImpl.startService:1734 android.content.ContextWrapper.startService:522 android.content.ContextWrapper.startService:522 com.android.keychain.KeyChainBroadcastReceiver.onReceive:12 android.app.ActivityThread.handleReceiver:2642 
W/ResourceType(  756): For resource 0x01030224, entry index(548) is beyond type entryCount(9)
W/ResourceType(  756): For resource 0x01030224, entry index(548) is beyond type entryCount(9)
D/PackageBroadcastService( 1990): Received broadcast action=android.intent.action.PACKAGE_REMOVED and uri=com.sveder.cardboardpassthrough
D/ChimeraCfgMgr( 1990): Loading module com.google.android.gms.games from APK com.google.android.play.games
D/ChimeraModuleLdr( 1990): Module APK com.google.android.play.games already loaded
E/NetworkScheduler.SchedulerReceiver( 1802): Invalid parameter app
E/NetworkScheduler.SchedulerReceiver( 1802): Invalid package name : Perhaps you didn't include a PendingIntent in the extras?
I/ActivityManager(  756): Start proc 28472:com.google.android.apps.docs/u0a45 for broadcast com.google.android.apps.docs/.receivers.AppPackageAddRemoveReceiver
W/ActivityManager(  756): getRunningAppProcesses: caller 10045 does not hold REAL_GET_TASKS; limiting output
W/ActivityManager(  756): getRunningAppProcesses: caller 10045 does not hold REAL_GET_TASKS; limiting output
I/LoadedApk(28472): No resource references to update in package common
I/LoadedApk(28472): No resource references to update in package com.cyngn.hexo
W/ActivityManager(  756): getRunningAppProcesses: caller 10045 does not hold REAL_GET_TASKS; limiting output
D/AndroidRuntime(28466): >>>>>> START com.android.internal.os.RuntimeInit uid 2000 <<<<<<
D/AndroidRuntime(28466): CheckJNI is OFF
D/AndroidRuntime(28466): Calling main entry com.android.commands.am.Am
I/ActivityManager(  756): START u0 {act=android.intent.action.MAIN cat=[android.intent.category.LAUNCHER] flg=0x10000000 cmp=com.sveder.cardboardpassthrough/.MainActivity} from uid 2000 on display 0
W/ResourceType(  756): For resource 0x01030224, entry index(548) is beyond type entryCount(9)
W/ResourceType(  756): For resource 0x01030224, entry index(548) is beyond type entryCount(9)
V/WindowManager(  756): addAppToken: AppWindowToken{f5f1e1a token=Token{a6a64c5 ActivityRecord{3b4f3f3c u0 com.sveder.cardboardpassthrough/.MainActivity t4975}}} to stack=1 task=4975 at 0
I/MicroDetector( 5373): Keeping mic open: false
I/MicrophoneInputStream( 5373): mic_close com.google.android.apps.gsa.speech.audio.aa@e0d10f4
D/AndroidRuntime(28466): Shutting down VM
W/SearchService( 5373): Abort, client detached.
D/audio_hw_primary(  241): in_standby: enter: stream (0xb13b07a0) usecase(7: audio-record)
V/WindowManager(  756): Adding window Window{234b41ca u0 Starting com.sveder.cardboardpassthrough} at 10 of 14 (after Window{23279bcd u0 com.whatsapp/com.whatsapp.Conversation})
I/GAv4    (28472): Google Analytics 8.1.15 is starting up. To enable debug logging on a device run:
I/GAv4    (28472):   adb shell setprop log.tag.GAv4 DEBUG
I/GAv4    (28472):   adb logcat -s GAv4
D/hardware_info(  241): hw_info_append_hw_type : device_name = voice-rec-mic
I/listen_hal_loader(  241): audio_extn_listen_update_status(): start listen. current active device = voice-rec-mic. Event = 0
V/listen_hw(  241): listen_hw_notify_event: Enter
V/listen_hw(  241): handle_notify_event: Enter, event type = 0
V/listen_hw(  241): adsp_start:[0xb587a900] Enter
V/listen_hw(  241): adsp_start:[0xb587a900] Exit, status=0
I/ListenService(  241): eventCallback: Listen concurency event
V/listen_hw(  241): handle_notify_event: Exit
I/IListenReceiver( 1534): BnListenReceiver::onTransact received NOTIFY
D/(Native) ListenReceiver( 1534): notify: Audiolock mNotifyLock
D/(Native) ListenReceiver( 1534): notify: callback application
D/ListenReceiver-JNI( 1534): JNIListenReceiverListener::notify: lock mListenerLock
D/ListenReceiver-JNI( 1534): JNIListenReceiverListener::notify: data size fieldID is 0x74ae2930
D/ListenReceiver-JNI( 1534): JNIListenReceiverListener::notify() callMethod receiveEvent with mLRecvrObj=0x200aee, gEventCallbackId=0x74ae2868
D/Java ListenReceiver( 1534): receiveEvent type 8 calls processEvent
D/ListenReceiver-JNI( 1534): JNIListenReceiverListener::notify DeleteGlobalRef eventDataObj
D/ListenReceiver-JNI( 1534): JNIListenReceiverListener::notify DeleteLocalRef tmpEventDataObj
D/(Native) ListenReceiver( 1534): notify: back from callback
D/audio_hw_primary(  241): adev_close_input_stream: enter:stream_handle(0xb13b07a0)
D/audio_hw_primary(  241): in_standby: enter: stream (0xb13b07a0) usecase(7: audio-record)
I/ActivityManager(  756): Start proc 28512:com.sveder.cardboardpassthrough/u0a118 for activity com.sveder.cardboardpassthrough/.MainActivity
I/art     (28512): Late-enabling -Xcheck:jni
I/MicroRecognitionRnrImpl( 5373): Detection finished
I/MicroRecognitionRnrImpl( 5373): Stopping hotword detection.
W/GAv4    (28472): AnalyticsReceiver is not registered or is disabled. Register the receiver for reliable dispatching on non-Google Play devices. See http://goo.gl/8Rd3yj for instructions.
