E/mm-camera(  255): afd_set_parameters: param=0xb3cc0274 afd_obj =0xb6366000, type =2
E/mm-camera(  255): afd_set_parameters: param=0xb3cc038c afd_obj =0xb6366000, type =2
I/Process (19522): Sending signal. PID: 19522 SIG: 9
I/WindowState(  756): WIN DEATH: Window{57abb4 u0 com.sveder.cardboardpassthrough/com.sveder.cardboardpassthrough.MainActivity}
W/WindowManager(  756): Force-removing child win Window{503cb52 u0 SurfaceView} from container Window{57abb4 u0 com.sveder.cardboardpassthrough/com.sveder.cardboardpassthrough.MainActivity}
W/CameraService(  241): Disconnecting camera client 0xb13b12f0 since the binder for it died (this pid 241)
E/QCamera2HWI(  241): [KPI Perf] static void qcamera::QCamera2HardwareInterface::stop_preview(camera_device*): E PROFILE_STOP_PREVIEW
D/QCamera2HWI(  241): int qcamera::QCamera2HardwareInterface::stopPreview(): E
E/mm-camera(  255): mct_pipeline_process_set:command=8000009
E/mm-camera(  255): mct_pipeline_process_set: stream_type = 1
E/mm-camera-sensor(  255): module_sensor_module_process_event:2343 ide 10002 MCT_EVENT_CONTROL_STREAMOFF
E/mm-camera(  255): port_isp_mct_ctrl_cmd: E, identity = 0x10002, STREAMOFF
E/mm-camera(  255): is_port_handle_stream_event: MCT_EVENT_CONTROL_STREAMOFF, identity = 0x10002
E/mm-camera(  255): c2d_module_handle_streamoff_event:1269, info: doing stream-off for identity 0x10002
E/mm-camera(  255): module_afs_port_event_func:533] AFS_STREAOFF 10002
E/mm-camera(  255): c2d_module_handle_streamoff_event:1388, info: stream-off done for identity 0x10002
E/mm-camera(  255): cpp_module_handle_streamoff_event:1976] iden:0x10002, linked_params:0x0
E/mm-camera(  255): cpp_hardware_process_streamoff:498] skip_iden:0x0, duplicate_stream_status:0x0
E/mm-camera(  255): isp_streamoff: E, session_id = 1, stream_id = 2, active_count = 1
E/mm-camera(  255): isp_proc_streamoff: E,session_id = 1, stream_id= 2, stream_type= 1 meta 0
E/mm-camera(  255): isp_hw_action: last pix stop, pix_cnt = 1, cnt = 1
E/mm-camera(  255): isp_thread_proc_cmd: start/stop, thread_data = 0xb3dbcba4, action_code = 2
E/mm-camera(  255): isp_axi_util_subscribe_v4l2_event: event_type = 0x8000100, is_subscribe = 0
E/mm-camera(  255): isp_ch_util_streamoff: session_id = 1, vfe_mask = 0x1, async streamoff, rc = 0
E/mm-camera(  255): isp_hw_action: hw_thread for ack
W/WindowManager(  756): Failed looking up window
W/WindowManager(  756): java.lang.IllegalArgumentException: Requested window android.os.BinderProxy@1cdd23dd does not exist
W/WindowManager(  756): 	at com.android.server.wm.WindowManagerService.windowForClientLocked(WindowManagerService.java:8758)
W/WindowManager(  756): 	at com.android.server.wm.WindowManagerService.windowForClientLocked(WindowManagerService.java:8749)
W/WindowManager(  756): 	at com.android.server.wm.WindowState$DeathRecipient.binderDied(WindowState.java:1140)
W/WindowManager(  756): 	at android.os.BinderProxy.sendDeathNotice(Binder.java:551)
I/WindowState(  756): WIN DEATH: null
I/ActivityManager(  756): Process com.sveder.cardboardpassthrough (pid 19522) has died
E/mm-camera(  255): isp_axi_unreg_buf: session_id = 1, stream_id = 2, buf_handle = 0x1190000
E/mm-camera(  255): stats_action_buf_config: cfg = 0, stats_mask = 0x7b8
E/mm-camera(  255): isp_ch_util_streamoff: session_id = 1, sync ack done
E/mm-camera(  255): isp_thread_proc_cmd: start/stop ack done, thread_data = 0xb3dbcba4, action_code = 3, rc = 0
E/mm-camera(  255): isp_streamoff: X, session_id = 1, rc = 0
E/mm-camera(  255): port_isp_mct_ctrl_cmd: X, identity = 0x10002, STREAMOFF, ret = 0
E/mm-camera(  255): stream id 2, stream num_meta 0
E/mm-camera(  255): ispif_streamoff: session_id = 1, active_streams = 0
E/mm-camera-sensor(  255): module_sensor_is_ready_for_stream_off:779 any bundle started 0
E/mm-camera-sensor(  255): module_sensor_module_process_event:2360 ide 10002 MCT_EVENT_CONTROL_STREAMOFF
E/mm-camera-sensor(  255): module_sensor_module_process_event: Sending stop bus message
E/mm-camera(  255): stop_sof_check_thread: Stopping SOF timeout thread
E/mm-camera(  255): mct_pipeline_process_set:command=8000009
E/mm-camera(  255): mct_pipeline_process_set: stream_type = 7
D/QCameraHWI_Mem(  241): cancel_buffer: hdl =0xaebac2e0
D/QCameraHWI_Mem(  241): put buffer 0 successfully
D/QCameraHWI_Mem(  241): cancel_buffer: hdl =0xaebac330
D/QCameraHWI_Mem(  241): put buffer 1 successfully
D/QCameraHWI_Mem(  241): cancel_buffer: hdl =0xaebac380
D/QCameraHWI_Mem(  241): put buffer 2 successfully
D/QCameraHWI_Mem(  241): cancel_buffer: hdl =0xaebac6a0
D/QCameraHWI_Mem(  241): put buffer 3 successfully
D/QCameraHWI_Mem(  241): cancel_buffer: hdl =0xaebac6f0
D/QCameraHWI_Mem(  241): put buffer 4 successfully
D/QCameraHWI_Mem(  241): cancel_buffer: hdl =0xaebac740
D/QCameraHWI_Mem(  241): put buffer 5 successfully
D/QCameraHWI_Mem(  241): put buffer 6 successfully
D/QCameraHWI_Mem(  241): put buffer 7 successfully
W/ResourceType(16676): For resource 0x01030224, entry index(548) is beyond type entryCount(9)
W/ResourceType(16676): For resource 0x01030224, entry index(548) is beyond type entryCount(9)
E/QCamera2HWI(  241): int32_t qcamera::QCamera2HardwareInterface::delChannel(qcamera::qcamera_ch_type_enum_t): 0 X
E/QCamera2HWI(  241): int32_t qcamera::QCamera2HardwareInterface::delChannel(qcamera::qcamera_ch_type_enum_t): 2 E
E/QCamera2HWI(  241): int32_t qcamera::QCamera2HardwareInterface::delChannel(qcamera::qcamera_ch_type_enum_t): delChannel pChannel is null
E/mm-camera-intf(  241): mm_camera_del_stream: E
E/mm-camera-intf(  241): mm_stream_release:E
E/mm-camera(  255): mct_pipeline_process_set:command=800000b
D/mm-camera(  255): mct_pipeline_remove_stream_from_linked_streams: stream type: 7
D/mm-camera(  255): mct_pipeline_remove_stream_from_linked_streams: linked streams: 0x2
E/mm-camera-intf(  241): mm_stream_release:X
E/mm-camera-intf(  241): mm_camera_del_stream: X
E/mm-camera-intf(  241): mm_camera_del_stream: E
E/mm-camera-intf(  241): mm_stream_release:E
E/mm-camera(  255): mct_pipeline_process_set:command=800000b
E/mm-camera(  255): mct_stream_streamoff: Enter
E/mm-camera-sensor(  255): port_sensor_unlink_func:230 ide 10002
E/mm-camera-sensor(  255): port_sensor_caps_unreserve:193 ide 10002
E/mm-camera(  255): c2d_port_check_caps_unreserve:170, identity=0x10002
E/mm-camera(  255): c2d_port_check_caps_unreserve:179, identity=0x10002, unreserved
E/mm-camera(  255): c2d_port_check_caps_unreserve:170, identity=0x10002
E/mm-camera(  255): c2d_port_check_caps_unreserve:179, identity=0x10002, unreserved
E/mm-camera-img(  255): faceproc_save_album:794] Error No album 
E/mm-camera-img(  255): faceproc_comp_eng_destroy: Album save failed -1
E/mm-camera(  255): q3a_thread_aecawb_stop:371 MSG_STOP_THREAD
E/mm-camera(  255): is_port_unlink: port state = 3, identity = 0x10002
E/mm-camera(  255): is_port_check_caps_unreserve: E, identity = 0x10002
E/mm-camera(  255): is_port_check_caps_unreserve: port state = 4, identity = 0x10002
E/mm-camera(  255): is_port_check_caps_unreserve: E, identity = 0x10002
E/mm-camera(  255): is_port_check_caps_unreserve: port state = 5, identity = 0x10002
D/mm-camera(  255): mct_pipeline_remove_stream_from_linked_streams: stream type: 1
D/mm-camera(  255): mct_pipeline_remove_stream_from_linked_streams: linked streams: 0x0
E/mm-camera-intf(  241): mm_stream_release:X
E/mm-camera-intf(  241): mm_camera_del_stream: X
E/mm-camera-intf(  241): mm_camera_del_channel: E
E/mm-camera-intf(  241): mm_camera_del_channel: X
D/MirrorProcess(  241): MirrorContext destructor
E/QCamera2HWI(  241): int32_t qcamera::QCamera2HardwareInterface::delChannel(qcamera::qcamera_ch_type_enum_t): 2 X
E/QCamera2HWI(  241): int32_t qcamera::QCamera2HardwareInterface::delChannel(qcamera::qcamera_ch_type_enum_t): 3 X
E/QCamera2HWI(  241): int32_t qcamera::QCamera2HardwareInterface::delChannel(qcamera::qcamera_ch_type_enum_t): 4 X
D/QCamera2HWI(  241): int qcamera::QCamera2HardwareInterface::stopPreview(): X
D/QCamera2HWI(  241): [KPI Perf] static void qcamera::QCamera2HardwareInterface::stop_preview(camera_device*): X
D/QCameraStateMachine(  241): int32_t qcamera::QCameraStateMachine::procEvtPreviewStoppedState(qcamera::qcamera_sm_evt_enum_t, void*): No ops for evt(20) in state(0)
W/CameraClient(  241): native_window_api_disconnect failed: Broken pipe (-32)
I/CameraClient(  241): Destroying camera 0
D/QCamera2HWI(  241): [KPI Perf] static int qcamera::QCamera2HardwareInterface::close_camera_device(hw_device_t*): E
E/QCameraPostProc(  241): int32_t qcamera::QCameraPostProcessor::stop(): stop
E/QCameraPostProc(  241): static void* qcamera::QCameraPostProcessor::supZoomRoutine(void*): X
E/mm-jpeg-intf(  241): mm_jpeg_close:2479] E
E/mm-jpeg-intf(  241): mm_jpeg_close:2484] 
E/mm-jpeg-intf(  241): mm_jpeg_close:2492] 
E/mm-jpeg-intf(  241): mm_jpeg_close:2502] 
E/mm-jpeg-intf(  241): mm_jpeg_close:2509] X
E/qomx_image_core(  241): OMX_Deinit:118] Complete
E/QCameraPostProc(  241): int32_t qcamera::QCameraPostProcessor::deinit(): Jpeg closed, rc = 0, mJpegClientHandle = 2600
I/MicroRecognitionRnrImpl( 5373): Starting detection.
E/mm-camera(  255): mct_pipeline_process_set:command=800000b
E/mm-camera(  255): mct_pipeline_get_stream: no children
E/mm-camera(  255): mct_pipeline_process_set:1380: Couldn't find stream
D/QCameraStateMachine(  241): static void* qcamera::QCameraStateMachine::smEvtProcRoutine(void*): X
E/mm-camera(  255): [mct_controller_destroy], session id=1 E
E/mm-camera-sensor(  255): module_sensor_stop_session:598 session 1
D/QCamera2HWI(  241): [KPI Perf] static int qcamera::QCamera2HardwareInterface::close_camera_device(hw_device_t*): X
D/NuPlayerDriver(  241): reset(0xb1a759a0)
D/NuPlayerDriver(  241): notifyResetComplete(0xb1a759a0)
D/NuPlayerDriver(  241): reset(0xb1a75a60)
D/NuPlayerDriver(  241): notifyResetComplete(0xb1a75a60)
I/MicrophoneInputStream( 5373): mic_starting com.google.android.apps.gsa.speech.audio.aa@879f58e
D/audio_hw_primary(  241): adev_open_input_stream: enter: sample_rate(16000) channel_mask(0x10) devices(0x80000004)        stream_handle(0xb13b08e0) io_handle(2699) source(6)
I/AudioFlinger(  241): AudioFlinger's thread 0xb1b4f000 ready to run
D/audio_hw_primary(  241): in_standby: enter: stream (0xb13b08e0) usecase(7: audio-record)
D/audio_hw_primary(  241): in_standby: enter: stream (0xb13b08e0) usecase(7: audio-record)
D/audio_hw_primary(  241): in_set_parameters: enter: kvpairs=input_source=6;routing=-2147483644
I/MicrophoneInputStream( 5373): mic_started com.google.android.apps.gsa.speech.audio.aa@879f58e
D/audio_hw_primary(  241): start_input_stream: enter: stream(0xb13b08e0)usecase(7: audio-record)
D/audio_hw_primary(  241): select_devices: out_snd_device(0: ) in_snd_device(61: voice-rec-mic)
D/hardware_info(  241): hw_info_append_hw_type : device_name = voice-rec-mic
I/msm8974_platform(  241): platform_send_audio_calibration: sending audio calibration for snd_device(61) acdb_id(119)
D/ACDB-LOADER(  241): ACDB -> send_audio_cal, acdb_id = 119, path =  1
D/ACDB-LOADER(  241): ACDB -> send_adm_topology
D/ACDB-LOADER(  241): ACDB -> ACDB_CMD_GET_AUDPROC_COMMON_TOPOLOGY_ID
D/ACDB-LOADER(  241): ACDB -> send_asm_topology
D/ACDB-LOADER(  241): ACDB -> ACDB_CMD_GET_AUDPROC_STREAM_TOPOLOGY_ID
D/ACDB-LOADER(  241): ACDB -> send_audtable
D/ACDB-LOADER(  241): ACDB -> ACDB_CMD_GET_AUDPROC_COMMON_TABLE
D/ACDB-LOADER(  241): ACDB -> AUDIO_SET_AUDPROC_CAL
D/ACDB-LOADER(  241): ACDB -> send_audvoltable
D/ACDB-LOADER(  241): ACDB -> ACDB_CMD_GET_AUDPROC_GAIN_DEP_STEP_TABLE
D/        (  241): Failed to fetch the lookup information of the device 00000077 
E/ACDB-LOADER(  241): Error: ACDB AudProc vol returned = -19
D/ACDB-LOADER(  241): ACDB -> AUDIO_SET_AUDPROC_VOL_CAL
D/ACDB-LOADER(  241): ACDB -> AUDIO_SET_AFE_CAL
I/listen_hal_loader(  241): audio_extn_listen_update_status(): stop listen. current active device = voice-rec-mic. Event = 1
V/listen_hw(  241): listen_hw_notify_event: Enter
V/listen_hw(  241): handle_notify_event: Enter, event type = 1
V/listen_hw(  241): adsp_stop:[0xb587a900] Enter
V/listen_hw(  241): adsp_stop:[0xb587a900] Exit, status=0
I/ListenService(  241): eventCallback: Listen concurency event
V/listen_hw(  241): handle_notify_event: Exit
I/IListenReceiver( 1534): BnListenReceiver::onTransact received NOTIFY
D/(Native) ListenReceiver( 1534): notify: Audiolock mNotifyLock
D/(Native) ListenReceiver( 1534): notify: callback application
D/ListenReceiver-JNI( 1534): JNIListenReceiverListener::notify: lock mListenerLock
D/ListenReceiver-JNI( 1534): JNIListenReceiverListener::notify: data size fieldID is 0x74ae2930
D/ListenReceiver-JNI( 1534): JNIListenReceiverListener::notify() callMethod receiveEvent with mLRecvrObj=0x200aee, gEventCallbackId=0x74ae2868
D/Java ListenReceiver( 1534): receiveEvent type 9 calls processEvent
D/ListenReceiver-JNI( 1534): JNIListenReceiverListener::notify DeleteGlobalRef eventDataObj
D/ListenReceiver-JNI( 1534): JNIListenReceiverListener::notify DeleteLocalRef tmpEventDataObj
D/(Native) ListenReceiver( 1534): notify: back from callback
D/audio_hw_primary(  241): select_devices: done
E/mm-camera-sensor(  255): module_sensor_deinit_session:499 module_sensor_deinit_session: open qcom_flash failed
E/mm-camera-sensor(  255): Got some events
E/mm-camera-sensor(  255): sensor_thread_func:125 sensor_thread_func:Sensor thread is exiting
E/mm-camera(  255): stats_module_stop_session: list =0xb61d0a60, remove port =0xb61d5820 name=stats_sink from module=0xb61cf160, name=stats
E/mm-camera(  255): stats_module_stop_session: 1 port =0xb61d5820 name=stats_sink 
E/mm-camera(  255): stats_module_stop_session: 2 port =0xb61d5820 name=stats_sink 
E/mm-camera(  255): is_module_stop_session: Enter
E/mm-camera(  255): is_module_stop_session: Exit successful
E/mm-camera(  255): gyro_module_stop_session: Enter
E/mm-camera(  255): gyro_port_deinit: Deinit DSPS
E/mm-camera(  255): gyro_port_deinit: DSPS deinited
E/mm-camera(  255): gyro_module_stop_session: Exit successful
E/mm-camera(  255): stats_module_stop_session: 3 port =0xb61d5820 name=stats_sink 
E/mm-camera(  255): c2d_module_stop_session:312, info: stopping session 1 ...
E/mm-camera(  255): c2d_thread_process_pipe_message:688, C2D_THREAD_MSG_ABORT: c2d_thread exiting..
E/mm-camera(  255): c2d_module_stop_session:354, info: session 1 stopped.
E/mm-camera(  255): [mct_controller_destroy] X
W/MicroDetectionWorkerImp( 5373): Tag [MicroDetectionWorkerImpl] is too long; truncated to [MicroDetectionWorkerImp]
I/MicroDetectionWorkerImp( 5373): onReady
I/art     (  756): Explicit concurrent mark sweep GC freed 15636(710KB) AllocSpace objects, 4(137KB) LOS objects, 28% free, 40MB/56MB, paused 3.165ms total 130.851ms
I/ActivityManager(  756): START u0 {act=com.android.systemui.recents.SHOW_RECENTS flg=0x10804000 cmp=com.android.systemui/.recents.RecentsActivity} from uid 10004 on display 0
W/ResourceType(  756): For resource 0x01030224, entry index(548) is beyond type entryCount(9)
W/ResourceType(  756): For resource 0x01030224, entry index(548) is beyond type entryCount(9)
I/ActivityManager(  756): Config changes=480 {1.0 724mcc10mnc pt_BR ?layoutDir sw360dp w640dp h335dp 480dpi nrml long land finger -keyb/v/h -nav/h s.106 themeResource=null}
V/ActivityManager(  756): Display changed displayId=0
I/InputReader(  756): Reconfiguring input devices.  changes=0x00000004
I/InputReader(  756): Device reconfigured: id=5, name='synaptics-rmi-ts', size 1080x1920, orientation 1, mode 1, display id 0
W/SearchService( 5373): Abort, client detached.
W/SearchService( 5373): Abort, client detached.
I/MicroDetector( 5373): Keeping mic open: false
I/MicrophoneInputStream( 5373): mic_close com.google.android.apps.gsa.speech.audio.aa@879f58e
W/SearchService( 5373): Abort, client detached.
D/audio_hw_primary(  241): in_standby: enter: stream (0xb13b08e0) usecase(7: audio-record)
D/hardware_info(  241): hw_info_append_hw_type : device_name = voice-rec-mic
I/listen_hal_loader(  241): audio_extn_listen_update_status(): start listen. current active device = voice-rec-mic. Event = 0
V/listen_hw(  241): listen_hw_notify_event: Enter
V/listen_hw(  241): handle_notify_event: Enter, event type = 0
V/listen_hw(  241): adsp_start:[0xb587a900] Enter
V/listen_hw(  241): adsp_start:[0xb587a900] Exit, status=0
I/ListenService(  241): eventCallback: Listen concurency event
V/listen_hw(  241): handle_notify_event: Exit
I/IListenReceiver( 1534): BnListenReceiver::onTransact received NOTIFY
D/(Native) ListenReceiver( 1534): notify: Audiolock mNotifyLock
D/(Native) ListenReceiver( 1534): notify: callback application
D/ListenReceiver-JNI( 1534): JNIListenReceiverListener::notify: lock mListenerLock
D/ListenReceiver-JNI( 1534): JNIListenReceiverListener::notify: data size fieldID is 0x74ae2930
D/ListenReceiver-JNI( 1534): JNIListenReceiverListener::notify() callMethod receiveEvent with mLRecvrObj=0x200aee, gEventCallbackId=0x74ae2868
D/Java ListenReceiver( 1534): receiveEvent type 8 calls processEvent
D/ListenReceiver-JNI( 1534): JNIListenReceiverListener::notify DeleteGlobalRef eventDataObj
D/ListenReceiver-JNI( 1534): JNIListenReceiverListener::notify DeleteLocalRef tmpEventDataObj
D/(Native) ListenReceiver( 1534): notify: back from callback
D/audio_hw_primary(  241): adev_close_input_stream: enter:stream_handle(0xb13b08e0)
D/audio_hw_primary(  241): in_standby: enter: stream (0xb13b08e0) usecase(7: audio-record)
I/MicroRecognitionRnrImpl( 5373): Detection finished
I/MicroRecognitionRnrImpl( 5373): Stopping hotword detection.
W/ResourceType(16676): For resource 0x01030224, entry index(548) is beyond type entryCount(9)
W/ResourceType(16676): For resource 0x01030224, entry index(548) is beyond type entryCount(9)
I/Timeline(  756): Timeline: Activity_windows_visible id: ActivityRecord{6c8f233 u0 com.android.systemui/.recents.RecentsActivity t4954} time:36796676
W/IInputConnectionWrapper( 1617): showStatusIcon on inactive InputConnection
I/Timeline(16676): Timeline: Activity_idle id: android.os.BinderProxy@16317d4f time:36796681
I/WindowManager(  756): Screen frozen for +306ms due to Window{5f6b3c3 u0 com.android.systemui/com.android.systemui.recents.RecentsActivity}
W/ctxmgr  ( 2159): [PowerConnectionState]Got same value as before for power connection (Plug state: 2 BatteryLevel: 0.5)
D/TaskPersister(  756): removeObsoleteFile: deleting file=4963_task.xml
D/TaskPersister(  756): removeObsoleteFile: deleting file=4963_task_thumbnail.png
I/art     (  756): Explicit concurrent mark sweep GC freed 7621(368KB) AllocSpace objects, 2(43KB) LOS objects, 28% free, 40MB/56MB, paused 1.704ms total 137.789ms
D/BackupManagerService(  756): Received broadcast Intent { act=android.intent.action.PACKAGE_CHANGED dat=package:com.google.android.gms flg=0x4000010 (has extras) }
I/BackupManagerService(  756): Unbinding ComponentInfo{com.google.android.gms/com.google.android.gms.backup.BackupTransportService}
I/InputReader(  756): Reconfiguring input devices.  changes=0x00000020
I/BackupManagerService(  756): Binding to transport host ComponentInfo{com.google.android.gms/com.google.android.gms.backup.BackupTransportService}
W/Launcher.Model(10392): Nobody to tell about the new app.  Launcher is probably loading.
W/Launcher(10392): setApplicationContext called twice! old=com.android.launcher3.LauncherApplication@12cdb85 new=com.android.launcher3.LauncherApplication@12cdb85
D/PackageBroadcastService( 1990): Received broadcast action=android.intent.action.PACKAGE_CHANGED and uri=com.google.android.gms
I/PackageBroadcastService( 1990): Null package name or gms related package.  Ignoreing.
I/Icing   ( 1990): updateResources: need to parse f{com.google.android.gms}
I/UpdateIcingCorporaServi( 5373): Updating corpora: APPS=com.google.android.gms, CONTACTS=MAYBE
I/Timeline(29521): Timeline: Activity_idle id: android.os.BinderProxy@24acb840 time:36799087
I/UpdateIcingCorporaServi( 5373): UpdateCorporaTask done [took 36 ms] updated apps [took 36 ms] 
W/ResourceType(  756): For resource 0x01030224, entry index(548) is beyond type entryCount(9)
W/ResourceType(  756): For resource 0x01030224, entry index(548) is beyond type entryCount(9)
W/ResourceType(  756): For resource 0x01030224, entry index(548) is beyond type entryCount(9)
W/ResourceType(  756): For resource 0x01030224, entry index(548) is beyond type entryCount(9)
W/ResourceType(  756): For resource 0x01030224, entry index(548) is beyond type entryCount(9)
W/ResourceType(  756): For resource 0x01030224, entry index(548) is beyond type entryCount(9)
W/ResourceType(  756): For resource 0x01030224, entry index(548) is beyond type entryCount(9)
W/ResourceType(  756): For resource 0x01030224, entry index(548) is beyond type entryCount(9)
V/BackupManagerService(  756): Connected to transport ComponentInfo{com.google.android.gms/com.google.android.gms.backup.BackupTransportService}
V/BackupManagerService(  756): Registering transport com.google.android.gms/.backup.BackupTransportService::com.google.android.gms/.backup.BackupTransportService = com.android.internal.backup.IBackupTransport$Stub$Proxy@2d2e8f5c
W/ResourceType(  756): For resource 0x01030224, entry index(548) is beyond type entryCount(9)
W/ResourceType(  756): For resource 0x01030224, entry index(548) is beyond type entryCount(9)
W/ResourceType(  756): For resource 0x01030224, entry index(548) is beyond type entryCount(9)
W/ResourceType(  756): For resource 0x01030224, entry index(548) is beyond type entryCount(9)
W/ResourceType(  756): For resource 0x01030224, entry index(548) is beyond type entryCount(9)
W/ResourceType(  756): For resource 0x01030224, entry index(548) is beyond type entryCount(9)
W/ResourceType(  756): For resource 0x01030224, entry index(548) is beyond type entryCount(9)
W/ResourceType(  756): For resource 0x01030224, entry index(548) is beyond type entryCount(9)
W/ResourceType(  756): For resource 0x01030224, entry index(548) is beyond type entryCount(9)
W/ResourceType(  756): For resource 0x01030224, entry index(548) is beyond type entryCount(9)
W/ResourceType(  756): For resource 0x01030224, entry index(548) is beyond type entryCount(9)
W/ResourceType(  756): For resource 0x01030224, entry index(548) is beyond type entryCount(9)
W/ResourceType(  756): For resource 0x01030224, entry index(548) is beyond type entryCount(9)
W/ResourceType(  756): For resource 0x01030224, entry index(548) is beyond type entryCount(9)
W/ResourceType(  756): For resource 0x01030224, entry index(548) is beyond type entryCount(9)
W/ResourceType(  756): For resource 0x01030224, entry index(548) is beyond type entryCount(9)
W/ResourceType(  756): For resource 0x01030224, entry index(548) is beyond type entryCount(9)
W/ResourceType(  756): For resource 0x01030224, entry index(548) is beyond type entryCount(9)
W/ResourceType(  756): For resource 0x01030224, entry index(548) is beyond type entryCount(9)
W/ResourceType(  756): For resource 0x01030224, entry index(548) is beyond type entryCount(9)
W/ResourceType(  756): For resource 0x01030224, entry index(548) is beyond type entryCount(9)
W/ResourceType(  756): For resource 0x01030224, entry index(548) is beyond type entryCount(9)
W/ResourceType(  756): For resource 0x01030224, entry index(548) is beyond type entryCount(9)
W/ResourceType(  756): For resource 0x01030224, entry index(548) is beyond type entryCount(9)
W/ResourceType(  756): For resource 0x01030224, entry index(548) is beyond type entryCount(9)
W/ResourceType(  756): For resource 0x01030224, entry index(548) is beyond type entryCount(9)
W/ResourceType(  756): For resource 0x01030224, entry index(548) is beyond type entryCount(9)
W/ResourceType(  756): For resource 0x01030224, entry index(548) is beyond type entryCount(9)
W/ResourceType(  756): For resource 0x01030224, entry index(548) is beyond type entryCount(9)
W/ResourceType(  756): For resource 0x01030224, entry index(548) is beyond type entryCount(9)
I/Timeline(  756): Timeline: Activity_windows_visible id: ActivityRecord{230f6b0d u0 com.whatsapp/.Conversation t4952} time:36799426
V/ActivityManager(  756): Display changed displayId=0
I/InputReader(  756): Reconfiguring input devices.  changes=0x00000004
I/ActivityManager(  756): Config changes=480 {1.0 724mcc10mnc pt_BR ?layoutDir sw360dp w360dp h615dp 480dpi nrml long port finger -keyb/v/h -nav/h s.107 themeResource=null}
I/InputReader(  756): Device reconfigured: id=5, name='synaptics-rmi-ts', size 1080x1920, orientation 0, mode 1, display id 0
I/Timeline(  756): Timeline: Activity_windows_visible id: ActivityRecord{230f6b0d u0 com.whatsapp/.Conversation t4952} time:36799857
I/WindowManager(  756): Screen frozen for +142ms due to Window{3660b13c u0 com.whatsapp/com.whatsapp.Conversation}
I/ActivityManager(  756): START u0 {act=android.intent.action.MAIN cat=[android.intent.category.HOME] flg=0x10200000 cmp=com.google.android.googlequicksearchbox/com.google.android.launcher.GEL} from uid 1000 on display 0
W/ResourceType(  756): For resource 0x01030224, entry index(548) is beyond type entryCount(9)
W/ResourceType(  756): For resource 0x01030224, entry index(548) is beyond type entryCount(9)
I/GEL     ( 1617): handleIntent(Intent { act=android.intent.action.MAIN cat=[android.intent.category.HOME] flg=0x10600000 cmp=com.google.android.googlequicksearchbox/com.google.android.launcher.GEL })
W/IInputConnectionWrapper(29521): showStatusIcon on inactive InputConnection
I/Timeline( 1617): Timeline: Activity_idle id: android.os.BinderProxy@34fe4749 time:36800538
I/MicroRecognitionRnrImpl( 5373): Starting detection.
I/MicrophoneInputStream( 5373): mic_starting com.google.android.apps.gsa.speech.audio.aa@3f682a84
D/audio_hw_primary(  241): adev_open_input_stream: enter: sample_rate(16000) channel_mask(0x10) devices(0x80000004)        stream_handle(0xb1836200) io_handle(2702) source(6)
I/AudioFlinger(  241): AudioFlinger's thread 0xb1b4f000 ready to run
D/audio_hw_primary(  241): in_standby: enter: stream (0xb1836200) usecase(7: audio-record)
D/audio_hw_primary(  241): in_set_parameters: enter: kvpairs=input_source=6;routing=-2147483644
I/MicrophoneInputStream( 5373): mic_started com.google.android.apps.gsa.speech.audio.aa@3f682a84
D/audio_hw_primary(  241): start_input_stream: enter: stream(0xb1836200)usecase(7: audio-record)
D/audio_hw_primary(  241): select_devices: out_snd_device(0: ) in_snd_device(61: voice-rec-mic)
D/hardware_info(  241): hw_info_append_hw_type : device_name = voice-rec-mic
I/msm8974_platform(  241): platform_send_audio_calibration: sending audio calibration for snd_device(61) acdb_id(119)
D/ACDB-LOADER(  241): ACDB -> send_audio_cal, acdb_id = 119, path =  1
D/ACDB-LOADER(  241): ACDB -> send_adm_topology
D/ACDB-LOADER(  241): ACDB -> ACDB_CMD_GET_AUDPROC_COMMON_TOPOLOGY_ID
D/ACDB-LOADER(  241): ACDB -> send_asm_topology
D/ACDB-LOADER(  241): ACDB -> ACDB_CMD_GET_AUDPROC_STREAM_TOPOLOGY_ID
D/ACDB-LOADER(  241): ACDB -> send_audtable
D/ACDB-LOADER(  241): ACDB -> ACDB_CMD_GET_AUDPROC_COMMON_TABLE
D/ACDB-LOADER(  241): ACDB -> AUDIO_SET_AUDPROC_CAL
D/ACDB-LOADER(  241): ACDB -> send_audvoltable
D/ACDB-LOADER(  241): ACDB -> ACDB_CMD_GET_AUDPROC_GAIN_DEP_STEP_TABLE
D/        (  241): Failed to fetch the lookup information of the device 00000077 
E/ACDB-LOADER(  241): Error: ACDB AudProc vol returned = -19
D/ACDB-LOADER(  241): ACDB -> AUDIO_SET_AUDPROC_VOL_CAL
D/ACDB-LOADER(  241): ACDB -> AUDIO_SET_AFE_CAL
I/listen_hal_loader(  241): audio_extn_listen_update_status(): stop listen. current active device = voice-rec-mic. Event = 1
V/listen_hw(  241): listen_hw_notify_event: Enter
V/listen_hw(  241): handle_notify_event: Enter, event type = 1
V/listen_hw(  241): adsp_stop:[0xb587a900] Enter
V/listen_hw(  241): adsp_stop:[0xb587a900] Exit, status=0
I/ListenService(  241): eventCallback: Listen concurency event
V/listen_hw(  241): handle_notify_event: Exit
I/IListenReceiver( 1534): BnListenReceiver::onTransact received NOTIFY
D/(Native) ListenReceiver( 1534): notify: Audiolock mNotifyLock
D/(Native) ListenReceiver( 1534): notify: callback application
D/ListenReceiver-JNI( 1534): JNIListenReceiverListener::notify: lock mListenerLock
D/ListenReceiver-JNI( 1534): JNIListenReceiverListener::notify: data size fieldID is 0x74ae2930
D/ListenReceiver-JNI( 1534): JNIListenReceiverListener::notify() callMethod receiveEvent with mLRecvrObj=0x200aee, gEventCallbackId=0x74ae2868
D/Java ListenReceiver( 1534): receiveEvent type 9 calls processEvent
D/ListenReceiver-JNI( 1534): JNIListenReceiverListener::notify DeleteGlobalRef eventDataObj
D/ListenReceiver-JNI( 1534): JNIListenReceiverListener::notify DeleteLocalRef tmpEventDataObj
D/(Native) ListenReceiver( 1534): notify: back from callback
D/audio_hw_primary(  241): select_devices: done
W/LocationOracle( 5373): Best location was null
W/MicroDetectionWorkerImp( 5373): Tag [MicroDetectionWorkerImpl] is too long; truncated to [MicroDetectionWorkerImp]
I/MicroDetectionWorkerImp( 5373): onReady
W/ResourceType(16676): For resource 0x01030224, entry index(548) is beyond type entryCount(9)
W/ResourceType(16676): For resource 0x01030224, entry index(548) is beyond type entryCount(9)
I/Timeline(  756): Timeline: Activity_windows_visible id: ActivityRecord{3dc8e5b5 u0 com.google.android.googlequicksearchbox/com.google.android.launcher.GEL t4876} time:36801139
W/OpenGLRenderer( 1617): Incorrectly called buildLayer on View: ShortcutAndWidgetContainer, destroying layer...
W/ResourceType(16676): No package identifier when getting value for resource number 0x00000000
W/PackageManager(16676): Failure retrieving resources for com.whatsapp: Resource ID #0x0
I/art     (  756): Explicit concurrent mark sweep GC freed 22635(1351KB) AllocSpace objects, 2(1312KB) LOS objects, 27% free, 41MB/57MB, paused 1.543ms total 80.510ms
W/ctxmgr  ( 2159): [PowerConnectionState]Got same value as before for power connection (Plug state: 2 BatteryLevel: 0.5)
D/Finsky  (15181): [920] AppStatesReplicator.handleContentSyncResponse: Completed 0 account content syncs with 0 successful.
D/Finsky  (15181): [1] ContentSyncService$5.onFinished: Installation state replication succeeded.
